Processing adafruit_feather_usb_host (platform: raspberrypi; board: adafruit_feather_usb_host; framework: arduino; board_build.core: earlephilhower; build_flags: -DUSE_TINYUSB, -DUSE_TINYUSB_HOST, -DSH110X_NO_SPLASH; monitor_speed: 115200; lib_deps: adafruit/Adafruit GFX Library@^1.12.1, adafruit/Adafruit LED Backpack Library@1.5.1, adafruit/Adafruit SH110X@^2.1.10, adafruit/Adafruit TinyUSB Library@3.4.4, thomasfredericks/Bounce2@^2.72, rppicomidi/EZ_USB_MIDI_HOST@^2.2.0, rppicomidi/usb_midi_host@^1.0.1, sekigon-gonnoc/Pico PIO USB@^0.7.2)
--------------------------------------------------------------------------------
CONFIGURATION: https://docs.platformio.org/page/boards/raspberrypi/adafruit_feather_usb_host.html
PLATFORM: Raspberry Pi RP2040 (1.16.0+sha.1f67f1e) (git+https://github.com/maxgerhardt/platform-raspberrypi.git) > Feather RP2040 USB Host
HARDWARE: RP2040 133MHz, 256KB RAM, 8MB Flash
DEBUG: Current (blackmagic) External (blackmagic, cmsis-dap, jlink, picoprobe, raspberrypi-swd)
PACKAGES: 
 - framework-arduinopico @ 1.40501.0+sha.ecf2b2e (git+https://github.com/earlephilhower/arduino-pico.git#ecf2b2e39f04d343e13be9151b67232e6e3643a8) 
 - tool-picotool-rp2040-earlephilhower @ 5.140200.240929 (14.2.0, https://github.com/earlephilhower/pico-quick-toolchain/releases/download/4.0.1/x86_64-w64-mingw32.picotool-8a9af99.240929.zip) 
 - toolchain-rp2040-earlephilhower @ 5.140200.240929 (14.2.0, https://github.com/earlephilhower/pico-quick-toolchain/releases/download/4.0.1/x86_64-w64-mingw32.arm-none-eabi-8ec9d6f.240929.zip)
Flash size: 8.00MB
Sketch size: 8.00MB
Filesystem size: 0.00MB
PSRAM size: 0.00MB
Maximium Sketch size: 8384512 EEPROM start: 0x107ff000 Filesystem start: 0x107ff000 Filesystem end: 0x107ff000
LDF: Library Dependency Finder -> https://bit.ly/configure-pio-ldf
LDF Modes: Finder ~ chain, Compatibility ~ soft
Found 90 compatible libraries
Scanning dependencies...
pio : Warning! Classic Pre Processor is used for `E:\!MyDocs\PlatformIO\Projects\DelugeScreenPio\.pio\libdeps\adafruit_feather_usb_host\EZ_USB_MIDI_HOST\EZ_USB_MIDI_HOST.h`, advanced has failed with `Incorrect number of arguments to `TU_CHECK_MCU'`
At line:1 char:1
+ pio run -v > compile.log 2>&1
+ ~~~~~~~~~~~~~~~~~~~~~~~~~~~~~
    + CategoryInfo          : NotSpecified: (Warning! Classi...`TU_CHECK_MCU'`:String) [], RemoteException
    + FullyQualifiedErrorId : NativeCommandError
 
Warning! Classic Pre Processor is used for `E:\!MyDocs\PlatformIO\Projects\DelugeScreenPio\.pio\libdeps\adafruit_feather_usb_host\EZ_USB_MIDI_HOST\EZ_USB_MIDI_HOST_Device.h`, advanced has failed with `Incorrect number of arguments to `TU_CHECK_MCU'`
Warning! Classic Pre Processor is used for `E:\!MyDocs\PlatformIO\Projects\DelugeScreenPio\.pio\libdeps\adafruit_feather_usb_host\EZ_USB_MIDI_HOST\EZ_USB_MIDI_HOST_Transport.h`, advanced has failed with `Incorrect number of arguments to `TU_CHECK_MCU'`
Warning! Classic Pre Processor is used for `E:\!MyDocs\PlatformIO\Projects\DelugeScreenPio\.pio\libdeps\adafruit_feather_usb_host\Adafruit TinyUSB Library\src\Adafruit_TinyUSB.h`, advanced has failed with `Incorrect number of arguments to `TU_CHECK_MCU'`
Warning! Classic Pre Processor is used for `E:\!MyDocs\PlatformIO\Projects\DelugeScreenPio\.pio\libdeps\adafruit_feather_usb_host\Adafruit TinyUSB Library\src\tusb.h`, advanced has failed with `Incorrect number of arguments to `TU_CHECK_MCU'`
Warning! Classic Pre Processor is used for `E:\!MyDocs\PlatformIO\Projects\DelugeScreenPio\.pio\libdeps\adafruit_feather_usb_host\Adafruit TinyUSB Library\src\tusb.c`, advanced has failed with `Incorrect number of arguments to `TU_CHECK_MCU'`
Warning! Classic Pre Processor is used for `E:\!MyDocs\PlatformIO\Projects\DelugeScreenPio\.pio\libdeps\adafruit_feather_usb_host\Adafruit TinyUSB Library\src\arduino\Adafruit_USBD_Device.h`, advanced has failed with `Incorrect number of arguments to `TU_CHECK_MCU'`
Warning! Classic Pre Processor is used for `E:\!MyDocs\PlatformIO\Projects\DelugeScreenPio\.pio\libdeps\adafruit_feather_usb_host\Adafruit TinyUSB Library\src\arduino\Adafruit_USBH_Host.h`, advanced has failed with `Incorrect number of arguments to `TU_CHECK_MCU'`
Warning! Classic Pre Processor is used for `E:\!MyDocs\PlatformIO\Projects\DelugeScreenPio\.pio\libdeps\adafruit_feather_usb_host\Adafruit TinyUSB Library\src\arduino\hid\Adafruit_USBD_HID.h`, advanced has failed with `Incorrect number of arguments to `TU_CHECK_MCU'`
Warning! Classic Pre Processor is used for `E:\!MyDocs\PlatformIO\Projects\DelugeScreenPio\.pio\libdeps\adafruit_feather_usb_host\Adafruit TinyUSB Library\src\arduino\midi\Adafruit_USBD_MIDI.h`, advanced has failed with `Incorrect number of arguments to `TU_CHECK_MCU'`
Warning! Classic Pre Processor is used for `E:\!MyDocs\PlatformIO\Projects\DelugeScreenPio\.pio\libdeps\adafruit_feather_usb_host\Adafruit TinyUSB Library\src\arduino\msc\Adafruit_USBD_MSC.h`, advanced has failed with `Incorrect number of arguments to `TU_CHECK_MCU'`
Warning! Classic Pre Processor is used for `E:\!MyDocs\PlatformIO\Projects\DelugeScreenPio\.pio\libdeps\adafruit_feather_usb_host\Adafruit TinyUSB Library\src\arduino\msc\Adafruit_USBH_MSC.h`, advanced has failed with `Incorrect number of arguments to `TU_CHECK_MCU'`
Warning! Classic Pre Processor is used for `E:\!MyDocs\PlatformIO\Projects\DelugeScreenPio\.pio\libdeps\adafruit_feather_usb_host\Adafruit TinyUSB Library\src\arduino\video\Adafruit_USBD_Video.h`, advanced has failed with `Incorrect number of arguments to `TU_CHECK_MCU'`
Warning! Classic Pre Processor is used for `E:\!MyDocs\PlatformIO\Projects\DelugeScreenPio\.pio\libdeps\adafruit_feather_usb_host\Adafruit TinyUSB Library\src\arduino\webusb\Adafruit_USBD_WebUSB.h`, advanced has failed with `Incorrect number of arguments to `TU_CHECK_MCU'`
Warning! Classic Pre Processor is used for `E:\!MyDocs\PlatformIO\Projects\DelugeScreenPio\.pio\libdeps\adafruit_feather_usb_host\Adafruit TinyUSB Library\src\tusb_option.h`, advanced has failed with `Incorrect number of arguments to `TU_CHECK_MCU'`
Warning! Classic Pre Processor is used for `E:\!MyDocs\PlatformIO\Projects\DelugeScreenPio\.pio\libdeps\adafruit_feather_usb_host\Adafruit TinyUSB Library\src\class\audio\audio_device.h`, advanced has failed with `Incorrect number of arguments to `TU_CHECK_MCU'`
Warning! Classic Pre Processor is used for `E:\!MyDocs\PlatformIO\Projects\DelugeScreenPio\.pio\libdeps\adafruit_feather_usb_host\Adafruit TinyUSB Library\src\class\bth\bth_device.h`, advanced has failed with `Incorrect number of arguments to `TU_CHECK_MCU'`
Warning! Classic Pre Processor is used for `E:\!MyDocs\PlatformIO\Projects\DelugeScreenPio\.pio\libdeps\adafruit_feather_usb_host\Adafruit TinyUSB Library\src\class\cdc\cdc_device.h`, advanced has failed with `Incorrect number of arguments to `TU_CHECK_MCU'`
Warning! Classic Pre Processor is used for `E:\!MyDocs\PlatformIO\Projects\DelugeScreenPio\.pio\libdeps\adafruit_feather_usb_host\Adafruit TinyUSB Library\src\class\cdc\cdc_host.h`, advanced has failed with `Incorrect number of arguments to `TU_CHECK_MCU'`
Warning! Classic Pre Processor is used for `E:\!MyDocs\PlatformIO\Projects\DelugeScreenPio\.pio\libdeps\adafruit_feather_usb_host\Adafruit TinyUSB Library\src\class\dfu\dfu_device.h`, advanced has failed with `Incorrect number of arguments to `TU_CHECK_MCU'`
Warning! Classic Pre Processor is used for `E:\!MyDocs\PlatformIO\Projects\DelugeScreenPio\.pio\libdeps\adafruit_feather_usb_host\Adafruit TinyUSB Library\src\class\dfu\dfu_rt_device.h`, advanced has failed with `Incorrect number of arguments to `TU_CHECK_MCU'`
Warning! Classic Pre Processor is used for `E:\!MyDocs\PlatformIO\Projects\DelugeScreenPio\.pio\libdeps\adafruit_feather_usb_host\Adafruit TinyUSB Library\src\class\hid\hid_device.h`, advanced has failed with `Incorrect number of arguments to `TU_CHECK_MCU'`
Warning! Classic Pre Processor is used for `E:\!MyDocs\PlatformIO\Projects\DelugeScreenPio\.pio\libdeps\adafruit_feather_usb_host\Adafruit TinyUSB Library\src\class\hid\hid_host.h`, advanced has failed with `Incorrect number of arguments to `TU_CHECK_MCU'`
Warning! Classic Pre Processor is used for `E:\!MyDocs\PlatformIO\Projects\DelugeScreenPio\.pio\libdeps\adafruit_feather_usb_host\Adafruit TinyUSB Library\src\class\midi\midi_device.h`, advanced has failed with `Incorrect number of arguments to `TU_CHECK_MCU'`
Warning! Classic Pre Processor is used for `E:\!MyDocs\PlatformIO\Projects\DelugeScreenPio\.pio\libdeps\adafruit_feather_usb_host\Adafruit TinyUSB Library\src\class\msc\msc_device.h`, advanced has failed with `Incorrect number of arguments to `TU_CHECK_MCU'`
Warning! Classic Pre Processor is used for `E:\!MyDocs\PlatformIO\Projects\DelugeScreenPio\.pio\libdeps\adafruit_feather_usb_host\Adafruit TinyUSB Library\src\class\msc\msc_host.h`, advanced has failed with `Incorrect number of arguments to `TU_CHECK_MCU'`
Warning! Classic Pre Processor is used for `E:\!MyDocs\PlatformIO\Projects\DelugeScreenPio\.pio\libdeps\adafruit_feather_usb_host\Adafruit TinyUSB Library\src\class\net\net_device.h`, advanced has failed with `Incorrect number of arguments to `TU_CHECK_MCU'`
Warning! Classic Pre Processor is used for `E:\!MyDocs\PlatformIO\Projects\DelugeScreenPio\.pio\libdeps\adafruit_feather_usb_host\Adafruit TinyUSB Library\src\class\usbtmc\usbtmc_device.h`, advanced has failed with `Incorrect number of arguments to `TU_CHECK_MCU'`
Warning! Classic Pre Processor is used for `E:\!MyDocs\PlatformIO\Projects\DelugeScreenPio\.pio\libdeps\adafruit_feather_usb_host\Adafruit TinyUSB Library\src\class\vendor\vendor_device.h`, advanced has failed with `Incorrect number of arguments to `TU_CHECK_MCU'`
Warning! Classic Pre Processor is used for `E:\!MyDocs\PlatformIO\Projects\DelugeScreenPio\.pio\libdeps\adafruit_feather_usb_host\Adafruit TinyUSB Library\src\class\video\video_device.h`, advanced has failed with `Incorrect number of arguments to `TU_CHECK_MCU'`
Warning! Classic Pre Processor is used for `E:\!MyDocs\PlatformIO\Projects\DelugeScreenPio\.pio\libdeps\adafruit_feather_usb_host\Adafruit TinyUSB Library\src\common\tusb_common.h`, advanced has failed with `Incorrect number of arguments to `TU_CHECK_MCU'`
Warning! Classic Pre Processor is used for `E:\!MyDocs\PlatformIO\Projects\DelugeScreenPio\.pio\libdeps\adafruit_feather_usb_host\Adafruit TinyUSB Library\src\common\tusb_fifo.h`, advanced has failed with `Incorrect number of arguments to `TU_CHECK_MCU'`
Warning! Classic Pre Processor is used for `E:\!MyDocs\PlatformIO\Projects\DelugeScreenPio\.pio\libdeps\adafruit_feather_usb_host\Adafruit TinyUSB Library\src\device\usbd.h`, advanced has failed with `Incorrect number of arguments to `TU_CHECK_MCU'`
Warning! Classic Pre Processor is used for `E:\!MyDocs\PlatformIO\Projects\DelugeScreenPio\.pio\libdeps\adafruit_feather_usb_host\Adafruit TinyUSB Library\src\host\usbh.h`, advanced has failed with `Incorrect number of arguments to `TU_CHECK_MCU'`
Warning! Classic Pre Processor is used for `E:\!MyDocs\PlatformIO\Projects\DelugeScreenPio\.pio\libdeps\adafruit_feather_usb_host\Adafruit TinyUSB Library\src\osal\osal.h`, advanced has failed with `Incorrect number of arguments to `TU_CHECK_MCU'`
Warning! Classic Pre Processor is used for `E:\!MyDocs\PlatformIO\Projects\DelugeScreenPio\.pio\libdeps\adafruit_feather_usb_host\Adafruit TinyUSB Library\src\device\usbd_pvt.h`, advanced has failed with `Incorrect number of arguments to `TU_CHECK_MCU'`
Warning! Classic Pre Processor is used for `E:\!MyDocs\PlatformIO\Projects\DelugeScreenPio\.pio\libdeps\adafruit_feather_usb_host\Adafruit TinyUSB Library\src\host\usbh_pvt.h`, advanced has failed with `Incorrect number of arguments to `TU_CHECK_MCU'`
Warning! Classic Pre Processor is used for `E:\!MyDocs\PlatformIO\Projects\DelugeScreenPio\.pio\libdeps\adafruit_feather_usb_host\Adafruit TinyUSB Library\src\class\audio\audio.h`, advanced has failed with `Incorrect number of arguments to `TU_CHECK_MCU'`
Warning! Classic Pre Processor is used for `E:\!MyDocs\PlatformIO\Projects\DelugeScreenPio\.pio\libdeps\adafruit_feather_usb_host\Adafruit TinyUSB Library\src\class\cdc\cdc.h`, advanced has failed with `Incorrect number of arguments to `TU_CHECK_MCU'`
Warning! Classic Pre Processor is used for `E:\!MyDocs\PlatformIO\Projects\DelugeScreenPio\.pio\libdeps\adafruit_feather_usb_host\Adafruit TinyUSB Library\src\class\dfu\dfu.h`, advanced has failed with `Incorrect number of arguments to `TU_CHECK_MCU'`
Warning! Classic Pre Processor is used for `E:\!MyDocs\PlatformIO\Projects\DelugeScreenPio\.pio\libdeps\adafruit_feather_usb_host\Adafruit TinyUSB Library\src\class\hid\hid.h`, advanced has failed with `Incorrect number of arguments to `TU_CHECK_MCU'`
Warning! Classic Pre Processor is used for `E:\!MyDocs\PlatformIO\Projects\DelugeScreenPio\.pio\libdeps\adafruit_feather_usb_host\Adafruit TinyUSB Library\src\class\midi\midi.h`, advanced has failed with `Incorrect number of arguments to `TU_CHECK_MCU'`
Warning! Classic Pre Processor is used for `E:\!MyDocs\PlatformIO\Projects\DelugeScreenPio\.pio\libdeps\adafruit_feather_usb_host\Adafruit TinyUSB Library\src\class\msc\msc.h`, advanced has failed with `Incorrect number of arguments to `TU_CHECK_MCU'`
Warning! Classic Pre Processor is used for `E:\!MyDocs\PlatformIO\Projects\DelugeScreenPio\.pio\libdeps\adafruit_feather_usb_host\Adafruit TinyUSB Library\src\class\usbtmc\usbtmc.h`, advanced has failed with `Incorrect number of arguments to `TU_CHECK_MCU'`
Warning! Classic Pre Processor is used for `E:\!MyDocs\PlatformIO\Projects\DelugeScreenPio\.pio\libdeps\adafruit_feather_usb_host\Adafruit TinyUSB Library\src\class\video\video.h`, advanced has failed with `Incorrect number of arguments to `TU_CHECK_MCU'`
Warning! Classic Pre Processor is used for `E:\!MyDocs\PlatformIO\Projects\DelugeScreenPio\.pio\libdeps\adafruit_feather_usb_host\Adafruit TinyUSB Library\src\common\tusb_verify.h`, advanced has failed with `Incorrect number of arguments to `TU_CHECK_MCU'`
Warning! Classic Pre Processor is used for `E:\!MyDocs\PlatformIO\Projects\DelugeScreenPio\.pio\libdeps\adafruit_feather_usb_host\Adafruit TinyUSB Library\src\osal\osal_freertos.h`, advanced has failed with `'TU_INCLUDE_PATH'`
Warning! Classic Pre Processor is used for `E:\!MyDocs\PlatformIO\Projects\DelugeScreenPio\.pio\libdeps\adafruit_feather_usb_host\Adafruit TinyUSB Library\src\osal\osal_none.h`, advanced has failed with `Incorrect number of arguments to `TU_CHECK_MCU'`
Warning! Classic Pre Processor is used for `E:\!MyDocs\PlatformIO\Projects\DelugeScreenPio\.pio\libdeps\adafruit_feather_usb_host\Adafruit TinyUSB Library\src\osal\osal_pico.h`, advanced has failed with `Incorrect number of arguments to `TU_CHECK_MCU'`
Warning! Classic Pre Processor is used for `E:\!MyDocs\PlatformIO\Projects\DelugeScreenPio\.pio\libdeps\adafruit_feather_usb_host\Adafruit TinyUSB Library\src\arduino\Adafruit_USBD_CDC.cpp`, advanced has failed with `Incorrect number of arguments to `TU_CHECK_MCU'`
Warning! Classic Pre Processor is used for `E:\!MyDocs\PlatformIO\Projects\DelugeScreenPio\.pio\libdeps\adafruit_feather_usb_host\Adafruit TinyUSB Library\src\arduino\Adafruit_USBD_Device.cpp`, advanced has failed with `Incorrect number of arguments to `TU_CHECK_MCU'`
Warning! Classic Pre Processor is used for `E:\!MyDocs\PlatformIO\Projects\DelugeScreenPio\.pio\libdeps\adafruit_feather_usb_host\Adafruit TinyUSB Library\src\arduino\Adafruit_USBH_Host.cpp`, advanced has failed with `Incorrect number of arguments to `TU_CHECK_MCU'`
Warning! Classic Pre Processor is used for `E:\!MyDocs\PlatformIO\Projects\DelugeScreenPio\.pio\libdeps\adafruit_feather_usb_host\Adafruit TinyUSB Library\src\arduino\cdc\Adafruit_USBH_CDC.cpp`, advanced has failed with `Incorrect number of arguments to `TU_CHECK_MCU'`
Warning! Classic Pre Processor is used for `E:\!MyDocs\PlatformIO\Projects\DelugeScreenPio\.pio\libdeps\adafruit_feather_usb_host\Adafruit TinyUSB Library\src\arduino\hid\Adafruit_USBD_HID.cpp`, advanced has failed with `Incorrect number of arguments to `TU_CHECK_MCU'`
Warning! Classic Pre Processor is used for `E:\!MyDocs\PlatformIO\Projects\DelugeScreenPio\.pio\libdeps\adafruit_feather_usb_host\Adafruit TinyUSB Library\src\arduino\midi\Adafruit_USBD_MIDI.cpp`, advanced has failed with `Incorrect number of arguments to `TU_CHECK_MCU'`
Warning! Classic Pre Processor is used for `E:\!MyDocs\PlatformIO\Projects\DelugeScreenPio\.pio\libdeps\adafruit_feather_usb_host\Adafruit TinyUSB Library\src\arduino\msc\Adafruit_USBD_MSC.cpp`, advanced has failed with `Incorrect number of arguments to `TU_CHECK_MCU'`
Warning! Classic Pre Processor is used for `E:\!MyDocs\PlatformIO\Projects\DelugeScreenPio\.pio\libdeps\adafruit_feather_usb_host\Adafruit TinyUSB Library\src\arduino\msc\Adafruit_USBH_MSC.cpp`, advanced has failed with `Incorrect number of arguments to `TU_CHECK_MCU'`
Warning! Classic Pre Processor is used for `E:\!MyDocs\PlatformIO\Projects\DelugeScreenPio\.pio\libdeps\adafruit_feather_usb_host\Adafruit TinyUSB Library\src\arduino\video\Adafruit_USBD_Video.cpp`, advanced has failed with `Incorrect number of arguments to `TU_CHECK_MCU'`
Warning! Classic Pre Processor is used for `E:\!MyDocs\PlatformIO\Projects\DelugeScreenPio\.pio\libdeps\adafruit_feather_usb_host\Adafruit TinyUSB Library\src\arduino\webusb\Adafruit_USBD_WebUSB.cpp`, advanced has failed with `Incorrect number of arguments to `TU_CHECK_MCU'`
Warning! Classic Pre Processor is used for `E:\!MyDocs\PlatformIO\Projects\DelugeScreenPio\.pio\libdeps\adafruit_feather_usb_host\Adafruit TinyUSB Library\src\class\audio\audio_device.c`, advanced has failed with `Incorrect number of arguments to `TU_CHECK_MCU'`
Warning! Classic Pre Processor is used for `E:\!MyDocs\PlatformIO\Projects\DelugeScreenPio\.pio\libdeps\adafruit_feather_usb_host\Adafruit TinyUSB Library\src\class\bth\bth_device.c`, advanced has failed with `Incorrect number of arguments to `TU_CHECK_MCU'`
Warning! Classic Pre Processor is used for `E:\!MyDocs\PlatformIO\Projects\DelugeScreenPio\.pio\libdeps\adafruit_feather_usb_host\Adafruit TinyUSB Library\src\class\cdc\cdc_device.c`, advanced has failed with `Incorrect number of arguments to `TU_CHECK_MCU'`
Warning! Classic Pre Processor is used for `E:\!MyDocs\PlatformIO\Projects\DelugeScreenPio\.pio\libdeps\adafruit_feather_usb_host\Adafruit TinyUSB Library\src\class\cdc\cdc_host.c`, advanced has failed with `Incorrect number of arguments to `TU_CHECK_MCU'`
Warning! Classic Pre Processor is used for `E:\!MyDocs\PlatformIO\Projects\DelugeScreenPio\.pio\libdeps\adafruit_feather_usb_host\Adafruit TinyUSB Library\src\class\dfu\dfu_device.c`, advanced has failed with `Incorrect number of arguments to `TU_CHECK_MCU'`
Warning! Classic Pre Processor is used for `E:\!MyDocs\PlatformIO\Projects\DelugeScreenPio\.pio\libdeps\adafruit_feather_usb_host\Adafruit TinyUSB Library\src\class\dfu\dfu_rt_device.c`, advanced has failed with `Incorrect number of arguments to `TU_CHECK_MCU'`
Warning! Classic Pre Processor is used for `E:\!MyDocs\PlatformIO\Projects\DelugeScreenPio\.pio\libdeps\adafruit_feather_usb_host\Adafruit TinyUSB Library\src\class\hid\hid_device.c`, advanced has failed with `Incorrect number of arguments to `TU_CHECK_MCU'`
Warning! Classic Pre Processor is used for `E:\!MyDocs\PlatformIO\Projects\DelugeScreenPio\.pio\libdeps\adafruit_feather_usb_host\Adafruit TinyUSB Library\src\class\hid\hid_host.c`, advanced has failed with `Incorrect number of arguments to `TU_CHECK_MCU'`
Warning! Classic Pre Processor is used for `E:\!MyDocs\PlatformIO\Projects\DelugeScreenPio\.pio\libdeps\adafruit_feather_usb_host\Adafruit TinyUSB Library\src\class\midi\midi_device.c`, advanced has failed with `Incorrect number of arguments to `TU_CHECK_MCU'`
Warning! Classic Pre Processor is used for `E:\!MyDocs\PlatformIO\Projects\DelugeScreenPio\.pio\libdeps\adafruit_feather_usb_host\Adafruit TinyUSB Library\src\class\msc\msc_device.c`, advanced has failed with `Incorrect number of arguments to `TU_CHECK_MCU'`
Warning! Classic Pre Processor is used for `E:\!MyDocs\PlatformIO\Projects\DelugeScreenPio\.pio\libdeps\adafruit_feather_usb_host\Adafruit TinyUSB Library\src\class\msc\msc_host.c`, advanced has failed with `Incorrect number of arguments to `TU_CHECK_MCU'`
Warning! Classic Pre Processor is used for `E:\!MyDocs\PlatformIO\Projects\DelugeScreenPio\.pio\libdeps\adafruit_feather_usb_host\Adafruit TinyUSB Library\src\class\usbtmc\usbtmc_device.c`, advanced has failed with `Incorrect number of arguments to `TU_CHECK_MCU'`
Warning! Classic Pre Processor is used for `E:\!MyDocs\PlatformIO\Projects\DelugeScreenPio\.pio\libdeps\adafruit_feather_usb_host\Adafruit TinyUSB Library\src\class\vendor\vendor_device.c`, advanced has failed with `Incorrect number of arguments to `TU_CHECK_MCU'`
Warning! Classic Pre Processor is used for `E:\!MyDocs\PlatformIO\Projects\DelugeScreenPio\.pio\libdeps\adafruit_feather_usb_host\Adafruit TinyUSB Library\src\class\video\video_device.c`, advanced has failed with `Incorrect number of arguments to `TU_CHECK_MCU'`
Warning! Classic Pre Processor is used for `E:\!MyDocs\PlatformIO\Projects\DelugeScreenPio\.pio\libdeps\adafruit_feather_usb_host\Adafruit TinyUSB Library\src\common\tusb_fifo.c`, advanced has failed with `Incorrect number of arguments to `TU_CHECK_MCU'`
Warning! Classic Pre Processor is used for `E:\!MyDocs\PlatformIO\Projects\DelugeScreenPio\.pio\libdeps\adafruit_feather_usb_host\Adafruit TinyUSB Library\src\device\usbd.c`, advanced has failed with `Incorrect number of arguments to `TU_CHECK_MCU'`
Warning! Classic Pre Processor is used for `E:\!MyDocs\PlatformIO\Projects\DelugeScreenPio\.pio\libdeps\adafruit_feather_usb_host\Adafruit TinyUSB Library\src\host\usbh.c`, advanced has failed with `Incorrect number of arguments to `TU_CHECK_MCU'`
Warning! Classic Pre Processor is used for `E:\!MyDocs\PlatformIO\Projects\DelugeScreenPio\.pio\libdeps\adafruit_feather_usb_host\Adafruit TinyUSB Library\src\arduino\Adafruit_TinyUSB_API.cpp`, advanced has failed with `Incorrect number of arguments to `TU_CHECK_MCU'`
Warning! Classic Pre Processor is used for `E:\!MyDocs\PlatformIO\Projects\DelugeScreenPio\.pio\libdeps\adafruit_feather_usb_host\Adafruit TinyUSB Library\src\arduino\Adafruit_USBD_Interface.cpp`, advanced has failed with `Incorrect number of arguments to `TU_CHECK_MCU'`
Warning! Classic Pre Processor is used for `E:\!MyDocs\PlatformIO\Projects\DelugeScreenPio\.pio\libdeps\adafruit_feather_usb_host\Adafruit TinyUSB Library\src\device\dcd.h`, advanced has failed with `Incorrect number of arguments to `TU_CHECK_MCU'`
Warning! Classic Pre Processor is used for `E:\!MyDocs\PlatformIO\Projects\DelugeScreenPio\.pio\libdeps\adafruit_feather_usb_host\Adafruit TinyUSB Library\src\host\hcd.h`, advanced has failed with `Incorrect number of arguments to `TU_CHECK_MCU'`
Warning! Classic Pre Processor is used for `E:\!MyDocs\PlatformIO\Projects\DelugeScreenPio\.pio\libdeps\adafruit_feather_usb_host\Adafruit TinyUSB Library\src\host\hub.h`, advanced has failed with `Incorrect number of arguments to `TU_CHECK_MCU'`
Warning! Classic Pre Processor is used for `E:\!MyDocs\PlatformIO\Projects\DelugeScreenPio\.pio\libdeps\adafruit_feather_usb_host\Adafruit TinyUSB Library\src\host\hub.c`, advanced has failed with `Incorrect number of arguments to `TU_CHECK_MCU'`
Warning! Circular dependencies detected between `C:\Users\MacGuffin_\.platformio\packages\framework-arduinopico\libraries\SPI` and `E:\!MyDocs\PlatformIO\Projects\DelugeScreenPio\.pio\libdeps\adafruit_feather_usb_host\Adafruit TinyUSB Library`
Warning! Classic Pre Processor is used for `E:\!MyDocs\PlatformIO\Projects\DelugeScreenPio\.pio\libdeps\adafruit_feather_usb_host\usb_midi_host\usb_midi_host.h`, advanced has failed with `Incorrect number of arguments to `TU_CHECK_MCU'`
Warning! Classic Pre Processor is used for `E:\!MyDocs\PlatformIO\Projects\DelugeScreenPio\.pio\libdeps\adafruit_feather_usb_host\usb_midi_host\usb_midi_host.c`, advanced has failed with `Incorrect number of arguments to `TU_CHECK_MCU'`
Warning! Classic Pre Processor is used for `E:\!MyDocs\PlatformIO\Projects\DelugeScreenPio\.pio\libdeps\adafruit_feather_usb_host\Adafruit TinyUSB Library\src\arduino\ports\ch32\Adafruit_TinyUSB_ch32.cpp`, advanced has failed with `Incorrect number of arguments to `TU_CHECK_MCU'`
Warning! Classic Pre Processor is used for `E:\!MyDocs\PlatformIO\Projects\DelugeScreenPio\.pio\libdeps\adafruit_feather_usb_host\Adafruit TinyUSB Library\src\arduino\ports\esp32\Adafruit_TinyUSB_esp32.cpp`, advanced has failed with `Incorrect number of arguments to `TU_CHECK_MCU'`
Warning! Classic Pre Processor is used for `E:\!MyDocs\PlatformIO\Projects\DelugeScreenPio\.pio\libdeps\adafruit_feather_usb_host\Adafruit TinyUSB Library\src\arduino\ports\nrf\Adafruit_TinyUSB_nrf.cpp`, advanced has failed with `Incorrect number of arguments to `TU_CHECK_MCU'`
Warning! Classic Pre Processor is used for `E:\!MyDocs\PlatformIO\Projects\DelugeScreenPio\.pio\libdeps\adafruit_feather_usb_host\Adafruit TinyUSB Library\src\arduino\ports\rp2040\Adafruit_TinyUSB_rp2040.cpp`, advanced has failed with `Incorrect number of arguments to `TU_CHECK_MCU'`
Warning! Classic Pre Processor is used for `E:\!MyDocs\PlatformIO\Projects\DelugeScreenPio\.pio\libdeps\adafruit_feather_usb_host\Adafruit TinyUSB Library\src\arduino\ports\samd\Adafruit_TinyUSB_samd.cpp`, advanced has failed with `Incorrect number of arguments to `TU_CHECK_MCU'`
Warning! Classic Pre Processor is used for `E:\!MyDocs\PlatformIO\Projects\DelugeScreenPio\.pio\libdeps\adafruit_feather_usb_host\Adafruit TinyUSB Library\src\class\net\ecm_rndis_device.c`, advanced has failed with `Incorrect number of arguments to `TU_CHECK_MCU'`
Warning! Classic Pre Processor is used for `E:\!MyDocs\PlatformIO\Projects\DelugeScreenPio\.pio\libdeps\adafruit_feather_usb_host\Adafruit TinyUSB Library\src\class\net\ncm_device.c`, advanced has failed with `Incorrect number of arguments to `TU_CHECK_MCU'`
Warning! Classic Pre Processor is used for `E:\!MyDocs\PlatformIO\Projects\DelugeScreenPio\.pio\libdeps\adafruit_feather_usb_host\Adafruit TinyUSB Library\src\device\usbd_control.c`, advanced has failed with `Incorrect number of arguments to `TU_CHECK_MCU'`
Warning! Classic Pre Processor is used for `E:\!MyDocs\PlatformIO\Projects\DelugeScreenPio\.pio\libdeps\adafruit_feather_usb_host\Adafruit TinyUSB Library\src\portable\analog\max3421\hcd_max3421.c`, advanced has failed with `Incorrect number of arguments to `TU_CHECK_MCU'`
Warning! Classic Pre Processor is used for `E:\!MyDocs\PlatformIO\Projects\DelugeScreenPio\.pio\libdeps\adafruit_feather_usb_host\Adafruit TinyUSB Library\src\portable\microchip\samd\dcd_samd.c`, advanced has failed with `Incorrect number of arguments to `TU_CHECK_MCU'`
Warning! Classic Pre Processor is used for `E:\!MyDocs\PlatformIO\Projects\DelugeScreenPio\.pio\libdeps\adafruit_feather_usb_host\Adafruit TinyUSB Library\src\portable\nordic\nrf5x\dcd_nrf5x.c`, advanced has failed with `Incorrect number of arguments to `TU_CHECK_MCU'`
Warning! Classic Pre Processor is used for `E:\!MyDocs\PlatformIO\Projects\DelugeScreenPio\.pio\libdeps\adafruit_feather_usb_host\Adafruit TinyUSB Library\src\portable\raspberrypi\pio_usb\dcd_pio_usb.c`, advanced has failed with `Incorrect number of arguments to `TU_CHECK_MCU'`
Warning! Classic Pre Processor is used for `E:\!MyDocs\PlatformIO\Projects\DelugeScreenPio\.pio\libdeps\adafruit_feather_usb_host\Adafruit TinyUSB Library\src\portable\raspberrypi\pio_usb\hcd_pio_usb.c`, advanced has failed with `Incorrect number of arguments to `TU_CHECK_MCU'`
Warning! Classic Pre Processor is used for `E:\!MyDocs\PlatformIO\Projects\DelugeScreenPio\.pio\libdeps\adafruit_feather_usb_host\Adafruit TinyUSB Library\src\portable\raspberrypi\rp2040\dcd_rp2040.c`, advanced has failed with `Incorrect number of arguments to `TU_CHECK_MCU'`
Warning! Classic Pre Processor is used for `E:\!MyDocs\PlatformIO\Projects\DelugeScreenPio\.pio\libdeps\adafruit_feather_usb_host\Adafruit TinyUSB Library\src\portable\raspberrypi\rp2040\hcd_rp2040.c`, advanced has failed with `Incorrect number of arguments to `TU_CHECK_MCU'`
Warning! Classic Pre Processor is used for `E:\!MyDocs\PlatformIO\Projects\DelugeScreenPio\.pio\libdeps\adafruit_feather_usb_host\Adafruit TinyUSB Library\src\portable\raspberrypi\rp2040\rp2040_usb.c`, advanced has failed with `Incorrect number of arguments to `TU_CHECK_MCU'`
Warning! Classic Pre Processor is used for `E:\!MyDocs\PlatformIO\Projects\DelugeScreenPio\.pio\libdeps\adafruit_feather_usb_host\Adafruit TinyUSB Library\src\portable\st\stm32_fsdev\dcd_stm32_fsdev.c`, advanced has failed with `Incorrect number of arguments to `TU_CHECK_MCU'`
Warning! Classic Pre Processor is used for `E:\!MyDocs\PlatformIO\Projects\DelugeScreenPio\.pio\libdeps\adafruit_feather_usb_host\Adafruit TinyUSB Library\src\portable\synopsys\dwc2\dcd_dwc2.c`, advanced has failed with `Incorrect number of arguments to `TU_CHECK_MCU'`
Warning! Classic Pre Processor is used for `E:\!MyDocs\PlatformIO\Projects\DelugeScreenPio\.pio\libdeps\adafruit_feather_usb_host\Adafruit TinyUSB Library\src\portable\synopsys\dwc2\dwc2_common.c`, advanced has failed with `Incorrect number of arguments to `TU_CHECK_MCU'`
Warning! Classic Pre Processor is used for `E:\!MyDocs\PlatformIO\Projects\DelugeScreenPio\.pio\libdeps\adafruit_feather_usb_host\Adafruit TinyUSB Library\src\portable\synopsys\dwc2\hcd_dwc2.c`, advanced has failed with `Incorrect number of arguments to `TU_CHECK_MCU'`
Warning! Classic Pre Processor is used for `E:\!MyDocs\PlatformIO\Projects\DelugeScreenPio\.pio\libdeps\adafruit_feather_usb_host\Adafruit TinyUSB Library\src\portable\wch\dcd_ch32_usbfs.c`, advanced has failed with `Incorrect number of arguments to `TU_CHECK_MCU'`
Warning! Classic Pre Processor is used for `E:\!MyDocs\PlatformIO\Projects\DelugeScreenPio\.pio\libdeps\adafruit_feather_usb_host\Adafruit TinyUSB Library\src\portable\wch\dcd_ch32_usbhs.c`, advanced has failed with `Incorrect number of arguments to `TU_CHECK_MCU'`
Warning! Classic Pre Processor is used for `E:\!MyDocs\PlatformIO\Projects\DelugeScreenPio\.pio\libdeps\adafruit_feather_usb_host\Adafruit TinyUSB Library\src\class\net\ncm.h`, advanced has failed with `Incorrect number of arguments to `TU_CHECK_MCU'`
Warning! Classic Pre Processor is used for `E:\!MyDocs\PlatformIO\Projects\DelugeScreenPio\.pio\libdeps\adafruit_feather_usb_host\Adafruit TinyUSB Library\src\portable\raspberrypi\rp2040\rp2040_usb.h`, advanced has failed with `Incorrect number of arguments to `TU_CHECK_MCU'`
Warning! Classic Pre Processor is used for `E:\!MyDocs\PlatformIO\Projects\DelugeScreenPio\.pio\libdeps\adafruit_feather_usb_host\Adafruit TinyUSB Library\src\portable\synopsys\dwc2\dwc2_common.h`, advanced has failed with `Incorrect number of arguments to `TU_CHECK_MCU'`
Warning! Classic Pre Processor is used for `E:\!MyDocs\PlatformIO\Projects\DelugeScreenPio\.pio\libdeps\adafruit_feather_usb_host\usb_midi_host\usb_midi_host_app_driver.c`, advanced has failed with `Incorrect number of arguments to `TU_CHECK_MCU'`
Dependency Graph
|-- Adafruit GFX Library @ 1.12.1 (License: Unknown, Path: E:\!MyDocs\PlatformIO\Projects\DelugeScreenPio\.pio\libdeps\adafruit_feather_usb_host\Adafruit GFX Library)
|   |-- Adafruit BusIO @ 1.17.1 (License: Unknown, Path: E:\!MyDocs\PlatformIO\Projects\DelugeScreenPio\.pio\libdeps\adafruit_feather_usb_host\Adafruit BusIO)
|   |   |-- Wire @ 1.0 (License: Unknown, Path: C:\Users\MacGuffin_\.platformio\packages\framework-arduinopico\libraries\Wire)
|   |   |   |-- Adafruit TinyUSB Library @ 3.4.4 (License: Unknown, Path: E:\!MyDocs\PlatformIO\Projects\DelugeScreenPio\.pio\libdeps\adafruit_feather_usb_host\Adafruit TinyUSB Library)
|   |   |   |   |-- SPI @ 1.0 (License: Unknown, Path: C:\Users\MacGuffin_\.platformio\packages\framework-arduinopico\libraries\SPI)
|   |   |   |   |-- SdFat - Adafruit Fork @ 2.2.54 (License: MIT, Path: E:\!MyDocs\PlatformIO\Projects\DelugeScreenPio\.pio\libdeps\adafruit_feather_usb_host\SdFat - Adafruit Fork)
|   |   |   |   |   |-- SPI @ 1.0 (License: Unknown, Path: C:\Users\MacGuffin_\.platformio\packages\framework-arduinopico\libraries\SPI)
|   |   |   |   |-- Pico PIO USB @ 0.7.2 (License: Unknown, Path: E:\!MyDocs\PlatformIO\Projects\DelugeScreenPio\.pio\libdeps\adafruit_feather_usb_host\Pico PIO USB)
|   |   |-- SPI @ 1.0 (License: Unknown, Path: C:\Users\MacGuffin_\.platformio\packages\framework-arduinopico\libraries\SPI)
|   |-- Wire @ 1.0 (License: Unknown, Path: C:\Users\MacGuffin_\.platformio\packages\framework-arduinopico\libraries\Wire)
|   |   |-- Adafruit TinyUSB Library @ 3.4.4 (License: Unknown, Path: E:\!MyDocs\PlatformIO\Projects\DelugeScreenPio\.pio\libdeps\adafruit_feather_usb_host\Adafruit TinyUSB Library)
|   |   |   |-- SPI @ 1.0 (License: Unknown, Path: C:\Users\MacGuffin_\.platformio\packages\framework-arduinopico\libraries\SPI)
|   |   |   |-- SdFat - Adafruit Fork @ 2.2.54 (License: MIT, Path: E:\!MyDocs\PlatformIO\Projects\DelugeScreenPio\.pio\libdeps\adafruit_feather_usb_host\SdFat - Adafruit Fork)
|   |   |   |   |-- SPI @ 1.0 (License: Unknown, Path: C:\Users\MacGuffin_\.platformio\packages\framework-arduinopico\libraries\SPI)
|   |   |   |-- Pico PIO USB @ 0.7.2 (License: Unknown, Path: E:\!MyDocs\PlatformIO\Projects\DelugeScreenPio\.pio\libdeps\adafruit_feather_usb_host\Pico PIO USB)
|   |-- SPI @ 1.0 (License: Unknown, Path: C:\Users\MacGuffin_\.platformio\packages\framework-arduinopico\libraries\SPI)
|-- Adafruit LED Backpack Library @ 1.5.1 (License: Unknown, Path: E:\!MyDocs\PlatformIO\Projects\DelugeScreenPio\.pio\libdeps\adafruit_feather_usb_host\Adafruit LED Backpack Library)
|   |-- Adafruit BusIO @ 1.17.1 (License: Unknown, Path: E:\!MyDocs\PlatformIO\Projects\DelugeScreenPio\.pio\libdeps\adafruit_feather_usb_host\Adafruit BusIO)
|   |   |-- Wire @ 1.0 (License: Unknown, Path: C:\Users\MacGuffin_\.platformio\packages\framework-arduinopico\libraries\Wire)
|   |   |   |-- Adafruit TinyUSB Library @ 3.4.4 (License: Unknown, Path: E:\!MyDocs\PlatformIO\Projects\DelugeScreenPio\.pio\libdeps\adafruit_feather_usb_host\Adafruit TinyUSB Library)
|   |   |   |   |-- SPI @ 1.0 (License: Unknown, Path: C:\Users\MacGuffin_\.platformio\packages\framework-arduinopico\libraries\SPI)
|   |   |   |   |-- SdFat - Adafruit Fork @ 2.2.54 (License: MIT, Path: E:\!MyDocs\PlatformIO\Projects\DelugeScreenPio\.pio\libdeps\adafruit_feather_usb_host\SdFat - Adafruit Fork)
|   |   |   |   |   |-- SPI @ 1.0 (License: Unknown, Path: C:\Users\MacGuffin_\.platformio\packages\framework-arduinopico\libraries\SPI)
|   |   |   |   |-- Pico PIO USB @ 0.7.2 (License: Unknown, Path: E:\!MyDocs\PlatformIO\Projects\DelugeScreenPio\.pio\libdeps\adafruit_feather_usb_host\Pico PIO USB)
|   |   |-- SPI @ 1.0 (License: Unknown, Path: C:\Users\MacGuffin_\.platformio\packages\framework-arduinopico\libraries\SPI)
|   |-- Wire @ 1.0 (License: Unknown, Path: C:\Users\MacGuffin_\.platformio\packages\framework-arduinopico\libraries\Wire)
|   |   |-- Adafruit TinyUSB Library @ 3.4.4 (License: Unknown, Path: E:\!MyDocs\PlatformIO\Projects\DelugeScreenPio\.pio\libdeps\adafruit_feather_usb_host\Adafruit TinyUSB Library)
|   |   |   |-- SPI @ 1.0 (License: Unknown, Path: C:\Users\MacGuffin_\.platformio\packages\framework-arduinopico\libraries\SPI)
|   |   |   |-- SdFat - Adafruit Fork @ 2.2.54 (License: MIT, Path: E:\!MyDocs\PlatformIO\Projects\DelugeScreenPio\.pio\libdeps\adafruit_feather_usb_host\SdFat - Adafruit Fork)
|   |   |   |   |-- SPI @ 1.0 (License: Unknown, Path: C:\Users\MacGuffin_\.platformio\packages\framework-arduinopico\libraries\SPI)
|   |   |   |-- Pico PIO USB @ 0.7.2 (License: Unknown, Path: E:\!MyDocs\PlatformIO\Projects\DelugeScreenPio\.pio\libdeps\adafruit_feather_usb_host\Pico PIO USB)
|   |-- Adafruit GFX Library @ 1.12.1 (License: Unknown, Path: E:\!MyDocs\PlatformIO\Projects\DelugeScreenPio\.pio\libdeps\adafruit_feather_usb_host\Adafruit GFX Library)
|   |   |-- Adafruit BusIO @ 1.17.1 (License: Unknown, Path: E:\!MyDocs\PlatformIO\Projects\DelugeScreenPio\.pio\libdeps\adafruit_feather_usb_host\Adafruit BusIO)
|   |   |   |-- Wire @ 1.0 (License: Unknown, Path: C:\Users\MacGuffin_\.platformio\packages\framework-arduinopico\libraries\Wire)
|   |   |   |   |-- Adafruit TinyUSB Library @ 3.4.4 (License: Unknown, Path: E:\!MyDocs\PlatformIO\Projects\DelugeScreenPio\.pio\libdeps\adafruit_feather_usb_host\Adafruit TinyUSB Library)
|   |   |   |   |   |-- SPI @ 1.0 (License: Unknown, Path: C:\Users\MacGuffin_\.platformio\packages\framework-arduinopico\libraries\SPI)
|   |   |   |   |   |-- SdFat - Adafruit Fork @ 2.2.54 (License: MIT, Path: E:\!MyDocs\PlatformIO\Projects\DelugeScreenPio\.pio\libdeps\adafruit_feather_usb_host\SdFat - Adafruit Fork)
|   |   |   |   |   |   |-- SPI @ 1.0 (License: Unknown, Path: C:\Users\MacGuffin_\.platformio\packages\framework-arduinopico\libraries\SPI)
|   |   |   |   |   |-- Pico PIO USB @ 0.7.2 (License: Unknown, Path: E:\!MyDocs\PlatformIO\Projects\DelugeScreenPio\.pio\libdeps\adafruit_feather_usb_host\Pico PIO USB)
|   |   |   |-- SPI @ 1.0 (License: Unknown, Path: C:\Users\MacGuffin_\.platformio\packages\framework-arduinopico\libraries\SPI)
|   |   |-- Wire @ 1.0 (License: Unknown, Path: C:\Users\MacGuffin_\.platformio\packages\framework-arduinopico\libraries\Wire)
|   |   |   |-- Adafruit TinyUSB Library @ 3.4.4 (License: Unknown, Path: E:\!MyDocs\PlatformIO\Projects\DelugeScreenPio\.pio\libdeps\adafruit_feather_usb_host\Adafruit TinyUSB Library)
|   |   |   |   |-- SPI @ 1.0 (License: Unknown, Path: C:\Users\MacGuffin_\.platformio\packages\framework-arduinopico\libraries\SPI)
|   |   |   |   |-- SdFat - Adafruit Fork @ 2.2.54 (License: MIT, Path: E:\!MyDocs\PlatformIO\Projects\DelugeScreenPio\.pio\libdeps\adafruit_feather_usb_host\SdFat - Adafruit Fork)
|   |   |   |   |   |-- SPI @ 1.0 (License: Unknown, Path: C:\Users\MacGuffin_\.platformio\packages\framework-arduinopico\libraries\SPI)
|   |   |   |   |-- Pico PIO USB @ 0.7.2 (License: Unknown, Path: E:\!MyDocs\PlatformIO\Projects\DelugeScreenPio\.pio\libdeps\adafruit_feather_usb_host\Pico PIO USB)
|   |   |-- SPI @ 1.0 (License: Unknown, Path: C:\Users\MacGuffin_\.platformio\packages\framework-arduinopico\libraries\SPI)
|   |-- SPI @ 1.0 (License: Unknown, Path: C:\Users\MacGuffin_\.platformio\packages\framework-arduinopico\libraries\SPI)
|-- Adafruit SH110X @ 2.1.13 (License: Unknown, Path: E:\!MyDocs\PlatformIO\Projects\DelugeScreenPio\.pio\libdeps\adafruit_feather_usb_host\Adafruit SH110X)
|   |-- Adafruit GFX Library @ 1.12.1 (License: Unknown, Path: E:\!MyDocs\PlatformIO\Projects\DelugeScreenPio\.pio\libdeps\adafruit_feather_usb_host\Adafruit GFX Library)
|   |   |-- Adafruit BusIO @ 1.17.1 (License: Unknown, Path: E:\!MyDocs\PlatformIO\Projects\DelugeScreenPio\.pio\libdeps\adafruit_feather_usb_host\Adafruit BusIO)
|   |   |   |-- Wire @ 1.0 (License: Unknown, Path: C:\Users\MacGuffin_\.platformio\packages\framework-arduinopico\libraries\Wire)
|   |   |   |   |-- Adafruit TinyUSB Library @ 3.4.4 (License: Unknown, Path: E:\!MyDocs\PlatformIO\Projects\DelugeScreenPio\.pio\libdeps\adafruit_feather_usb_host\Adafruit TinyUSB Library)
|   |   |   |   |   |-- SPI @ 1.0 (License: Unknown, Path: C:\Users\MacGuffin_\.platformio\packages\framework-arduinopico\libraries\SPI)
|   |   |   |   |   |-- SdFat - Adafruit Fork @ 2.2.54 (License: MIT, Path: E:\!MyDocs\PlatformIO\Projects\DelugeScreenPio\.pio\libdeps\adafruit_feather_usb_host\SdFat - Adafruit Fork)
|   |   |   |   |   |   |-- SPI @ 1.0 (License: Unknown, Path: C:\Users\MacGuffin_\.platformio\packages\framework-arduinopico\libraries\SPI)
|   |   |   |   |   |-- Pico PIO USB @ 0.7.2 (License: Unknown, Path: E:\!MyDocs\PlatformIO\Projects\DelugeScreenPio\.pio\libdeps\adafruit_feather_usb_host\Pico PIO USB)
|   |   |   |-- SPI @ 1.0 (License: Unknown, Path: C:\Users\MacGuffin_\.platformio\packages\framework-arduinopico\libraries\SPI)
|   |   |-- Wire @ 1.0 (License: Unknown, Path: C:\Users\MacGuffin_\.platformio\packages\framework-arduinopico\libraries\Wire)
|   |   |   |-- Adafruit TinyUSB Library @ 3.4.4 (License: Unknown, Path: E:\!MyDocs\PlatformIO\Projects\DelugeScreenPio\.pio\libdeps\adafruit_feather_usb_host\Adafruit TinyUSB Library)
|   |   |   |   |-- SPI @ 1.0 (License: Unknown, Path: C:\Users\MacGuffin_\.platformio\packages\framework-arduinopico\libraries\SPI)
|   |   |   |   |-- SdFat - Adafruit Fork @ 2.2.54 (License: MIT, Path: E:\!MyDocs\PlatformIO\Projects\DelugeScreenPio\.pio\libdeps\adafruit_feather_usb_host\SdFat - Adafruit Fork)
|   |   |   |   |   |-- SPI @ 1.0 (License: Unknown, Path: C:\Users\MacGuffin_\.platformio\packages\framework-arduinopico\libraries\SPI)
|   |   |   |   |-- Pico PIO USB @ 0.7.2 (License: Unknown, Path: E:\!MyDocs\PlatformIO\Projects\DelugeScreenPio\.pio\libdeps\adafruit_feather_usb_host\Pico PIO USB)
|   |   |-- SPI @ 1.0 (License: Unknown, Path: C:\Users\MacGuffin_\.platformio\packages\framework-arduinopico\libraries\SPI)
|   |-- Adafruit BusIO @ 1.17.1 (License: Unknown, Path: E:\!MyDocs\PlatformIO\Projects\DelugeScreenPio\.pio\libdeps\adafruit_feather_usb_host\Adafruit BusIO)
|   |   |-- Wire @ 1.0 (License: Unknown, Path: C:\Users\MacGuffin_\.platformio\packages\framework-arduinopico\libraries\Wire)
|   |   |   |-- Adafruit TinyUSB Library @ 3.4.4 (License: Unknown, Path: E:\!MyDocs\PlatformIO\Projects\DelugeScreenPio\.pio\libdeps\adafruit_feather_usb_host\Adafruit TinyUSB Library)
|   |   |   |   |-- SPI @ 1.0 (License: Unknown, Path: C:\Users\MacGuffin_\.platformio\packages\framework-arduinopico\libraries\SPI)
|   |   |   |   |-- SdFat - Adafruit Fork @ 2.2.54 (License: MIT, Path: E:\!MyDocs\PlatformIO\Projects\DelugeScreenPio\.pio\libdeps\adafruit_feather_usb_host\SdFat - Adafruit Fork)
|   |   |   |   |   |-- SPI @ 1.0 (License: Unknown, Path: C:\Users\MacGuffin_\.platformio\packages\framework-arduinopico\libraries\SPI)
|   |   |   |   |-- Pico PIO USB @ 0.7.2 (License: Unknown, Path: E:\!MyDocs\PlatformIO\Projects\DelugeScreenPio\.pio\libdeps\adafruit_feather_usb_host\Pico PIO USB)
|   |   |-- SPI @ 1.0 (License: Unknown, Path: C:\Users\MacGuffin_\.platformio\packages\framework-arduinopico\libraries\SPI)
|   |-- Wire @ 1.0 (License: Unknown, Path: C:\Users\MacGuffin_\.platformio\packages\framework-arduinopico\libraries\Wire)
|   |   |-- Adafruit TinyUSB Library @ 3.4.4 (License: Unknown, Path: E:\!MyDocs\PlatformIO\Projects\DelugeScreenPio\.pio\libdeps\adafruit_feather_usb_host\Adafruit TinyUSB Library)
|   |   |   |-- SPI @ 1.0 (License: Unknown, Path: C:\Users\MacGuffin_\.platformio\packages\framework-arduinopico\libraries\SPI)
|   |   |   |-- SdFat - Adafruit Fork @ 2.2.54 (License: MIT, Path: E:\!MyDocs\PlatformIO\Projects\DelugeScreenPio\.pio\libdeps\adafruit_feather_usb_host\SdFat - Adafruit Fork)
|   |   |   |   |-- SPI @ 1.0 (License: Unknown, Path: C:\Users\MacGuffin_\.platformio\packages\framework-arduinopico\libraries\SPI)
|   |   |   |-- Pico PIO USB @ 0.7.2 (License: Unknown, Path: E:\!MyDocs\PlatformIO\Projects\DelugeScreenPio\.pio\libdeps\adafruit_feather_usb_host\Pico PIO USB)
|   |-- SPI @ 1.0 (License: Unknown, Path: C:\Users\MacGuffin_\.platformio\packages\framework-arduinopico\libraries\SPI)
|-- Adafruit TinyUSB Library @ 3.4.4 (License: Unknown, Path: E:\!MyDocs\PlatformIO\Projects\DelugeScreenPio\.pio\libdeps\adafruit_feather_usb_host\Adafruit TinyUSB Library)
|   |-- SPI @ 1.0 (License: Unknown, Path: C:\Users\MacGuffin_\.platformio\packages\framework-arduinopico\libraries\SPI)
|   |-- SdFat - Adafruit Fork @ 2.2.54 (License: MIT, Path: E:\!MyDocs\PlatformIO\Projects\DelugeScreenPio\.pio\libdeps\adafruit_feather_usb_host\SdFat - Adafruit Fork)
|   |   |-- SPI @ 1.0 (License: Unknown, Path: C:\Users\MacGuffin_\.platformio\packages\framework-arduinopico\libraries\SPI)
|   |-- Pico PIO USB @ 0.7.2 (License: Unknown, Path: E:\!MyDocs\PlatformIO\Projects\DelugeScreenPio\.pio\libdeps\adafruit_feather_usb_host\Pico PIO USB)
|-- Bounce2 @ 2.72.0 (License: Unknown, Path: E:\!MyDocs\PlatformIO\Projects\DelugeScreenPio\.pio\libdeps\adafruit_feather_usb_host\Bounce2)
|-- EZ_USB_MIDI_HOST @ 2.2.0 (License: Unknown, Path: E:\!MyDocs\PlatformIO\Projects\DelugeScreenPio\.pio\libdeps\adafruit_feather_usb_host\EZ_USB_MIDI_HOST)
|   |-- MIDI Library @ 5.0.2 (License: MIT, Path: E:\!MyDocs\PlatformIO\Projects\DelugeScreenPio\.pio\libdeps\adafruit_feather_usb_host\MIDI Library)
|   |-- Adafruit TinyUSB Library @ 3.4.4 (License: Unknown, Path: E:\!MyDocs\PlatformIO\Projects\DelugeScreenPio\.pio\libdeps\adafruit_feather_usb_host\Adafruit TinyUSB Library)
|   |   |-- SPI @ 1.0 (License: Unknown, Path: C:\Users\MacGuffin_\.platformio\packages\framework-arduinopico\libraries\SPI)
|   |   |-- SdFat - Adafruit Fork @ 2.2.54 (License: MIT, Path: E:\!MyDocs\PlatformIO\Projects\DelugeScreenPio\.pio\libdeps\adafruit_feather_usb_host\SdFat - Adafruit Fork)
|   |   |   |-- SPI @ 1.0 (License: Unknown, Path: C:\Users\MacGuffin_\.platformio\packages\framework-arduinopico\libraries\SPI)
|   |   |-- Pico PIO USB @ 0.7.2 (License: Unknown, Path: E:\!MyDocs\PlatformIO\Projects\DelugeScreenPio\.pio\libdeps\adafruit_feather_usb_host\Pico PIO USB)
|   |-- usb_midi_host @ 1.1.6 (License: Unknown, Path: E:\!MyDocs\PlatformIO\Projects\DelugeScreenPio\.pio\libdeps\adafruit_feather_usb_host\usb_midi_host)
|   |   |-- Adafruit TinyUSB Library @ 3.4.4 (License: Unknown, Path: E:\!MyDocs\PlatformIO\Projects\DelugeScreenPio\.pio\libdeps\adafruit_feather_usb_host\Adafruit TinyUSB Library)
|   |   |   |-- SPI @ 1.0 (License: Unknown, Path: C:\Users\MacGuffin_\.platformio\packages\framework-arduinopico\libraries\SPI)
|   |   |   |-- SdFat - Adafruit Fork @ 2.2.54 (License: MIT, Path: E:\!MyDocs\PlatformIO\Projects\DelugeScreenPio\.pio\libdeps\adafruit_feather_usb_host\SdFat - Adafruit Fork)
|   |   |   |   |-- SPI @ 1.0 (License: Unknown, Path: C:\Users\MacGuffin_\.platformio\packages\framework-arduinopico\libraries\SPI)
|   |   |   |-- Pico PIO USB @ 0.7.2 (License: Unknown, Path: E:\!MyDocs\PlatformIO\Projects\DelugeScreenPio\.pio\libdeps\adafruit_feather_usb_host\Pico PIO USB)
|-- usb_midi_host @ 1.1.6 (License: Unknown, Path: E:\!MyDocs\PlatformIO\Projects\DelugeScreenPio\.pio\libdeps\adafruit_feather_usb_host\usb_midi_host)
|   |-- Adafruit TinyUSB Library @ 3.4.4 (License: Unknown, Path: E:\!MyDocs\PlatformIO\Projects\DelugeScreenPio\.pio\libdeps\adafruit_feather_usb_host\Adafruit TinyUSB Library)
|   |   |-- SPI @ 1.0 (License: Unknown, Path: C:\Users\MacGuffin_\.platformio\packages\framework-arduinopico\libraries\SPI)
|   |   |-- SdFat - Adafruit Fork @ 2.2.54 (License: MIT, Path: E:\!MyDocs\PlatformIO\Projects\DelugeScreenPio\.pio\libdeps\adafruit_feather_usb_host\SdFat - Adafruit Fork)
|   |   |   |-- SPI @ 1.0 (License: Unknown, Path: C:\Users\MacGuffin_\.platformio\packages\framework-arduinopico\libraries\SPI)
|   |   |-- Pico PIO USB @ 0.7.2 (License: Unknown, Path: E:\!MyDocs\PlatformIO\Projects\DelugeScreenPio\.pio\libdeps\adafruit_feather_usb_host\Pico PIO USB)
|-- Pico PIO USB @ 0.7.2 (License: Unknown, Path: E:\!MyDocs\PlatformIO\Projects\DelugeScreenPio\.pio\libdeps\adafruit_feather_usb_host\Pico PIO USB)
|-- SPI @ 1.0 (License: Unknown, Path: C:\Users\MacGuffin_\.platformio\packages\framework-arduinopico\libraries\SPI)
Building in release mode
arm-none-eabi-gcc -iprefixC:\Users\MacGuffin_\.platformio\packages\framework-arduinopico @C:\Users\MacGuffin_\.platformio\packages\framework-arduinopico\lib\rp2040\platform_inc.txt @C:\Users\MacGuffin_\.platformio\packages\framework-arduinopico\lib\core_inc.txt -march=armv6-m -mcpu=cortex-m0plus -mthumb -I C:\Users\MacGuffin_\.platformio\packages\framework-arduinopico\pico-sdk\src\rp2040\hardware_regs\include -I C:\Users\MacGuffin_\.platformio\packages\framework-arduinopico\pico-sdk\src\common\pico_binary_info\include -DPLATFORMIO=60118 -DARDUINO_ADAFRUIT_FEATHER_RP2040_USB_HOST -DARDUINO_ARCH_RP2040 -DUSBD_MAX_POWER_MA=250 -DUSE_TINYUSB -DUSE_TINYUSB_HOST -DSH110X_NO_SPLASH -DARDUINO=10810 -DARDUINO_ARCH_RP2040 -DF_CPU=133000000L -DBOARD_NAME=\"adafruit_feather_usb_host\" -DARM_MATH_CM0_FAMILY -DARM_MATH_CM0_PLUS -DTARGET_RP2040 -DPICO_RP2040=1 -DPICO_FLASH_SIZE_BYTES=8388608 -DFILE_COPY_CONSTRUCTOR_SELECT=FILE_COPY_CONSTRUCTOR_PUBLIC -DUSE_UTF8_LONG_NAMES=1 -DDISABLE_FS_H_WARNING=1 -DCFG_TUSB_MCU=OPT_MCU_RP2040 -DUSB_VID=0x239A -DUSB_PID=0x8129 -DUSBD_VID=0x239A -DUSBD_PID=0x8129 -DUSB_MANUFACTURER=\"Adafruit\" "-DUSB_PRODUCT=\"Feather RP2040 USB Host\"" -DPICO_CYW43_ARCH_THREADSAFE_BACKGROUND=1 -DCYW43_LWIP=1 -DCYW43_PIO_CLOCK_DIV_DYNAMIC=1 -DLWIP_IPV4=1 -DLWIP_IGMP=1 -DLWIP_CHECKSUM_CTRL_PER_NETIF=1 -DLWIP_IPV6=0 -DARDUINO_VARIANT=\"adafruit_feather_usb_host\" -IC:\Users\MacGuffin_\.platformio\packages\framework-arduinopico\cores\rp2040 -IC:\Users\MacGuffin_\.platformio\packages\framework-arduinopico\cores\rp2040\api\deprecated -IC:\Users\MacGuffin_\.platformio\packages\framework-arduinopico\cores\rp2040\api\deprecated-avr-comp -IC:\Users\MacGuffin_\.platformio\packages\framework-arduinopico\libraries\Adafruit_TinyUSB_Arduino\src\arduino -IC:\Users\MacGuffin_\.platformio\packages\framework-arduinopico\include -IC:\Users\MacGuffin_\.platformio\packages\framework-arduinopico\variants\adafruit_feather_usb_host -c -o .pio\build\adafruit_feather_usb_host\FrameworkArduinoBootloader\boot2_w25q080_2_padded_checksum.S.o C:\Users\MacGuffin_\.platformio\packages\framework-arduinopico\boot2\rp2040\boot2_w25q080_2_padded_checksum.S
arm-none-eabi-g++ -o .pio\build\adafruit_feather_usb_host\lib20b\SPI\SPI.cpp.o -c -fno-exceptions -fno-rtti -std=gnu++17 -Os -Werror=return-type -Wno-psabi -ffunction-sections -fdata-sections -march=armv6-m -mcpu=cortex-m0plus -mthumb -iprefixC:\Users\MacGuffin_\.platformio\packages\framework-arduinopico @C:\Users\MacGuffin_\.platformio\packages\framework-arduinopico\lib\rp2040\platform_inc.txt @C:\Users\MacGuffin_\.platformio\packages\framework-arduinopico\lib\core_inc.txt -DPLATFORMIO=60118 -DARDUINO_ADAFRUIT_FEATHER_RP2040_USB_HOST -DARDUINO_ARCH_RP2040 -DUSBD_MAX_POWER_MA=250 -DUSE_TINYUSB -DUSE_TINYUSB_HOST -DSH110X_NO_SPLASH -DARDUINO=10810 -DARDUINO_ARCH_RP2040 -DF_CPU=133000000L -DBOARD_NAME=\"adafruit_feather_usb_host\" -DARM_MATH_CM0_FAMILY -DARM_MATH_CM0_PLUS -DTARGET_RP2040 -DPICO_RP2040=1 -DPICO_FLASH_SIZE_BYTES=8388608 -DFILE_COPY_CONSTRUCTOR_SELECT=FILE_COPY_CONSTRUCTOR_PUBLIC -DUSE_UTF8_LONG_NAMES=1 -DDISABLE_FS_H_WARNING=1 -DCFG_TUSB_MCU=OPT_MCU_RP2040 -DUSB_VID=0x239A -DUSB_PID=0x8129 -DUSBD_VID=0x239A -DUSBD_PID=0x8129 -DUSB_MANUFACTURER=\"Adafruit\" "-DUSB_PRODUCT=\"Feather RP2040 USB Host\"" -DPICO_CYW43_ARCH_THREADSAFE_BACKGROUND=1 -DCYW43_LWIP=1 -DCYW43_PIO_CLOCK_DIV_DYNAMIC=1 -DLWIP_IPV4=1 -DLWIP_IGMP=1 -DLWIP_CHECKSUM_CTRL_PER_NETIF=1 -DLWIP_IPV6=0 -DARDUINO_VARIANT=\"adafruit_feather_usb_host\" -IC:\Users\MacGuffin_\.platformio\packages\framework-arduinopico\libraries\SPI\src "-I.pio\libdeps\adafruit_feather_usb_host\Adafruit TinyUSB Library\src" -IC:\Users\MacGuffin_\.platformio\packages\framework-arduinopico\cores\rp2040 -IC:\Users\MacGuffin_\.platformio\packages\framework-arduinopico\cores\rp2040\api\deprecated -IC:\Users\MacGuffin_\.platformio\packages\framework-arduinopico\cores\rp2040\api\deprecated-avr-comp -IC:\Users\MacGuffin_\.platformio\packages\framework-arduinopico\libraries\Adafruit_TinyUSB_Arduino\src\arduino -IC:\Users\MacGuffin_\.platformio\packages\framework-arduinopico\include -IC:\Users\MacGuffin_\.platformio\packages\framework-arduinopico\variants\adafruit_feather_usb_host C:\Users\MacGuffin_\.platformio\packages\framework-arduinopico\libraries\SPI\src\SPI.cpp
arm-none-eabi-g++ -o ".pio\build\adafruit_feather_usb_host\lib6ac\SdFat - Adafruit Fork\ExFatLib\ExFatDbg.cpp.o" -c -fno-exceptions -fno-rtti -std=gnu++17 -Os -Werror=return-type -Wno-psabi -ffunction-sections -fdata-sections -march=armv6-m -mcpu=cortex-m0plus -mthumb -iprefixC:\Users\MacGuffin_\.platformio\packages\framework-arduinopico @C:\Users\MacGuffin_\.platformio\packages\framework-arduinopico\lib\rp2040\platform_inc.txt @C:\Users\MacGuffin_\.platformio\packages\framework-arduinopico\lib\core_inc.txt -DPLATFORMIO=60118 -DARDUINO_ADAFRUIT_FEATHER_RP2040_USB_HOST -DARDUINO_ARCH_RP2040 -DUSBD_MAX_POWER_MA=250 -DUSE_TINYUSB -DUSE_TINYUSB_HOST -DSH110X_NO_SPLASH -DARDUINO=10810 -DARDUINO_ARCH_RP2040 -DF_CPU=133000000L -DBOARD_NAME=\"adafruit_feather_usb_host\" -DARM_MATH_CM0_FAMILY -DARM_MATH_CM0_PLUS -DTARGET_RP2040 -DPICO_RP2040=1 -DPICO_FLASH_SIZE_BYTES=8388608 -DFILE_COPY_CONSTRUCTOR_SELECT=FILE_COPY_CONSTRUCTOR_PUBLIC -DUSE_UTF8_LONG_NAMES=1 -DDISABLE_FS_H_WARNING=1 -DCFG_TUSB_MCU=OPT_MCU_RP2040 -DUSB_VID=0x239A -DUSB_PID=0x8129 -DUSBD_VID=0x239A -DUSBD_PID=0x8129 -DUSB_MANUFACTURER=\"Adafruit\" "-DUSB_PRODUCT=\"Feather RP2040 USB Host\"" -DPICO_CYW43_ARCH_THREADSAFE_BACKGROUND=1 -DCYW43_LWIP=1 -DCYW43_PIO_CLOCK_DIV_DYNAMIC=1 -DLWIP_IPV4=1 -DLWIP_IGMP=1 -DLWIP_CHECKSUM_CTRL_PER_NETIF=1 -DLWIP_IPV6=0 -DARDUINO_VARIANT=\"adafruit_feather_usb_host\" "-I.pio\libdeps\adafruit_feather_usb_host\SdFat - Adafruit Fork\src" -IC:\Users\MacGuffin_\.platformio\packages\framework-arduinopico\libraries\SPI\src "-I.pio\libdeps\adafruit_feather_usb_host\Adafruit TinyUSB Library\src" -IC:\Users\MacGuffin_\.platformio\packages\framework-arduinopico\cores\rp2040 -IC:\Users\MacGuffin_\.platformio\packages\framework-arduinopico\cores\rp2040\api\deprecated -IC:\Users\MacGuffin_\.platformio\packages\framework-arduinopico\cores\rp2040\api\deprecated-avr-comp -IC:\Users\MacGuffin_\.platformio\packages\framework-arduinopico\libraries\Adafruit_TinyUSB_Arduino\src\arduino -IC:\Users\MacGuffin_\.platformio\packages\framework-arduinopico\include -IC:\Users\MacGuffin_\.platformio\packages\framework-arduinopico\variants\adafruit_feather_usb_host ".pio\libdeps\adafruit_feather_usb_host\SdFat - Adafruit Fork\src\ExFatLib\ExFatDbg.cpp"
arm-none-eabi-g++ -o ".pio\build\adafruit_feather_usb_host\lib6ac\SdFat - Adafruit Fork\ExFatLib\ExFatFile.cpp.o" -c -fno-exceptions -fno-rtti -std=gnu++17 -Os -Werror=return-type -Wno-psabi -ffunction-sections -fdata-sections -march=armv6-m -mcpu=cortex-m0plus -mthumb -iprefixC:\Users\MacGuffin_\.platformio\packages\framework-arduinopico @C:\Users\MacGuffin_\.platformio\packages\framework-arduinopico\lib\rp2040\platform_inc.txt @C:\Users\MacGuffin_\.platformio\packages\framework-arduinopico\lib\core_inc.txt -DPLATFORMIO=60118 -DARDUINO_ADAFRUIT_FEATHER_RP2040_USB_HOST -DARDUINO_ARCH_RP2040 -DUSBD_MAX_POWER_MA=250 -DUSE_TINYUSB -DUSE_TINYUSB_HOST -DSH110X_NO_SPLASH -DARDUINO=10810 -DARDUINO_ARCH_RP2040 -DF_CPU=133000000L -DBOARD_NAME=\"adafruit_feather_usb_host\" -DARM_MATH_CM0_FAMILY -DARM_MATH_CM0_PLUS -DTARGET_RP2040 -DPICO_RP2040=1 -DPICO_FLASH_SIZE_BYTES=8388608 -DFILE_COPY_CONSTRUCTOR_SELECT=FILE_COPY_CONSTRUCTOR_PUBLIC -DUSE_UTF8_LONG_NAMES=1 -DDISABLE_FS_H_WARNING=1 -DCFG_TUSB_MCU=OPT_MCU_RP2040 -DUSB_VID=0x239A -DUSB_PID=0x8129 -DUSBD_VID=0x239A -DUSBD_PID=0x8129 -DUSB_MANUFACTURER=\"Adafruit\" "-DUSB_PRODUCT=\"Feather RP2040 USB Host\"" -DPICO_CYW43_ARCH_THREADSAFE_BACKGROUND=1 -DCYW43_LWIP=1 -DCYW43_PIO_CLOCK_DIV_DYNAMIC=1 -DLWIP_IPV4=1 -DLWIP_IGMP=1 -DLWIP_CHECKSUM_CTRL_PER_NETIF=1 -DLWIP_IPV6=0 -DARDUINO_VARIANT=\"adafruit_feather_usb_host\" "-I.pio\libdeps\adafruit_feather_usb_host\SdFat - Adafruit Fork\src" -IC:\Users\MacGuffin_\.platformio\packages\framework-arduinopico\libraries\SPI\src "-I.pio\libdeps\adafruit_feather_usb_host\Adafruit TinyUSB Library\src" -IC:\Users\MacGuffin_\.platformio\packages\framework-arduinopico\cores\rp2040 -IC:\Users\MacGuffin_\.platformio\packages\framework-arduinopico\cores\rp2040\api\deprecated -IC:\Users\MacGuffin_\.platformio\packages\framework-arduinopico\cores\rp2040\api\deprecated-avr-comp -IC:\Users\MacGuffin_\.platformio\packages\framework-arduinopico\libraries\Adafruit_TinyUSB_Arduino\src\arduino -IC:\Users\MacGuffin_\.platformio\packages\framework-arduinopico\include -IC:\Users\MacGuffin_\.platformio\packages\framework-arduinopico\variants\adafruit_feather_usb_host ".pio\libdeps\adafruit_feather_usb_host\SdFat - Adafruit Fork\src\ExFatLib\ExFatFile.cpp"
arm-none-eabi-g++ -o ".pio\build\adafruit_feather_usb_host\lib6ac\SdFat - Adafruit Fork\ExFatLib\ExFatFilePrint.cpp.o" -c -fno-exceptions -fno-rtti -std=gnu++17 -Os -Werror=return-type -Wno-psabi -ffunction-sections -fdata-sections -march=armv6-m -mcpu=cortex-m0plus -mthumb -iprefixC:\Users\MacGuffin_\.platformio\packages\framework-arduinopico @C:\Users\MacGuffin_\.platformio\packages\framework-arduinopico\lib\rp2040\platform_inc.txt @C:\Users\MacGuffin_\.platformio\packages\framework-arduinopico\lib\core_inc.txt -DPLATFORMIO=60118 -DARDUINO_ADAFRUIT_FEATHER_RP2040_USB_HOST -DARDUINO_ARCH_RP2040 -DUSBD_MAX_POWER_MA=250 -DUSE_TINYUSB -DUSE_TINYUSB_HOST -DSH110X_NO_SPLASH -DARDUINO=10810 -DARDUINO_ARCH_RP2040 -DF_CPU=133000000L -DBOARD_NAME=\"adafruit_feather_usb_host\" -DARM_MATH_CM0_FAMILY -DARM_MATH_CM0_PLUS -DTARGET_RP2040 -DPICO_RP2040=1 -DPICO_FLASH_SIZE_BYTES=8388608 -DFILE_COPY_CONSTRUCTOR_SELECT=FILE_COPY_CONSTRUCTOR_PUBLIC -DUSE_UTF8_LONG_NAMES=1 -DDISABLE_FS_H_WARNING=1 -DCFG_TUSB_MCU=OPT_MCU_RP2040 -DUSB_VID=0x239A -DUSB_PID=0x8129 -DUSBD_VID=0x239A -DUSBD_PID=0x8129 -DUSB_MANUFACTURER=\"Adafruit\" "-DUSB_PRODUCT=\"Feather RP2040 USB Host\"" -DPICO_CYW43_ARCH_THREADSAFE_BACKGROUND=1 -DCYW43_LWIP=1 -DCYW43_PIO_CLOCK_DIV_DYNAMIC=1 -DLWIP_IPV4=1 -DLWIP_IGMP=1 -DLWIP_CHECKSUM_CTRL_PER_NETIF=1 -DLWIP_IPV6=0 -DARDUINO_VARIANT=\"adafruit_feather_usb_host\" "-I.pio\libdeps\adafruit_feather_usb_host\SdFat - Adafruit Fork\src" -IC:\Users\MacGuffin_\.platformio\packages\framework-arduinopico\libraries\SPI\src "-I.pio\libdeps\adafruit_feather_usb_host\Adafruit TinyUSB Library\src" -IC:\Users\MacGuffin_\.platformio\packages\framework-arduinopico\cores\rp2040 -IC:\Users\MacGuffin_\.platformio\packages\framework-arduinopico\cores\rp2040\api\deprecated -IC:\Users\MacGuffin_\.platformio\packages\framework-arduinopico\cores\rp2040\api\deprecated-avr-comp -IC:\Users\MacGuffin_\.platformio\packages\framework-arduinopico\libraries\Adafruit_TinyUSB_Arduino\src\arduino -IC:\Users\MacGuffin_\.platformio\packages\framework-arduinopico\include -IC:\Users\MacGuffin_\.platformio\packages\framework-arduinopico\variants\adafruit_feather_usb_host ".pio\libdeps\adafruit_feather_usb_host\SdFat - Adafruit Fork\src\ExFatLib\ExFatFilePrint.cpp"
arm-none-eabi-g++ -o ".pio\build\adafruit_feather_usb_host\lib6ac\SdFat - Adafruit Fork\ExFatLib\ExFatFileWrite.cpp.o" -c -fno-exceptions -fno-rtti -std=gnu++17 -Os -Werror=return-type -Wno-psabi -ffunction-sections -fdata-sections -march=armv6-m -mcpu=cortex-m0plus -mthumb -iprefixC:\Users\MacGuffin_\.platformio\packages\framework-arduinopico @C:\Users\MacGuffin_\.platformio\packages\framework-arduinopico\lib\rp2040\platform_inc.txt @C:\Users\MacGuffin_\.platformio\packages\framework-arduinopico\lib\core_inc.txt -DPLATFORMIO=60118 -DARDUINO_ADAFRUIT_FEATHER_RP2040_USB_HOST -DARDUINO_ARCH_RP2040 -DUSBD_MAX_POWER_MA=250 -DUSE_TINYUSB -DUSE_TINYUSB_HOST -DSH110X_NO_SPLASH -DARDUINO=10810 -DARDUINO_ARCH_RP2040 -DF_CPU=133000000L -DBOARD_NAME=\"adafruit_feather_usb_host\" -DARM_MATH_CM0_FAMILY -DARM_MATH_CM0_PLUS -DTARGET_RP2040 -DPICO_RP2040=1 -DPICO_FLASH_SIZE_BYTES=8388608 -DFILE_COPY_CONSTRUCTOR_SELECT=FILE_COPY_CONSTRUCTOR_PUBLIC -DUSE_UTF8_LONG_NAMES=1 -DDISABLE_FS_H_WARNING=1 -DCFG_TUSB_MCU=OPT_MCU_RP2040 -DUSB_VID=0x239A -DUSB_PID=0x8129 -DUSBD_VID=0x239A -DUSBD_PID=0x8129 -DUSB_MANUFACTURER=\"Adafruit\" "-DUSB_PRODUCT=\"Feather RP2040 USB Host\"" -DPICO_CYW43_ARCH_THREADSAFE_BACKGROUND=1 -DCYW43_LWIP=1 -DCYW43_PIO_CLOCK_DIV_DYNAMIC=1 -DLWIP_IPV4=1 -DLWIP_IGMP=1 -DLWIP_CHECKSUM_CTRL_PER_NETIF=1 -DLWIP_IPV6=0 -DARDUINO_VARIANT=\"adafruit_feather_usb_host\" "-I.pio\libdeps\adafruit_feather_usb_host\SdFat - Adafruit Fork\src" -IC:\Users\MacGuffin_\.platformio\packages\framework-arduinopico\libraries\SPI\src "-I.pio\libdeps\adafruit_feather_usb_host\Adafruit TinyUSB Library\src" -IC:\Users\MacGuffin_\.platformio\packages\framework-arduinopico\cores\rp2040 -IC:\Users\MacGuffin_\.platformio\packages\framework-arduinopico\cores\rp2040\api\deprecated -IC:\Users\MacGuffin_\.platformio\packages\framework-arduinopico\cores\rp2040\api\deprecated-avr-comp -IC:\Users\MacGuffin_\.platformio\packages\framework-arduinopico\libraries\Adafruit_TinyUSB_Arduino\src\arduino -IC:\Users\MacGuffin_\.platformio\packages\framework-arduinopico\include -IC:\Users\MacGuffin_\.platformio\packages\framework-arduinopico\variants\adafruit_feather_usb_host ".pio\libdeps\adafruit_feather_usb_host\SdFat - Adafruit Fork\src\ExFatLib\ExFatFileWrite.cpp"
arm-none-eabi-g++ -o ".pio\build\adafruit_feather_usb_host\lib6ac\SdFat - Adafruit Fork\ExFatLib\ExFatFormatter.cpp.o" -c -fno-exceptions -fno-rtti -std=gnu++17 -Os -Werror=return-type -Wno-psabi -ffunction-sections -fdata-sections -march=armv6-m -mcpu=cortex-m0plus -mthumb -iprefixC:\Users\MacGuffin_\.platformio\packages\framework-arduinopico @C:\Users\MacGuffin_\.platformio\packages\framework-arduinopico\lib\rp2040\platform_inc.txt @C:\Users\MacGuffin_\.platformio\packages\framework-arduinopico\lib\core_inc.txt -DPLATFORMIO=60118 -DARDUINO_ADAFRUIT_FEATHER_RP2040_USB_HOST -DARDUINO_ARCH_RP2040 -DUSBD_MAX_POWER_MA=250 -DUSE_TINYUSB -DUSE_TINYUSB_HOST -DSH110X_NO_SPLASH -DARDUINO=10810 -DARDUINO_ARCH_RP2040 -DF_CPU=133000000L -DBOARD_NAME=\"adafruit_feather_usb_host\" -DARM_MATH_CM0_FAMILY -DARM_MATH_CM0_PLUS -DTARGET_RP2040 -DPICO_RP2040=1 -DPICO_FLASH_SIZE_BYTES=8388608 -DFILE_COPY_CONSTRUCTOR_SELECT=FILE_COPY_CONSTRUCTOR_PUBLIC -DUSE_UTF8_LONG_NAMES=1 -DDISABLE_FS_H_WARNING=1 -DCFG_TUSB_MCU=OPT_MCU_RP2040 -DUSB_VID=0x239A -DUSB_PID=0x8129 -DUSBD_VID=0x239A -DUSBD_PID=0x8129 -DUSB_MANUFACTURER=\"Adafruit\" "-DUSB_PRODUCT=\"Feather RP2040 USB Host\"" -DPICO_CYW43_ARCH_THREADSAFE_BACKGROUND=1 -DCYW43_LWIP=1 -DCYW43_PIO_CLOCK_DIV_DYNAMIC=1 -DLWIP_IPV4=1 -DLWIP_IGMP=1 -DLWIP_CHECKSUM_CTRL_PER_NETIF=1 -DLWIP_IPV6=0 -DARDUINO_VARIANT=\"adafruit_feather_usb_host\" "-I.pio\libdeps\adafruit_feather_usb_host\SdFat - Adafruit Fork\src" -IC:\Users\MacGuffin_\.platformio\packages\framework-arduinopico\libraries\SPI\src "-I.pio\libdeps\adafruit_feather_usb_host\Adafruit TinyUSB Library\src" -IC:\Users\MacGuffin_\.platformio\packages\framework-arduinopico\cores\rp2040 -IC:\Users\MacGuffin_\.platformio\packages\framework-arduinopico\cores\rp2040\api\deprecated -IC:\Users\MacGuffin_\.platformio\packages\framework-arduinopico\cores\rp2040\api\deprecated-avr-comp -IC:\Users\MacGuffin_\.platformio\packages\framework-arduinopico\libraries\Adafruit_TinyUSB_Arduino\src\arduino -IC:\Users\MacGuffin_\.platformio\packages\framework-arduinopico\include -IC:\Users\MacGuffin_\.platformio\packages\framework-arduinopico\variants\adafruit_feather_usb_host ".pio\libdeps\adafruit_feather_usb_host\SdFat - Adafruit Fork\src\ExFatLib\ExFatFormatter.cpp"
arm-none-eabi-g++ -o ".pio\build\adafruit_feather_usb_host\lib6ac\SdFat - Adafruit Fork\ExFatLib\ExFatName.cpp.o" -c -fno-exceptions -fno-rtti -std=gnu++17 -Os -Werror=return-type -Wno-psabi -ffunction-sections -fdata-sections -march=armv6-m -mcpu=cortex-m0plus -mthumb -iprefixC:\Users\MacGuffin_\.platformio\packages\framework-arduinopico @C:\Users\MacGuffin_\.platformio\packages\framework-arduinopico\lib\rp2040\platform_inc.txt @C:\Users\MacGuffin_\.platformio\packages\framework-arduinopico\lib\core_inc.txt -DPLATFORMIO=60118 -DARDUINO_ADAFRUIT_FEATHER_RP2040_USB_HOST -DARDUINO_ARCH_RP2040 -DUSBD_MAX_POWER_MA=250 -DUSE_TINYUSB -DUSE_TINYUSB_HOST -DSH110X_NO_SPLASH -DARDUINO=10810 -DARDUINO_ARCH_RP2040 -DF_CPU=133000000L -DBOARD_NAME=\"adafruit_feather_usb_host\" -DARM_MATH_CM0_FAMILY -DARM_MATH_CM0_PLUS -DTARGET_RP2040 -DPICO_RP2040=1 -DPICO_FLASH_SIZE_BYTES=8388608 -DFILE_COPY_CONSTRUCTOR_SELECT=FILE_COPY_CONSTRUCTOR_PUBLIC -DUSE_UTF8_LONG_NAMES=1 -DDISABLE_FS_H_WARNING=1 -DCFG_TUSB_MCU=OPT_MCU_RP2040 -DUSB_VID=0x239A -DUSB_PID=0x8129 -DUSBD_VID=0x239A -DUSBD_PID=0x8129 -DUSB_MANUFACTURER=\"Adafruit\" "-DUSB_PRODUCT=\"Feather RP2040 USB Host\"" -DPICO_CYW43_ARCH_THREADSAFE_BACKGROUND=1 -DCYW43_LWIP=1 -DCYW43_PIO_CLOCK_DIV_DYNAMIC=1 -DLWIP_IPV4=1 -DLWIP_IGMP=1 -DLWIP_CHECKSUM_CTRL_PER_NETIF=1 -DLWIP_IPV6=0 -DARDUINO_VARIANT=\"adafruit_feather_usb_host\" "-I.pio\libdeps\adafruit_feather_usb_host\SdFat - Adafruit Fork\src" -IC:\Users\MacGuffin_\.platformio\packages\framework-arduinopico\libraries\SPI\src "-I.pio\libdeps\adafruit_feather_usb_host\Adafruit TinyUSB Library\src" -IC:\Users\MacGuffin_\.platformio\packages\framework-arduinopico\cores\rp2040 -IC:\Users\MacGuffin_\.platformio\packages\framework-arduinopico\cores\rp2040\api\deprecated -IC:\Users\MacGuffin_\.platformio\packages\framework-arduinopico\cores\rp2040\api\deprecated-avr-comp -IC:\Users\MacGuffin_\.platformio\packages\framework-arduinopico\libraries\Adafruit_TinyUSB_Arduino\src\arduino -IC:\Users\MacGuffin_\.platformio\packages\framework-arduinopico\include -IC:\Users\MacGuffin_\.platformio\packages\framework-arduinopico\variants\adafruit_feather_usb_host ".pio\libdeps\adafruit_feather_usb_host\SdFat - Adafruit Fork\src\ExFatLib\ExFatName.cpp"
arm-none-eabi-g++ -o ".pio\build\adafruit_feather_usb_host\lib6ac\SdFat - Adafruit Fork\ExFatLib\ExFatPartition.cpp.o" -c -fno-exceptions -fno-rtti -std=gnu++17 -Os -Werror=return-type -Wno-psabi -ffunction-sections -fdata-sections -march=armv6-m -mcpu=cortex-m0plus -mthumb -iprefixC:\Users\MacGuffin_\.platformio\packages\framework-arduinopico @C:\Users\MacGuffin_\.platformio\packages\framework-arduinopico\lib\rp2040\platform_inc.txt @C:\Users\MacGuffin_\.platformio\packages\framework-arduinopico\lib\core_inc.txt -DPLATFORMIO=60118 -DARDUINO_ADAFRUIT_FEATHER_RP2040_USB_HOST -DARDUINO_ARCH_RP2040 -DUSBD_MAX_POWER_MA=250 -DUSE_TINYUSB -DUSE_TINYUSB_HOST -DSH110X_NO_SPLASH -DARDUINO=10810 -DARDUINO_ARCH_RP2040 -DF_CPU=133000000L -DBOARD_NAME=\"adafruit_feather_usb_host\" -DARM_MATH_CM0_FAMILY -DARM_MATH_CM0_PLUS -DTARGET_RP2040 -DPICO_RP2040=1 -DPICO_FLASH_SIZE_BYTES=8388608 -DFILE_COPY_CONSTRUCTOR_SELECT=FILE_COPY_CONSTRUCTOR_PUBLIC -DUSE_UTF8_LONG_NAMES=1 -DDISABLE_FS_H_WARNING=1 -DCFG_TUSB_MCU=OPT_MCU_RP2040 -DUSB_VID=0x239A -DUSB_PID=0x8129 -DUSBD_VID=0x239A -DUSBD_PID=0x8129 -DUSB_MANUFACTURER=\"Adafruit\" "-DUSB_PRODUCT=\"Feather RP2040 USB Host\"" -DPICO_CYW43_ARCH_THREADSAFE_BACKGROUND=1 -DCYW43_LWIP=1 -DCYW43_PIO_CLOCK_DIV_DYNAMIC=1 -DLWIP_IPV4=1 -DLWIP_IGMP=1 -DLWIP_CHECKSUM_CTRL_PER_NETIF=1 -DLWIP_IPV6=0 -DARDUINO_VARIANT=\"adafruit_feather_usb_host\" "-I.pio\libdeps\adafruit_feather_usb_host\SdFat - Adafruit Fork\src" -IC:\Users\MacGuffin_\.platformio\packages\framework-arduinopico\libraries\SPI\src "-I.pio\libdeps\adafruit_feather_usb_host\Adafruit TinyUSB Library\src" -IC:\Users\MacGuffin_\.platformio\packages\framework-arduinopico\cores\rp2040 -IC:\Users\MacGuffin_\.platformio\packages\framework-arduinopico\cores\rp2040\api\deprecated -IC:\Users\MacGuffin_\.platformio\packages\framework-arduinopico\cores\rp2040\api\deprecated-avr-comp -IC:\Users\MacGuffin_\.platformio\packages\framework-arduinopico\libraries\Adafruit_TinyUSB_Arduino\src\arduino -IC:\Users\MacGuffin_\.platformio\packages\framework-arduinopico\include -IC:\Users\MacGuffin_\.platformio\packages\framework-arduinopico\variants\adafruit_feather_usb_host ".pio\libdeps\adafruit_feather_usb_host\SdFat - Adafruit Fork\src\ExFatLib\ExFatPartition.cpp"
arm-none-eabi-g++ -o ".pio\build\adafruit_feather_usb_host\lib6ac\SdFat - Adafruit Fork\ExFatLib\ExFatVolume.cpp.o" -c -fno-exceptions -fno-rtti -std=gnu++17 -Os -Werror=return-type -Wno-psabi -ffunction-sections -fdata-sections -march=armv6-m -mcpu=cortex-m0plus -mthumb -iprefixC:\Users\MacGuffin_\.platformio\packages\framework-arduinopico @C:\Users\MacGuffin_\.platformio\packages\framework-arduinopico\lib\rp2040\platform_inc.txt @C:\Users\MacGuffin_\.platformio\packages\framework-arduinopico\lib\core_inc.txt -DPLATFORMIO=60118 -DARDUINO_ADAFRUIT_FEATHER_RP2040_USB_HOST -DARDUINO_ARCH_RP2040 -DUSBD_MAX_POWER_MA=250 -DUSE_TINYUSB -DUSE_TINYUSB_HOST -DSH110X_NO_SPLASH -DARDUINO=10810 -DARDUINO_ARCH_RP2040 -DF_CPU=133000000L -DBOARD_NAME=\"adafruit_feather_usb_host\" -DARM_MATH_CM0_FAMILY -DARM_MATH_CM0_PLUS -DTARGET_RP2040 -DPICO_RP2040=1 -DPICO_FLASH_SIZE_BYTES=8388608 -DFILE_COPY_CONSTRUCTOR_SELECT=FILE_COPY_CONSTRUCTOR_PUBLIC -DUSE_UTF8_LONG_NAMES=1 -DDISABLE_FS_H_WARNING=1 -DCFG_TUSB_MCU=OPT_MCU_RP2040 -DUSB_VID=0x239A -DUSB_PID=0x8129 -DUSBD_VID=0x239A -DUSBD_PID=0x8129 -DUSB_MANUFACTURER=\"Adafruit\" "-DUSB_PRODUCT=\"Feather RP2040 USB Host\"" -DPICO_CYW43_ARCH_THREADSAFE_BACKGROUND=1 -DCYW43_LWIP=1 -DCYW43_PIO_CLOCK_DIV_DYNAMIC=1 -DLWIP_IPV4=1 -DLWIP_IGMP=1 -DLWIP_CHECKSUM_CTRL_PER_NETIF=1 -DLWIP_IPV6=0 -DARDUINO_VARIANT=\"adafruit_feather_usb_host\" "-I.pio\libdeps\adafruit_feather_usb_host\SdFat - Adafruit Fork\src" -IC:\Users\MacGuffin_\.platformio\packages\framework-arduinopico\libraries\SPI\src "-I.pio\libdeps\adafruit_feather_usb_host\Adafruit TinyUSB Library\src" -IC:\Users\MacGuffin_\.platformio\packages\framework-arduinopico\cores\rp2040 -IC:\Users\MacGuffin_\.platformio\packages\framework-arduinopico\cores\rp2040\api\deprecated -IC:\Users\MacGuffin_\.platformio\packages\framework-arduinopico\cores\rp2040\api\deprecated-avr-comp -IC:\Users\MacGuffin_\.platformio\packages\framework-arduinopico\libraries\Adafruit_TinyUSB_Arduino\src\arduino -IC:\Users\MacGuffin_\.platformio\packages\framework-arduinopico\include -IC:\Users\MacGuffin_\.platformio\packages\framework-arduinopico\variants\adafruit_feather_usb_host ".pio\libdeps\adafruit_feather_usb_host\SdFat - Adafruit Fork\src\ExFatLib\ExFatVolume.cpp"
arm-none-eabi-g++ -o ".pio\build\adafruit_feather_usb_host\lib6ac\SdFat - Adafruit Fork\FatLib\FatDbg.cpp.o" -c -fno-exceptions -fno-rtti -std=gnu++17 -Os -Werror=return-type -Wno-psabi -ffunction-sections -fdata-sections -march=armv6-m -mcpu=cortex-m0plus -mthumb -iprefixC:\Users\MacGuffin_\.platformio\packages\framework-arduinopico @C:\Users\MacGuffin_\.platformio\packages\framework-arduinopico\lib\rp2040\platform_inc.txt @C:\Users\MacGuffin_\.platformio\packages\framework-arduinopico\lib\core_inc.txt -DPLATFORMIO=60118 -DARDUINO_ADAFRUIT_FEATHER_RP2040_USB_HOST -DARDUINO_ARCH_RP2040 -DUSBD_MAX_POWER_MA=250 -DUSE_TINYUSB -DUSE_TINYUSB_HOST -DSH110X_NO_SPLASH -DARDUINO=10810 -DARDUINO_ARCH_RP2040 -DF_CPU=133000000L -DBOARD_NAME=\"adafruit_feather_usb_host\" -DARM_MATH_CM0_FAMILY -DARM_MATH_CM0_PLUS -DTARGET_RP2040 -DPICO_RP2040=1 -DPICO_FLASH_SIZE_BYTES=8388608 -DFILE_COPY_CONSTRUCTOR_SELECT=FILE_COPY_CONSTRUCTOR_PUBLIC -DUSE_UTF8_LONG_NAMES=1 -DDISABLE_FS_H_WARNING=1 -DCFG_TUSB_MCU=OPT_MCU_RP2040 -DUSB_VID=0x239A -DUSB_PID=0x8129 -DUSBD_VID=0x239A -DUSBD_PID=0x8129 -DUSB_MANUFACTURER=\"Adafruit\" "-DUSB_PRODUCT=\"Feather RP2040 USB Host\"" -DPICO_CYW43_ARCH_THREADSAFE_BACKGROUND=1 -DCYW43_LWIP=1 -DCYW43_PIO_CLOCK_DIV_DYNAMIC=1 -DLWIP_IPV4=1 -DLWIP_IGMP=1 -DLWIP_CHECKSUM_CTRL_PER_NETIF=1 -DLWIP_IPV6=0 -DARDUINO_VARIANT=\"adafruit_feather_usb_host\" "-I.pio\libdeps\adafruit_feather_usb_host\SdFat - Adafruit Fork\src" -IC:\Users\MacGuffin_\.platformio\packages\framework-arduinopico\libraries\SPI\src "-I.pio\libdeps\adafruit_feather_usb_host\Adafruit TinyUSB Library\src" -IC:\Users\MacGuffin_\.platformio\packages\framework-arduinopico\cores\rp2040 -IC:\Users\MacGuffin_\.platformio\packages\framework-arduinopico\cores\rp2040\api\deprecated -IC:\Users\MacGuffin_\.platformio\packages\framework-arduinopico\cores\rp2040\api\deprecated-avr-comp -IC:\Users\MacGuffin_\.platformio\packages\framework-arduinopico\libraries\Adafruit_TinyUSB_Arduino\src\arduino -IC:\Users\MacGuffin_\.platformio\packages\framework-arduinopico\include -IC:\Users\MacGuffin_\.platformio\packages\framework-arduinopico\variants\adafruit_feather_usb_host ".pio\libdeps\adafruit_feather_usb_host\SdFat - Adafruit Fork\src\FatLib\FatDbg.cpp"
arm-none-eabi-g++ -o ".pio\build\adafruit_feather_usb_host\lib6ac\SdFat - Adafruit Fork\FatLib\FatFile.cpp.o" -c -fno-exceptions -fno-rtti -std=gnu++17 -Os -Werror=return-type -Wno-psabi -ffunction-sections -fdata-sections -march=armv6-m -mcpu=cortex-m0plus -mthumb -iprefixC:\Users\MacGuffin_\.platformio\packages\framework-arduinopico @C:\Users\MacGuffin_\.platformio\packages\framework-arduinopico\lib\rp2040\platform_inc.txt @C:\Users\MacGuffin_\.platformio\packages\framework-arduinopico\lib\core_inc.txt -DPLATFORMIO=60118 -DARDUINO_ADAFRUIT_FEATHER_RP2040_USB_HOST -DARDUINO_ARCH_RP2040 -DUSBD_MAX_POWER_MA=250 -DUSE_TINYUSB -DUSE_TINYUSB_HOST -DSH110X_NO_SPLASH -DARDUINO=10810 -DARDUINO_ARCH_RP2040 -DF_CPU=133000000L -DBOARD_NAME=\"adafruit_feather_usb_host\" -DARM_MATH_CM0_FAMILY -DARM_MATH_CM0_PLUS -DTARGET_RP2040 -DPICO_RP2040=1 -DPICO_FLASH_SIZE_BYTES=8388608 -DFILE_COPY_CONSTRUCTOR_SELECT=FILE_COPY_CONSTRUCTOR_PUBLIC -DUSE_UTF8_LONG_NAMES=1 -DDISABLE_FS_H_WARNING=1 -DCFG_TUSB_MCU=OPT_MCU_RP2040 -DUSB_VID=0x239A -DUSB_PID=0x8129 -DUSBD_VID=0x239A -DUSBD_PID=0x8129 -DUSB_MANUFACTURER=\"Adafruit\" "-DUSB_PRODUCT=\"Feather RP2040 USB Host\"" -DPICO_CYW43_ARCH_THREADSAFE_BACKGROUND=1 -DCYW43_LWIP=1 -DCYW43_PIO_CLOCK_DIV_DYNAMIC=1 -DLWIP_IPV4=1 -DLWIP_IGMP=1 -DLWIP_CHECKSUM_CTRL_PER_NETIF=1 -DLWIP_IPV6=0 -DARDUINO_VARIANT=\"adafruit_feather_usb_host\" "-I.pio\libdeps\adafruit_feather_usb_host\SdFat - Adafruit Fork\src" -IC:\Users\MacGuffin_\.platformio\packages\framework-arduinopico\libraries\SPI\src "-I.pio\libdeps\adafruit_feather_usb_host\Adafruit TinyUSB Library\src" -IC:\Users\MacGuffin_\.platformio\packages\framework-arduinopico\cores\rp2040 -IC:\Users\MacGuffin_\.platformio\packages\framework-arduinopico\cores\rp2040\api\deprecated -IC:\Users\MacGuffin_\.platformio\packages\framework-arduinopico\cores\rp2040\api\deprecated-avr-comp -IC:\Users\MacGuffin_\.platformio\packages\framework-arduinopico\libraries\Adafruit_TinyUSB_Arduino\src\arduino -IC:\Users\MacGuffin_\.platformio\packages\framework-arduinopico\include -IC:\Users\MacGuffin_\.platformio\packages\framework-arduinopico\variants\adafruit_feather_usb_host ".pio\libdeps\adafruit_feather_usb_host\SdFat - Adafruit Fork\src\FatLib\FatFile.cpp"
arm-none-eabi-g++ -o ".pio\build\adafruit_feather_usb_host\lib6ac\SdFat - Adafruit Fork\FatLib\FatFileLFN.cpp.o" -c -fno-exceptions -fno-rtti -std=gnu++17 -Os -Werror=return-type -Wno-psabi -ffunction-sections -fdata-sections -march=armv6-m -mcpu=cortex-m0plus -mthumb -iprefixC:\Users\MacGuffin_\.platformio\packages\framework-arduinopico @C:\Users\MacGuffin_\.platformio\packages\framework-arduinopico\lib\rp2040\platform_inc.txt @C:\Users\MacGuffin_\.platformio\packages\framework-arduinopico\lib\core_inc.txt -DPLATFORMIO=60118 -DARDUINO_ADAFRUIT_FEATHER_RP2040_USB_HOST -DARDUINO_ARCH_RP2040 -DUSBD_MAX_POWER_MA=250 -DUSE_TINYUSB -DUSE_TINYUSB_HOST -DSH110X_NO_SPLASH -DARDUINO=10810 -DARDUINO_ARCH_RP2040 -DF_CPU=133000000L -DBOARD_NAME=\"adafruit_feather_usb_host\" -DARM_MATH_CM0_FAMILY -DARM_MATH_CM0_PLUS -DTARGET_RP2040 -DPICO_RP2040=1 -DPICO_FLASH_SIZE_BYTES=8388608 -DFILE_COPY_CONSTRUCTOR_SELECT=FILE_COPY_CONSTRUCTOR_PUBLIC -DUSE_UTF8_LONG_NAMES=1 -DDISABLE_FS_H_WARNING=1 -DCFG_TUSB_MCU=OPT_MCU_RP2040 -DUSB_VID=0x239A -DUSB_PID=0x8129 -DUSBD_VID=0x239A -DUSBD_PID=0x8129 -DUSB_MANUFACTURER=\"Adafruit\" "-DUSB_PRODUCT=\"Feather RP2040 USB Host\"" -DPICO_CYW43_ARCH_THREADSAFE_BACKGROUND=1 -DCYW43_LWIP=1 -DCYW43_PIO_CLOCK_DIV_DYNAMIC=1 -DLWIP_IPV4=1 -DLWIP_IGMP=1 -DLWIP_CHECKSUM_CTRL_PER_NETIF=1 -DLWIP_IPV6=0 -DARDUINO_VARIANT=\"adafruit_feather_usb_host\" "-I.pio\libdeps\adafruit_feather_usb_host\SdFat - Adafruit Fork\src" -IC:\Users\MacGuffin_\.platformio\packages\framework-arduinopico\libraries\SPI\src "-I.pio\libdeps\adafruit_feather_usb_host\Adafruit TinyUSB Library\src" -IC:\Users\MacGuffin_\.platformio\packages\framework-arduinopico\cores\rp2040 -IC:\Users\MacGuffin_\.platformio\packages\framework-arduinopico\cores\rp2040\api\deprecated -IC:\Users\MacGuffin_\.platformio\packages\framework-arduinopico\cores\rp2040\api\deprecated-avr-comp -IC:\Users\MacGuffin_\.platformio\packages\framework-arduinopico\libraries\Adafruit_TinyUSB_Arduino\src\arduino -IC:\Users\MacGuffin_\.platformio\packages\framework-arduinopico\include -IC:\Users\MacGuffin_\.platformio\packages\framework-arduinopico\variants\adafruit_feather_usb_host ".pio\libdeps\adafruit_feather_usb_host\SdFat - Adafruit Fork\src\FatLib\FatFileLFN.cpp"
arm-none-eabi-g++ -o ".pio\build\adafruit_feather_usb_host\lib6ac\SdFat - Adafruit Fork\FatLib\FatFilePrint.cpp.o" -c -fno-exceptions -fno-rtti -std=gnu++17 -Os -Werror=return-type -Wno-psabi -ffunction-sections -fdata-sections -march=armv6-m -mcpu=cortex-m0plus -mthumb -iprefixC:\Users\MacGuffin_\.platformio\packages\framework-arduinopico @C:\Users\MacGuffin_\.platformio\packages\framework-arduinopico\lib\rp2040\platform_inc.txt @C:\Users\MacGuffin_\.platformio\packages\framework-arduinopico\lib\core_inc.txt -DPLATFORMIO=60118 -DARDUINO_ADAFRUIT_FEATHER_RP2040_USB_HOST -DARDUINO_ARCH_RP2040 -DUSBD_MAX_POWER_MA=250 -DUSE_TINYUSB -DUSE_TINYUSB_HOST -DSH110X_NO_SPLASH -DARDUINO=10810 -DARDUINO_ARCH_RP2040 -DF_CPU=133000000L -DBOARD_NAME=\"adafruit_feather_usb_host\" -DARM_MATH_CM0_FAMILY -DARM_MATH_CM0_PLUS -DTARGET_RP2040 -DPICO_RP2040=1 -DPICO_FLASH_SIZE_BYTES=8388608 -DFILE_COPY_CONSTRUCTOR_SELECT=FILE_COPY_CONSTRUCTOR_PUBLIC -DUSE_UTF8_LONG_NAMES=1 -DDISABLE_FS_H_WARNING=1 -DCFG_TUSB_MCU=OPT_MCU_RP2040 -DUSB_VID=0x239A -DUSB_PID=0x8129 -DUSBD_VID=0x239A -DUSBD_PID=0x8129 -DUSB_MANUFACTURER=\"Adafruit\" "-DUSB_PRODUCT=\"Feather RP2040 USB Host\"" -DPICO_CYW43_ARCH_THREADSAFE_BACKGROUND=1 -DCYW43_LWIP=1 -DCYW43_PIO_CLOCK_DIV_DYNAMIC=1 -DLWIP_IPV4=1 -DLWIP_IGMP=1 -DLWIP_CHECKSUM_CTRL_PER_NETIF=1 -DLWIP_IPV6=0 -DARDUINO_VARIANT=\"adafruit_feather_usb_host\" "-I.pio\libdeps\adafruit_feather_usb_host\SdFat - Adafruit Fork\src" -IC:\Users\MacGuffin_\.platformio\packages\framework-arduinopico\libraries\SPI\src "-I.pio\libdeps\adafruit_feather_usb_host\Adafruit TinyUSB Library\src" -IC:\Users\MacGuffin_\.platformio\packages\framework-arduinopico\cores\rp2040 -IC:\Users\MacGuffin_\.platformio\packages\framework-arduinopico\cores\rp2040\api\deprecated -IC:\Users\MacGuffin_\.platformio\packages\framework-arduinopico\cores\rp2040\api\deprecated-avr-comp -IC:\Users\MacGuffin_\.platformio\packages\framework-arduinopico\libraries\Adafruit_TinyUSB_Arduino\src\arduino -IC:\Users\MacGuffin_\.platformio\packages\framework-arduinopico\include -IC:\Users\MacGuffin_\.platformio\packages\framework-arduinopico\variants\adafruit_feather_usb_host ".pio\libdeps\adafruit_feather_usb_host\SdFat - Adafruit Fork\src\FatLib\FatFilePrint.cpp"
arm-none-eabi-g++ -o ".pio\build\adafruit_feather_usb_host\lib6ac\SdFat - Adafruit Fork\FatLib\FatFileSFN.cpp.o" -c -fno-exceptions -fno-rtti -std=gnu++17 -Os -Werror=return-type -Wno-psabi -ffunction-sections -fdata-sections -march=armv6-m -mcpu=cortex-m0plus -mthumb -iprefixC:\Users\MacGuffin_\.platformio\packages\framework-arduinopico @C:\Users\MacGuffin_\.platformio\packages\framework-arduinopico\lib\rp2040\platform_inc.txt @C:\Users\MacGuffin_\.platformio\packages\framework-arduinopico\lib\core_inc.txt -DPLATFORMIO=60118 -DARDUINO_ADAFRUIT_FEATHER_RP2040_USB_HOST -DARDUINO_ARCH_RP2040 -DUSBD_MAX_POWER_MA=250 -DUSE_TINYUSB -DUSE_TINYUSB_HOST -DSH110X_NO_SPLASH -DARDUINO=10810 -DARDUINO_ARCH_RP2040 -DF_CPU=133000000L -DBOARD_NAME=\"adafruit_feather_usb_host\" -DARM_MATH_CM0_FAMILY -DARM_MATH_CM0_PLUS -DTARGET_RP2040 -DPICO_RP2040=1 -DPICO_FLASH_SIZE_BYTES=8388608 -DFILE_COPY_CONSTRUCTOR_SELECT=FILE_COPY_CONSTRUCTOR_PUBLIC -DUSE_UTF8_LONG_NAMES=1 -DDISABLE_FS_H_WARNING=1 -DCFG_TUSB_MCU=OPT_MCU_RP2040 -DUSB_VID=0x239A -DUSB_PID=0x8129 -DUSBD_VID=0x239A -DUSBD_PID=0x8129 -DUSB_MANUFACTURER=\"Adafruit\" "-DUSB_PRODUCT=\"Feather RP2040 USB Host\"" -DPICO_CYW43_ARCH_THREADSAFE_BACKGROUND=1 -DCYW43_LWIP=1 -DCYW43_PIO_CLOCK_DIV_DYNAMIC=1 -DLWIP_IPV4=1 -DLWIP_IGMP=1 -DLWIP_CHECKSUM_CTRL_PER_NETIF=1 -DLWIP_IPV6=0 -DARDUINO_VARIANT=\"adafruit_feather_usb_host\" "-I.pio\libdeps\adafruit_feather_usb_host\SdFat - Adafruit Fork\src" -IC:\Users\MacGuffin_\.platformio\packages\framework-arduinopico\libraries\SPI\src "-I.pio\libdeps\adafruit_feather_usb_host\Adafruit TinyUSB Library\src" -IC:\Users\MacGuffin_\.platformio\packages\framework-arduinopico\cores\rp2040 -IC:\Users\MacGuffin_\.platformio\packages\framework-arduinopico\cores\rp2040\api\deprecated -IC:\Users\MacGuffin_\.platformio\packages\framework-arduinopico\cores\rp2040\api\deprecated-avr-comp -IC:\Users\MacGuffin_\.platformio\packages\framework-arduinopico\libraries\Adafruit_TinyUSB_Arduino\src\arduino -IC:\Users\MacGuffin_\.platformio\packages\framework-arduinopico\include -IC:\Users\MacGuffin_\.platformio\packages\framework-arduinopico\variants\adafruit_feather_usb_host ".pio\libdeps\adafruit_feather_usb_host\SdFat - Adafruit Fork\src\FatLib\FatFileSFN.cpp"
arm-none-eabi-g++ -o ".pio\build\adafruit_feather_usb_host\lib6ac\SdFat - Adafruit Fork\FatLib\FatFormatter.cpp.o" -c -fno-exceptions -fno-rtti -std=gnu++17 -Os -Werror=return-type -Wno-psabi -ffunction-sections -fdata-sections -march=armv6-m -mcpu=cortex-m0plus -mthumb -iprefixC:\Users\MacGuffin_\.platformio\packages\framework-arduinopico @C:\Users\MacGuffin_\.platformio\packages\framework-arduinopico\lib\rp2040\platform_inc.txt @C:\Users\MacGuffin_\.platformio\packages\framework-arduinopico\lib\core_inc.txt -DPLATFORMIO=60118 -DARDUINO_ADAFRUIT_FEATHER_RP2040_USB_HOST -DARDUINO_ARCH_RP2040 -DUSBD_MAX_POWER_MA=250 -DUSE_TINYUSB -DUSE_TINYUSB_HOST -DSH110X_NO_SPLASH -DARDUINO=10810 -DARDUINO_ARCH_RP2040 -DF_CPU=133000000L -DBOARD_NAME=\"adafruit_feather_usb_host\" -DARM_MATH_CM0_FAMILY -DARM_MATH_CM0_PLUS -DTARGET_RP2040 -DPICO_RP2040=1 -DPICO_FLASH_SIZE_BYTES=8388608 -DFILE_COPY_CONSTRUCTOR_SELECT=FILE_COPY_CONSTRUCTOR_PUBLIC -DUSE_UTF8_LONG_NAMES=1 -DDISABLE_FS_H_WARNING=1 -DCFG_TUSB_MCU=OPT_MCU_RP2040 -DUSB_VID=0x239A -DUSB_PID=0x8129 -DUSBD_VID=0x239A -DUSBD_PID=0x8129 -DUSB_MANUFACTURER=\"Adafruit\" "-DUSB_PRODUCT=\"Feather RP2040 USB Host\"" -DPICO_CYW43_ARCH_THREADSAFE_BACKGROUND=1 -DCYW43_LWIP=1 -DCYW43_PIO_CLOCK_DIV_DYNAMIC=1 -DLWIP_IPV4=1 -DLWIP_IGMP=1 -DLWIP_CHECKSUM_CTRL_PER_NETIF=1 -DLWIP_IPV6=0 -DARDUINO_VARIANT=\"adafruit_feather_usb_host\" "-I.pio\libdeps\adafruit_feather_usb_host\SdFat - Adafruit Fork\src" -IC:\Users\MacGuffin_\.platformio\packages\framework-arduinopico\libraries\SPI\src "-I.pio\libdeps\adafruit_feather_usb_host\Adafruit TinyUSB Library\src" -IC:\Users\MacGuffin_\.platformio\packages\framework-arduinopico\cores\rp2040 -IC:\Users\MacGuffin_\.platformio\packages\framework-arduinopico\cores\rp2040\api\deprecated -IC:\Users\MacGuffin_\.platformio\packages\framework-arduinopico\cores\rp2040\api\deprecated-avr-comp -IC:\Users\MacGuffin_\.platformio\packages\framework-arduinopico\libraries\Adafruit_TinyUSB_Arduino\src\arduino -IC:\Users\MacGuffin_\.platformio\packages\framework-arduinopico\include -IC:\Users\MacGuffin_\.platformio\packages\framework-arduinopico\variants\adafruit_feather_usb_host ".pio\libdeps\adafruit_feather_usb_host\SdFat - Adafruit Fork\src\FatLib\FatFormatter.cpp"
arm-none-eabi-g++ -o ".pio\build\adafruit_feather_usb_host\lib6ac\SdFat - Adafruit Fork\FatLib\FatName.cpp.o" -c -fno-exceptions -fno-rtti -std=gnu++17 -Os -Werror=return-type -Wno-psabi -ffunction-sections -fdata-sections -march=armv6-m -mcpu=cortex-m0plus -mthumb -iprefixC:\Users\MacGuffin_\.platformio\packages\framework-arduinopico @C:\Users\MacGuffin_\.platformio\packages\framework-arduinopico\lib\rp2040\platform_inc.txt @C:\Users\MacGuffin_\.platformio\packages\framework-arduinopico\lib\core_inc.txt -DPLATFORMIO=60118 -DARDUINO_ADAFRUIT_FEATHER_RP2040_USB_HOST -DARDUINO_ARCH_RP2040 -DUSBD_MAX_POWER_MA=250 -DUSE_TINYUSB -DUSE_TINYUSB_HOST -DSH110X_NO_SPLASH -DARDUINO=10810 -DARDUINO_ARCH_RP2040 -DF_CPU=133000000L -DBOARD_NAME=\"adafruit_feather_usb_host\" -DARM_MATH_CM0_FAMILY -DARM_MATH_CM0_PLUS -DTARGET_RP2040 -DPICO_RP2040=1 -DPICO_FLASH_SIZE_BYTES=8388608 -DFILE_COPY_CONSTRUCTOR_SELECT=FILE_COPY_CONSTRUCTOR_PUBLIC -DUSE_UTF8_LONG_NAMES=1 -DDISABLE_FS_H_WARNING=1 -DCFG_TUSB_MCU=OPT_MCU_RP2040 -DUSB_VID=0x239A -DUSB_PID=0x8129 -DUSBD_VID=0x239A -DUSBD_PID=0x8129 -DUSB_MANUFACTURER=\"Adafruit\" "-DUSB_PRODUCT=\"Feather RP2040 USB Host\"" -DPICO_CYW43_ARCH_THREADSAFE_BACKGROUND=1 -DCYW43_LWIP=1 -DCYW43_PIO_CLOCK_DIV_DYNAMIC=1 -DLWIP_IPV4=1 -DLWIP_IGMP=1 -DLWIP_CHECKSUM_CTRL_PER_NETIF=1 -DLWIP_IPV6=0 -DARDUINO_VARIANT=\"adafruit_feather_usb_host\" "-I.pio\libdeps\adafruit_feather_usb_host\SdFat - Adafruit Fork\src" -IC:\Users\MacGuffin_\.platformio\packages\framework-arduinopico\libraries\SPI\src "-I.pio\libdeps\adafruit_feather_usb_host\Adafruit TinyUSB Library\src" -IC:\Users\MacGuffin_\.platformio\packages\framework-arduinopico\cores\rp2040 -IC:\Users\MacGuffin_\.platformio\packages\framework-arduinopico\cores\rp2040\api\deprecated -IC:\Users\MacGuffin_\.platformio\packages\framework-arduinopico\cores\rp2040\api\deprecated-avr-comp -IC:\Users\MacGuffin_\.platformio\packages\framework-arduinopico\libraries\Adafruit_TinyUSB_Arduino\src\arduino -IC:\Users\MacGuffin_\.platformio\packages\framework-arduinopico\include -IC:\Users\MacGuffin_\.platformio\packages\framework-arduinopico\variants\adafruit_feather_usb_host ".pio\libdeps\adafruit_feather_usb_host\SdFat - Adafruit Fork\src\FatLib\FatName.cpp"
arm-none-eabi-g++ -o ".pio\build\adafruit_feather_usb_host\lib6ac\SdFat - Adafruit Fork\FatLib\FatPartition.cpp.o" -c -fno-exceptions -fno-rtti -std=gnu++17 -Os -Werror=return-type -Wno-psabi -ffunction-sections -fdata-sections -march=armv6-m -mcpu=cortex-m0plus -mthumb -iprefixC:\Users\MacGuffin_\.platformio\packages\framework-arduinopico @C:\Users\MacGuffin_\.platformio\packages\framework-arduinopico\lib\rp2040\platform_inc.txt @C:\Users\MacGuffin_\.platformio\packages\framework-arduinopico\lib\core_inc.txt -DPLATFORMIO=60118 -DARDUINO_ADAFRUIT_FEATHER_RP2040_USB_HOST -DARDUINO_ARCH_RP2040 -DUSBD_MAX_POWER_MA=250 -DUSE_TINYUSB -DUSE_TINYUSB_HOST -DSH110X_NO_SPLASH -DARDUINO=10810 -DARDUINO_ARCH_RP2040 -DF_CPU=133000000L -DBOARD_NAME=\"adafruit_feather_usb_host\" -DARM_MATH_CM0_FAMILY -DARM_MATH_CM0_PLUS -DTARGET_RP2040 -DPICO_RP2040=1 -DPICO_FLASH_SIZE_BYTES=8388608 -DFILE_COPY_CONSTRUCTOR_SELECT=FILE_COPY_CONSTRUCTOR_PUBLIC -DUSE_UTF8_LONG_NAMES=1 -DDISABLE_FS_H_WARNING=1 -DCFG_TUSB_MCU=OPT_MCU_RP2040 -DUSB_VID=0x239A -DUSB_PID=0x8129 -DUSBD_VID=0x239A -DUSBD_PID=0x8129 -DUSB_MANUFACTURER=\"Adafruit\" "-DUSB_PRODUCT=\"Feather RP2040 USB Host\"" -DPICO_CYW43_ARCH_THREADSAFE_BACKGROUND=1 -DCYW43_LWIP=1 -DCYW43_PIO_CLOCK_DIV_DYNAMIC=1 -DLWIP_IPV4=1 -DLWIP_IGMP=1 -DLWIP_CHECKSUM_CTRL_PER_NETIF=1 -DLWIP_IPV6=0 -DARDUINO_VARIANT=\"adafruit_feather_usb_host\" "-I.pio\libdeps\adafruit_feather_usb_host\SdFat - Adafruit Fork\src" -IC:\Users\MacGuffin_\.platformio\packages\framework-arduinopico\libraries\SPI\src "-I.pio\libdeps\adafruit_feather_usb_host\Adafruit TinyUSB Library\src" -IC:\Users\MacGuffin_\.platformio\packages\framework-arduinopico\cores\rp2040 -IC:\Users\MacGuffin_\.platformio\packages\framework-arduinopico\cores\rp2040\api\deprecated -IC:\Users\MacGuffin_\.platformio\packages\framework-arduinopico\cores\rp2040\api\deprecated-avr-comp -IC:\Users\MacGuffin_\.platformio\packages\framework-arduinopico\libraries\Adafruit_TinyUSB_Arduino\src\arduino -IC:\Users\MacGuffin_\.platformio\packages\framework-arduinopico\include -IC:\Users\MacGuffin_\.platformio\packages\framework-arduinopico\variants\adafruit_feather_usb_host ".pio\libdeps\adafruit_feather_usb_host\SdFat - Adafruit Fork\src\FatLib\FatPartition.cpp"
arm-none-eabi-g++ -o ".pio\build\adafruit_feather_usb_host\lib6ac\SdFat - Adafruit Fork\FatLib\FatVolume.cpp.o" -c -fno-exceptions -fno-rtti -std=gnu++17 -Os -Werror=return-type -Wno-psabi -ffunction-sections -fdata-sections -march=armv6-m -mcpu=cortex-m0plus -mthumb -iprefixC:\Users\MacGuffin_\.platformio\packages\framework-arduinopico @C:\Users\MacGuffin_\.platformio\packages\framework-arduinopico\lib\rp2040\platform_inc.txt @C:\Users\MacGuffin_\.platformio\packages\framework-arduinopico\lib\core_inc.txt -DPLATFORMIO=60118 -DARDUINO_ADAFRUIT_FEATHER_RP2040_USB_HOST -DARDUINO_ARCH_RP2040 -DUSBD_MAX_POWER_MA=250 -DUSE_TINYUSB -DUSE_TINYUSB_HOST -DSH110X_NO_SPLASH -DARDUINO=10810 -DARDUINO_ARCH_RP2040 -DF_CPU=133000000L -DBOARD_NAME=\"adafruit_feather_usb_host\" -DARM_MATH_CM0_FAMILY -DARM_MATH_CM0_PLUS -DTARGET_RP2040 -DPICO_RP2040=1 -DPICO_FLASH_SIZE_BYTES=8388608 -DFILE_COPY_CONSTRUCTOR_SELECT=FILE_COPY_CONSTRUCTOR_PUBLIC -DUSE_UTF8_LONG_NAMES=1 -DDISABLE_FS_H_WARNING=1 -DCFG_TUSB_MCU=OPT_MCU_RP2040 -DUSB_VID=0x239A -DUSB_PID=0x8129 -DUSBD_VID=0x239A -DUSBD_PID=0x8129 -DUSB_MANUFACTURER=\"Adafruit\" "-DUSB_PRODUCT=\"Feather RP2040 USB Host\"" -DPICO_CYW43_ARCH_THREADSAFE_BACKGROUND=1 -DCYW43_LWIP=1 -DCYW43_PIO_CLOCK_DIV_DYNAMIC=1 -DLWIP_IPV4=1 -DLWIP_IGMP=1 -DLWIP_CHECKSUM_CTRL_PER_NETIF=1 -DLWIP_IPV6=0 -DARDUINO_VARIANT=\"adafruit_feather_usb_host\" "-I.pio\libdeps\adafruit_feather_usb_host\SdFat - Adafruit Fork\src" -IC:\Users\MacGuffin_\.platformio\packages\framework-arduinopico\libraries\SPI\src "-I.pio\libdeps\adafruit_feather_usb_host\Adafruit TinyUSB Library\src" -IC:\Users\MacGuffin_\.platformio\packages\framework-arduinopico\cores\rp2040 -IC:\Users\MacGuffin_\.platformio\packages\framework-arduinopico\cores\rp2040\api\deprecated -IC:\Users\MacGuffin_\.platformio\packages\framework-arduinopico\cores\rp2040\api\deprecated-avr-comp -IC:\Users\MacGuffin_\.platformio\packages\framework-arduinopico\libraries\Adafruit_TinyUSB_Arduino\src\arduino -IC:\Users\MacGuffin_\.platformio\packages\framework-arduinopico\include -IC:\Users\MacGuffin_\.platformio\packages\framework-arduinopico\variants\adafruit_feather_usb_host ".pio\libdeps\adafruit_feather_usb_host\SdFat - Adafruit Fork\src\FatLib\FatVolume.cpp"
arm-none-eabi-g++ -o ".pio\build\adafruit_feather_usb_host\lib6ac\SdFat - Adafruit Fork\FreeStack.cpp.o" -c -fno-exceptions -fno-rtti -std=gnu++17 -Os -Werror=return-type -Wno-psabi -ffunction-sections -fdata-sections -march=armv6-m -mcpu=cortex-m0plus -mthumb -iprefixC:\Users\MacGuffin_\.platformio\packages\framework-arduinopico @C:\Users\MacGuffin_\.platformio\packages\framework-arduinopico\lib\rp2040\platform_inc.txt @C:\Users\MacGuffin_\.platformio\packages\framework-arduinopico\lib\core_inc.txt -DPLATFORMIO=60118 -DARDUINO_ADAFRUIT_FEATHER_RP2040_USB_HOST -DARDUINO_ARCH_RP2040 -DUSBD_MAX_POWER_MA=250 -DUSE_TINYUSB -DUSE_TINYUSB_HOST -DSH110X_NO_SPLASH -DARDUINO=10810 -DARDUINO_ARCH_RP2040 -DF_CPU=133000000L -DBOARD_NAME=\"adafruit_feather_usb_host\" -DARM_MATH_CM0_FAMILY -DARM_MATH_CM0_PLUS -DTARGET_RP2040 -DPICO_RP2040=1 -DPICO_FLASH_SIZE_BYTES=8388608 -DFILE_COPY_CONSTRUCTOR_SELECT=FILE_COPY_CONSTRUCTOR_PUBLIC -DUSE_UTF8_LONG_NAMES=1 -DDISABLE_FS_H_WARNING=1 -DCFG_TUSB_MCU=OPT_MCU_RP2040 -DUSB_VID=0x239A -DUSB_PID=0x8129 -DUSBD_VID=0x239A -DUSBD_PID=0x8129 -DUSB_MANUFACTURER=\"Adafruit\" "-DUSB_PRODUCT=\"Feather RP2040 USB Host\"" -DPICO_CYW43_ARCH_THREADSAFE_BACKGROUND=1 -DCYW43_LWIP=1 -DCYW43_PIO_CLOCK_DIV_DYNAMIC=1 -DLWIP_IPV4=1 -DLWIP_IGMP=1 -DLWIP_CHECKSUM_CTRL_PER_NETIF=1 -DLWIP_IPV6=0 -DARDUINO_VARIANT=\"adafruit_feather_usb_host\" "-I.pio\libdeps\adafruit_feather_usb_host\SdFat - Adafruit Fork\src" -IC:\Users\MacGuffin_\.platformio\packages\framework-arduinopico\libraries\SPI\src "-I.pio\libdeps\adafruit_feather_usb_host\Adafruit TinyUSB Library\src" -IC:\Users\MacGuffin_\.platformio\packages\framework-arduinopico\cores\rp2040 -IC:\Users\MacGuffin_\.platformio\packages\framework-arduinopico\cores\rp2040\api\deprecated -IC:\Users\MacGuffin_\.platformio\packages\framework-arduinopico\cores\rp2040\api\deprecated-avr-comp -IC:\Users\MacGuffin_\.platformio\packages\framework-arduinopico\libraries\Adafruit_TinyUSB_Arduino\src\arduino -IC:\Users\MacGuffin_\.platformio\packages\framework-arduinopico\include -IC:\Users\MacGuffin_\.platformio\packages\framework-arduinopico\variants\adafruit_feather_usb_host ".pio\libdeps\adafruit_feather_usb_host\SdFat - Adafruit Fork\src\FreeStack.cpp"
arm-none-eabi-g++ -o ".pio\build\adafruit_feather_usb_host\lib6ac\SdFat - Adafruit Fork\FsLib\FsFile.cpp.o" -c -fno-exceptions -fno-rtti -std=gnu++17 -Os -Werror=return-type -Wno-psabi -ffunction-sections -fdata-sections -march=armv6-m -mcpu=cortex-m0plus -mthumb -iprefixC:\Users\MacGuffin_\.platformio\packages\framework-arduinopico @C:\Users\MacGuffin_\.platformio\packages\framework-arduinopico\lib\rp2040\platform_inc.txt @C:\Users\MacGuffin_\.platformio\packages\framework-arduinopico\lib\core_inc.txt -DPLATFORMIO=60118 -DARDUINO_ADAFRUIT_FEATHER_RP2040_USB_HOST -DARDUINO_ARCH_RP2040 -DUSBD_MAX_POWER_MA=250 -DUSE_TINYUSB -DUSE_TINYUSB_HOST -DSH110X_NO_SPLASH -DARDUINO=10810 -DARDUINO_ARCH_RP2040 -DF_CPU=133000000L -DBOARD_NAME=\"adafruit_feather_usb_host\" -DARM_MATH_CM0_FAMILY -DARM_MATH_CM0_PLUS -DTARGET_RP2040 -DPICO_RP2040=1 -DPICO_FLASH_SIZE_BYTES=8388608 -DFILE_COPY_CONSTRUCTOR_SELECT=FILE_COPY_CONSTRUCTOR_PUBLIC -DUSE_UTF8_LONG_NAMES=1 -DDISABLE_FS_H_WARNING=1 -DCFG_TUSB_MCU=OPT_MCU_RP2040 -DUSB_VID=0x239A -DUSB_PID=0x8129 -DUSBD_VID=0x239A -DUSBD_PID=0x8129 -DUSB_MANUFACTURER=\"Adafruit\" "-DUSB_PRODUCT=\"Feather RP2040 USB Host\"" -DPICO_CYW43_ARCH_THREADSAFE_BACKGROUND=1 -DCYW43_LWIP=1 -DCYW43_PIO_CLOCK_DIV_DYNAMIC=1 -DLWIP_IPV4=1 -DLWIP_IGMP=1 -DLWIP_CHECKSUM_CTRL_PER_NETIF=1 -DLWIP_IPV6=0 -DARDUINO_VARIANT=\"adafruit_feather_usb_host\" "-I.pio\libdeps\adafruit_feather_usb_host\SdFat - Adafruit Fork\src" -IC:\Users\MacGuffin_\.platformio\packages\framework-arduinopico\libraries\SPI\src "-I.pio\libdeps\adafruit_feather_usb_host\Adafruit TinyUSB Library\src" -IC:\Users\MacGuffin_\.platformio\packages\framework-arduinopico\cores\rp2040 -IC:\Users\MacGuffin_\.platformio\packages\framework-arduinopico\cores\rp2040\api\deprecated -IC:\Users\MacGuffin_\.platformio\packages\framework-arduinopico\cores\rp2040\api\deprecated-avr-comp -IC:\Users\MacGuffin_\.platformio\packages\framework-arduinopico\libraries\Adafruit_TinyUSB_Arduino\src\arduino -IC:\Users\MacGuffin_\.platformio\packages\framework-arduinopico\include -IC:\Users\MacGuffin_\.platformio\packages\framework-arduinopico\variants\adafruit_feather_usb_host ".pio\libdeps\adafruit_feather_usb_host\SdFat - Adafruit Fork\src\FsLib\FsFile.cpp"
arm-none-eabi-g++ -o ".pio\build\adafruit_feather_usb_host\lib6ac\SdFat - Adafruit Fork\FsLib\FsNew.cpp.o" -c -fno-exceptions -fno-rtti -std=gnu++17 -Os -Werror=return-type -Wno-psabi -ffunction-sections -fdata-sections -march=armv6-m -mcpu=cortex-m0plus -mthumb -iprefixC:\Users\MacGuffin_\.platformio\packages\framework-arduinopico @C:\Users\MacGuffin_\.platformio\packages\framework-arduinopico\lib\rp2040\platform_inc.txt @C:\Users\MacGuffin_\.platformio\packages\framework-arduinopico\lib\core_inc.txt -DPLATFORMIO=60118 -DARDUINO_ADAFRUIT_FEATHER_RP2040_USB_HOST -DARDUINO_ARCH_RP2040 -DUSBD_MAX_POWER_MA=250 -DUSE_TINYUSB -DUSE_TINYUSB_HOST -DSH110X_NO_SPLASH -DARDUINO=10810 -DARDUINO_ARCH_RP2040 -DF_CPU=133000000L -DBOARD_NAME=\"adafruit_feather_usb_host\" -DARM_MATH_CM0_FAMILY -DARM_MATH_CM0_PLUS -DTARGET_RP2040 -DPICO_RP2040=1 -DPICO_FLASH_SIZE_BYTES=8388608 -DFILE_COPY_CONSTRUCTOR_SELECT=FILE_COPY_CONSTRUCTOR_PUBLIC -DUSE_UTF8_LONG_NAMES=1 -DDISABLE_FS_H_WARNING=1 -DCFG_TUSB_MCU=OPT_MCU_RP2040 -DUSB_VID=0x239A -DUSB_PID=0x8129 -DUSBD_VID=0x239A -DUSBD_PID=0x8129 -DUSB_MANUFACTURER=\"Adafruit\" "-DUSB_PRODUCT=\"Feather RP2040 USB Host\"" -DPICO_CYW43_ARCH_THREADSAFE_BACKGROUND=1 -DCYW43_LWIP=1 -DCYW43_PIO_CLOCK_DIV_DYNAMIC=1 -DLWIP_IPV4=1 -DLWIP_IGMP=1 -DLWIP_CHECKSUM_CTRL_PER_NETIF=1 -DLWIP_IPV6=0 -DARDUINO_VARIANT=\"adafruit_feather_usb_host\" "-I.pio\libdeps\adafruit_feather_usb_host\SdFat - Adafruit Fork\src" -IC:\Users\MacGuffin_\.platformio\packages\framework-arduinopico\libraries\SPI\src "-I.pio\libdeps\adafruit_feather_usb_host\Adafruit TinyUSB Library\src" -IC:\Users\MacGuffin_\.platformio\packages\framework-arduinopico\cores\rp2040 -IC:\Users\MacGuffin_\.platformio\packages\framework-arduinopico\cores\rp2040\api\deprecated -IC:\Users\MacGuffin_\.platformio\packages\framework-arduinopico\cores\rp2040\api\deprecated-avr-comp -IC:\Users\MacGuffin_\.platformio\packages\framework-arduinopico\libraries\Adafruit_TinyUSB_Arduino\src\arduino -IC:\Users\MacGuffin_\.platformio\packages\framework-arduinopico\include -IC:\Users\MacGuffin_\.platformio\packages\framework-arduinopico\variants\adafruit_feather_usb_host ".pio\libdeps\adafruit_feather_usb_host\SdFat - Adafruit Fork\src\FsLib\FsNew.cpp"
arm-none-eabi-g++ -o ".pio\build\adafruit_feather_usb_host\lib6ac\SdFat - Adafruit Fork\FsLib\FsVolume.cpp.o" -c -fno-exceptions -fno-rtti -std=gnu++17 -Os -Werror=return-type -Wno-psabi -ffunction-sections -fdata-sections -march=armv6-m -mcpu=cortex-m0plus -mthumb -iprefixC:\Users\MacGuffin_\.platformio\packages\framework-arduinopico @C:\Users\MacGuffin_\.platformio\packages\framework-arduinopico\lib\rp2040\platform_inc.txt @C:\Users\MacGuffin_\.platformio\packages\framework-arduinopico\lib\core_inc.txt -DPLATFORMIO=60118 -DARDUINO_ADAFRUIT_FEATHER_RP2040_USB_HOST -DARDUINO_ARCH_RP2040 -DUSBD_MAX_POWER_MA=250 -DUSE_TINYUSB -DUSE_TINYUSB_HOST -DSH110X_NO_SPLASH -DARDUINO=10810 -DARDUINO_ARCH_RP2040 -DF_CPU=133000000L -DBOARD_NAME=\"adafruit_feather_usb_host\" -DARM_MATH_CM0_FAMILY -DARM_MATH_CM0_PLUS -DTARGET_RP2040 -DPICO_RP2040=1 -DPICO_FLASH_SIZE_BYTES=8388608 -DFILE_COPY_CONSTRUCTOR_SELECT=FILE_COPY_CONSTRUCTOR_PUBLIC -DUSE_UTF8_LONG_NAMES=1 -DDISABLE_FS_H_WARNING=1 -DCFG_TUSB_MCU=OPT_MCU_RP2040 -DUSB_VID=0x239A -DUSB_PID=0x8129 -DUSBD_VID=0x239A -DUSBD_PID=0x8129 -DUSB_MANUFACTURER=\"Adafruit\" "-DUSB_PRODUCT=\"Feather RP2040 USB Host\"" -DPICO_CYW43_ARCH_THREADSAFE_BACKGROUND=1 -DCYW43_LWIP=1 -DCYW43_PIO_CLOCK_DIV_DYNAMIC=1 -DLWIP_IPV4=1 -DLWIP_IGMP=1 -DLWIP_CHECKSUM_CTRL_PER_NETIF=1 -DLWIP_IPV6=0 -DARDUINO_VARIANT=\"adafruit_feather_usb_host\" "-I.pio\libdeps\adafruit_feather_usb_host\SdFat - Adafruit Fork\src" -IC:\Users\MacGuffin_\.platformio\packages\framework-arduinopico\libraries\SPI\src "-I.pio\libdeps\adafruit_feather_usb_host\Adafruit TinyUSB Library\src" -IC:\Users\MacGuffin_\.platformio\packages\framework-arduinopico\cores\rp2040 -IC:\Users\MacGuffin_\.platformio\packages\framework-arduinopico\cores\rp2040\api\deprecated -IC:\Users\MacGuffin_\.platformio\packages\framework-arduinopico\cores\rp2040\api\deprecated-avr-comp -IC:\Users\MacGuffin_\.platformio\packages\framework-arduinopico\libraries\Adafruit_TinyUSB_Arduino\src\arduino -IC:\Users\MacGuffin_\.platformio\packages\framework-arduinopico\include -IC:\Users\MacGuffin_\.platformio\packages\framework-arduinopico\variants\adafruit_feather_usb_host ".pio\libdeps\adafruit_feather_usb_host\SdFat - Adafruit Fork\src\FsLib\FsVolume.cpp"
arm-none-eabi-g++ -o ".pio\build\adafruit_feather_usb_host\lib6ac\SdFat - Adafruit Fork\MinimumSerial.cpp.o" -c -fno-exceptions -fno-rtti -std=gnu++17 -Os -Werror=return-type -Wno-psabi -ffunction-sections -fdata-sections -march=armv6-m -mcpu=cortex-m0plus -mthumb -iprefixC:\Users\MacGuffin_\.platformio\packages\framework-arduinopico @C:\Users\MacGuffin_\.platformio\packages\framework-arduinopico\lib\rp2040\platform_inc.txt @C:\Users\MacGuffin_\.platformio\packages\framework-arduinopico\lib\core_inc.txt -DPLATFORMIO=60118 -DARDUINO_ADAFRUIT_FEATHER_RP2040_USB_HOST -DARDUINO_ARCH_RP2040 -DUSBD_MAX_POWER_MA=250 -DUSE_TINYUSB -DUSE_TINYUSB_HOST -DSH110X_NO_SPLASH -DARDUINO=10810 -DARDUINO_ARCH_RP2040 -DF_CPU=133000000L -DBOARD_NAME=\"adafruit_feather_usb_host\" -DARM_MATH_CM0_FAMILY -DARM_MATH_CM0_PLUS -DTARGET_RP2040 -DPICO_RP2040=1 -DPICO_FLASH_SIZE_BYTES=8388608 -DFILE_COPY_CONSTRUCTOR_SELECT=FILE_COPY_CONSTRUCTOR_PUBLIC -DUSE_UTF8_LONG_NAMES=1 -DDISABLE_FS_H_WARNING=1 -DCFG_TUSB_MCU=OPT_MCU_RP2040 -DUSB_VID=0x239A -DUSB_PID=0x8129 -DUSBD_VID=0x239A -DUSBD_PID=0x8129 -DUSB_MANUFACTURER=\"Adafruit\" "-DUSB_PRODUCT=\"Feather RP2040 USB Host\"" -DPICO_CYW43_ARCH_THREADSAFE_BACKGROUND=1 -DCYW43_LWIP=1 -DCYW43_PIO_CLOCK_DIV_DYNAMIC=1 -DLWIP_IPV4=1 -DLWIP_IGMP=1 -DLWIP_CHECKSUM_CTRL_PER_NETIF=1 -DLWIP_IPV6=0 -DARDUINO_VARIANT=\"adafruit_feather_usb_host\" "-I.pio\libdeps\adafruit_feather_usb_host\SdFat - Adafruit Fork\src" -IC:\Users\MacGuffin_\.platformio\packages\framework-arduinopico\libraries\SPI\src "-I.pio\libdeps\adafruit_feather_usb_host\Adafruit TinyUSB Library\src" -IC:\Users\MacGuffin_\.platformio\packages\framework-arduinopico\cores\rp2040 -IC:\Users\MacGuffin_\.platformio\packages\framework-arduinopico\cores\rp2040\api\deprecated -IC:\Users\MacGuffin_\.platformio\packages\framework-arduinopico\cores\rp2040\api\deprecated-avr-comp -IC:\Users\MacGuffin_\.platformio\packages\framework-arduinopico\libraries\Adafruit_TinyUSB_Arduino\src\arduino -IC:\Users\MacGuffin_\.platformio\packages\framework-arduinopico\include -IC:\Users\MacGuffin_\.platformio\packages\framework-arduinopico\variants\adafruit_feather_usb_host ".pio\libdeps\adafruit_feather_usb_host\SdFat - Adafruit Fork\src\MinimumSerial.cpp"
arm-none-eabi-g++ -o ".pio\build\adafruit_feather_usb_host\lib6ac\SdFat - Adafruit Fork\SdCard\SdCardInfo.cpp.o" -c -fno-exceptions -fno-rtti -std=gnu++17 -Os -Werror=return-type -Wno-psabi -ffunction-sections -fdata-sections -march=armv6-m -mcpu=cortex-m0plus -mthumb -iprefixC:\Users\MacGuffin_\.platformio\packages\framework-arduinopico @C:\Users\MacGuffin_\.platformio\packages\framework-arduinopico\lib\rp2040\platform_inc.txt @C:\Users\MacGuffin_\.platformio\packages\framework-arduinopico\lib\core_inc.txt -DPLATFORMIO=60118 -DARDUINO_ADAFRUIT_FEATHER_RP2040_USB_HOST -DARDUINO_ARCH_RP2040 -DUSBD_MAX_POWER_MA=250 -DUSE_TINYUSB -DUSE_TINYUSB_HOST -DSH110X_NO_SPLASH -DARDUINO=10810 -DARDUINO_ARCH_RP2040 -DF_CPU=133000000L -DBOARD_NAME=\"adafruit_feather_usb_host\" -DARM_MATH_CM0_FAMILY -DARM_MATH_CM0_PLUS -DTARGET_RP2040 -DPICO_RP2040=1 -DPICO_FLASH_SIZE_BYTES=8388608 -DFILE_COPY_CONSTRUCTOR_SELECT=FILE_COPY_CONSTRUCTOR_PUBLIC -DUSE_UTF8_LONG_NAMES=1 -DDISABLE_FS_H_WARNING=1 -DCFG_TUSB_MCU=OPT_MCU_RP2040 -DUSB_VID=0x239A -DUSB_PID=0x8129 -DUSBD_VID=0x239A -DUSBD_PID=0x8129 -DUSB_MANUFACTURER=\"Adafruit\" "-DUSB_PRODUCT=\"Feather RP2040 USB Host\"" -DPICO_CYW43_ARCH_THREADSAFE_BACKGROUND=1 -DCYW43_LWIP=1 -DCYW43_PIO_CLOCK_DIV_DYNAMIC=1 -DLWIP_IPV4=1 -DLWIP_IGMP=1 -DLWIP_CHECKSUM_CTRL_PER_NETIF=1 -DLWIP_IPV6=0 -DARDUINO_VARIANT=\"adafruit_feather_usb_host\" "-I.pio\libdeps\adafruit_feather_usb_host\SdFat - Adafruit Fork\src" -IC:\Users\MacGuffin_\.platformio\packages\framework-arduinopico\libraries\SPI\src "-I.pio\libdeps\adafruit_feather_usb_host\Adafruit TinyUSB Library\src" -IC:\Users\MacGuffin_\.platformio\packages\framework-arduinopico\cores\rp2040 -IC:\Users\MacGuffin_\.platformio\packages\framework-arduinopico\cores\rp2040\api\deprecated -IC:\Users\MacGuffin_\.platformio\packages\framework-arduinopico\cores\rp2040\api\deprecated-avr-comp -IC:\Users\MacGuffin_\.platformio\packages\framework-arduinopico\libraries\Adafruit_TinyUSB_Arduino\src\arduino -IC:\Users\MacGuffin_\.platformio\packages\framework-arduinopico\include -IC:\Users\MacGuffin_\.platformio\packages\framework-arduinopico\variants\adafruit_feather_usb_host ".pio\libdeps\adafruit_feather_usb_host\SdFat - Adafruit Fork\src\SdCard\SdCardInfo.cpp"
arm-none-eabi-g++ -o ".pio\build\adafruit_feather_usb_host\lib6ac\SdFat - Adafruit Fork\SdCard\SdSpiCard.cpp.o" -c -fno-exceptions -fno-rtti -std=gnu++17 -Os -Werror=return-type -Wno-psabi -ffunction-sections -fdata-sections -march=armv6-m -mcpu=cortex-m0plus -mthumb -iprefixC:\Users\MacGuffin_\.platformio\packages\framework-arduinopico @C:\Users\MacGuffin_\.platformio\packages\framework-arduinopico\lib\rp2040\platform_inc.txt @C:\Users\MacGuffin_\.platformio\packages\framework-arduinopico\lib\core_inc.txt -DPLATFORMIO=60118 -DARDUINO_ADAFRUIT_FEATHER_RP2040_USB_HOST -DARDUINO_ARCH_RP2040 -DUSBD_MAX_POWER_MA=250 -DUSE_TINYUSB -DUSE_TINYUSB_HOST -DSH110X_NO_SPLASH -DARDUINO=10810 -DARDUINO_ARCH_RP2040 -DF_CPU=133000000L -DBOARD_NAME=\"adafruit_feather_usb_host\" -DARM_MATH_CM0_FAMILY -DARM_MATH_CM0_PLUS -DTARGET_RP2040 -DPICO_RP2040=1 -DPICO_FLASH_SIZE_BYTES=8388608 -DFILE_COPY_CONSTRUCTOR_SELECT=FILE_COPY_CONSTRUCTOR_PUBLIC -DUSE_UTF8_LONG_NAMES=1 -DDISABLE_FS_H_WARNING=1 -DCFG_TUSB_MCU=OPT_MCU_RP2040 -DUSB_VID=0x239A -DUSB_PID=0x8129 -DUSBD_VID=0x239A -DUSBD_PID=0x8129 -DUSB_MANUFACTURER=\"Adafruit\" "-DUSB_PRODUCT=\"Feather RP2040 USB Host\"" -DPICO_CYW43_ARCH_THREADSAFE_BACKGROUND=1 -DCYW43_LWIP=1 -DCYW43_PIO_CLOCK_DIV_DYNAMIC=1 -DLWIP_IPV4=1 -DLWIP_IGMP=1 -DLWIP_CHECKSUM_CTRL_PER_NETIF=1 -DLWIP_IPV6=0 -DARDUINO_VARIANT=\"adafruit_feather_usb_host\" "-I.pio\libdeps\adafruit_feather_usb_host\SdFat - Adafruit Fork\src" -IC:\Users\MacGuffin_\.platformio\packages\framework-arduinopico\libraries\SPI\src "-I.pio\libdeps\adafruit_feather_usb_host\Adafruit TinyUSB Library\src" -IC:\Users\MacGuffin_\.platformio\packages\framework-arduinopico\cores\rp2040 -IC:\Users\MacGuffin_\.platformio\packages\framework-arduinopico\cores\rp2040\api\deprecated -IC:\Users\MacGuffin_\.platformio\packages\framework-arduinopico\cores\rp2040\api\deprecated-avr-comp -IC:\Users\MacGuffin_\.platformio\packages\framework-arduinopico\libraries\Adafruit_TinyUSB_Arduino\src\arduino -IC:\Users\MacGuffin_\.platformio\packages\framework-arduinopico\include -IC:\Users\MacGuffin_\.platformio\packages\framework-arduinopico\variants\adafruit_feather_usb_host ".pio\libdeps\adafruit_feather_usb_host\SdFat - Adafruit Fork\src\SdCard\SdSpiCard.cpp"
arm-none-eabi-g++ -o ".pio\build\adafruit_feather_usb_host\lib6ac\SdFat - Adafruit Fork\SdCard\SdioTeensy.cpp.o" -c -fno-exceptions -fno-rtti -std=gnu++17 -Os -Werror=return-type -Wno-psabi -ffunction-sections -fdata-sections -march=armv6-m -mcpu=cortex-m0plus -mthumb -iprefixC:\Users\MacGuffin_\.platformio\packages\framework-arduinopico @C:\Users\MacGuffin_\.platformio\packages\framework-arduinopico\lib\rp2040\platform_inc.txt @C:\Users\MacGuffin_\.platformio\packages\framework-arduinopico\lib\core_inc.txt -DPLATFORMIO=60118 -DARDUINO_ADAFRUIT_FEATHER_RP2040_USB_HOST -DARDUINO_ARCH_RP2040 -DUSBD_MAX_POWER_MA=250 -DUSE_TINYUSB -DUSE_TINYUSB_HOST -DSH110X_NO_SPLASH -DARDUINO=10810 -DARDUINO_ARCH_RP2040 -DF_CPU=133000000L -DBOARD_NAME=\"adafruit_feather_usb_host\" -DARM_MATH_CM0_FAMILY -DARM_MATH_CM0_PLUS -DTARGET_RP2040 -DPICO_RP2040=1 -DPICO_FLASH_SIZE_BYTES=8388608 -DFILE_COPY_CONSTRUCTOR_SELECT=FILE_COPY_CONSTRUCTOR_PUBLIC -DUSE_UTF8_LONG_NAMES=1 -DDISABLE_FS_H_WARNING=1 -DCFG_TUSB_MCU=OPT_MCU_RP2040 -DUSB_VID=0x239A -DUSB_PID=0x8129 -DUSBD_VID=0x239A -DUSBD_PID=0x8129 -DUSB_MANUFACTURER=\"Adafruit\" "-DUSB_PRODUCT=\"Feather RP2040 USB Host\"" -DPICO_CYW43_ARCH_THREADSAFE_BACKGROUND=1 -DCYW43_LWIP=1 -DCYW43_PIO_CLOCK_DIV_DYNAMIC=1 -DLWIP_IPV4=1 -DLWIP_IGMP=1 -DLWIP_CHECKSUM_CTRL_PER_NETIF=1 -DLWIP_IPV6=0 -DARDUINO_VARIANT=\"adafruit_feather_usb_host\" "-I.pio\libdeps\adafruit_feather_usb_host\SdFat - Adafruit Fork\src" -IC:\Users\MacGuffin_\.platformio\packages\framework-arduinopico\libraries\SPI\src "-I.pio\libdeps\adafruit_feather_usb_host\Adafruit TinyUSB Library\src" -IC:\Users\MacGuffin_\.platformio\packages\framework-arduinopico\cores\rp2040 -IC:\Users\MacGuffin_\.platformio\packages\framework-arduinopico\cores\rp2040\api\deprecated -IC:\Users\MacGuffin_\.platformio\packages\framework-arduinopico\cores\rp2040\api\deprecated-avr-comp -IC:\Users\MacGuffin_\.platformio\packages\framework-arduinopico\libraries\Adafruit_TinyUSB_Arduino\src\arduino -IC:\Users\MacGuffin_\.platformio\packages\framework-arduinopico\include -IC:\Users\MacGuffin_\.platformio\packages\framework-arduinopico\variants\adafruit_feather_usb_host ".pio\libdeps\adafruit_feather_usb_host\SdFat - Adafruit Fork\src\SdCard\SdioTeensy.cpp"
arm-none-eabi-g++ -o ".pio\build\adafruit_feather_usb_host\lib6ac\SdFat - Adafruit Fork\SpiDriver\SdSpiArtemis.cpp.o" -c -fno-exceptions -fno-rtti -std=gnu++17 -Os -Werror=return-type -Wno-psabi -ffunction-sections -fdata-sections -march=armv6-m -mcpu=cortex-m0plus -mthumb -iprefixC:\Users\MacGuffin_\.platformio\packages\framework-arduinopico @C:\Users\MacGuffin_\.platformio\packages\framework-arduinopico\lib\rp2040\platform_inc.txt @C:\Users\MacGuffin_\.platformio\packages\framework-arduinopico\lib\core_inc.txt -DPLATFORMIO=60118 -DARDUINO_ADAFRUIT_FEATHER_RP2040_USB_HOST -DARDUINO_ARCH_RP2040 -DUSBD_MAX_POWER_MA=250 -DUSE_TINYUSB -DUSE_TINYUSB_HOST -DSH110X_NO_SPLASH -DARDUINO=10810 -DARDUINO_ARCH_RP2040 -DF_CPU=133000000L -DBOARD_NAME=\"adafruit_feather_usb_host\" -DARM_MATH_CM0_FAMILY -DARM_MATH_CM0_PLUS -DTARGET_RP2040 -DPICO_RP2040=1 -DPICO_FLASH_SIZE_BYTES=8388608 -DFILE_COPY_CONSTRUCTOR_SELECT=FILE_COPY_CONSTRUCTOR_PUBLIC -DUSE_UTF8_LONG_NAMES=1 -DDISABLE_FS_H_WARNING=1 -DCFG_TUSB_MCU=OPT_MCU_RP2040 -DUSB_VID=0x239A -DUSB_PID=0x8129 -DUSBD_VID=0x239A -DUSBD_PID=0x8129 -DUSB_MANUFACTURER=\"Adafruit\" "-DUSB_PRODUCT=\"Feather RP2040 USB Host\"" -DPICO_CYW43_ARCH_THREADSAFE_BACKGROUND=1 -DCYW43_LWIP=1 -DCYW43_PIO_CLOCK_DIV_DYNAMIC=1 -DLWIP_IPV4=1 -DLWIP_IGMP=1 -DLWIP_CHECKSUM_CTRL_PER_NETIF=1 -DLWIP_IPV6=0 -DARDUINO_VARIANT=\"adafruit_feather_usb_host\" "-I.pio\libdeps\adafruit_feather_usb_host\SdFat - Adafruit Fork\src" -IC:\Users\MacGuffin_\.platformio\packages\framework-arduinopico\libraries\SPI\src "-I.pio\libdeps\adafruit_feather_usb_host\Adafruit TinyUSB Library\src" -IC:\Users\MacGuffin_\.platformio\packages\framework-arduinopico\cores\rp2040 -IC:\Users\MacGuffin_\.platformio\packages\framework-arduinopico\cores\rp2040\api\deprecated -IC:\Users\MacGuffin_\.platformio\packages\framework-arduinopico\cores\rp2040\api\deprecated-avr-comp -IC:\Users\MacGuffin_\.platformio\packages\framework-arduinopico\libraries\Adafruit_TinyUSB_Arduino\src\arduino -IC:\Users\MacGuffin_\.platformio\packages\framework-arduinopico\include -IC:\Users\MacGuffin_\.platformio\packages\framework-arduinopico\variants\adafruit_feather_usb_host ".pio\libdeps\adafruit_feather_usb_host\SdFat - Adafruit Fork\src\SpiDriver\SdSpiArtemis.cpp"
arm-none-eabi-g++ -o ".pio\build\adafruit_feather_usb_host\lib6ac\SdFat - Adafruit Fork\SpiDriver\SdSpiChipSelect.cpp.o" -c -fno-exceptions -fno-rtti -std=gnu++17 -Os -Werror=return-type -Wno-psabi -ffunction-sections -fdata-sections -march=armv6-m -mcpu=cortex-m0plus -mthumb -iprefixC:\Users\MacGuffin_\.platformio\packages\framework-arduinopico @C:\Users\MacGuffin_\.platformio\packages\framework-arduinopico\lib\rp2040\platform_inc.txt @C:\Users\MacGuffin_\.platformio\packages\framework-arduinopico\lib\core_inc.txt -DPLATFORMIO=60118 -DARDUINO_ADAFRUIT_FEATHER_RP2040_USB_HOST -DARDUINO_ARCH_RP2040 -DUSBD_MAX_POWER_MA=250 -DUSE_TINYUSB -DUSE_TINYUSB_HOST -DSH110X_NO_SPLASH -DARDUINO=10810 -DARDUINO_ARCH_RP2040 -DF_CPU=133000000L -DBOARD_NAME=\"adafruit_feather_usb_host\" -DARM_MATH_CM0_FAMILY -DARM_MATH_CM0_PLUS -DTARGET_RP2040 -DPICO_RP2040=1 -DPICO_FLASH_SIZE_BYTES=8388608 -DFILE_COPY_CONSTRUCTOR_SELECT=FILE_COPY_CONSTRUCTOR_PUBLIC -DUSE_UTF8_LONG_NAMES=1 -DDISABLE_FS_H_WARNING=1 -DCFG_TUSB_MCU=OPT_MCU_RP2040 -DUSB_VID=0x239A -DUSB_PID=0x8129 -DUSBD_VID=0x239A -DUSBD_PID=0x8129 -DUSB_MANUFACTURER=\"Adafruit\" "-DUSB_PRODUCT=\"Feather RP2040 USB Host\"" -DPICO_CYW43_ARCH_THREADSAFE_BACKGROUND=1 -DCYW43_LWIP=1 -DCYW43_PIO_CLOCK_DIV_DYNAMIC=1 -DLWIP_IPV4=1 -DLWIP_IGMP=1 -DLWIP_CHECKSUM_CTRL_PER_NETIF=1 -DLWIP_IPV6=0 -DARDUINO_VARIANT=\"adafruit_feather_usb_host\" "-I.pio\libdeps\adafruit_feather_usb_host\SdFat - Adafruit Fork\src" -IC:\Users\MacGuffin_\.platformio\packages\framework-arduinopico\libraries\SPI\src "-I.pio\libdeps\adafruit_feather_usb_host\Adafruit TinyUSB Library\src" -IC:\Users\MacGuffin_\.platformio\packages\framework-arduinopico\cores\rp2040 -IC:\Users\MacGuffin_\.platformio\packages\framework-arduinopico\cores\rp2040\api\deprecated -IC:\Users\MacGuffin_\.platformio\packages\framework-arduinopico\cores\rp2040\api\deprecated-avr-comp -IC:\Users\MacGuffin_\.platformio\packages\framework-arduinopico\libraries\Adafruit_TinyUSB_Arduino\src\arduino -IC:\Users\MacGuffin_\.platformio\packages\framework-arduinopico\include -IC:\Users\MacGuffin_\.platformio\packages\framework-arduinopico\variants\adafruit_feather_usb_host ".pio\libdeps\adafruit_feather_usb_host\SdFat - Adafruit Fork\src\SpiDriver\SdSpiChipSelect.cpp"
arm-none-eabi-g++ -o ".pio\build\adafruit_feather_usb_host\lib6ac\SdFat - Adafruit Fork\SpiDriver\SdSpiDue.cpp.o" -c -fno-exceptions -fno-rtti -std=gnu++17 -Os -Werror=return-type -Wno-psabi -ffunction-sections -fdata-sections -march=armv6-m -mcpu=cortex-m0plus -mthumb -iprefixC:\Users\MacGuffin_\.platformio\packages\framework-arduinopico @C:\Users\MacGuffin_\.platformio\packages\framework-arduinopico\lib\rp2040\platform_inc.txt @C:\Users\MacGuffin_\.platformio\packages\framework-arduinopico\lib\core_inc.txt -DPLATFORMIO=60118 -DARDUINO_ADAFRUIT_FEATHER_RP2040_USB_HOST -DARDUINO_ARCH_RP2040 -DUSBD_MAX_POWER_MA=250 -DUSE_TINYUSB -DUSE_TINYUSB_HOST -DSH110X_NO_SPLASH -DARDUINO=10810 -DARDUINO_ARCH_RP2040 -DF_CPU=133000000L -DBOARD_NAME=\"adafruit_feather_usb_host\" -DARM_MATH_CM0_FAMILY -DARM_MATH_CM0_PLUS -DTARGET_RP2040 -DPICO_RP2040=1 -DPICO_FLASH_SIZE_BYTES=8388608 -DFILE_COPY_CONSTRUCTOR_SELECT=FILE_COPY_CONSTRUCTOR_PUBLIC -DUSE_UTF8_LONG_NAMES=1 -DDISABLE_FS_H_WARNING=1 -DCFG_TUSB_MCU=OPT_MCU_RP2040 -DUSB_VID=0x239A -DUSB_PID=0x8129 -DUSBD_VID=0x239A -DUSBD_PID=0x8129 -DUSB_MANUFACTURER=\"Adafruit\" "-DUSB_PRODUCT=\"Feather RP2040 USB Host\"" -DPICO_CYW43_ARCH_THREADSAFE_BACKGROUND=1 -DCYW43_LWIP=1 -DCYW43_PIO_CLOCK_DIV_DYNAMIC=1 -DLWIP_IPV4=1 -DLWIP_IGMP=1 -DLWIP_CHECKSUM_CTRL_PER_NETIF=1 -DLWIP_IPV6=0 -DARDUINO_VARIANT=\"adafruit_feather_usb_host\" "-I.pio\libdeps\adafruit_feather_usb_host\SdFat - Adafruit Fork\src" -IC:\Users\MacGuffin_\.platformio\packages\framework-arduinopico\libraries\SPI\src "-I.pio\libdeps\adafruit_feather_usb_host\Adafruit TinyUSB Library\src" -IC:\Users\MacGuffin_\.platformio\packages\framework-arduinopico\cores\rp2040 -IC:\Users\MacGuffin_\.platformio\packages\framework-arduinopico\cores\rp2040\api\deprecated -IC:\Users\MacGuffin_\.platformio\packages\framework-arduinopico\cores\rp2040\api\deprecated-avr-comp -IC:\Users\MacGuffin_\.platformio\packages\framework-arduinopico\libraries\Adafruit_TinyUSB_Arduino\src\arduino -IC:\Users\MacGuffin_\.platformio\packages\framework-arduinopico\include -IC:\Users\MacGuffin_\.platformio\packages\framework-arduinopico\variants\adafruit_feather_usb_host ".pio\libdeps\adafruit_feather_usb_host\SdFat - Adafruit Fork\src\SpiDriver\SdSpiDue.cpp"
arm-none-eabi-g++ -o ".pio\build\adafruit_feather_usb_host\lib6ac\SdFat - Adafruit Fork\SpiDriver\SdSpiESP.cpp.o" -c -fno-exceptions -fno-rtti -std=gnu++17 -Os -Werror=return-type -Wno-psabi -ffunction-sections -fdata-sections -march=armv6-m -mcpu=cortex-m0plus -mthumb -iprefixC:\Users\MacGuffin_\.platformio\packages\framework-arduinopico @C:\Users\MacGuffin_\.platformio\packages\framework-arduinopico\lib\rp2040\platform_inc.txt @C:\Users\MacGuffin_\.platformio\packages\framework-arduinopico\lib\core_inc.txt -DPLATFORMIO=60118 -DARDUINO_ADAFRUIT_FEATHER_RP2040_USB_HOST -DARDUINO_ARCH_RP2040 -DUSBD_MAX_POWER_MA=250 -DUSE_TINYUSB -DUSE_TINYUSB_HOST -DSH110X_NO_SPLASH -DARDUINO=10810 -DARDUINO_ARCH_RP2040 -DF_CPU=133000000L -DBOARD_NAME=\"adafruit_feather_usb_host\" -DARM_MATH_CM0_FAMILY -DARM_MATH_CM0_PLUS -DTARGET_RP2040 -DPICO_RP2040=1 -DPICO_FLASH_SIZE_BYTES=8388608 -DFILE_COPY_CONSTRUCTOR_SELECT=FILE_COPY_CONSTRUCTOR_PUBLIC -DUSE_UTF8_LONG_NAMES=1 -DDISABLE_FS_H_WARNING=1 -DCFG_TUSB_MCU=OPT_MCU_RP2040 -DUSB_VID=0x239A -DUSB_PID=0x8129 -DUSBD_VID=0x239A -DUSBD_PID=0x8129 -DUSB_MANUFACTURER=\"Adafruit\" "-DUSB_PRODUCT=\"Feather RP2040 USB Host\"" -DPICO_CYW43_ARCH_THREADSAFE_BACKGROUND=1 -DCYW43_LWIP=1 -DCYW43_PIO_CLOCK_DIV_DYNAMIC=1 -DLWIP_IPV4=1 -DLWIP_IGMP=1 -DLWIP_CHECKSUM_CTRL_PER_NETIF=1 -DLWIP_IPV6=0 -DARDUINO_VARIANT=\"adafruit_feather_usb_host\" "-I.pio\libdeps\adafruit_feather_usb_host\SdFat - Adafruit Fork\src" -IC:\Users\MacGuffin_\.platformio\packages\framework-arduinopico\libraries\SPI\src "-I.pio\libdeps\adafruit_feather_usb_host\Adafruit TinyUSB Library\src" -IC:\Users\MacGuffin_\.platformio\packages\framework-arduinopico\cores\rp2040 -IC:\Users\MacGuffin_\.platformio\packages\framework-arduinopico\cores\rp2040\api\deprecated -IC:\Users\MacGuffin_\.platformio\packages\framework-arduinopico\cores\rp2040\api\deprecated-avr-comp -IC:\Users\MacGuffin_\.platformio\packages\framework-arduinopico\libraries\Adafruit_TinyUSB_Arduino\src\arduino -IC:\Users\MacGuffin_\.platformio\packages\framework-arduinopico\include -IC:\Users\MacGuffin_\.platformio\packages\framework-arduinopico\variants\adafruit_feather_usb_host ".pio\libdeps\adafruit_feather_usb_host\SdFat - Adafruit Fork\src\SpiDriver\SdSpiESP.cpp"
arm-none-eabi-g++ -o ".pio\build\adafruit_feather_usb_host\lib6ac\SdFat - Adafruit Fork\SpiDriver\SdSpiParticle.cpp.o" -c -fno-exceptions -fno-rtti -std=gnu++17 -Os -Werror=return-type -Wno-psabi -ffunction-sections -fdata-sections -march=armv6-m -mcpu=cortex-m0plus -mthumb -iprefixC:\Users\MacGuffin_\.platformio\packages\framework-arduinopico @C:\Users\MacGuffin_\.platformio\packages\framework-arduinopico\lib\rp2040\platform_inc.txt @C:\Users\MacGuffin_\.platformio\packages\framework-arduinopico\lib\core_inc.txt -DPLATFORMIO=60118 -DARDUINO_ADAFRUIT_FEATHER_RP2040_USB_HOST -DARDUINO_ARCH_RP2040 -DUSBD_MAX_POWER_MA=250 -DUSE_TINYUSB -DUSE_TINYUSB_HOST -DSH110X_NO_SPLASH -DARDUINO=10810 -DARDUINO_ARCH_RP2040 -DF_CPU=133000000L -DBOARD_NAME=\"adafruit_feather_usb_host\" -DARM_MATH_CM0_FAMILY -DARM_MATH_CM0_PLUS -DTARGET_RP2040 -DPICO_RP2040=1 -DPICO_FLASH_SIZE_BYTES=8388608 -DFILE_COPY_CONSTRUCTOR_SELECT=FILE_COPY_CONSTRUCTOR_PUBLIC -DUSE_UTF8_LONG_NAMES=1 -DDISABLE_FS_H_WARNING=1 -DCFG_TUSB_MCU=OPT_MCU_RP2040 -DUSB_VID=0x239A -DUSB_PID=0x8129 -DUSBD_VID=0x239A -DUSBD_PID=0x8129 -DUSB_MANUFACTURER=\"Adafruit\" "-DUSB_PRODUCT=\"Feather RP2040 USB Host\"" -DPICO_CYW43_ARCH_THREADSAFE_BACKGROUND=1 -DCYW43_LWIP=1 -DCYW43_PIO_CLOCK_DIV_DYNAMIC=1 -DLWIP_IPV4=1 -DLWIP_IGMP=1 -DLWIP_CHECKSUM_CTRL_PER_NETIF=1 -DLWIP_IPV6=0 -DARDUINO_VARIANT=\"adafruit_feather_usb_host\" "-I.pio\libdeps\adafruit_feather_usb_host\SdFat - Adafruit Fork\src" -IC:\Users\MacGuffin_\.platformio\packages\framework-arduinopico\libraries\SPI\src "-I.pio\libdeps\adafruit_feather_usb_host\Adafruit TinyUSB Library\src" -IC:\Users\MacGuffin_\.platformio\packages\framework-arduinopico\cores\rp2040 -IC:\Users\MacGuffin_\.platformio\packages\framework-arduinopico\cores\rp2040\api\deprecated -IC:\Users\MacGuffin_\.platformio\packages\framework-arduinopico\cores\rp2040\api\deprecated-avr-comp -IC:\Users\MacGuffin_\.platformio\packages\framework-arduinopico\libraries\Adafruit_TinyUSB_Arduino\src\arduino -IC:\Users\MacGuffin_\.platformio\packages\framework-arduinopico\include -IC:\Users\MacGuffin_\.platformio\packages\framework-arduinopico\variants\adafruit_feather_usb_host ".pio\libdeps\adafruit_feather_usb_host\SdFat - Adafruit Fork\src\SpiDriver\SdSpiParticle.cpp"
arm-none-eabi-g++ -o ".pio\build\adafruit_feather_usb_host\lib6ac\SdFat - Adafruit Fork\SpiDriver\SdSpiSTM32.cpp.o" -c -fno-exceptions -fno-rtti -std=gnu++17 -Os -Werror=return-type -Wno-psabi -ffunction-sections -fdata-sections -march=armv6-m -mcpu=cortex-m0plus -mthumb -iprefixC:\Users\MacGuffin_\.platformio\packages\framework-arduinopico @C:\Users\MacGuffin_\.platformio\packages\framework-arduinopico\lib\rp2040\platform_inc.txt @C:\Users\MacGuffin_\.platformio\packages\framework-arduinopico\lib\core_inc.txt -DPLATFORMIO=60118 -DARDUINO_ADAFRUIT_FEATHER_RP2040_USB_HOST -DARDUINO_ARCH_RP2040 -DUSBD_MAX_POWER_MA=250 -DUSE_TINYUSB -DUSE_TINYUSB_HOST -DSH110X_NO_SPLASH -DARDUINO=10810 -DARDUINO_ARCH_RP2040 -DF_CPU=133000000L -DBOARD_NAME=\"adafruit_feather_usb_host\" -DARM_MATH_CM0_FAMILY -DARM_MATH_CM0_PLUS -DTARGET_RP2040 -DPICO_RP2040=1 -DPICO_FLASH_SIZE_BYTES=8388608 -DFILE_COPY_CONSTRUCTOR_SELECT=FILE_COPY_CONSTRUCTOR_PUBLIC -DUSE_UTF8_LONG_NAMES=1 -DDISABLE_FS_H_WARNING=1 -DCFG_TUSB_MCU=OPT_MCU_RP2040 -DUSB_VID=0x239A -DUSB_PID=0x8129 -DUSBD_VID=0x239A -DUSBD_PID=0x8129 -DUSB_MANUFACTURER=\"Adafruit\" "-DUSB_PRODUCT=\"Feather RP2040 USB Host\"" -DPICO_CYW43_ARCH_THREADSAFE_BACKGROUND=1 -DCYW43_LWIP=1 -DCYW43_PIO_CLOCK_DIV_DYNAMIC=1 -DLWIP_IPV4=1 -DLWIP_IGMP=1 -DLWIP_CHECKSUM_CTRL_PER_NETIF=1 -DLWIP_IPV6=0 -DARDUINO_VARIANT=\"adafruit_feather_usb_host\" "-I.pio\libdeps\adafruit_feather_usb_host\SdFat - Adafruit Fork\src" -IC:\Users\MacGuffin_\.platformio\packages\framework-arduinopico\libraries\SPI\src "-I.pio\libdeps\adafruit_feather_usb_host\Adafruit TinyUSB Library\src" -IC:\Users\MacGuffin_\.platformio\packages\framework-arduinopico\cores\rp2040 -IC:\Users\MacGuffin_\.platformio\packages\framework-arduinopico\cores\rp2040\api\deprecated -IC:\Users\MacGuffin_\.platformio\packages\framework-arduinopico\cores\rp2040\api\deprecated-avr-comp -IC:\Users\MacGuffin_\.platformio\packages\framework-arduinopico\libraries\Adafruit_TinyUSB_Arduino\src\arduino -IC:\Users\MacGuffin_\.platformio\packages\framework-arduinopico\include -IC:\Users\MacGuffin_\.platformio\packages\framework-arduinopico\variants\adafruit_feather_usb_host ".pio\libdeps\adafruit_feather_usb_host\SdFat - Adafruit Fork\src\SpiDriver\SdSpiSTM32.cpp"
arm-none-eabi-g++ -o ".pio\build\adafruit_feather_usb_host\lib6ac\SdFat - Adafruit Fork\SpiDriver\SdSpiSTM32Core.cpp.o" -c -fno-exceptions -fno-rtti -std=gnu++17 -Os -Werror=return-type -Wno-psabi -ffunction-sections -fdata-sections -march=armv6-m -mcpu=cortex-m0plus -mthumb -iprefixC:\Users\MacGuffin_\.platformio\packages\framework-arduinopico @C:\Users\MacGuffin_\.platformio\packages\framework-arduinopico\lib\rp2040\platform_inc.txt @C:\Users\MacGuffin_\.platformio\packages\framework-arduinopico\lib\core_inc.txt -DPLATFORMIO=60118 -DARDUINO_ADAFRUIT_FEATHER_RP2040_USB_HOST -DARDUINO_ARCH_RP2040 -DUSBD_MAX_POWER_MA=250 -DUSE_TINYUSB -DUSE_TINYUSB_HOST -DSH110X_NO_SPLASH -DARDUINO=10810 -DARDUINO_ARCH_RP2040 -DF_CPU=133000000L -DBOARD_NAME=\"adafruit_feather_usb_host\" -DARM_MATH_CM0_FAMILY -DARM_MATH_CM0_PLUS -DTARGET_RP2040 -DPICO_RP2040=1 -DPICO_FLASH_SIZE_BYTES=8388608 -DFILE_COPY_CONSTRUCTOR_SELECT=FILE_COPY_CONSTRUCTOR_PUBLIC -DUSE_UTF8_LONG_NAMES=1 -DDISABLE_FS_H_WARNING=1 -DCFG_TUSB_MCU=OPT_MCU_RP2040 -DUSB_VID=0x239A -DUSB_PID=0x8129 -DUSBD_VID=0x239A -DUSBD_PID=0x8129 -DUSB_MANUFACTURER=\"Adafruit\" "-DUSB_PRODUCT=\"Feather RP2040 USB Host\"" -DPICO_CYW43_ARCH_THREADSAFE_BACKGROUND=1 -DCYW43_LWIP=1 -DCYW43_PIO_CLOCK_DIV_DYNAMIC=1 -DLWIP_IPV4=1 -DLWIP_IGMP=1 -DLWIP_CHECKSUM_CTRL_PER_NETIF=1 -DLWIP_IPV6=0 -DARDUINO_VARIANT=\"adafruit_feather_usb_host\" "-I.pio\libdeps\adafruit_feather_usb_host\SdFat - Adafruit Fork\src" -IC:\Users\MacGuffin_\.platformio\packages\framework-arduinopico\libraries\SPI\src "-I.pio\libdeps\adafruit_feather_usb_host\Adafruit TinyUSB Library\src" -IC:\Users\MacGuffin_\.platformio\packages\framework-arduinopico\cores\rp2040 -IC:\Users\MacGuffin_\.platformio\packages\framework-arduinopico\cores\rp2040\api\deprecated -IC:\Users\MacGuffin_\.platformio\packages\framework-arduinopico\cores\rp2040\api\deprecated-avr-comp -IC:\Users\MacGuffin_\.platformio\packages\framework-arduinopico\libraries\Adafruit_TinyUSB_Arduino\src\arduino -IC:\Users\MacGuffin_\.platformio\packages\framework-arduinopico\include -IC:\Users\MacGuffin_\.platformio\packages\framework-arduinopico\variants\adafruit_feather_usb_host ".pio\libdeps\adafruit_feather_usb_host\SdFat - Adafruit Fork\src\SpiDriver\SdSpiSTM32Core.cpp"
arm-none-eabi-g++ -o ".pio\build\adafruit_feather_usb_host\lib6ac\SdFat - Adafruit Fork\SpiDriver\SdSpiTeensy3.cpp.o" -c -fno-exceptions -fno-rtti -std=gnu++17 -Os -Werror=return-type -Wno-psabi -ffunction-sections -fdata-sections -march=armv6-m -mcpu=cortex-m0plus -mthumb -iprefixC:\Users\MacGuffin_\.platformio\packages\framework-arduinopico @C:\Users\MacGuffin_\.platformio\packages\framework-arduinopico\lib\rp2040\platform_inc.txt @C:\Users\MacGuffin_\.platformio\packages\framework-arduinopico\lib\core_inc.txt -DPLATFORMIO=60118 -DARDUINO_ADAFRUIT_FEATHER_RP2040_USB_HOST -DARDUINO_ARCH_RP2040 -DUSBD_MAX_POWER_MA=250 -DUSE_TINYUSB -DUSE_TINYUSB_HOST -DSH110X_NO_SPLASH -DARDUINO=10810 -DARDUINO_ARCH_RP2040 -DF_CPU=133000000L -DBOARD_NAME=\"adafruit_feather_usb_host\" -DARM_MATH_CM0_FAMILY -DARM_MATH_CM0_PLUS -DTARGET_RP2040 -DPICO_RP2040=1 -DPICO_FLASH_SIZE_BYTES=8388608 -DFILE_COPY_CONSTRUCTOR_SELECT=FILE_COPY_CONSTRUCTOR_PUBLIC -DUSE_UTF8_LONG_NAMES=1 -DDISABLE_FS_H_WARNING=1 -DCFG_TUSB_MCU=OPT_MCU_RP2040 -DUSB_VID=0x239A -DUSB_PID=0x8129 -DUSBD_VID=0x239A -DUSBD_PID=0x8129 -DUSB_MANUFACTURER=\"Adafruit\" "-DUSB_PRODUCT=\"Feather RP2040 USB Host\"" -DPICO_CYW43_ARCH_THREADSAFE_BACKGROUND=1 -DCYW43_LWIP=1 -DCYW43_PIO_CLOCK_DIV_DYNAMIC=1 -DLWIP_IPV4=1 -DLWIP_IGMP=1 -DLWIP_CHECKSUM_CTRL_PER_NETIF=1 -DLWIP_IPV6=0 -DARDUINO_VARIANT=\"adafruit_feather_usb_host\" "-I.pio\libdeps\adafruit_feather_usb_host\SdFat - Adafruit Fork\src" -IC:\Users\MacGuffin_\.platformio\packages\framework-arduinopico\libraries\SPI\src "-I.pio\libdeps\adafruit_feather_usb_host\Adafruit TinyUSB Library\src" -IC:\Users\MacGuffin_\.platformio\packages\framework-arduinopico\cores\rp2040 -IC:\Users\MacGuffin_\.platformio\packages\framework-arduinopico\cores\rp2040\api\deprecated -IC:\Users\MacGuffin_\.platformio\packages\framework-arduinopico\cores\rp2040\api\deprecated-avr-comp -IC:\Users\MacGuffin_\.platformio\packages\framework-arduinopico\libraries\Adafruit_TinyUSB_Arduino\src\arduino -IC:\Users\MacGuffin_\.platformio\packages\framework-arduinopico\include -IC:\Users\MacGuffin_\.platformio\packages\framework-arduinopico\variants\adafruit_feather_usb_host ".pio\libdeps\adafruit_feather_usb_host\SdFat - Adafruit Fork\src\SpiDriver\SdSpiTeensy3.cpp"
arm-none-eabi-g++ -o ".pio\build\adafruit_feather_usb_host\lib6ac\SdFat - Adafruit Fork\common\FmtNumber.cpp.o" -c -fno-exceptions -fno-rtti -std=gnu++17 -Os -Werror=return-type -Wno-psabi -ffunction-sections -fdata-sections -march=armv6-m -mcpu=cortex-m0plus -mthumb -iprefixC:\Users\MacGuffin_\.platformio\packages\framework-arduinopico @C:\Users\MacGuffin_\.platformio\packages\framework-arduinopico\lib\rp2040\platform_inc.txt @C:\Users\MacGuffin_\.platformio\packages\framework-arduinopico\lib\core_inc.txt -DPLATFORMIO=60118 -DARDUINO_ADAFRUIT_FEATHER_RP2040_USB_HOST -DARDUINO_ARCH_RP2040 -DUSBD_MAX_POWER_MA=250 -DUSE_TINYUSB -DUSE_TINYUSB_HOST -DSH110X_NO_SPLASH -DARDUINO=10810 -DARDUINO_ARCH_RP2040 -DF_CPU=133000000L -DBOARD_NAME=\"adafruit_feather_usb_host\" -DARM_MATH_CM0_FAMILY -DARM_MATH_CM0_PLUS -DTARGET_RP2040 -DPICO_RP2040=1 -DPICO_FLASH_SIZE_BYTES=8388608 -DFILE_COPY_CONSTRUCTOR_SELECT=FILE_COPY_CONSTRUCTOR_PUBLIC -DUSE_UTF8_LONG_NAMES=1 -DDISABLE_FS_H_WARNING=1 -DCFG_TUSB_MCU=OPT_MCU_RP2040 -DUSB_VID=0x239A -DUSB_PID=0x8129 -DUSBD_VID=0x239A -DUSBD_PID=0x8129 -DUSB_MANUFACTURER=\"Adafruit\" "-DUSB_PRODUCT=\"Feather RP2040 USB Host\"" -DPICO_CYW43_ARCH_THREADSAFE_BACKGROUND=1 -DCYW43_LWIP=1 -DCYW43_PIO_CLOCK_DIV_DYNAMIC=1 -DLWIP_IPV4=1 -DLWIP_IGMP=1 -DLWIP_CHECKSUM_CTRL_PER_NETIF=1 -DLWIP_IPV6=0 -DARDUINO_VARIANT=\"adafruit_feather_usb_host\" "-I.pio\libdeps\adafruit_feather_usb_host\SdFat - Adafruit Fork\src" -IC:\Users\MacGuffin_\.platformio\packages\framework-arduinopico\libraries\SPI\src "-I.pio\libdeps\adafruit_feather_usb_host\Adafruit TinyUSB Library\src" -IC:\Users\MacGuffin_\.platformio\packages\framework-arduinopico\cores\rp2040 -IC:\Users\MacGuffin_\.platformio\packages\framework-arduinopico\cores\rp2040\api\deprecated -IC:\Users\MacGuffin_\.platformio\packages\framework-arduinopico\cores\rp2040\api\deprecated-avr-comp -IC:\Users\MacGuffin_\.platformio\packages\framework-arduinopico\libraries\Adafruit_TinyUSB_Arduino\src\arduino -IC:\Users\MacGuffin_\.platformio\packages\framework-arduinopico\include -IC:\Users\MacGuffin_\.platformio\packages\framework-arduinopico\variants\adafruit_feather_usb_host ".pio\libdeps\adafruit_feather_usb_host\SdFat - Adafruit Fork\src\common\FmtNumber.cpp"
arm-none-eabi-g++ -o ".pio\build\adafruit_feather_usb_host\lib6ac\SdFat - Adafruit Fork\common\FsCache.cpp.o" -c -fno-exceptions -fno-rtti -std=gnu++17 -Os -Werror=return-type -Wno-psabi -ffunction-sections -fdata-sections -march=armv6-m -mcpu=cortex-m0plus -mthumb -iprefixC:\Users\MacGuffin_\.platformio\packages\framework-arduinopico @C:\Users\MacGuffin_\.platformio\packages\framework-arduinopico\lib\rp2040\platform_inc.txt @C:\Users\MacGuffin_\.platformio\packages\framework-arduinopico\lib\core_inc.txt -DPLATFORMIO=60118 -DARDUINO_ADAFRUIT_FEATHER_RP2040_USB_HOST -DARDUINO_ARCH_RP2040 -DUSBD_MAX_POWER_MA=250 -DUSE_TINYUSB -DUSE_TINYUSB_HOST -DSH110X_NO_SPLASH -DARDUINO=10810 -DARDUINO_ARCH_RP2040 -DF_CPU=133000000L -DBOARD_NAME=\"adafruit_feather_usb_host\" -DARM_MATH_CM0_FAMILY -DARM_MATH_CM0_PLUS -DTARGET_RP2040 -DPICO_RP2040=1 -DPICO_FLASH_SIZE_BYTES=8388608 -DFILE_COPY_CONSTRUCTOR_SELECT=FILE_COPY_CONSTRUCTOR_PUBLIC -DUSE_UTF8_LONG_NAMES=1 -DDISABLE_FS_H_WARNING=1 -DCFG_TUSB_MCU=OPT_MCU_RP2040 -DUSB_VID=0x239A -DUSB_PID=0x8129 -DUSBD_VID=0x239A -DUSBD_PID=0x8129 -DUSB_MANUFACTURER=\"Adafruit\" "-DUSB_PRODUCT=\"Feather RP2040 USB Host\"" -DPICO_CYW43_ARCH_THREADSAFE_BACKGROUND=1 -DCYW43_LWIP=1 -DCYW43_PIO_CLOCK_DIV_DYNAMIC=1 -DLWIP_IPV4=1 -DLWIP_IGMP=1 -DLWIP_CHECKSUM_CTRL_PER_NETIF=1 -DLWIP_IPV6=0 -DARDUINO_VARIANT=\"adafruit_feather_usb_host\" "-I.pio\libdeps\adafruit_feather_usb_host\SdFat - Adafruit Fork\src" -IC:\Users\MacGuffin_\.platformio\packages\framework-arduinopico\libraries\SPI\src "-I.pio\libdeps\adafruit_feather_usb_host\Adafruit TinyUSB Library\src" -IC:\Users\MacGuffin_\.platformio\packages\framework-arduinopico\cores\rp2040 -IC:\Users\MacGuffin_\.platformio\packages\framework-arduinopico\cores\rp2040\api\deprecated -IC:\Users\MacGuffin_\.platformio\packages\framework-arduinopico\cores\rp2040\api\deprecated-avr-comp -IC:\Users\MacGuffin_\.platformio\packages\framework-arduinopico\libraries\Adafruit_TinyUSB_Arduino\src\arduino -IC:\Users\MacGuffin_\.platformio\packages\framework-arduinopico\include -IC:\Users\MacGuffin_\.platformio\packages\framework-arduinopico\variants\adafruit_feather_usb_host ".pio\libdeps\adafruit_feather_usb_host\SdFat - Adafruit Fork\src\common\FsCache.cpp"
arm-none-eabi-g++ -o ".pio\build\adafruit_feather_usb_host\lib6ac\SdFat - Adafruit Fork\common\FsDateTime.cpp.o" -c -fno-exceptions -fno-rtti -std=gnu++17 -Os -Werror=return-type -Wno-psabi -ffunction-sections -fdata-sections -march=armv6-m -mcpu=cortex-m0plus -mthumb -iprefixC:\Users\MacGuffin_\.platformio\packages\framework-arduinopico @C:\Users\MacGuffin_\.platformio\packages\framework-arduinopico\lib\rp2040\platform_inc.txt @C:\Users\MacGuffin_\.platformio\packages\framework-arduinopico\lib\core_inc.txt -DPLATFORMIO=60118 -DARDUINO_ADAFRUIT_FEATHER_RP2040_USB_HOST -DARDUINO_ARCH_RP2040 -DUSBD_MAX_POWER_MA=250 -DUSE_TINYUSB -DUSE_TINYUSB_HOST -DSH110X_NO_SPLASH -DARDUINO=10810 -DARDUINO_ARCH_RP2040 -DF_CPU=133000000L -DBOARD_NAME=\"adafruit_feather_usb_host\" -DARM_MATH_CM0_FAMILY -DARM_MATH_CM0_PLUS -DTARGET_RP2040 -DPICO_RP2040=1 -DPICO_FLASH_SIZE_BYTES=8388608 -DFILE_COPY_CONSTRUCTOR_SELECT=FILE_COPY_CONSTRUCTOR_PUBLIC -DUSE_UTF8_LONG_NAMES=1 -DDISABLE_FS_H_WARNING=1 -DCFG_TUSB_MCU=OPT_MCU_RP2040 -DUSB_VID=0x239A -DUSB_PID=0x8129 -DUSBD_VID=0x239A -DUSBD_PID=0x8129 -DUSB_MANUFACTURER=\"Adafruit\" "-DUSB_PRODUCT=\"Feather RP2040 USB Host\"" -DPICO_CYW43_ARCH_THREADSAFE_BACKGROUND=1 -DCYW43_LWIP=1 -DCYW43_PIO_CLOCK_DIV_DYNAMIC=1 -DLWIP_IPV4=1 -DLWIP_IGMP=1 -DLWIP_CHECKSUM_CTRL_PER_NETIF=1 -DLWIP_IPV6=0 -DARDUINO_VARIANT=\"adafruit_feather_usb_host\" "-I.pio\libdeps\adafruit_feather_usb_host\SdFat - Adafruit Fork\src" -IC:\Users\MacGuffin_\.platformio\packages\framework-arduinopico\libraries\SPI\src "-I.pio\libdeps\adafruit_feather_usb_host\Adafruit TinyUSB Library\src" -IC:\Users\MacGuffin_\.platformio\packages\framework-arduinopico\cores\rp2040 -IC:\Users\MacGuffin_\.platformio\packages\framework-arduinopico\cores\rp2040\api\deprecated -IC:\Users\MacGuffin_\.platformio\packages\framework-arduinopico\cores\rp2040\api\deprecated-avr-comp -IC:\Users\MacGuffin_\.platformio\packages\framework-arduinopico\libraries\Adafruit_TinyUSB_Arduino\src\arduino -IC:\Users\MacGuffin_\.platformio\packages\framework-arduinopico\include -IC:\Users\MacGuffin_\.platformio\packages\framework-arduinopico\variants\adafruit_feather_usb_host ".pio\libdeps\adafruit_feather_usb_host\SdFat - Adafruit Fork\src\common\FsDateTime.cpp"
arm-none-eabi-g++ -o ".pio\build\adafruit_feather_usb_host\lib6ac\SdFat - Adafruit Fork\common\FsName.cpp.o" -c -fno-exceptions -fno-rtti -std=gnu++17 -Os -Werror=return-type -Wno-psabi -ffunction-sections -fdata-sections -march=armv6-m -mcpu=cortex-m0plus -mthumb -iprefixC:\Users\MacGuffin_\.platformio\packages\framework-arduinopico @C:\Users\MacGuffin_\.platformio\packages\framework-arduinopico\lib\rp2040\platform_inc.txt @C:\Users\MacGuffin_\.platformio\packages\framework-arduinopico\lib\core_inc.txt -DPLATFORMIO=60118 -DARDUINO_ADAFRUIT_FEATHER_RP2040_USB_HOST -DARDUINO_ARCH_RP2040 -DUSBD_MAX_POWER_MA=250 -DUSE_TINYUSB -DUSE_TINYUSB_HOST -DSH110X_NO_SPLASH -DARDUINO=10810 -DARDUINO_ARCH_RP2040 -DF_CPU=133000000L -DBOARD_NAME=\"adafruit_feather_usb_host\" -DARM_MATH_CM0_FAMILY -DARM_MATH_CM0_PLUS -DTARGET_RP2040 -DPICO_RP2040=1 -DPICO_FLASH_SIZE_BYTES=8388608 -DFILE_COPY_CONSTRUCTOR_SELECT=FILE_COPY_CONSTRUCTOR_PUBLIC -DUSE_UTF8_LONG_NAMES=1 -DDISABLE_FS_H_WARNING=1 -DCFG_TUSB_MCU=OPT_MCU_RP2040 -DUSB_VID=0x239A -DUSB_PID=0x8129 -DUSBD_VID=0x239A -DUSBD_PID=0x8129 -DUSB_MANUFACTURER=\"Adafruit\" "-DUSB_PRODUCT=\"Feather RP2040 USB Host\"" -DPICO_CYW43_ARCH_THREADSAFE_BACKGROUND=1 -DCYW43_LWIP=1 -DCYW43_PIO_CLOCK_DIV_DYNAMIC=1 -DLWIP_IPV4=1 -DLWIP_IGMP=1 -DLWIP_CHECKSUM_CTRL_PER_NETIF=1 -DLWIP_IPV6=0 -DARDUINO_VARIANT=\"adafruit_feather_usb_host\" "-I.pio\libdeps\adafruit_feather_usb_host\SdFat - Adafruit Fork\src" -IC:\Users\MacGuffin_\.platformio\packages\framework-arduinopico\libraries\SPI\src "-I.pio\libdeps\adafruit_feather_usb_host\Adafruit TinyUSB Library\src" -IC:\Users\MacGuffin_\.platformio\packages\framework-arduinopico\cores\rp2040 -IC:\Users\MacGuffin_\.platformio\packages\framework-arduinopico\cores\rp2040\api\deprecated -IC:\Users\MacGuffin_\.platformio\packages\framework-arduinopico\cores\rp2040\api\deprecated-avr-comp -IC:\Users\MacGuffin_\.platformio\packages\framework-arduinopico\libraries\Adafruit_TinyUSB_Arduino\src\arduino -IC:\Users\MacGuffin_\.platformio\packages\framework-arduinopico\include -IC:\Users\MacGuffin_\.platformio\packages\framework-arduinopico\variants\adafruit_feather_usb_host ".pio\libdeps\adafruit_feather_usb_host\SdFat - Adafruit Fork\src\common\FsName.cpp"
arm-none-eabi-g++ -o ".pio\build\adafruit_feather_usb_host\lib6ac\SdFat - Adafruit Fork\common\FsStructs.cpp.o" -c -fno-exceptions -fno-rtti -std=gnu++17 -Os -Werror=return-type -Wno-psabi -ffunction-sections -fdata-sections -march=armv6-m -mcpu=cortex-m0plus -mthumb -iprefixC:\Users\MacGuffin_\.platformio\packages\framework-arduinopico @C:\Users\MacGuffin_\.platformio\packages\framework-arduinopico\lib\rp2040\platform_inc.txt @C:\Users\MacGuffin_\.platformio\packages\framework-arduinopico\lib\core_inc.txt -DPLATFORMIO=60118 -DARDUINO_ADAFRUIT_FEATHER_RP2040_USB_HOST -DARDUINO_ARCH_RP2040 -DUSBD_MAX_POWER_MA=250 -DUSE_TINYUSB -DUSE_TINYUSB_HOST -DSH110X_NO_SPLASH -DARDUINO=10810 -DARDUINO_ARCH_RP2040 -DF_CPU=133000000L -DBOARD_NAME=\"adafruit_feather_usb_host\" -DARM_MATH_CM0_FAMILY -DARM_MATH_CM0_PLUS -DTARGET_RP2040 -DPICO_RP2040=1 -DPICO_FLASH_SIZE_BYTES=8388608 -DFILE_COPY_CONSTRUCTOR_SELECT=FILE_COPY_CONSTRUCTOR_PUBLIC -DUSE_UTF8_LONG_NAMES=1 -DDISABLE_FS_H_WARNING=1 -DCFG_TUSB_MCU=OPT_MCU_RP2040 -DUSB_VID=0x239A -DUSB_PID=0x8129 -DUSBD_VID=0x239A -DUSBD_PID=0x8129 -DUSB_MANUFACTURER=\"Adafruit\" "-DUSB_PRODUCT=\"Feather RP2040 USB Host\"" -DPICO_CYW43_ARCH_THREADSAFE_BACKGROUND=1 -DCYW43_LWIP=1 -DCYW43_PIO_CLOCK_DIV_DYNAMIC=1 -DLWIP_IPV4=1 -DLWIP_IGMP=1 -DLWIP_CHECKSUM_CTRL_PER_NETIF=1 -DLWIP_IPV6=0 -DARDUINO_VARIANT=\"adafruit_feather_usb_host\" "-I.pio\libdeps\adafruit_feather_usb_host\SdFat - Adafruit Fork\src" -IC:\Users\MacGuffin_\.platformio\packages\framework-arduinopico\libraries\SPI\src "-I.pio\libdeps\adafruit_feather_usb_host\Adafruit TinyUSB Library\src" -IC:\Users\MacGuffin_\.platformio\packages\framework-arduinopico\cores\rp2040 -IC:\Users\MacGuffin_\.platformio\packages\framework-arduinopico\cores\rp2040\api\deprecated -IC:\Users\MacGuffin_\.platformio\packages\framework-arduinopico\cores\rp2040\api\deprecated-avr-comp -IC:\Users\MacGuffin_\.platformio\packages\framework-arduinopico\libraries\Adafruit_TinyUSB_Arduino\src\arduino -IC:\Users\MacGuffin_\.platformio\packages\framework-arduinopico\include -IC:\Users\MacGuffin_\.platformio\packages\framework-arduinopico\variants\adafruit_feather_usb_host ".pio\libdeps\adafruit_feather_usb_host\SdFat - Adafruit Fork\src\common\FsStructs.cpp"
arm-none-eabi-g++ -o ".pio\build\adafruit_feather_usb_host\lib6ac\SdFat - Adafruit Fork\common\FsUtf.cpp.o" -c -fno-exceptions -fno-rtti -std=gnu++17 -Os -Werror=return-type -Wno-psabi -ffunction-sections -fdata-sections -march=armv6-m -mcpu=cortex-m0plus -mthumb -iprefixC:\Users\MacGuffin_\.platformio\packages\framework-arduinopico @C:\Users\MacGuffin_\.platformio\packages\framework-arduinopico\lib\rp2040\platform_inc.txt @C:\Users\MacGuffin_\.platformio\packages\framework-arduinopico\lib\core_inc.txt -DPLATFORMIO=60118 -DARDUINO_ADAFRUIT_FEATHER_RP2040_USB_HOST -DARDUINO_ARCH_RP2040 -DUSBD_MAX_POWER_MA=250 -DUSE_TINYUSB -DUSE_TINYUSB_HOST -DSH110X_NO_SPLASH -DARDUINO=10810 -DARDUINO_ARCH_RP2040 -DF_CPU=133000000L -DBOARD_NAME=\"adafruit_feather_usb_host\" -DARM_MATH_CM0_FAMILY -DARM_MATH_CM0_PLUS -DTARGET_RP2040 -DPICO_RP2040=1 -DPICO_FLASH_SIZE_BYTES=8388608 -DFILE_COPY_CONSTRUCTOR_SELECT=FILE_COPY_CONSTRUCTOR_PUBLIC -DUSE_UTF8_LONG_NAMES=1 -DDISABLE_FS_H_WARNING=1 -DCFG_TUSB_MCU=OPT_MCU_RP2040 -DUSB_VID=0x239A -DUSB_PID=0x8129 -DUSBD_VID=0x239A -DUSBD_PID=0x8129 -DUSB_MANUFACTURER=\"Adafruit\" "-DUSB_PRODUCT=\"Feather RP2040 USB Host\"" -DPICO_CYW43_ARCH_THREADSAFE_BACKGROUND=1 -DCYW43_LWIP=1 -DCYW43_PIO_CLOCK_DIV_DYNAMIC=1 -DLWIP_IPV4=1 -DLWIP_IGMP=1 -DLWIP_CHECKSUM_CTRL_PER_NETIF=1 -DLWIP_IPV6=0 -DARDUINO_VARIANT=\"adafruit_feather_usb_host\" "-I.pio\libdeps\adafruit_feather_usb_host\SdFat - Adafruit Fork\src" -IC:\Users\MacGuffin_\.platformio\packages\framework-arduinopico\libraries\SPI\src "-I.pio\libdeps\adafruit_feather_usb_host\Adafruit TinyUSB Library\src" -IC:\Users\MacGuffin_\.platformio\packages\framework-arduinopico\cores\rp2040 -IC:\Users\MacGuffin_\.platformio\packages\framework-arduinopico\cores\rp2040\api\deprecated -IC:\Users\MacGuffin_\.platformio\packages\framework-arduinopico\cores\rp2040\api\deprecated-avr-comp -IC:\Users\MacGuffin_\.platformio\packages\framework-arduinopico\libraries\Adafruit_TinyUSB_Arduino\src\arduino -IC:\Users\MacGuffin_\.platformio\packages\framework-arduinopico\include -IC:\Users\MacGuffin_\.platformio\packages\framework-arduinopico\variants\adafruit_feather_usb_host ".pio\libdeps\adafruit_feather_usb_host\SdFat - Adafruit Fork\src\common\FsUtf.cpp"
arm-none-eabi-g++ -o ".pio\build\adafruit_feather_usb_host\lib6ac\SdFat - Adafruit Fork\common\PrintBasic.cpp.o" -c -fno-exceptions -fno-rtti -std=gnu++17 -Os -Werror=return-type -Wno-psabi -ffunction-sections -fdata-sections -march=armv6-m -mcpu=cortex-m0plus -mthumb -iprefixC:\Users\MacGuffin_\.platformio\packages\framework-arduinopico @C:\Users\MacGuffin_\.platformio\packages\framework-arduinopico\lib\rp2040\platform_inc.txt @C:\Users\MacGuffin_\.platformio\packages\framework-arduinopico\lib\core_inc.txt -DPLATFORMIO=60118 -DARDUINO_ADAFRUIT_FEATHER_RP2040_USB_HOST -DARDUINO_ARCH_RP2040 -DUSBD_MAX_POWER_MA=250 -DUSE_TINYUSB -DUSE_TINYUSB_HOST -DSH110X_NO_SPLASH -DARDUINO=10810 -DARDUINO_ARCH_RP2040 -DF_CPU=133000000L -DBOARD_NAME=\"adafruit_feather_usb_host\" -DARM_MATH_CM0_FAMILY -DARM_MATH_CM0_PLUS -DTARGET_RP2040 -DPICO_RP2040=1 -DPICO_FLASH_SIZE_BYTES=8388608 -DFILE_COPY_CONSTRUCTOR_SELECT=FILE_COPY_CONSTRUCTOR_PUBLIC -DUSE_UTF8_LONG_NAMES=1 -DDISABLE_FS_H_WARNING=1 -DCFG_TUSB_MCU=OPT_MCU_RP2040 -DUSB_VID=0x239A -DUSB_PID=0x8129 -DUSBD_VID=0x239A -DUSBD_PID=0x8129 -DUSB_MANUFACTURER=\"Adafruit\" "-DUSB_PRODUCT=\"Feather RP2040 USB Host\"" -DPICO_CYW43_ARCH_THREADSAFE_BACKGROUND=1 -DCYW43_LWIP=1 -DCYW43_PIO_CLOCK_DIV_DYNAMIC=1 -DLWIP_IPV4=1 -DLWIP_IGMP=1 -DLWIP_CHECKSUM_CTRL_PER_NETIF=1 -DLWIP_IPV6=0 -DARDUINO_VARIANT=\"adafruit_feather_usb_host\" "-I.pio\libdeps\adafruit_feather_usb_host\SdFat - Adafruit Fork\src" -IC:\Users\MacGuffin_\.platformio\packages\framework-arduinopico\libraries\SPI\src "-I.pio\libdeps\adafruit_feather_usb_host\Adafruit TinyUSB Library\src" -IC:\Users\MacGuffin_\.platformio\packages\framework-arduinopico\cores\rp2040 -IC:\Users\MacGuffin_\.platformio\packages\framework-arduinopico\cores\rp2040\api\deprecated -IC:\Users\MacGuffin_\.platformio\packages\framework-arduinopico\cores\rp2040\api\deprecated-avr-comp -IC:\Users\MacGuffin_\.platformio\packages\framework-arduinopico\libraries\Adafruit_TinyUSB_Arduino\src\arduino -IC:\Users\MacGuffin_\.platformio\packages\framework-arduinopico\include -IC:\Users\MacGuffin_\.platformio\packages\framework-arduinopico\variants\adafruit_feather_usb_host ".pio\libdeps\adafruit_feather_usb_host\SdFat - Adafruit Fork\src\common\PrintBasic.cpp"
arm-none-eabi-g++ -o ".pio\build\adafruit_feather_usb_host\lib6ac\SdFat - Adafruit Fork\common\upcase.cpp.o" -c -fno-exceptions -fno-rtti -std=gnu++17 -Os -Werror=return-type -Wno-psabi -ffunction-sections -fdata-sections -march=armv6-m -mcpu=cortex-m0plus -mthumb -iprefixC:\Users\MacGuffin_\.platformio\packages\framework-arduinopico @C:\Users\MacGuffin_\.platformio\packages\framework-arduinopico\lib\rp2040\platform_inc.txt @C:\Users\MacGuffin_\.platformio\packages\framework-arduinopico\lib\core_inc.txt -DPLATFORMIO=60118 -DARDUINO_ADAFRUIT_FEATHER_RP2040_USB_HOST -DARDUINO_ARCH_RP2040 -DUSBD_MAX_POWER_MA=250 -DUSE_TINYUSB -DUSE_TINYUSB_HOST -DSH110X_NO_SPLASH -DARDUINO=10810 -DARDUINO_ARCH_RP2040 -DF_CPU=133000000L -DBOARD_NAME=\"adafruit_feather_usb_host\" -DARM_MATH_CM0_FAMILY -DARM_MATH_CM0_PLUS -DTARGET_RP2040 -DPICO_RP2040=1 -DPICO_FLASH_SIZE_BYTES=8388608 -DFILE_COPY_CONSTRUCTOR_SELECT=FILE_COPY_CONSTRUCTOR_PUBLIC -DUSE_UTF8_LONG_NAMES=1 -DDISABLE_FS_H_WARNING=1 -DCFG_TUSB_MCU=OPT_MCU_RP2040 -DUSB_VID=0x239A -DUSB_PID=0x8129 -DUSBD_VID=0x239A -DUSBD_PID=0x8129 -DUSB_MANUFACTURER=\"Adafruit\" "-DUSB_PRODUCT=\"Feather RP2040 USB Host\"" -DPICO_CYW43_ARCH_THREADSAFE_BACKGROUND=1 -DCYW43_LWIP=1 -DCYW43_PIO_CLOCK_DIV_DYNAMIC=1 -DLWIP_IPV4=1 -DLWIP_IGMP=1 -DLWIP_CHECKSUM_CTRL_PER_NETIF=1 -DLWIP_IPV6=0 -DARDUINO_VARIANT=\"adafruit_feather_usb_host\" "-I.pio\libdeps\adafruit_feather_usb_host\SdFat - Adafruit Fork\src" -IC:\Users\MacGuffin_\.platformio\packages\framework-arduinopico\libraries\SPI\src "-I.pio\libdeps\adafruit_feather_usb_host\Adafruit TinyUSB Library\src" -IC:\Users\MacGuffin_\.platformio\packages\framework-arduinopico\cores\rp2040 -IC:\Users\MacGuffin_\.platformio\packages\framework-arduinopico\cores\rp2040\api\deprecated -IC:\Users\MacGuffin_\.platformio\packages\framework-arduinopico\cores\rp2040\api\deprecated-avr-comp -IC:\Users\MacGuffin_\.platformio\packages\framework-arduinopico\libraries\Adafruit_TinyUSB_Arduino\src\arduino -IC:\Users\MacGuffin_\.platformio\packages\framework-arduinopico\include -IC:\Users\MacGuffin_\.platformio\packages\framework-arduinopico\variants\adafruit_feather_usb_host ".pio\libdeps\adafruit_feather_usb_host\SdFat - Adafruit Fork\src\common\upcase.cpp"
arm-none-eabi-g++ -o ".pio\build\adafruit_feather_usb_host\lib6ac\SdFat - Adafruit Fork\iostream\StdioStream.cpp.o" -c -fno-exceptions -fno-rtti -std=gnu++17 -Os -Werror=return-type -Wno-psabi -ffunction-sections -fdata-sections -march=armv6-m -mcpu=cortex-m0plus -mthumb -iprefixC:\Users\MacGuffin_\.platformio\packages\framework-arduinopico @C:\Users\MacGuffin_\.platformio\packages\framework-arduinopico\lib\rp2040\platform_inc.txt @C:\Users\MacGuffin_\.platformio\packages\framework-arduinopico\lib\core_inc.txt -DPLATFORMIO=60118 -DARDUINO_ADAFRUIT_FEATHER_RP2040_USB_HOST -DARDUINO_ARCH_RP2040 -DUSBD_MAX_POWER_MA=250 -DUSE_TINYUSB -DUSE_TINYUSB_HOST -DSH110X_NO_SPLASH -DARDUINO=10810 -DARDUINO_ARCH_RP2040 -DF_CPU=133000000L -DBOARD_NAME=\"adafruit_feather_usb_host\" -DARM_MATH_CM0_FAMILY -DARM_MATH_CM0_PLUS -DTARGET_RP2040 -DPICO_RP2040=1 -DPICO_FLASH_SIZE_BYTES=8388608 -DFILE_COPY_CONSTRUCTOR_SELECT=FILE_COPY_CONSTRUCTOR_PUBLIC -DUSE_UTF8_LONG_NAMES=1 -DDISABLE_FS_H_WARNING=1 -DCFG_TUSB_MCU=OPT_MCU_RP2040 -DUSB_VID=0x239A -DUSB_PID=0x8129 -DUSBD_VID=0x239A -DUSBD_PID=0x8129 -DUSB_MANUFACTURER=\"Adafruit\" "-DUSB_PRODUCT=\"Feather RP2040 USB Host\"" -DPICO_CYW43_ARCH_THREADSAFE_BACKGROUND=1 -DCYW43_LWIP=1 -DCYW43_PIO_CLOCK_DIV_DYNAMIC=1 -DLWIP_IPV4=1 -DLWIP_IGMP=1 -DLWIP_CHECKSUM_CTRL_PER_NETIF=1 -DLWIP_IPV6=0 -DARDUINO_VARIANT=\"adafruit_feather_usb_host\" "-I.pio\libdeps\adafruit_feather_usb_host\SdFat - Adafruit Fork\src" -IC:\Users\MacGuffin_\.platformio\packages\framework-arduinopico\libraries\SPI\src "-I.pio\libdeps\adafruit_feather_usb_host\Adafruit TinyUSB Library\src" -IC:\Users\MacGuffin_\.platformio\packages\framework-arduinopico\cores\rp2040 -IC:\Users\MacGuffin_\.platformio\packages\framework-arduinopico\cores\rp2040\api\deprecated -IC:\Users\MacGuffin_\.platformio\packages\framework-arduinopico\cores\rp2040\api\deprecated-avr-comp -IC:\Users\MacGuffin_\.platformio\packages\framework-arduinopico\libraries\Adafruit_TinyUSB_Arduino\src\arduino -IC:\Users\MacGuffin_\.platformio\packages\framework-arduinopico\include -IC:\Users\MacGuffin_\.platformio\packages\framework-arduinopico\variants\adafruit_feather_usb_host ".pio\libdeps\adafruit_feather_usb_host\SdFat - Adafruit Fork\src\iostream\StdioStream.cpp"
arm-none-eabi-g++ -o ".pio\build\adafruit_feather_usb_host\lib6ac\SdFat - Adafruit Fork\iostream\StreamBaseClass.cpp.o" -c -fno-exceptions -fno-rtti -std=gnu++17 -Os -Werror=return-type -Wno-psabi -ffunction-sections -fdata-sections -march=armv6-m -mcpu=cortex-m0plus -mthumb -iprefixC:\Users\MacGuffin_\.platformio\packages\framework-arduinopico @C:\Users\MacGuffin_\.platformio\packages\framework-arduinopico\lib\rp2040\platform_inc.txt @C:\Users\MacGuffin_\.platformio\packages\framework-arduinopico\lib\core_inc.txt -DPLATFORMIO=60118 -DARDUINO_ADAFRUIT_FEATHER_RP2040_USB_HOST -DARDUINO_ARCH_RP2040 -DUSBD_MAX_POWER_MA=250 -DUSE_TINYUSB -DUSE_TINYUSB_HOST -DSH110X_NO_SPLASH -DARDUINO=10810 -DARDUINO_ARCH_RP2040 -DF_CPU=133000000L -DBOARD_NAME=\"adafruit_feather_usb_host\" -DARM_MATH_CM0_FAMILY -DARM_MATH_CM0_PLUS -DTARGET_RP2040 -DPICO_RP2040=1 -DPICO_FLASH_SIZE_BYTES=8388608 -DFILE_COPY_CONSTRUCTOR_SELECT=FILE_COPY_CONSTRUCTOR_PUBLIC -DUSE_UTF8_LONG_NAMES=1 -DDISABLE_FS_H_WARNING=1 -DCFG_TUSB_MCU=OPT_MCU_RP2040 -DUSB_VID=0x239A -DUSB_PID=0x8129 -DUSBD_VID=0x239A -DUSBD_PID=0x8129 -DUSB_MANUFACTURER=\"Adafruit\" "-DUSB_PRODUCT=\"Feather RP2040 USB Host\"" -DPICO_CYW43_ARCH_THREADSAFE_BACKGROUND=1 -DCYW43_LWIP=1 -DCYW43_PIO_CLOCK_DIV_DYNAMIC=1 -DLWIP_IPV4=1 -DLWIP_IGMP=1 -DLWIP_CHECKSUM_CTRL_PER_NETIF=1 -DLWIP_IPV6=0 -DARDUINO_VARIANT=\"adafruit_feather_usb_host\" "-I.pio\libdeps\adafruit_feather_usb_host\SdFat - Adafruit Fork\src" -IC:\Users\MacGuffin_\.platformio\packages\framework-arduinopico\libraries\SPI\src "-I.pio\libdeps\adafruit_feather_usb_host\Adafruit TinyUSB Library\src" -IC:\Users\MacGuffin_\.platformio\packages\framework-arduinopico\cores\rp2040 -IC:\Users\MacGuffin_\.platformio\packages\framework-arduinopico\cores\rp2040\api\deprecated -IC:\Users\MacGuffin_\.platformio\packages\framework-arduinopico\cores\rp2040\api\deprecated-avr-comp -IC:\Users\MacGuffin_\.platformio\packages\framework-arduinopico\libraries\Adafruit_TinyUSB_Arduino\src\arduino -IC:\Users\MacGuffin_\.platformio\packages\framework-arduinopico\include -IC:\Users\MacGuffin_\.platformio\packages\framework-arduinopico\variants\adafruit_feather_usb_host ".pio\libdeps\adafruit_feather_usb_host\SdFat - Adafruit Fork\src\iostream\StreamBaseClass.cpp"
arm-none-eabi-g++ -o ".pio\build\adafruit_feather_usb_host\lib6ac\SdFat - Adafruit Fork\iostream\istream.cpp.o" -c -fno-exceptions -fno-rtti -std=gnu++17 -Os -Werror=return-type -Wno-psabi -ffunction-sections -fdata-sections -march=armv6-m -mcpu=cortex-m0plus -mthumb -iprefixC:\Users\MacGuffin_\.platformio\packages\framework-arduinopico @C:\Users\MacGuffin_\.platformio\packages\framework-arduinopico\lib\rp2040\platform_inc.txt @C:\Users\MacGuffin_\.platformio\packages\framework-arduinopico\lib\core_inc.txt -DPLATFORMIO=60118 -DARDUINO_ADAFRUIT_FEATHER_RP2040_USB_HOST -DARDUINO_ARCH_RP2040 -DUSBD_MAX_POWER_MA=250 -DUSE_TINYUSB -DUSE_TINYUSB_HOST -DSH110X_NO_SPLASH -DARDUINO=10810 -DARDUINO_ARCH_RP2040 -DF_CPU=133000000L -DBOARD_NAME=\"adafruit_feather_usb_host\" -DARM_MATH_CM0_FAMILY -DARM_MATH_CM0_PLUS -DTARGET_RP2040 -DPICO_RP2040=1 -DPICO_FLASH_SIZE_BYTES=8388608 -DFILE_COPY_CONSTRUCTOR_SELECT=FILE_COPY_CONSTRUCTOR_PUBLIC -DUSE_UTF8_LONG_NAMES=1 -DDISABLE_FS_H_WARNING=1 -DCFG_TUSB_MCU=OPT_MCU_RP2040 -DUSB_VID=0x239A -DUSB_PID=0x8129 -DUSBD_VID=0x239A -DUSBD_PID=0x8129 -DUSB_MANUFACTURER=\"Adafruit\" "-DUSB_PRODUCT=\"Feather RP2040 USB Host\"" -DPICO_CYW43_ARCH_THREADSAFE_BACKGROUND=1 -DCYW43_LWIP=1 -DCYW43_PIO_CLOCK_DIV_DYNAMIC=1 -DLWIP_IPV4=1 -DLWIP_IGMP=1 -DLWIP_CHECKSUM_CTRL_PER_NETIF=1 -DLWIP_IPV6=0 -DARDUINO_VARIANT=\"adafruit_feather_usb_host\" "-I.pio\libdeps\adafruit_feather_usb_host\SdFat - Adafruit Fork\src" -IC:\Users\MacGuffin_\.platformio\packages\framework-arduinopico\libraries\SPI\src "-I.pio\libdeps\adafruit_feather_usb_host\Adafruit TinyUSB Library\src" -IC:\Users\MacGuffin_\.platformio\packages\framework-arduinopico\cores\rp2040 -IC:\Users\MacGuffin_\.platformio\packages\framework-arduinopico\cores\rp2040\api\deprecated -IC:\Users\MacGuffin_\.platformio\packages\framework-arduinopico\cores\rp2040\api\deprecated-avr-comp -IC:\Users\MacGuffin_\.platformio\packages\framework-arduinopico\libraries\Adafruit_TinyUSB_Arduino\src\arduino -IC:\Users\MacGuffin_\.platformio\packages\framework-arduinopico\include -IC:\Users\MacGuffin_\.platformio\packages\framework-arduinopico\variants\adafruit_feather_usb_host ".pio\libdeps\adafruit_feather_usb_host\SdFat - Adafruit Fork\src\iostream\istream.cpp"
arm-none-eabi-g++ -o ".pio\build\adafruit_feather_usb_host\lib6ac\SdFat - Adafruit Fork\iostream\ostream.cpp.o" -c -fno-exceptions -fno-rtti -std=gnu++17 -Os -Werror=return-type -Wno-psabi -ffunction-sections -fdata-sections -march=armv6-m -mcpu=cortex-m0plus -mthumb -iprefixC:\Users\MacGuffin_\.platformio\packages\framework-arduinopico @C:\Users\MacGuffin_\.platformio\packages\framework-arduinopico\lib\rp2040\platform_inc.txt @C:\Users\MacGuffin_\.platformio\packages\framework-arduinopico\lib\core_inc.txt -DPLATFORMIO=60118 -DARDUINO_ADAFRUIT_FEATHER_RP2040_USB_HOST -DARDUINO_ARCH_RP2040 -DUSBD_MAX_POWER_MA=250 -DUSE_TINYUSB -DUSE_TINYUSB_HOST -DSH110X_NO_SPLASH -DARDUINO=10810 -DARDUINO_ARCH_RP2040 -DF_CPU=133000000L -DBOARD_NAME=\"adafruit_feather_usb_host\" -DARM_MATH_CM0_FAMILY -DARM_MATH_CM0_PLUS -DTARGET_RP2040 -DPICO_RP2040=1 -DPICO_FLASH_SIZE_BYTES=8388608 -DFILE_COPY_CONSTRUCTOR_SELECT=FILE_COPY_CONSTRUCTOR_PUBLIC -DUSE_UTF8_LONG_NAMES=1 -DDISABLE_FS_H_WARNING=1 -DCFG_TUSB_MCU=OPT_MCU_RP2040 -DUSB_VID=0x239A -DUSB_PID=0x8129 -DUSBD_VID=0x239A -DUSBD_PID=0x8129 -DUSB_MANUFACTURER=\"Adafruit\" "-DUSB_PRODUCT=\"Feather RP2040 USB Host\"" -DPICO_CYW43_ARCH_THREADSAFE_BACKGROUND=1 -DCYW43_LWIP=1 -DCYW43_PIO_CLOCK_DIV_DYNAMIC=1 -DLWIP_IPV4=1 -DLWIP_IGMP=1 -DLWIP_CHECKSUM_CTRL_PER_NETIF=1 -DLWIP_IPV6=0 -DARDUINO_VARIANT=\"adafruit_feather_usb_host\" "-I.pio\libdeps\adafruit_feather_usb_host\SdFat - Adafruit Fork\src" -IC:\Users\MacGuffin_\.platformio\packages\framework-arduinopico\libraries\SPI\src "-I.pio\libdeps\adafruit_feather_usb_host\Adafruit TinyUSB Library\src" -IC:\Users\MacGuffin_\.platformio\packages\framework-arduinopico\cores\rp2040 -IC:\Users\MacGuffin_\.platformio\packages\framework-arduinopico\cores\rp2040\api\deprecated -IC:\Users\MacGuffin_\.platformio\packages\framework-arduinopico\cores\rp2040\api\deprecated-avr-comp -IC:\Users\MacGuffin_\.platformio\packages\framework-arduinopico\libraries\Adafruit_TinyUSB_Arduino\src\arduino -IC:\Users\MacGuffin_\.platformio\packages\framework-arduinopico\include -IC:\Users\MacGuffin_\.platformio\packages\framework-arduinopico\variants\adafruit_feather_usb_host ".pio\libdeps\adafruit_feather_usb_host\SdFat - Adafruit Fork\src\iostream\ostream.cpp"
arm-none-eabi-gcc -o ".pio\build\adafruit_feather_usb_host\lib9da\Pico PIO USB\pio_usb.c.o" -c -std=gnu17 -Os -Werror=return-type -Wno-psabi -ffunction-sections -fdata-sections -march=armv6-m -mcpu=cortex-m0plus -mthumb -iprefixC:\Users\MacGuffin_\.platformio\packages\framework-arduinopico @C:\Users\MacGuffin_\.platformio\packages\framework-arduinopico\lib\rp2040\platform_inc.txt @C:\Users\MacGuffin_\.platformio\packages\framework-arduinopico\lib\core_inc.txt -DPLATFORMIO=60118 -DARDUINO_ADAFRUIT_FEATHER_RP2040_USB_HOST -DARDUINO_ARCH_RP2040 -DUSBD_MAX_POWER_MA=250 -DUSE_TINYUSB -DUSE_TINYUSB_HOST -DSH110X_NO_SPLASH -DARDUINO=10810 -DARDUINO_ARCH_RP2040 -DF_CPU=133000000L -DBOARD_NAME=\"adafruit_feather_usb_host\" -DARM_MATH_CM0_FAMILY -DARM_MATH_CM0_PLUS -DTARGET_RP2040 -DPICO_RP2040=1 -DPICO_FLASH_SIZE_BYTES=8388608 -DFILE_COPY_CONSTRUCTOR_SELECT=FILE_COPY_CONSTRUCTOR_PUBLIC -DUSE_UTF8_LONG_NAMES=1 -DDISABLE_FS_H_WARNING=1 -DCFG_TUSB_MCU=OPT_MCU_RP2040 -DUSB_VID=0x239A -DUSB_PID=0x8129 -DUSBD_VID=0x239A -DUSBD_PID=0x8129 -DUSB_MANUFACTURER=\"Adafruit\" "-DUSB_PRODUCT=\"Feather RP2040 USB Host\"" -DPICO_CYW43_ARCH_THREADSAFE_BACKGROUND=1 -DCYW43_LWIP=1 -DCYW43_PIO_CLOCK_DIV_DYNAMIC=1 -DLWIP_IPV4=1 -DLWIP_IGMP=1 -DLWIP_CHECKSUM_CTRL_PER_NETIF=1 -DLWIP_IPV6=0 -DARDUINO_VARIANT=\"adafruit_feather_usb_host\" "-I.pio\libdeps\adafruit_feather_usb_host\Pico PIO USB\src" -IC:\Users\MacGuffin_\.platformio\packages\framework-arduinopico\cores\rp2040 -IC:\Users\MacGuffin_\.platformio\packages\framework-arduinopico\cores\rp2040\api\deprecated -IC:\Users\MacGuffin_\.platformio\packages\framework-arduinopico\cores\rp2040\api\deprecated-avr-comp -IC:\Users\MacGuffin_\.platformio\packages\framework-arduinopico\libraries\Adafruit_TinyUSB_Arduino\src\arduino -IC:\Users\MacGuffin_\.platformio\packages\framework-arduinopico\include -IC:\Users\MacGuffin_\.platformio\packages\framework-arduinopico\variants\adafruit_feather_usb_host ".pio\libdeps\adafruit_feather_usb_host\Pico PIO USB\src\pio_usb.c"
arm-none-eabi-gcc -o ".pio\build\adafruit_feather_usb_host\lib9da\Pico PIO USB\pio_usb_device.c.o" -c -std=gnu17 -Os -Werror=return-type -Wno-psabi -ffunction-sections -fdata-sections -march=armv6-m -mcpu=cortex-m0plus -mthumb -iprefixC:\Users\MacGuffin_\.platformio\packages\framework-arduinopico @C:\Users\MacGuffin_\.platformio\packages\framework-arduinopico\lib\rp2040\platform_inc.txt @C:\Users\MacGuffin_\.platformio\packages\framework-arduinopico\lib\core_inc.txt -DPLATFORMIO=60118 -DARDUINO_ADAFRUIT_FEATHER_RP2040_USB_HOST -DARDUINO_ARCH_RP2040 -DUSBD_MAX_POWER_MA=250 -DUSE_TINYUSB -DUSE_TINYUSB_HOST -DSH110X_NO_SPLASH -DARDUINO=10810 -DARDUINO_ARCH_RP2040 -DF_CPU=133000000L -DBOARD_NAME=\"adafruit_feather_usb_host\" -DARM_MATH_CM0_FAMILY -DARM_MATH_CM0_PLUS -DTARGET_RP2040 -DPICO_RP2040=1 -DPICO_FLASH_SIZE_BYTES=8388608 -DFILE_COPY_CONSTRUCTOR_SELECT=FILE_COPY_CONSTRUCTOR_PUBLIC -DUSE_UTF8_LONG_NAMES=1 -DDISABLE_FS_H_WARNING=1 -DCFG_TUSB_MCU=OPT_MCU_RP2040 -DUSB_VID=0x239A -DUSB_PID=0x8129 -DUSBD_VID=0x239A -DUSBD_PID=0x8129 -DUSB_MANUFACTURER=\"Adafruit\" "-DUSB_PRODUCT=\"Feather RP2040 USB Host\"" -DPICO_CYW43_ARCH_THREADSAFE_BACKGROUND=1 -DCYW43_LWIP=1 -DCYW43_PIO_CLOCK_DIV_DYNAMIC=1 -DLWIP_IPV4=1 -DLWIP_IGMP=1 -DLWIP_CHECKSUM_CTRL_PER_NETIF=1 -DLWIP_IPV6=0 -DARDUINO_VARIANT=\"adafruit_feather_usb_host\" "-I.pio\libdeps\adafruit_feather_usb_host\Pico PIO USB\src" -IC:\Users\MacGuffin_\.platformio\packages\framework-arduinopico\cores\rp2040 -IC:\Users\MacGuffin_\.platformio\packages\framework-arduinopico\cores\rp2040\api\deprecated -IC:\Users\MacGuffin_\.platformio\packages\framework-arduinopico\cores\rp2040\api\deprecated-avr-comp -IC:\Users\MacGuffin_\.platformio\packages\framework-arduinopico\libraries\Adafruit_TinyUSB_Arduino\src\arduino -IC:\Users\MacGuffin_\.platformio\packages\framework-arduinopico\include -IC:\Users\MacGuffin_\.platformio\packages\framework-arduinopico\variants\adafruit_feather_usb_host ".pio\libdeps\adafruit_feather_usb_host\Pico PIO USB\src\pio_usb_device.c"
arm-none-eabi-gcc -o ".pio\build\adafruit_feather_usb_host\lib9da\Pico PIO USB\pio_usb_host.c.o" -c -std=gnu17 -Os -Werror=return-type -Wno-psabi -ffunction-sections -fdata-sections -march=armv6-m -mcpu=cortex-m0plus -mthumb -iprefixC:\Users\MacGuffin_\.platformio\packages\framework-arduinopico @C:\Users\MacGuffin_\.platformio\packages\framework-arduinopico\lib\rp2040\platform_inc.txt @C:\Users\MacGuffin_\.platformio\packages\framework-arduinopico\lib\core_inc.txt -DPLATFORMIO=60118 -DARDUINO_ADAFRUIT_FEATHER_RP2040_USB_HOST -DARDUINO_ARCH_RP2040 -DUSBD_MAX_POWER_MA=250 -DUSE_TINYUSB -DUSE_TINYUSB_HOST -DSH110X_NO_SPLASH -DARDUINO=10810 -DARDUINO_ARCH_RP2040 -DF_CPU=133000000L -DBOARD_NAME=\"adafruit_feather_usb_host\" -DARM_MATH_CM0_FAMILY -DARM_MATH_CM0_PLUS -DTARGET_RP2040 -DPICO_RP2040=1 -DPICO_FLASH_SIZE_BYTES=8388608 -DFILE_COPY_CONSTRUCTOR_SELECT=FILE_COPY_CONSTRUCTOR_PUBLIC -DUSE_UTF8_LONG_NAMES=1 -DDISABLE_FS_H_WARNING=1 -DCFG_TUSB_MCU=OPT_MCU_RP2040 -DUSB_VID=0x239A -DUSB_PID=0x8129 -DUSBD_VID=0x239A -DUSBD_PID=0x8129 -DUSB_MANUFACTURER=\"Adafruit\" "-DUSB_PRODUCT=\"Feather RP2040 USB Host\"" -DPICO_CYW43_ARCH_THREADSAFE_BACKGROUND=1 -DCYW43_LWIP=1 -DCYW43_PIO_CLOCK_DIV_DYNAMIC=1 -DLWIP_IPV4=1 -DLWIP_IGMP=1 -DLWIP_CHECKSUM_CTRL_PER_NETIF=1 -DLWIP_IPV6=0 -DARDUINO_VARIANT=\"adafruit_feather_usb_host\" "-I.pio\libdeps\adafruit_feather_usb_host\Pico PIO USB\src" -IC:\Users\MacGuffin_\.platformio\packages\framework-arduinopico\cores\rp2040 -IC:\Users\MacGuffin_\.platformio\packages\framework-arduinopico\cores\rp2040\api\deprecated -IC:\Users\MacGuffin_\.platformio\packages\framework-arduinopico\cores\rp2040\api\deprecated-avr-comp -IC:\Users\MacGuffin_\.platformio\packages\framework-arduinopico\libraries\Adafruit_TinyUSB_Arduino\src\arduino -IC:\Users\MacGuffin_\.platformio\packages\framework-arduinopico\include -IC:\Users\MacGuffin_\.platformio\packages\framework-arduinopico\variants\adafruit_feather_usb_host ".pio\libdeps\adafruit_feather_usb_host\Pico PIO USB\src\pio_usb_host.c"
arm-none-eabi-gcc -o ".pio\build\adafruit_feather_usb_host\lib9da\Pico PIO USB\usb_crc.c.o" -c -std=gnu17 -Os -Werror=return-type -Wno-psabi -ffunction-sections -fdata-sections -march=armv6-m -mcpu=cortex-m0plus -mthumb -iprefixC:\Users\MacGuffin_\.platformio\packages\framework-arduinopico @C:\Users\MacGuffin_\.platformio\packages\framework-arduinopico\lib\rp2040\platform_inc.txt @C:\Users\MacGuffin_\.platformio\packages\framework-arduinopico\lib\core_inc.txt -DPLATFORMIO=60118 -DARDUINO_ADAFRUIT_FEATHER_RP2040_USB_HOST -DARDUINO_ARCH_RP2040 -DUSBD_MAX_POWER_MA=250 -DUSE_TINYUSB -DUSE_TINYUSB_HOST -DSH110X_NO_SPLASH -DARDUINO=10810 -DARDUINO_ARCH_RP2040 -DF_CPU=133000000L -DBOARD_NAME=\"adafruit_feather_usb_host\" -DARM_MATH_CM0_FAMILY -DARM_MATH_CM0_PLUS -DTARGET_RP2040 -DPICO_RP2040=1 -DPICO_FLASH_SIZE_BYTES=8388608 -DFILE_COPY_CONSTRUCTOR_SELECT=FILE_COPY_CONSTRUCTOR_PUBLIC -DUSE_UTF8_LONG_NAMES=1 -DDISABLE_FS_H_WARNING=1 -DCFG_TUSB_MCU=OPT_MCU_RP2040 -DUSB_VID=0x239A -DUSB_PID=0x8129 -DUSBD_VID=0x239A -DUSBD_PID=0x8129 -DUSB_MANUFACTURER=\"Adafruit\" "-DUSB_PRODUCT=\"Feather RP2040 USB Host\"" -DPICO_CYW43_ARCH_THREADSAFE_BACKGROUND=1 -DCYW43_LWIP=1 -DCYW43_PIO_CLOCK_DIV_DYNAMIC=1 -DLWIP_IPV4=1 -DLWIP_IGMP=1 -DLWIP_CHECKSUM_CTRL_PER_NETIF=1 -DLWIP_IPV6=0 -DARDUINO_VARIANT=\"adafruit_feather_usb_host\" "-I.pio\libdeps\adafruit_feather_usb_host\Pico PIO USB\src" -IC:\Users\MacGuffin_\.platformio\packages\framework-arduinopico\cores\rp2040 -IC:\Users\MacGuffin_\.platformio\packages\framework-arduinopico\cores\rp2040\api\deprecated -IC:\Users\MacGuffin_\.platformio\packages\framework-arduinopico\cores\rp2040\api\deprecated-avr-comp -IC:\Users\MacGuffin_\.platformio\packages\framework-arduinopico\libraries\Adafruit_TinyUSB_Arduino\src\arduino -IC:\Users\MacGuffin_\.platformio\packages\framework-arduinopico\include -IC:\Users\MacGuffin_\.platformio\packages\framework-arduinopico\variants\adafruit_feather_usb_host ".pio\libdeps\adafruit_feather_usb_host\Pico PIO USB\src\usb_crc.c"
arm-none-eabi-g++ -o ".pio\build\adafruit_feather_usb_host\lib43d\Adafruit TinyUSB Library\arduino\Adafruit_TinyUSB_API.cpp.o" -c -fno-exceptions -fno-rtti -std=gnu++17 -Os -Werror=return-type -Wno-psabi -ffunction-sections -fdata-sections -march=armv6-m -mcpu=cortex-m0plus -mthumb -iprefixC:\Users\MacGuffin_\.platformio\packages\framework-arduinopico @C:\Users\MacGuffin_\.platformio\packages\framework-arduinopico\lib\rp2040\platform_inc.txt @C:\Users\MacGuffin_\.platformio\packages\framework-arduinopico\lib\core_inc.txt -DPLATFORMIO=60118 -DARDUINO_ADAFRUIT_FEATHER_RP2040_USB_HOST -DARDUINO_ARCH_RP2040 -DUSBD_MAX_POWER_MA=250 -DUSE_TINYUSB -DUSE_TINYUSB_HOST -DSH110X_NO_SPLASH -DARDUINO=10810 -DARDUINO_ARCH_RP2040 -DF_CPU=133000000L -DBOARD_NAME=\"adafruit_feather_usb_host\" -DARM_MATH_CM0_FAMILY -DARM_MATH_CM0_PLUS -DTARGET_RP2040 -DPICO_RP2040=1 -DPICO_FLASH_SIZE_BYTES=8388608 -DFILE_COPY_CONSTRUCTOR_SELECT=FILE_COPY_CONSTRUCTOR_PUBLIC -DUSE_UTF8_LONG_NAMES=1 -DDISABLE_FS_H_WARNING=1 -DCFG_TUSB_MCU=OPT_MCU_RP2040 -DUSB_VID=0x239A -DUSB_PID=0x8129 -DUSBD_VID=0x239A -DUSBD_PID=0x8129 -DUSB_MANUFACTURER=\"Adafruit\" "-DUSB_PRODUCT=\"Feather RP2040 USB Host\"" -DPICO_CYW43_ARCH_THREADSAFE_BACKGROUND=1 -DCYW43_LWIP=1 -DCYW43_PIO_CLOCK_DIV_DYNAMIC=1 -DLWIP_IPV4=1 -DLWIP_IGMP=1 -DLWIP_CHECKSUM_CTRL_PER_NETIF=1 -DLWIP_IPV6=0 -DARDUINO_VARIANT=\"adafruit_feather_usb_host\" "-I.pio\libdeps\adafruit_feather_usb_host\Pico PIO USB\src" "-I.pio\libdeps\adafruit_feather_usb_host\SdFat - Adafruit Fork\src" -IC:\Users\MacGuffin_\.platformio\packages\framework-arduinopico\libraries\SPI\src "-I.pio\libdeps\adafruit_feather_usb_host\Adafruit TinyUSB Library\src" -IC:\Users\MacGuffin_\.platformio\packages\framework-arduinopico\cores\rp2040 -IC:\Users\MacGuffin_\.platformio\packages\framework-arduinopico\cores\rp2040\api\deprecated -IC:\Users\MacGuffin_\.platformio\packages\framework-arduinopico\cores\rp2040\api\deprecated-avr-comp -IC:\Users\MacGuffin_\.platformio\packages\framework-arduinopico\libraries\Adafruit_TinyUSB_Arduino\src\arduino -IC:\Users\MacGuffin_\.platformio\packages\framework-arduinopico\include -IC:\Users\MacGuffin_\.platformio\packages\framework-arduinopico\variants\adafruit_feather_usb_host ".pio\libdeps\adafruit_feather_usb_host\Adafruit TinyUSB Library\src\arduino\Adafruit_TinyUSB_API.cpp"
arm-none-eabi-g++ -o ".pio\build\adafruit_feather_usb_host\lib43d\Adafruit TinyUSB Library\arduino\Adafruit_USBD_CDC.cpp.o" -c -fno-exceptions -fno-rtti -std=gnu++17 -Os -Werror=return-type -Wno-psabi -ffunction-sections -fdata-sections -march=armv6-m -mcpu=cortex-m0plus -mthumb -iprefixC:\Users\MacGuffin_\.platformio\packages\framework-arduinopico @C:\Users\MacGuffin_\.platformio\packages\framework-arduinopico\lib\rp2040\platform_inc.txt @C:\Users\MacGuffin_\.platformio\packages\framework-arduinopico\lib\core_inc.txt -DPLATFORMIO=60118 -DARDUINO_ADAFRUIT_FEATHER_RP2040_USB_HOST -DARDUINO_ARCH_RP2040 -DUSBD_MAX_POWER_MA=250 -DUSE_TINYUSB -DUSE_TINYUSB_HOST -DSH110X_NO_SPLASH -DARDUINO=10810 -DARDUINO_ARCH_RP2040 -DF_CPU=133000000L -DBOARD_NAME=\"adafruit_feather_usb_host\" -DARM_MATH_CM0_FAMILY -DARM_MATH_CM0_PLUS -DTARGET_RP2040 -DPICO_RP2040=1 -DPICO_FLASH_SIZE_BYTES=8388608 -DFILE_COPY_CONSTRUCTOR_SELECT=FILE_COPY_CONSTRUCTOR_PUBLIC -DUSE_UTF8_LONG_NAMES=1 -DDISABLE_FS_H_WARNING=1 -DCFG_TUSB_MCU=OPT_MCU_RP2040 -DUSB_VID=0x239A -DUSB_PID=0x8129 -DUSBD_VID=0x239A -DUSBD_PID=0x8129 -DUSB_MANUFACTURER=\"Adafruit\" "-DUSB_PRODUCT=\"Feather RP2040 USB Host\"" -DPICO_CYW43_ARCH_THREADSAFE_BACKGROUND=1 -DCYW43_LWIP=1 -DCYW43_PIO_CLOCK_DIV_DYNAMIC=1 -DLWIP_IPV4=1 -DLWIP_IGMP=1 -DLWIP_CHECKSUM_CTRL_PER_NETIF=1 -DLWIP_IPV6=0 -DARDUINO_VARIANT=\"adafruit_feather_usb_host\" "-I.pio\libdeps\adafruit_feather_usb_host\Pico PIO USB\src" "-I.pio\libdeps\adafruit_feather_usb_host\SdFat - Adafruit Fork\src" -IC:\Users\MacGuffin_\.platformio\packages\framework-arduinopico\libraries\SPI\src "-I.pio\libdeps\adafruit_feather_usb_host\Adafruit TinyUSB Library\src" -IC:\Users\MacGuffin_\.platformio\packages\framework-arduinopico\cores\rp2040 -IC:\Users\MacGuffin_\.platformio\packages\framework-arduinopico\cores\rp2040\api\deprecated -IC:\Users\MacGuffin_\.platformio\packages\framework-arduinopico\cores\rp2040\api\deprecated-avr-comp -IC:\Users\MacGuffin_\.platformio\packages\framework-arduinopico\libraries\Adafruit_TinyUSB_Arduino\src\arduino -IC:\Users\MacGuffin_\.platformio\packages\framework-arduinopico\include -IC:\Users\MacGuffin_\.platformio\packages\framework-arduinopico\variants\adafruit_feather_usb_host ".pio\libdeps\adafruit_feather_usb_host\Adafruit TinyUSB Library\src\arduino\Adafruit_USBD_CDC.cpp"
arm-none-eabi-g++ -o ".pio\build\adafruit_feather_usb_host\lib43d\Adafruit TinyUSB Library\arduino\Adafruit_USBD_Device.cpp.o" -c -fno-exceptions -fno-rtti -std=gnu++17 -Os -Werror=return-type -Wno-psabi -ffunction-sections -fdata-sections -march=armv6-m -mcpu=cortex-m0plus -mthumb -iprefixC:\Users\MacGuffin_\.platformio\packages\framework-arduinopico @C:\Users\MacGuffin_\.platformio\packages\framework-arduinopico\lib\rp2040\platform_inc.txt @C:\Users\MacGuffin_\.platformio\packages\framework-arduinopico\lib\core_inc.txt -DPLATFORMIO=60118 -DARDUINO_ADAFRUIT_FEATHER_RP2040_USB_HOST -DARDUINO_ARCH_RP2040 -DUSBD_MAX_POWER_MA=250 -DUSE_TINYUSB -DUSE_TINYUSB_HOST -DSH110X_NO_SPLASH -DARDUINO=10810 -DARDUINO_ARCH_RP2040 -DF_CPU=133000000L -DBOARD_NAME=\"adafruit_feather_usb_host\" -DARM_MATH_CM0_FAMILY -DARM_MATH_CM0_PLUS -DTARGET_RP2040 -DPICO_RP2040=1 -DPICO_FLASH_SIZE_BYTES=8388608 -DFILE_COPY_CONSTRUCTOR_SELECT=FILE_COPY_CONSTRUCTOR_PUBLIC -DUSE_UTF8_LONG_NAMES=1 -DDISABLE_FS_H_WARNING=1 -DCFG_TUSB_MCU=OPT_MCU_RP2040 -DUSB_VID=0x239A -DUSB_PID=0x8129 -DUSBD_VID=0x239A -DUSBD_PID=0x8129 -DUSB_MANUFACTURER=\"Adafruit\" "-DUSB_PRODUCT=\"Feather RP2040 USB Host\"" -DPICO_CYW43_ARCH_THREADSAFE_BACKGROUND=1 -DCYW43_LWIP=1 -DCYW43_PIO_CLOCK_DIV_DYNAMIC=1 -DLWIP_IPV4=1 -DLWIP_IGMP=1 -DLWIP_CHECKSUM_CTRL_PER_NETIF=1 -DLWIP_IPV6=0 -DARDUINO_VARIANT=\"adafruit_feather_usb_host\" "-I.pio\libdeps\adafruit_feather_usb_host\Pico PIO USB\src" "-I.pio\libdeps\adafruit_feather_usb_host\SdFat - Adafruit Fork\src" -IC:\Users\MacGuffin_\.platformio\packages\framework-arduinopico\libraries\SPI\src "-I.pio\libdeps\adafruit_feather_usb_host\Adafruit TinyUSB Library\src" -IC:\Users\MacGuffin_\.platformio\packages\framework-arduinopico\cores\rp2040 -IC:\Users\MacGuffin_\.platformio\packages\framework-arduinopico\cores\rp2040\api\deprecated -IC:\Users\MacGuffin_\.platformio\packages\framework-arduinopico\cores\rp2040\api\deprecated-avr-comp -IC:\Users\MacGuffin_\.platformio\packages\framework-arduinopico\libraries\Adafruit_TinyUSB_Arduino\src\arduino -IC:\Users\MacGuffin_\.platformio\packages\framework-arduinopico\include -IC:\Users\MacGuffin_\.platformio\packages\framework-arduinopico\variants\adafruit_feather_usb_host ".pio\libdeps\adafruit_feather_usb_host\Adafruit TinyUSB Library\src\arduino\Adafruit_USBD_Device.cpp"
arm-none-eabi-g++ -o ".pio\build\adafruit_feather_usb_host\lib43d\Adafruit TinyUSB Library\arduino\Adafruit_USBD_Interface.cpp.o" -c -fno-exceptions -fno-rtti -std=gnu++17 -Os -Werror=return-type -Wno-psabi -ffunction-sections -fdata-sections -march=armv6-m -mcpu=cortex-m0plus -mthumb -iprefixC:\Users\MacGuffin_\.platformio\packages\framework-arduinopico @C:\Users\MacGuffin_\.platformio\packages\framework-arduinopico\lib\rp2040\platform_inc.txt @C:\Users\MacGuffin_\.platformio\packages\framework-arduinopico\lib\core_inc.txt -DPLATFORMIO=60118 -DARDUINO_ADAFRUIT_FEATHER_RP2040_USB_HOST -DARDUINO_ARCH_RP2040 -DUSBD_MAX_POWER_MA=250 -DUSE_TINYUSB -DUSE_TINYUSB_HOST -DSH110X_NO_SPLASH -DARDUINO=10810 -DARDUINO_ARCH_RP2040 -DF_CPU=133000000L -DBOARD_NAME=\"adafruit_feather_usb_host\" -DARM_MATH_CM0_FAMILY -DARM_MATH_CM0_PLUS -DTARGET_RP2040 -DPICO_RP2040=1 -DPICO_FLASH_SIZE_BYTES=8388608 -DFILE_COPY_CONSTRUCTOR_SELECT=FILE_COPY_CONSTRUCTOR_PUBLIC -DUSE_UTF8_LONG_NAMES=1 -DDISABLE_FS_H_WARNING=1 -DCFG_TUSB_MCU=OPT_MCU_RP2040 -DUSB_VID=0x239A -DUSB_PID=0x8129 -DUSBD_VID=0x239A -DUSBD_PID=0x8129 -DUSB_MANUFACTURER=\"Adafruit\" "-DUSB_PRODUCT=\"Feather RP2040 USB Host\"" -DPICO_CYW43_ARCH_THREADSAFE_BACKGROUND=1 -DCYW43_LWIP=1 -DCYW43_PIO_CLOCK_DIV_DYNAMIC=1 -DLWIP_IPV4=1 -DLWIP_IGMP=1 -DLWIP_CHECKSUM_CTRL_PER_NETIF=1 -DLWIP_IPV6=0 -DARDUINO_VARIANT=\"adafruit_feather_usb_host\" "-I.pio\libdeps\adafruit_feather_usb_host\Pico PIO USB\src" "-I.pio\libdeps\adafruit_feather_usb_host\SdFat - Adafruit Fork\src" -IC:\Users\MacGuffin_\.platformio\packages\framework-arduinopico\libraries\SPI\src "-I.pio\libdeps\adafruit_feather_usb_host\Adafruit TinyUSB Library\src" -IC:\Users\MacGuffin_\.platformio\packages\framework-arduinopico\cores\rp2040 -IC:\Users\MacGuffin_\.platformio\packages\framework-arduinopico\cores\rp2040\api\deprecated -IC:\Users\MacGuffin_\.platformio\packages\framework-arduinopico\cores\rp2040\api\deprecated-avr-comp -IC:\Users\MacGuffin_\.platformio\packages\framework-arduinopico\libraries\Adafruit_TinyUSB_Arduino\src\arduino -IC:\Users\MacGuffin_\.platformio\packages\framework-arduinopico\include -IC:\Users\MacGuffin_\.platformio\packages\framework-arduinopico\variants\adafruit_feather_usb_host ".pio\libdeps\adafruit_feather_usb_host\Adafruit TinyUSB Library\src\arduino\Adafruit_USBD_Interface.cpp"
arm-none-eabi-g++ -o ".pio\build\adafruit_feather_usb_host\lib43d\Adafruit TinyUSB Library\arduino\Adafruit_USBH_Host.cpp.o" -c -fno-exceptions -fno-rtti -std=gnu++17 -Os -Werror=return-type -Wno-psabi -ffunction-sections -fdata-sections -march=armv6-m -mcpu=cortex-m0plus -mthumb -iprefixC:\Users\MacGuffin_\.platformio\packages\framework-arduinopico @C:\Users\MacGuffin_\.platformio\packages\framework-arduinopico\lib\rp2040\platform_inc.txt @C:\Users\MacGuffin_\.platformio\packages\framework-arduinopico\lib\core_inc.txt -DPLATFORMIO=60118 -DARDUINO_ADAFRUIT_FEATHER_RP2040_USB_HOST -DARDUINO_ARCH_RP2040 -DUSBD_MAX_POWER_MA=250 -DUSE_TINYUSB -DUSE_TINYUSB_HOST -DSH110X_NO_SPLASH -DARDUINO=10810 -DARDUINO_ARCH_RP2040 -DF_CPU=133000000L -DBOARD_NAME=\"adafruit_feather_usb_host\" -DARM_MATH_CM0_FAMILY -DARM_MATH_CM0_PLUS -DTARGET_RP2040 -DPICO_RP2040=1 -DPICO_FLASH_SIZE_BYTES=8388608 -DFILE_COPY_CONSTRUCTOR_SELECT=FILE_COPY_CONSTRUCTOR_PUBLIC -DUSE_UTF8_LONG_NAMES=1 -DDISABLE_FS_H_WARNING=1 -DCFG_TUSB_MCU=OPT_MCU_RP2040 -DUSB_VID=0x239A -DUSB_PID=0x8129 -DUSBD_VID=0x239A -DUSBD_PID=0x8129 -DUSB_MANUFACTURER=\"Adafruit\" "-DUSB_PRODUCT=\"Feather RP2040 USB Host\"" -DPICO_CYW43_ARCH_THREADSAFE_BACKGROUND=1 -DCYW43_LWIP=1 -DCYW43_PIO_CLOCK_DIV_DYNAMIC=1 -DLWIP_IPV4=1 -DLWIP_IGMP=1 -DLWIP_CHECKSUM_CTRL_PER_NETIF=1 -DLWIP_IPV6=0 -DARDUINO_VARIANT=\"adafruit_feather_usb_host\" "-I.pio\libdeps\adafruit_feather_usb_host\Pico PIO USB\src" "-I.pio\libdeps\adafruit_feather_usb_host\SdFat - Adafruit Fork\src" -IC:\Users\MacGuffin_\.platformio\packages\framework-arduinopico\libraries\SPI\src "-I.pio\libdeps\adafruit_feather_usb_host\Adafruit TinyUSB Library\src" -IC:\Users\MacGuffin_\.platformio\packages\framework-arduinopico\cores\rp2040 -IC:\Users\MacGuffin_\.platformio\packages\framework-arduinopico\cores\rp2040\api\deprecated -IC:\Users\MacGuffin_\.platformio\packages\framework-arduinopico\cores\rp2040\api\deprecated-avr-comp -IC:\Users\MacGuffin_\.platformio\packages\framework-arduinopico\libraries\Adafruit_TinyUSB_Arduino\src\arduino -IC:\Users\MacGuffin_\.platformio\packages\framework-arduinopico\include -IC:\Users\MacGuffin_\.platformio\packages\framework-arduinopico\variants\adafruit_feather_usb_host ".pio\libdeps\adafruit_feather_usb_host\Adafruit TinyUSB Library\src\arduino\Adafruit_USBH_Host.cpp"
arm-none-eabi-g++ -o ".pio\build\adafruit_feather_usb_host\lib43d\Adafruit TinyUSB Library\arduino\cdc\Adafruit_USBH_CDC.cpp.o" -c -fno-exceptions -fno-rtti -std=gnu++17 -Os -Werror=return-type -Wno-psabi -ffunction-sections -fdata-sections -march=armv6-m -mcpu=cortex-m0plus -mthumb -iprefixC:\Users\MacGuffin_\.platformio\packages\framework-arduinopico @C:\Users\MacGuffin_\.platformio\packages\framework-arduinopico\lib\rp2040\platform_inc.txt @C:\Users\MacGuffin_\.platformio\packages\framework-arduinopico\lib\core_inc.txt -DPLATFORMIO=60118 -DARDUINO_ADAFRUIT_FEATHER_RP2040_USB_HOST -DARDUINO_ARCH_RP2040 -DUSBD_MAX_POWER_MA=250 -DUSE_TINYUSB -DUSE_TINYUSB_HOST -DSH110X_NO_SPLASH -DARDUINO=10810 -DARDUINO_ARCH_RP2040 -DF_CPU=133000000L -DBOARD_NAME=\"adafruit_feather_usb_host\" -DARM_MATH_CM0_FAMILY -DARM_MATH_CM0_PLUS -DTARGET_RP2040 -DPICO_RP2040=1 -DPICO_FLASH_SIZE_BYTES=8388608 -DFILE_COPY_CONSTRUCTOR_SELECT=FILE_COPY_CONSTRUCTOR_PUBLIC -DUSE_UTF8_LONG_NAMES=1 -DDISABLE_FS_H_WARNING=1 -DCFG_TUSB_MCU=OPT_MCU_RP2040 -DUSB_VID=0x239A -DUSB_PID=0x8129 -DUSBD_VID=0x239A -DUSBD_PID=0x8129 -DUSB_MANUFACTURER=\"Adafruit\" "-DUSB_PRODUCT=\"Feather RP2040 USB Host\"" -DPICO_CYW43_ARCH_THREADSAFE_BACKGROUND=1 -DCYW43_LWIP=1 -DCYW43_PIO_CLOCK_DIV_DYNAMIC=1 -DLWIP_IPV4=1 -DLWIP_IGMP=1 -DLWIP_CHECKSUM_CTRL_PER_NETIF=1 -DLWIP_IPV6=0 -DARDUINO_VARIANT=\"adafruit_feather_usb_host\" "-I.pio\libdeps\adafruit_feather_usb_host\Pico PIO USB\src" "-I.pio\libdeps\adafruit_feather_usb_host\SdFat - Adafruit Fork\src" -IC:\Users\MacGuffin_\.platformio\packages\framework-arduinopico\libraries\SPI\src "-I.pio\libdeps\adafruit_feather_usb_host\Adafruit TinyUSB Library\src" -IC:\Users\MacGuffin_\.platformio\packages\framework-arduinopico\cores\rp2040 -IC:\Users\MacGuffin_\.platformio\packages\framework-arduinopico\cores\rp2040\api\deprecated -IC:\Users\MacGuffin_\.platformio\packages\framework-arduinopico\cores\rp2040\api\deprecated-avr-comp -IC:\Users\MacGuffin_\.platformio\packages\framework-arduinopico\libraries\Adafruit_TinyUSB_Arduino\src\arduino -IC:\Users\MacGuffin_\.platformio\packages\framework-arduinopico\include -IC:\Users\MacGuffin_\.platformio\packages\framework-arduinopico\variants\adafruit_feather_usb_host ".pio\libdeps\adafruit_feather_usb_host\Adafruit TinyUSB Library\src\arduino\cdc\Adafruit_USBH_CDC.cpp"
arm-none-eabi-g++ -o ".pio\build\adafruit_feather_usb_host\lib43d\Adafruit TinyUSB Library\arduino\hid\Adafruit_USBD_HID.cpp.o" -c -fno-exceptions -fno-rtti -std=gnu++17 -Os -Werror=return-type -Wno-psabi -ffunction-sections -fdata-sections -march=armv6-m -mcpu=cortex-m0plus -mthumb -iprefixC:\Users\MacGuffin_\.platformio\packages\framework-arduinopico @C:\Users\MacGuffin_\.platformio\packages\framework-arduinopico\lib\rp2040\platform_inc.txt @C:\Users\MacGuffin_\.platformio\packages\framework-arduinopico\lib\core_inc.txt -DPLATFORMIO=60118 -DARDUINO_ADAFRUIT_FEATHER_RP2040_USB_HOST -DARDUINO_ARCH_RP2040 -DUSBD_MAX_POWER_MA=250 -DUSE_TINYUSB -DUSE_TINYUSB_HOST -DSH110X_NO_SPLASH -DARDUINO=10810 -DARDUINO_ARCH_RP2040 -DF_CPU=133000000L -DBOARD_NAME=\"adafruit_feather_usb_host\" -DARM_MATH_CM0_FAMILY -DARM_MATH_CM0_PLUS -DTARGET_RP2040 -DPICO_RP2040=1 -DPICO_FLASH_SIZE_BYTES=8388608 -DFILE_COPY_CONSTRUCTOR_SELECT=FILE_COPY_CONSTRUCTOR_PUBLIC -DUSE_UTF8_LONG_NAMES=1 -DDISABLE_FS_H_WARNING=1 -DCFG_TUSB_MCU=OPT_MCU_RP2040 -DUSB_VID=0x239A -DUSB_PID=0x8129 -DUSBD_VID=0x239A -DUSBD_PID=0x8129 -DUSB_MANUFACTURER=\"Adafruit\" "-DUSB_PRODUCT=\"Feather RP2040 USB Host\"" -DPICO_CYW43_ARCH_THREADSAFE_BACKGROUND=1 -DCYW43_LWIP=1 -DCYW43_PIO_CLOCK_DIV_DYNAMIC=1 -DLWIP_IPV4=1 -DLWIP_IGMP=1 -DLWIP_CHECKSUM_CTRL_PER_NETIF=1 -DLWIP_IPV6=0 -DARDUINO_VARIANT=\"adafruit_feather_usb_host\" "-I.pio\libdeps\adafruit_feather_usb_host\Pico PIO USB\src" "-I.pio\libdeps\adafruit_feather_usb_host\SdFat - Adafruit Fork\src" -IC:\Users\MacGuffin_\.platformio\packages\framework-arduinopico\libraries\SPI\src "-I.pio\libdeps\adafruit_feather_usb_host\Adafruit TinyUSB Library\src" -IC:\Users\MacGuffin_\.platformio\packages\framework-arduinopico\cores\rp2040 -IC:\Users\MacGuffin_\.platformio\packages\framework-arduinopico\cores\rp2040\api\deprecated -IC:\Users\MacGuffin_\.platformio\packages\framework-arduinopico\cores\rp2040\api\deprecated-avr-comp -IC:\Users\MacGuffin_\.platformio\packages\framework-arduinopico\libraries\Adafruit_TinyUSB_Arduino\src\arduino -IC:\Users\MacGuffin_\.platformio\packages\framework-arduinopico\include -IC:\Users\MacGuffin_\.platformio\packages\framework-arduinopico\variants\adafruit_feather_usb_host ".pio\libdeps\adafruit_feather_usb_host\Adafruit TinyUSB Library\src\arduino\hid\Adafruit_USBD_HID.cpp"
arm-none-eabi-g++ -o ".pio\build\adafruit_feather_usb_host\lib43d\Adafruit TinyUSB Library\arduino\midi\Adafruit_USBD_MIDI.cpp.o" -c -fno-exceptions -fno-rtti -std=gnu++17 -Os -Werror=return-type -Wno-psabi -ffunction-sections -fdata-sections -march=armv6-m -mcpu=cortex-m0plus -mthumb -iprefixC:\Users\MacGuffin_\.platformio\packages\framework-arduinopico @C:\Users\MacGuffin_\.platformio\packages\framework-arduinopico\lib\rp2040\platform_inc.txt @C:\Users\MacGuffin_\.platformio\packages\framework-arduinopico\lib\core_inc.txt -DPLATFORMIO=60118 -DARDUINO_ADAFRUIT_FEATHER_RP2040_USB_HOST -DARDUINO_ARCH_RP2040 -DUSBD_MAX_POWER_MA=250 -DUSE_TINYUSB -DUSE_TINYUSB_HOST -DSH110X_NO_SPLASH -DARDUINO=10810 -DARDUINO_ARCH_RP2040 -DF_CPU=133000000L -DBOARD_NAME=\"adafruit_feather_usb_host\" -DARM_MATH_CM0_FAMILY -DARM_MATH_CM0_PLUS -DTARGET_RP2040 -DPICO_RP2040=1 -DPICO_FLASH_SIZE_BYTES=8388608 -DFILE_COPY_CONSTRUCTOR_SELECT=FILE_COPY_CONSTRUCTOR_PUBLIC -DUSE_UTF8_LONG_NAMES=1 -DDISABLE_FS_H_WARNING=1 -DCFG_TUSB_MCU=OPT_MCU_RP2040 -DUSB_VID=0x239A -DUSB_PID=0x8129 -DUSBD_VID=0x239A -DUSBD_PID=0x8129 -DUSB_MANUFACTURER=\"Adafruit\" "-DUSB_PRODUCT=\"Feather RP2040 USB Host\"" -DPICO_CYW43_ARCH_THREADSAFE_BACKGROUND=1 -DCYW43_LWIP=1 -DCYW43_PIO_CLOCK_DIV_DYNAMIC=1 -DLWIP_IPV4=1 -DLWIP_IGMP=1 -DLWIP_CHECKSUM_CTRL_PER_NETIF=1 -DLWIP_IPV6=0 -DARDUINO_VARIANT=\"adafruit_feather_usb_host\" "-I.pio\libdeps\adafruit_feather_usb_host\Pico PIO USB\src" "-I.pio\libdeps\adafruit_feather_usb_host\SdFat - Adafruit Fork\src" -IC:\Users\MacGuffin_\.platformio\packages\framework-arduinopico\libraries\SPI\src "-I.pio\libdeps\adafruit_feather_usb_host\Adafruit TinyUSB Library\src" -IC:\Users\MacGuffin_\.platformio\packages\framework-arduinopico\cores\rp2040 -IC:\Users\MacGuffin_\.platformio\packages\framework-arduinopico\cores\rp2040\api\deprecated -IC:\Users\MacGuffin_\.platformio\packages\framework-arduinopico\cores\rp2040\api\deprecated-avr-comp -IC:\Users\MacGuffin_\.platformio\packages\framework-arduinopico\libraries\Adafruit_TinyUSB_Arduino\src\arduino -IC:\Users\MacGuffin_\.platformio\packages\framework-arduinopico\include -IC:\Users\MacGuffin_\.platformio\packages\framework-arduinopico\variants\adafruit_feather_usb_host ".pio\libdeps\adafruit_feather_usb_host\Adafruit TinyUSB Library\src\arduino\midi\Adafruit_USBD_MIDI.cpp"
arm-none-eabi-g++ -o ".pio\build\adafruit_feather_usb_host\lib43d\Adafruit TinyUSB Library\arduino\msc\Adafruit_USBD_MSC.cpp.o" -c -fno-exceptions -fno-rtti -std=gnu++17 -Os -Werror=return-type -Wno-psabi -ffunction-sections -fdata-sections -march=armv6-m -mcpu=cortex-m0plus -mthumb -iprefixC:\Users\MacGuffin_\.platformio\packages\framework-arduinopico @C:\Users\MacGuffin_\.platformio\packages\framework-arduinopico\lib\rp2040\platform_inc.txt @C:\Users\MacGuffin_\.platformio\packages\framework-arduinopico\lib\core_inc.txt -DPLATFORMIO=60118 -DARDUINO_ADAFRUIT_FEATHER_RP2040_USB_HOST -DARDUINO_ARCH_RP2040 -DUSBD_MAX_POWER_MA=250 -DUSE_TINYUSB -DUSE_TINYUSB_HOST -DSH110X_NO_SPLASH -DARDUINO=10810 -DARDUINO_ARCH_RP2040 -DF_CPU=133000000L -DBOARD_NAME=\"adafruit_feather_usb_host\" -DARM_MATH_CM0_FAMILY -DARM_MATH_CM0_PLUS -DTARGET_RP2040 -DPICO_RP2040=1 -DPICO_FLASH_SIZE_BYTES=8388608 -DFILE_COPY_CONSTRUCTOR_SELECT=FILE_COPY_CONSTRUCTOR_PUBLIC -DUSE_UTF8_LONG_NAMES=1 -DDISABLE_FS_H_WARNING=1 -DCFG_TUSB_MCU=OPT_MCU_RP2040 -DUSB_VID=0x239A -DUSB_PID=0x8129 -DUSBD_VID=0x239A -DUSBD_PID=0x8129 -DUSB_MANUFACTURER=\"Adafruit\" "-DUSB_PRODUCT=\"Feather RP2040 USB Host\"" -DPICO_CYW43_ARCH_THREADSAFE_BACKGROUND=1 -DCYW43_LWIP=1 -DCYW43_PIO_CLOCK_DIV_DYNAMIC=1 -DLWIP_IPV4=1 -DLWIP_IGMP=1 -DLWIP_CHECKSUM_CTRL_PER_NETIF=1 -DLWIP_IPV6=0 -DARDUINO_VARIANT=\"adafruit_feather_usb_host\" "-I.pio\libdeps\adafruit_feather_usb_host\Pico PIO USB\src" "-I.pio\libdeps\adafruit_feather_usb_host\SdFat - Adafruit Fork\src" -IC:\Users\MacGuffin_\.platformio\packages\framework-arduinopico\libraries\SPI\src "-I.pio\libdeps\adafruit_feather_usb_host\Adafruit TinyUSB Library\src" -IC:\Users\MacGuffin_\.platformio\packages\framework-arduinopico\cores\rp2040 -IC:\Users\MacGuffin_\.platformio\packages\framework-arduinopico\cores\rp2040\api\deprecated -IC:\Users\MacGuffin_\.platformio\packages\framework-arduinopico\cores\rp2040\api\deprecated-avr-comp -IC:\Users\MacGuffin_\.platformio\packages\framework-arduinopico\libraries\Adafruit_TinyUSB_Arduino\src\arduino -IC:\Users\MacGuffin_\.platformio\packages\framework-arduinopico\include -IC:\Users\MacGuffin_\.platformio\packages\framework-arduinopico\variants\adafruit_feather_usb_host ".pio\libdeps\adafruit_feather_usb_host\Adafruit TinyUSB Library\src\arduino\msc\Adafruit_USBD_MSC.cpp"
arm-none-eabi-g++ -o ".pio\build\adafruit_feather_usb_host\lib43d\Adafruit TinyUSB Library\arduino\msc\Adafruit_USBH_MSC.cpp.o" -c -fno-exceptions -fno-rtti -std=gnu++17 -Os -Werror=return-type -Wno-psabi -ffunction-sections -fdata-sections -march=armv6-m -mcpu=cortex-m0plus -mthumb -iprefixC:\Users\MacGuffin_\.platformio\packages\framework-arduinopico @C:\Users\MacGuffin_\.platformio\packages\framework-arduinopico\lib\rp2040\platform_inc.txt @C:\Users\MacGuffin_\.platformio\packages\framework-arduinopico\lib\core_inc.txt -DPLATFORMIO=60118 -DARDUINO_ADAFRUIT_FEATHER_RP2040_USB_HOST -DARDUINO_ARCH_RP2040 -DUSBD_MAX_POWER_MA=250 -DUSE_TINYUSB -DUSE_TINYUSB_HOST -DSH110X_NO_SPLASH -DARDUINO=10810 -DARDUINO_ARCH_RP2040 -DF_CPU=133000000L -DBOARD_NAME=\"adafruit_feather_usb_host\" -DARM_MATH_CM0_FAMILY -DARM_MATH_CM0_PLUS -DTARGET_RP2040 -DPICO_RP2040=1 -DPICO_FLASH_SIZE_BYTES=8388608 -DFILE_COPY_CONSTRUCTOR_SELECT=FILE_COPY_CONSTRUCTOR_PUBLIC -DUSE_UTF8_LONG_NAMES=1 -DDISABLE_FS_H_WARNING=1 -DCFG_TUSB_MCU=OPT_MCU_RP2040 -DUSB_VID=0x239A -DUSB_PID=0x8129 -DUSBD_VID=0x239A -DUSBD_PID=0x8129 -DUSB_MANUFACTURER=\"Adafruit\" "-DUSB_PRODUCT=\"Feather RP2040 USB Host\"" -DPICO_CYW43_ARCH_THREADSAFE_BACKGROUND=1 -DCYW43_LWIP=1 -DCYW43_PIO_CLOCK_DIV_DYNAMIC=1 -DLWIP_IPV4=1 -DLWIP_IGMP=1 -DLWIP_CHECKSUM_CTRL_PER_NETIF=1 -DLWIP_IPV6=0 -DARDUINO_VARIANT=\"adafruit_feather_usb_host\" "-I.pio\libdeps\adafruit_feather_usb_host\Pico PIO USB\src" "-I.pio\libdeps\adafruit_feather_usb_host\SdFat - Adafruit Fork\src" -IC:\Users\MacGuffin_\.platformio\packages\framework-arduinopico\libraries\SPI\src "-I.pio\libdeps\adafruit_feather_usb_host\Adafruit TinyUSB Library\src" -IC:\Users\MacGuffin_\.platformio\packages\framework-arduinopico\cores\rp2040 -IC:\Users\MacGuffin_\.platformio\packages\framework-arduinopico\cores\rp2040\api\deprecated -IC:\Users\MacGuffin_\.platformio\packages\framework-arduinopico\cores\rp2040\api\deprecated-avr-comp -IC:\Users\MacGuffin_\.platformio\packages\framework-arduinopico\libraries\Adafruit_TinyUSB_Arduino\src\arduino -IC:\Users\MacGuffin_\.platformio\packages\framework-arduinopico\include -IC:\Users\MacGuffin_\.platformio\packages\framework-arduinopico\variants\adafruit_feather_usb_host ".pio\libdeps\adafruit_feather_usb_host\Adafruit TinyUSB Library\src\arduino\msc\Adafruit_USBH_MSC.cpp"
arm-none-eabi-g++ -o ".pio\build\adafruit_feather_usb_host\lib43d\Adafruit TinyUSB Library\arduino\ports\ch32\Adafruit_TinyUSB_ch32.cpp.o" -c -fno-exceptions -fno-rtti -std=gnu++17 -Os -Werror=return-type -Wno-psabi -ffunction-sections -fdata-sections -march=armv6-m -mcpu=cortex-m0plus -mthumb -iprefixC:\Users\MacGuffin_\.platformio\packages\framework-arduinopico @C:\Users\MacGuffin_\.platformio\packages\framework-arduinopico\lib\rp2040\platform_inc.txt @C:\Users\MacGuffin_\.platformio\packages\framework-arduinopico\lib\core_inc.txt -DPLATFORMIO=60118 -DARDUINO_ADAFRUIT_FEATHER_RP2040_USB_HOST -DARDUINO_ARCH_RP2040 -DUSBD_MAX_POWER_MA=250 -DUSE_TINYUSB -DUSE_TINYUSB_HOST -DSH110X_NO_SPLASH -DARDUINO=10810 -DARDUINO_ARCH_RP2040 -DF_CPU=133000000L -DBOARD_NAME=\"adafruit_feather_usb_host\" -DARM_MATH_CM0_FAMILY -DARM_MATH_CM0_PLUS -DTARGET_RP2040 -DPICO_RP2040=1 -DPICO_FLASH_SIZE_BYTES=8388608 -DFILE_COPY_CONSTRUCTOR_SELECT=FILE_COPY_CONSTRUCTOR_PUBLIC -DUSE_UTF8_LONG_NAMES=1 -DDISABLE_FS_H_WARNING=1 -DCFG_TUSB_MCU=OPT_MCU_RP2040 -DUSB_VID=0x239A -DUSB_PID=0x8129 -DUSBD_VID=0x239A -DUSBD_PID=0x8129 -DUSB_MANUFACTURER=\"Adafruit\" "-DUSB_PRODUCT=\"Feather RP2040 USB Host\"" -DPICO_CYW43_ARCH_THREADSAFE_BACKGROUND=1 -DCYW43_LWIP=1 -DCYW43_PIO_CLOCK_DIV_DYNAMIC=1 -DLWIP_IPV4=1 -DLWIP_IGMP=1 -DLWIP_CHECKSUM_CTRL_PER_NETIF=1 -DLWIP_IPV6=0 -DARDUINO_VARIANT=\"adafruit_feather_usb_host\" "-I.pio\libdeps\adafruit_feather_usb_host\Pico PIO USB\src" "-I.pio\libdeps\adafruit_feather_usb_host\SdFat - Adafruit Fork\src" -IC:\Users\MacGuffin_\.platformio\packages\framework-arduinopico\libraries\SPI\src "-I.pio\libdeps\adafruit_feather_usb_host\Adafruit TinyUSB Library\src" -IC:\Users\MacGuffin_\.platformio\packages\framework-arduinopico\cores\rp2040 -IC:\Users\MacGuffin_\.platformio\packages\framework-arduinopico\cores\rp2040\api\deprecated -IC:\Users\MacGuffin_\.platformio\packages\framework-arduinopico\cores\rp2040\api\deprecated-avr-comp -IC:\Users\MacGuffin_\.platformio\packages\framework-arduinopico\libraries\Adafruit_TinyUSB_Arduino\src\arduino -IC:\Users\MacGuffin_\.platformio\packages\framework-arduinopico\include -IC:\Users\MacGuffin_\.platformio\packages\framework-arduinopico\variants\adafruit_feather_usb_host ".pio\libdeps\adafruit_feather_usb_host\Adafruit TinyUSB Library\src\arduino\ports\ch32\Adafruit_TinyUSB_ch32.cpp"
arm-none-eabi-g++ -o ".pio\build\adafruit_feather_usb_host\lib43d\Adafruit TinyUSB Library\arduino\ports\esp32\Adafruit_TinyUSB_esp32.cpp.o" -c -fno-exceptions -fno-rtti -std=gnu++17 -Os -Werror=return-type -Wno-psabi -ffunction-sections -fdata-sections -march=armv6-m -mcpu=cortex-m0plus -mthumb -iprefixC:\Users\MacGuffin_\.platformio\packages\framework-arduinopico @C:\Users\MacGuffin_\.platformio\packages\framework-arduinopico\lib\rp2040\platform_inc.txt @C:\Users\MacGuffin_\.platformio\packages\framework-arduinopico\lib\core_inc.txt -DPLATFORMIO=60118 -DARDUINO_ADAFRUIT_FEATHER_RP2040_USB_HOST -DARDUINO_ARCH_RP2040 -DUSBD_MAX_POWER_MA=250 -DUSE_TINYUSB -DUSE_TINYUSB_HOST -DSH110X_NO_SPLASH -DARDUINO=10810 -DARDUINO_ARCH_RP2040 -DF_CPU=133000000L -DBOARD_NAME=\"adafruit_feather_usb_host\" -DARM_MATH_CM0_FAMILY -DARM_MATH_CM0_PLUS -DTARGET_RP2040 -DPICO_RP2040=1 -DPICO_FLASH_SIZE_BYTES=8388608 -DFILE_COPY_CONSTRUCTOR_SELECT=FILE_COPY_CONSTRUCTOR_PUBLIC -DUSE_UTF8_LONG_NAMES=1 -DDISABLE_FS_H_WARNING=1 -DCFG_TUSB_MCU=OPT_MCU_RP2040 -DUSB_VID=0x239A -DUSB_PID=0x8129 -DUSBD_VID=0x239A -DUSBD_PID=0x8129 -DUSB_MANUFACTURER=\"Adafruit\" "-DUSB_PRODUCT=\"Feather RP2040 USB Host\"" -DPICO_CYW43_ARCH_THREADSAFE_BACKGROUND=1 -DCYW43_LWIP=1 -DCYW43_PIO_CLOCK_DIV_DYNAMIC=1 -DLWIP_IPV4=1 -DLWIP_IGMP=1 -DLWIP_CHECKSUM_CTRL_PER_NETIF=1 -DLWIP_IPV6=0 -DARDUINO_VARIANT=\"adafruit_feather_usb_host\" "-I.pio\libdeps\adafruit_feather_usb_host\Pico PIO USB\src" "-I.pio\libdeps\adafruit_feather_usb_host\SdFat - Adafruit Fork\src" -IC:\Users\MacGuffin_\.platformio\packages\framework-arduinopico\libraries\SPI\src "-I.pio\libdeps\adafruit_feather_usb_host\Adafruit TinyUSB Library\src" -IC:\Users\MacGuffin_\.platformio\packages\framework-arduinopico\cores\rp2040 -IC:\Users\MacGuffin_\.platformio\packages\framework-arduinopico\cores\rp2040\api\deprecated -IC:\Users\MacGuffin_\.platformio\packages\framework-arduinopico\cores\rp2040\api\deprecated-avr-comp -IC:\Users\MacGuffin_\.platformio\packages\framework-arduinopico\libraries\Adafruit_TinyUSB_Arduino\src\arduino -IC:\Users\MacGuffin_\.platformio\packages\framework-arduinopico\include -IC:\Users\MacGuffin_\.platformio\packages\framework-arduinopico\variants\adafruit_feather_usb_host ".pio\libdeps\adafruit_feather_usb_host\Adafruit TinyUSB Library\src\arduino\ports\esp32\Adafruit_TinyUSB_esp32.cpp"
arm-none-eabi-g++ -o ".pio\build\adafruit_feather_usb_host\lib43d\Adafruit TinyUSB Library\arduino\ports\nrf\Adafruit_TinyUSB_nrf.cpp.o" -c -fno-exceptions -fno-rtti -std=gnu++17 -Os -Werror=return-type -Wno-psabi -ffunction-sections -fdata-sections -march=armv6-m -mcpu=cortex-m0plus -mthumb -iprefixC:\Users\MacGuffin_\.platformio\packages\framework-arduinopico @C:\Users\MacGuffin_\.platformio\packages\framework-arduinopico\lib\rp2040\platform_inc.txt @C:\Users\MacGuffin_\.platformio\packages\framework-arduinopico\lib\core_inc.txt -DPLATFORMIO=60118 -DARDUINO_ADAFRUIT_FEATHER_RP2040_USB_HOST -DARDUINO_ARCH_RP2040 -DUSBD_MAX_POWER_MA=250 -DUSE_TINYUSB -DUSE_TINYUSB_HOST -DSH110X_NO_SPLASH -DARDUINO=10810 -DARDUINO_ARCH_RP2040 -DF_CPU=133000000L -DBOARD_NAME=\"adafruit_feather_usb_host\" -DARM_MATH_CM0_FAMILY -DARM_MATH_CM0_PLUS -DTARGET_RP2040 -DPICO_RP2040=1 -DPICO_FLASH_SIZE_BYTES=8388608 -DFILE_COPY_CONSTRUCTOR_SELECT=FILE_COPY_CONSTRUCTOR_PUBLIC -DUSE_UTF8_LONG_NAMES=1 -DDISABLE_FS_H_WARNING=1 -DCFG_TUSB_MCU=OPT_MCU_RP2040 -DUSB_VID=0x239A -DUSB_PID=0x8129 -DUSBD_VID=0x239A -DUSBD_PID=0x8129 -DUSB_MANUFACTURER=\"Adafruit\" "-DUSB_PRODUCT=\"Feather RP2040 USB Host\"" -DPICO_CYW43_ARCH_THREADSAFE_BACKGROUND=1 -DCYW43_LWIP=1 -DCYW43_PIO_CLOCK_DIV_DYNAMIC=1 -DLWIP_IPV4=1 -DLWIP_IGMP=1 -DLWIP_CHECKSUM_CTRL_PER_NETIF=1 -DLWIP_IPV6=0 -DARDUINO_VARIANT=\"adafruit_feather_usb_host\" "-I.pio\libdeps\adafruit_feather_usb_host\Pico PIO USB\src" "-I.pio\libdeps\adafruit_feather_usb_host\SdFat - Adafruit Fork\src" -IC:\Users\MacGuffin_\.platformio\packages\framework-arduinopico\libraries\SPI\src "-I.pio\libdeps\adafruit_feather_usb_host\Adafruit TinyUSB Library\src" -IC:\Users\MacGuffin_\.platformio\packages\framework-arduinopico\cores\rp2040 -IC:\Users\MacGuffin_\.platformio\packages\framework-arduinopico\cores\rp2040\api\deprecated -IC:\Users\MacGuffin_\.platformio\packages\framework-arduinopico\cores\rp2040\api\deprecated-avr-comp -IC:\Users\MacGuffin_\.platformio\packages\framework-arduinopico\libraries\Adafruit_TinyUSB_Arduino\src\arduino -IC:\Users\MacGuffin_\.platformio\packages\framework-arduinopico\include -IC:\Users\MacGuffin_\.platformio\packages\framework-arduinopico\variants\adafruit_feather_usb_host ".pio\libdeps\adafruit_feather_usb_host\Adafruit TinyUSB Library\src\arduino\ports\nrf\Adafruit_TinyUSB_nrf.cpp"
.pio\libdeps\adafruit_feather_usb_host\Adafruit TinyUSB Library\src\arduino\Adafruit_USBD_CDC.cpp:292:2: warning: #warning "TinyUSB Host selected. No output to Serial will occur!" [-Wcpp]
  292 | #warning "TinyUSB Host selected. No output to Serial will occur!"
      |  ^~~~~~~
arm-none-eabi-g++ -o ".pio\build\adafruit_feather_usb_host\lib43d\Adafruit TinyUSB Library\arduino\ports\rp2040\Adafruit_TinyUSB_rp2040.cpp.o" -c -fno-exceptions -fno-rtti -std=gnu++17 -Os -Werror=return-type -Wno-psabi -ffunction-sections -fdata-sections -march=armv6-m -mcpu=cortex-m0plus -mthumb -iprefixC:\Users\MacGuffin_\.platformio\packages\framework-arduinopico @C:\Users\MacGuffin_\.platformio\packages\framework-arduinopico\lib\rp2040\platform_inc.txt @C:\Users\MacGuffin_\.platformio\packages\framework-arduinopico\lib\core_inc.txt -DPLATFORMIO=60118 -DARDUINO_ADAFRUIT_FEATHER_RP2040_USB_HOST -DARDUINO_ARCH_RP2040 -DUSBD_MAX_POWER_MA=250 -DUSE_TINYUSB -DUSE_TINYUSB_HOST -DSH110X_NO_SPLASH -DARDUINO=10810 -DARDUINO_ARCH_RP2040 -DF_CPU=133000000L -DBOARD_NAME=\"adafruit_feather_usb_host\" -DARM_MATH_CM0_FAMILY -DARM_MATH_CM0_PLUS -DTARGET_RP2040 -DPICO_RP2040=1 -DPICO_FLASH_SIZE_BYTES=8388608 -DFILE_COPY_CONSTRUCTOR_SELECT=FILE_COPY_CONSTRUCTOR_PUBLIC -DUSE_UTF8_LONG_NAMES=1 -DDISABLE_FS_H_WARNING=1 -DCFG_TUSB_MCU=OPT_MCU_RP2040 -DUSB_VID=0x239A -DUSB_PID=0x8129 -DUSBD_VID=0x239A -DUSBD_PID=0x8129 -DUSB_MANUFACTURER=\"Adafruit\" "-DUSB_PRODUCT=\"Feather RP2040 USB Host\"" -DPICO_CYW43_ARCH_THREADSAFE_BACKGROUND=1 -DCYW43_LWIP=1 -DCYW43_PIO_CLOCK_DIV_DYNAMIC=1 -DLWIP_IPV4=1 -DLWIP_IGMP=1 -DLWIP_CHECKSUM_CTRL_PER_NETIF=1 -DLWIP_IPV6=0 -DARDUINO_VARIANT=\"adafruit_feather_usb_host\" "-I.pio\libdeps\adafruit_feather_usb_host\Pico PIO USB\src" "-I.pio\libdeps\adafruit_feather_usb_host\SdFat - Adafruit Fork\src" -IC:\Users\MacGuffin_\.platformio\packages\framework-arduinopico\libraries\SPI\src "-I.pio\libdeps\adafruit_feather_usb_host\Adafruit TinyUSB Library\src" -IC:\Users\MacGuffin_\.platformio\packages\framework-arduinopico\cores\rp2040 -IC:\Users\MacGuffin_\.platformio\packages\framework-arduinopico\cores\rp2040\api\deprecated -IC:\Users\MacGuffin_\.platformio\packages\framework-arduinopico\cores\rp2040\api\deprecated-avr-comp -IC:\Users\MacGuffin_\.platformio\packages\framework-arduinopico\libraries\Adafruit_TinyUSB_Arduino\src\arduino -IC:\Users\MacGuffin_\.platformio\packages\framework-arduinopico\include -IC:\Users\MacGuffin_\.platformio\packages\framework-arduinopico\variants\adafruit_feather_usb_host ".pio\libdeps\adafruit_feather_usb_host\Adafruit TinyUSB Library\src\arduino\ports\rp2040\Adafruit_TinyUSB_rp2040.cpp"
arm-none-eabi-g++ -o ".pio\build\adafruit_feather_usb_host\lib43d\Adafruit TinyUSB Library\arduino\ports\samd\Adafruit_TinyUSB_samd.cpp.o" -c -fno-exceptions -fno-rtti -std=gnu++17 -Os -Werror=return-type -Wno-psabi -ffunction-sections -fdata-sections -march=armv6-m -mcpu=cortex-m0plus -mthumb -iprefixC:\Users\MacGuffin_\.platformio\packages\framework-arduinopico @C:\Users\MacGuffin_\.platformio\packages\framework-arduinopico\lib\rp2040\platform_inc.txt @C:\Users\MacGuffin_\.platformio\packages\framework-arduinopico\lib\core_inc.txt -DPLATFORMIO=60118 -DARDUINO_ADAFRUIT_FEATHER_RP2040_USB_HOST -DARDUINO_ARCH_RP2040 -DUSBD_MAX_POWER_MA=250 -DUSE_TINYUSB -DUSE_TINYUSB_HOST -DSH110X_NO_SPLASH -DARDUINO=10810 -DARDUINO_ARCH_RP2040 -DF_CPU=133000000L -DBOARD_NAME=\"adafruit_feather_usb_host\" -DARM_MATH_CM0_FAMILY -DARM_MATH_CM0_PLUS -DTARGET_RP2040 -DPICO_RP2040=1 -DPICO_FLASH_SIZE_BYTES=8388608 -DFILE_COPY_CONSTRUCTOR_SELECT=FILE_COPY_CONSTRUCTOR_PUBLIC -DUSE_UTF8_LONG_NAMES=1 -DDISABLE_FS_H_WARNING=1 -DCFG_TUSB_MCU=OPT_MCU_RP2040 -DUSB_VID=0x239A -DUSB_PID=0x8129 -DUSBD_VID=0x239A -DUSBD_PID=0x8129 -DUSB_MANUFACTURER=\"Adafruit\" "-DUSB_PRODUCT=\"Feather RP2040 USB Host\"" -DPICO_CYW43_ARCH_THREADSAFE_BACKGROUND=1 -DCYW43_LWIP=1 -DCYW43_PIO_CLOCK_DIV_DYNAMIC=1 -DLWIP_IPV4=1 -DLWIP_IGMP=1 -DLWIP_CHECKSUM_CTRL_PER_NETIF=1 -DLWIP_IPV6=0 -DARDUINO_VARIANT=\"adafruit_feather_usb_host\" "-I.pio\libdeps\adafruit_feather_usb_host\Pico PIO USB\src" "-I.pio\libdeps\adafruit_feather_usb_host\SdFat - Adafruit Fork\src" -IC:\Users\MacGuffin_\.platformio\packages\framework-arduinopico\libraries\SPI\src "-I.pio\libdeps\adafruit_feather_usb_host\Adafruit TinyUSB Library\src" -IC:\Users\MacGuffin_\.platformio\packages\framework-arduinopico\cores\rp2040 -IC:\Users\MacGuffin_\.platformio\packages\framework-arduinopico\cores\rp2040\api\deprecated -IC:\Users\MacGuffin_\.platformio\packages\framework-arduinopico\cores\rp2040\api\deprecated-avr-comp -IC:\Users\MacGuffin_\.platformio\packages\framework-arduinopico\libraries\Adafruit_TinyUSB_Arduino\src\arduino -IC:\Users\MacGuffin_\.platformio\packages\framework-arduinopico\include -IC:\Users\MacGuffin_\.platformio\packages\framework-arduinopico\variants\adafruit_feather_usb_host ".pio\libdeps\adafruit_feather_usb_host\Adafruit TinyUSB Library\src\arduino\ports\samd\Adafruit_TinyUSB_samd.cpp"
arm-none-eabi-g++ -o ".pio\build\adafruit_feather_usb_host\lib43d\Adafruit TinyUSB Library\arduino\video\Adafruit_USBD_Video.cpp.o" -c -fno-exceptions -fno-rtti -std=gnu++17 -Os -Werror=return-type -Wno-psabi -ffunction-sections -fdata-sections -march=armv6-m -mcpu=cortex-m0plus -mthumb -iprefixC:\Users\MacGuffin_\.platformio\packages\framework-arduinopico @C:\Users\MacGuffin_\.platformio\packages\framework-arduinopico\lib\rp2040\platform_inc.txt @C:\Users\MacGuffin_\.platformio\packages\framework-arduinopico\lib\core_inc.txt -DPLATFORMIO=60118 -DARDUINO_ADAFRUIT_FEATHER_RP2040_USB_HOST -DARDUINO_ARCH_RP2040 -DUSBD_MAX_POWER_MA=250 -DUSE_TINYUSB -DUSE_TINYUSB_HOST -DSH110X_NO_SPLASH -DARDUINO=10810 -DARDUINO_ARCH_RP2040 -DF_CPU=133000000L -DBOARD_NAME=\"adafruit_feather_usb_host\" -DARM_MATH_CM0_FAMILY -DARM_MATH_CM0_PLUS -DTARGET_RP2040 -DPICO_RP2040=1 -DPICO_FLASH_SIZE_BYTES=8388608 -DFILE_COPY_CONSTRUCTOR_SELECT=FILE_COPY_CONSTRUCTOR_PUBLIC -DUSE_UTF8_LONG_NAMES=1 -DDISABLE_FS_H_WARNING=1 -DCFG_TUSB_MCU=OPT_MCU_RP2040 -DUSB_VID=0x239A -DUSB_PID=0x8129 -DUSBD_VID=0x239A -DUSBD_PID=0x8129 -DUSB_MANUFACTURER=\"Adafruit\" "-DUSB_PRODUCT=\"Feather RP2040 USB Host\"" -DPICO_CYW43_ARCH_THREADSAFE_BACKGROUND=1 -DCYW43_LWIP=1 -DCYW43_PIO_CLOCK_DIV_DYNAMIC=1 -DLWIP_IPV4=1 -DLWIP_IGMP=1 -DLWIP_CHECKSUM_CTRL_PER_NETIF=1 -DLWIP_IPV6=0 -DARDUINO_VARIANT=\"adafruit_feather_usb_host\" "-I.pio\libdeps\adafruit_feather_usb_host\Pico PIO USB\src" "-I.pio\libdeps\adafruit_feather_usb_host\SdFat - Adafruit Fork\src" -IC:\Users\MacGuffin_\.platformio\packages\framework-arduinopico\libraries\SPI\src "-I.pio\libdeps\adafruit_feather_usb_host\Adafruit TinyUSB Library\src" -IC:\Users\MacGuffin_\.platformio\packages\framework-arduinopico\cores\rp2040 -IC:\Users\MacGuffin_\.platformio\packages\framework-arduinopico\cores\rp2040\api\deprecated -IC:\Users\MacGuffin_\.platformio\packages\framework-arduinopico\cores\rp2040\api\deprecated-avr-comp -IC:\Users\MacGuffin_\.platformio\packages\framework-arduinopico\libraries\Adafruit_TinyUSB_Arduino\src\arduino -IC:\Users\MacGuffin_\.platformio\packages\framework-arduinopico\include -IC:\Users\MacGuffin_\.platformio\packages\framework-arduinopico\variants\adafruit_feather_usb_host ".pio\libdeps\adafruit_feather_usb_host\Adafruit TinyUSB Library\src\arduino\video\Adafruit_USBD_Video.cpp"
arm-none-eabi-g++ -o ".pio\build\adafruit_feather_usb_host\lib43d\Adafruit TinyUSB Library\arduino\webusb\Adafruit_USBD_WebUSB.cpp.o" -c -fno-exceptions -fno-rtti -std=gnu++17 -Os -Werror=return-type -Wno-psabi -ffunction-sections -fdata-sections -march=armv6-m -mcpu=cortex-m0plus -mthumb -iprefixC:\Users\MacGuffin_\.platformio\packages\framework-arduinopico @C:\Users\MacGuffin_\.platformio\packages\framework-arduinopico\lib\rp2040\platform_inc.txt @C:\Users\MacGuffin_\.platformio\packages\framework-arduinopico\lib\core_inc.txt -DPLATFORMIO=60118 -DARDUINO_ADAFRUIT_FEATHER_RP2040_USB_HOST -DARDUINO_ARCH_RP2040 -DUSBD_MAX_POWER_MA=250 -DUSE_TINYUSB -DUSE_TINYUSB_HOST -DSH110X_NO_SPLASH -DARDUINO=10810 -DARDUINO_ARCH_RP2040 -DF_CPU=133000000L -DBOARD_NAME=\"adafruit_feather_usb_host\" -DARM_MATH_CM0_FAMILY -DARM_MATH_CM0_PLUS -DTARGET_RP2040 -DPICO_RP2040=1 -DPICO_FLASH_SIZE_BYTES=8388608 -DFILE_COPY_CONSTRUCTOR_SELECT=FILE_COPY_CONSTRUCTOR_PUBLIC -DUSE_UTF8_LONG_NAMES=1 -DDISABLE_FS_H_WARNING=1 -DCFG_TUSB_MCU=OPT_MCU_RP2040 -DUSB_VID=0x239A -DUSB_PID=0x8129 -DUSBD_VID=0x239A -DUSBD_PID=0x8129 -DUSB_MANUFACTURER=\"Adafruit\" "-DUSB_PRODUCT=\"Feather RP2040 USB Host\"" -DPICO_CYW43_ARCH_THREADSAFE_BACKGROUND=1 -DCYW43_LWIP=1 -DCYW43_PIO_CLOCK_DIV_DYNAMIC=1 -DLWIP_IPV4=1 -DLWIP_IGMP=1 -DLWIP_CHECKSUM_CTRL_PER_NETIF=1 -DLWIP_IPV6=0 -DARDUINO_VARIANT=\"adafruit_feather_usb_host\" "-I.pio\libdeps\adafruit_feather_usb_host\Pico PIO USB\src" "-I.pio\libdeps\adafruit_feather_usb_host\SdFat - Adafruit Fork\src" -IC:\Users\MacGuffin_\.platformio\packages\framework-arduinopico\libraries\SPI\src "-I.pio\libdeps\adafruit_feather_usb_host\Adafruit TinyUSB Library\src" -IC:\Users\MacGuffin_\.platformio\packages\framework-arduinopico\cores\rp2040 -IC:\Users\MacGuffin_\.platformio\packages\framework-arduinopico\cores\rp2040\api\deprecated -IC:\Users\MacGuffin_\.platformio\packages\framework-arduinopico\cores\rp2040\api\deprecated-avr-comp -IC:\Users\MacGuffin_\.platformio\packages\framework-arduinopico\libraries\Adafruit_TinyUSB_Arduino\src\arduino -IC:\Users\MacGuffin_\.platformio\packages\framework-arduinopico\include -IC:\Users\MacGuffin_\.platformio\packages\framework-arduinopico\variants\adafruit_feather_usb_host ".pio\libdeps\adafruit_feather_usb_host\Adafruit TinyUSB Library\src\arduino\webusb\Adafruit_USBD_WebUSB.cpp"
arm-none-eabi-gcc -o ".pio\build\adafruit_feather_usb_host\lib43d\Adafruit TinyUSB Library\class\audio\audio_device.c.o" -c -std=gnu17 -Os -Werror=return-type -Wno-psabi -ffunction-sections -fdata-sections -march=armv6-m -mcpu=cortex-m0plus -mthumb -iprefixC:\Users\MacGuffin_\.platformio\packages\framework-arduinopico @C:\Users\MacGuffin_\.platformio\packages\framework-arduinopico\lib\rp2040\platform_inc.txt @C:\Users\MacGuffin_\.platformio\packages\framework-arduinopico\lib\core_inc.txt -DPLATFORMIO=60118 -DARDUINO_ADAFRUIT_FEATHER_RP2040_USB_HOST -DARDUINO_ARCH_RP2040 -DUSBD_MAX_POWER_MA=250 -DUSE_TINYUSB -DUSE_TINYUSB_HOST -DSH110X_NO_SPLASH -DARDUINO=10810 -DARDUINO_ARCH_RP2040 -DF_CPU=133000000L -DBOARD_NAME=\"adafruit_feather_usb_host\" -DARM_MATH_CM0_FAMILY -DARM_MATH_CM0_PLUS -DTARGET_RP2040 -DPICO_RP2040=1 -DPICO_FLASH_SIZE_BYTES=8388608 -DFILE_COPY_CONSTRUCTOR_SELECT=FILE_COPY_CONSTRUCTOR_PUBLIC -DUSE_UTF8_LONG_NAMES=1 -DDISABLE_FS_H_WARNING=1 -DCFG_TUSB_MCU=OPT_MCU_RP2040 -DUSB_VID=0x239A -DUSB_PID=0x8129 -DUSBD_VID=0x239A -DUSBD_PID=0x8129 -DUSB_MANUFACTURER=\"Adafruit\" "-DUSB_PRODUCT=\"Feather RP2040 USB Host\"" -DPICO_CYW43_ARCH_THREADSAFE_BACKGROUND=1 -DCYW43_LWIP=1 -DCYW43_PIO_CLOCK_DIV_DYNAMIC=1 -DLWIP_IPV4=1 -DLWIP_IGMP=1 -DLWIP_CHECKSUM_CTRL_PER_NETIF=1 -DLWIP_IPV6=0 -DARDUINO_VARIANT=\"adafruit_feather_usb_host\" "-I.pio\libdeps\adafruit_feather_usb_host\Pico PIO USB\src" "-I.pio\libdeps\adafruit_feather_usb_host\SdFat - Adafruit Fork\src" -IC:\Users\MacGuffin_\.platformio\packages\framework-arduinopico\libraries\SPI\src "-I.pio\libdeps\adafruit_feather_usb_host\Adafruit TinyUSB Library\src" -IC:\Users\MacGuffin_\.platformio\packages\framework-arduinopico\cores\rp2040 -IC:\Users\MacGuffin_\.platformio\packages\framework-arduinopico\cores\rp2040\api\deprecated -IC:\Users\MacGuffin_\.platformio\packages\framework-arduinopico\cores\rp2040\api\deprecated-avr-comp -IC:\Users\MacGuffin_\.platformio\packages\framework-arduinopico\libraries\Adafruit_TinyUSB_Arduino\src\arduino -IC:\Users\MacGuffin_\.platformio\packages\framework-arduinopico\include -IC:\Users\MacGuffin_\.platformio\packages\framework-arduinopico\variants\adafruit_feather_usb_host ".pio\libdeps\adafruit_feather_usb_host\Adafruit TinyUSB Library\src\class\audio\audio_device.c"
arm-none-eabi-gcc -o ".pio\build\adafruit_feather_usb_host\lib43d\Adafruit TinyUSB Library\class\bth\bth_device.c.o" -c -std=gnu17 -Os -Werror=return-type -Wno-psabi -ffunction-sections -fdata-sections -march=armv6-m -mcpu=cortex-m0plus -mthumb -iprefixC:\Users\MacGuffin_\.platformio\packages\framework-arduinopico @C:\Users\MacGuffin_\.platformio\packages\framework-arduinopico\lib\rp2040\platform_inc.txt @C:\Users\MacGuffin_\.platformio\packages\framework-arduinopico\lib\core_inc.txt -DPLATFORMIO=60118 -DARDUINO_ADAFRUIT_FEATHER_RP2040_USB_HOST -DARDUINO_ARCH_RP2040 -DUSBD_MAX_POWER_MA=250 -DUSE_TINYUSB -DUSE_TINYUSB_HOST -DSH110X_NO_SPLASH -DARDUINO=10810 -DARDUINO_ARCH_RP2040 -DF_CPU=133000000L -DBOARD_NAME=\"adafruit_feather_usb_host\" -DARM_MATH_CM0_FAMILY -DARM_MATH_CM0_PLUS -DTARGET_RP2040 -DPICO_RP2040=1 -DPICO_FLASH_SIZE_BYTES=8388608 -DFILE_COPY_CONSTRUCTOR_SELECT=FILE_COPY_CONSTRUCTOR_PUBLIC -DUSE_UTF8_LONG_NAMES=1 -DDISABLE_FS_H_WARNING=1 -DCFG_TUSB_MCU=OPT_MCU_RP2040 -DUSB_VID=0x239A -DUSB_PID=0x8129 -DUSBD_VID=0x239A -DUSBD_PID=0x8129 -DUSB_MANUFACTURER=\"Adafruit\" "-DUSB_PRODUCT=\"Feather RP2040 USB Host\"" -DPICO_CYW43_ARCH_THREADSAFE_BACKGROUND=1 -DCYW43_LWIP=1 -DCYW43_PIO_CLOCK_DIV_DYNAMIC=1 -DLWIP_IPV4=1 -DLWIP_IGMP=1 -DLWIP_CHECKSUM_CTRL_PER_NETIF=1 -DLWIP_IPV6=0 -DARDUINO_VARIANT=\"adafruit_feather_usb_host\" "-I.pio\libdeps\adafruit_feather_usb_host\Pico PIO USB\src" "-I.pio\libdeps\adafruit_feather_usb_host\SdFat - Adafruit Fork\src" -IC:\Users\MacGuffin_\.platformio\packages\framework-arduinopico\libraries\SPI\src "-I.pio\libdeps\adafruit_feather_usb_host\Adafruit TinyUSB Library\src" -IC:\Users\MacGuffin_\.platformio\packages\framework-arduinopico\cores\rp2040 -IC:\Users\MacGuffin_\.platformio\packages\framework-arduinopico\cores\rp2040\api\deprecated -IC:\Users\MacGuffin_\.platformio\packages\framework-arduinopico\cores\rp2040\api\deprecated-avr-comp -IC:\Users\MacGuffin_\.platformio\packages\framework-arduinopico\libraries\Adafruit_TinyUSB_Arduino\src\arduino -IC:\Users\MacGuffin_\.platformio\packages\framework-arduinopico\include -IC:\Users\MacGuffin_\.platformio\packages\framework-arduinopico\variants\adafruit_feather_usb_host ".pio\libdeps\adafruit_feather_usb_host\Adafruit TinyUSB Library\src\class\bth\bth_device.c"
arm-none-eabi-gcc -o ".pio\build\adafruit_feather_usb_host\lib43d\Adafruit TinyUSB Library\class\cdc\cdc_device.c.o" -c -std=gnu17 -Os -Werror=return-type -Wno-psabi -ffunction-sections -fdata-sections -march=armv6-m -mcpu=cortex-m0plus -mthumb -iprefixC:\Users\MacGuffin_\.platformio\packages\framework-arduinopico @C:\Users\MacGuffin_\.platformio\packages\framework-arduinopico\lib\rp2040\platform_inc.txt @C:\Users\MacGuffin_\.platformio\packages\framework-arduinopico\lib\core_inc.txt -DPLATFORMIO=60118 -DARDUINO_ADAFRUIT_FEATHER_RP2040_USB_HOST -DARDUINO_ARCH_RP2040 -DUSBD_MAX_POWER_MA=250 -DUSE_TINYUSB -DUSE_TINYUSB_HOST -DSH110X_NO_SPLASH -DARDUINO=10810 -DARDUINO_ARCH_RP2040 -DF_CPU=133000000L -DBOARD_NAME=\"adafruit_feather_usb_host\" -DARM_MATH_CM0_FAMILY -DARM_MATH_CM0_PLUS -DTARGET_RP2040 -DPICO_RP2040=1 -DPICO_FLASH_SIZE_BYTES=8388608 -DFILE_COPY_CONSTRUCTOR_SELECT=FILE_COPY_CONSTRUCTOR_PUBLIC -DUSE_UTF8_LONG_NAMES=1 -DDISABLE_FS_H_WARNING=1 -DCFG_TUSB_MCU=OPT_MCU_RP2040 -DUSB_VID=0x239A -DUSB_PID=0x8129 -DUSBD_VID=0x239A -DUSBD_PID=0x8129 -DUSB_MANUFACTURER=\"Adafruit\" "-DUSB_PRODUCT=\"Feather RP2040 USB Host\"" -DPICO_CYW43_ARCH_THREADSAFE_BACKGROUND=1 -DCYW43_LWIP=1 -DCYW43_PIO_CLOCK_DIV_DYNAMIC=1 -DLWIP_IPV4=1 -DLWIP_IGMP=1 -DLWIP_CHECKSUM_CTRL_PER_NETIF=1 -DLWIP_IPV6=0 -DARDUINO_VARIANT=\"adafruit_feather_usb_host\" "-I.pio\libdeps\adafruit_feather_usb_host\Pico PIO USB\src" "-I.pio\libdeps\adafruit_feather_usb_host\SdFat - Adafruit Fork\src" -IC:\Users\MacGuffin_\.platformio\packages\framework-arduinopico\libraries\SPI\src "-I.pio\libdeps\adafruit_feather_usb_host\Adafruit TinyUSB Library\src" -IC:\Users\MacGuffin_\.platformio\packages\framework-arduinopico\cores\rp2040 -IC:\Users\MacGuffin_\.platformio\packages\framework-arduinopico\cores\rp2040\api\deprecated -IC:\Users\MacGuffin_\.platformio\packages\framework-arduinopico\cores\rp2040\api\deprecated-avr-comp -IC:\Users\MacGuffin_\.platformio\packages\framework-arduinopico\libraries\Adafruit_TinyUSB_Arduino\src\arduino -IC:\Users\MacGuffin_\.platformio\packages\framework-arduinopico\include -IC:\Users\MacGuffin_\.platformio\packages\framework-arduinopico\variants\adafruit_feather_usb_host ".pio\libdeps\adafruit_feather_usb_host\Adafruit TinyUSB Library\src\class\cdc\cdc_device.c"
arm-none-eabi-gcc -o ".pio\build\adafruit_feather_usb_host\lib43d\Adafruit TinyUSB Library\class\cdc\cdc_host.c.o" -c -std=gnu17 -Os -Werror=return-type -Wno-psabi -ffunction-sections -fdata-sections -march=armv6-m -mcpu=cortex-m0plus -mthumb -iprefixC:\Users\MacGuffin_\.platformio\packages\framework-arduinopico @C:\Users\MacGuffin_\.platformio\packages\framework-arduinopico\lib\rp2040\platform_inc.txt @C:\Users\MacGuffin_\.platformio\packages\framework-arduinopico\lib\core_inc.txt -DPLATFORMIO=60118 -DARDUINO_ADAFRUIT_FEATHER_RP2040_USB_HOST -DARDUINO_ARCH_RP2040 -DUSBD_MAX_POWER_MA=250 -DUSE_TINYUSB -DUSE_TINYUSB_HOST -DSH110X_NO_SPLASH -DARDUINO=10810 -DARDUINO_ARCH_RP2040 -DF_CPU=133000000L -DBOARD_NAME=\"adafruit_feather_usb_host\" -DARM_MATH_CM0_FAMILY -DARM_MATH_CM0_PLUS -DTARGET_RP2040 -DPICO_RP2040=1 -DPICO_FLASH_SIZE_BYTES=8388608 -DFILE_COPY_CONSTRUCTOR_SELECT=FILE_COPY_CONSTRUCTOR_PUBLIC -DUSE_UTF8_LONG_NAMES=1 -DDISABLE_FS_H_WARNING=1 -DCFG_TUSB_MCU=OPT_MCU_RP2040 -DUSB_VID=0x239A -DUSB_PID=0x8129 -DUSBD_VID=0x239A -DUSBD_PID=0x8129 -DUSB_MANUFACTURER=\"Adafruit\" "-DUSB_PRODUCT=\"Feather RP2040 USB Host\"" -DPICO_CYW43_ARCH_THREADSAFE_BACKGROUND=1 -DCYW43_LWIP=1 -DCYW43_PIO_CLOCK_DIV_DYNAMIC=1 -DLWIP_IPV4=1 -DLWIP_IGMP=1 -DLWIP_CHECKSUM_CTRL_PER_NETIF=1 -DLWIP_IPV6=0 -DARDUINO_VARIANT=\"adafruit_feather_usb_host\" "-I.pio\libdeps\adafruit_feather_usb_host\Pico PIO USB\src" "-I.pio\libdeps\adafruit_feather_usb_host\SdFat - Adafruit Fork\src" -IC:\Users\MacGuffin_\.platformio\packages\framework-arduinopico\libraries\SPI\src "-I.pio\libdeps\adafruit_feather_usb_host\Adafruit TinyUSB Library\src" -IC:\Users\MacGuffin_\.platformio\packages\framework-arduinopico\cores\rp2040 -IC:\Users\MacGuffin_\.platformio\packages\framework-arduinopico\cores\rp2040\api\deprecated -IC:\Users\MacGuffin_\.platformio\packages\framework-arduinopico\cores\rp2040\api\deprecated-avr-comp -IC:\Users\MacGuffin_\.platformio\packages\framework-arduinopico\libraries\Adafruit_TinyUSB_Arduino\src\arduino -IC:\Users\MacGuffin_\.platformio\packages\framework-arduinopico\include -IC:\Users\MacGuffin_\.platformio\packages\framework-arduinopico\variants\adafruit_feather_usb_host ".pio\libdeps\adafruit_feather_usb_host\Adafruit TinyUSB Library\src\class\cdc\cdc_host.c"
arm-none-eabi-gcc -o ".pio\build\adafruit_feather_usb_host\lib43d\Adafruit TinyUSB Library\class\dfu\dfu_device.c.o" -c -std=gnu17 -Os -Werror=return-type -Wno-psabi -ffunction-sections -fdata-sections -march=armv6-m -mcpu=cortex-m0plus -mthumb -iprefixC:\Users\MacGuffin_\.platformio\packages\framework-arduinopico @C:\Users\MacGuffin_\.platformio\packages\framework-arduinopico\lib\rp2040\platform_inc.txt @C:\Users\MacGuffin_\.platformio\packages\framework-arduinopico\lib\core_inc.txt -DPLATFORMIO=60118 -DARDUINO_ADAFRUIT_FEATHER_RP2040_USB_HOST -DARDUINO_ARCH_RP2040 -DUSBD_MAX_POWER_MA=250 -DUSE_TINYUSB -DUSE_TINYUSB_HOST -DSH110X_NO_SPLASH -DARDUINO=10810 -DARDUINO_ARCH_RP2040 -DF_CPU=133000000L -DBOARD_NAME=\"adafruit_feather_usb_host\" -DARM_MATH_CM0_FAMILY -DARM_MATH_CM0_PLUS -DTARGET_RP2040 -DPICO_RP2040=1 -DPICO_FLASH_SIZE_BYTES=8388608 -DFILE_COPY_CONSTRUCTOR_SELECT=FILE_COPY_CONSTRUCTOR_PUBLIC -DUSE_UTF8_LONG_NAMES=1 -DDISABLE_FS_H_WARNING=1 -DCFG_TUSB_MCU=OPT_MCU_RP2040 -DUSB_VID=0x239A -DUSB_PID=0x8129 -DUSBD_VID=0x239A -DUSBD_PID=0x8129 -DUSB_MANUFACTURER=\"Adafruit\" "-DUSB_PRODUCT=\"Feather RP2040 USB Host\"" -DPICO_CYW43_ARCH_THREADSAFE_BACKGROUND=1 -DCYW43_LWIP=1 -DCYW43_PIO_CLOCK_DIV_DYNAMIC=1 -DLWIP_IPV4=1 -DLWIP_IGMP=1 -DLWIP_CHECKSUM_CTRL_PER_NETIF=1 -DLWIP_IPV6=0 -DARDUINO_VARIANT=\"adafruit_feather_usb_host\" "-I.pio\libdeps\adafruit_feather_usb_host\Pico PIO USB\src" "-I.pio\libdeps\adafruit_feather_usb_host\SdFat - Adafruit Fork\src" -IC:\Users\MacGuffin_\.platformio\packages\framework-arduinopico\libraries\SPI\src "-I.pio\libdeps\adafruit_feather_usb_host\Adafruit TinyUSB Library\src" -IC:\Users\MacGuffin_\.platformio\packages\framework-arduinopico\cores\rp2040 -IC:\Users\MacGuffin_\.platformio\packages\framework-arduinopico\cores\rp2040\api\deprecated -IC:\Users\MacGuffin_\.platformio\packages\framework-arduinopico\cores\rp2040\api\deprecated-avr-comp -IC:\Users\MacGuffin_\.platformio\packages\framework-arduinopico\libraries\Adafruit_TinyUSB_Arduino\src\arduino -IC:\Users\MacGuffin_\.platformio\packages\framework-arduinopico\include -IC:\Users\MacGuffin_\.platformio\packages\framework-arduinopico\variants\adafruit_feather_usb_host ".pio\libdeps\adafruit_feather_usb_host\Adafruit TinyUSB Library\src\class\dfu\dfu_device.c"
arm-none-eabi-gcc -o ".pio\build\adafruit_feather_usb_host\lib43d\Adafruit TinyUSB Library\class\dfu\dfu_rt_device.c.o" -c -std=gnu17 -Os -Werror=return-type -Wno-psabi -ffunction-sections -fdata-sections -march=armv6-m -mcpu=cortex-m0plus -mthumb -iprefixC:\Users\MacGuffin_\.platformio\packages\framework-arduinopico @C:\Users\MacGuffin_\.platformio\packages\framework-arduinopico\lib\rp2040\platform_inc.txt @C:\Users\MacGuffin_\.platformio\packages\framework-arduinopico\lib\core_inc.txt -DPLATFORMIO=60118 -DARDUINO_ADAFRUIT_FEATHER_RP2040_USB_HOST -DARDUINO_ARCH_RP2040 -DUSBD_MAX_POWER_MA=250 -DUSE_TINYUSB -DUSE_TINYUSB_HOST -DSH110X_NO_SPLASH -DARDUINO=10810 -DARDUINO_ARCH_RP2040 -DF_CPU=133000000L -DBOARD_NAME=\"adafruit_feather_usb_host\" -DARM_MATH_CM0_FAMILY -DARM_MATH_CM0_PLUS -DTARGET_RP2040 -DPICO_RP2040=1 -DPICO_FLASH_SIZE_BYTES=8388608 -DFILE_COPY_CONSTRUCTOR_SELECT=FILE_COPY_CONSTRUCTOR_PUBLIC -DUSE_UTF8_LONG_NAMES=1 -DDISABLE_FS_H_WARNING=1 -DCFG_TUSB_MCU=OPT_MCU_RP2040 -DUSB_VID=0x239A -DUSB_PID=0x8129 -DUSBD_VID=0x239A -DUSBD_PID=0x8129 -DUSB_MANUFACTURER=\"Adafruit\" "-DUSB_PRODUCT=\"Feather RP2040 USB Host\"" -DPICO_CYW43_ARCH_THREADSAFE_BACKGROUND=1 -DCYW43_LWIP=1 -DCYW43_PIO_CLOCK_DIV_DYNAMIC=1 -DLWIP_IPV4=1 -DLWIP_IGMP=1 -DLWIP_CHECKSUM_CTRL_PER_NETIF=1 -DLWIP_IPV6=0 -DARDUINO_VARIANT=\"adafruit_feather_usb_host\" "-I.pio\libdeps\adafruit_feather_usb_host\Pico PIO USB\src" "-I.pio\libdeps\adafruit_feather_usb_host\SdFat - Adafruit Fork\src" -IC:\Users\MacGuffin_\.platformio\packages\framework-arduinopico\libraries\SPI\src "-I.pio\libdeps\adafruit_feather_usb_host\Adafruit TinyUSB Library\src" -IC:\Users\MacGuffin_\.platformio\packages\framework-arduinopico\cores\rp2040 -IC:\Users\MacGuffin_\.platformio\packages\framework-arduinopico\cores\rp2040\api\deprecated -IC:\Users\MacGuffin_\.platformio\packages\framework-arduinopico\cores\rp2040\api\deprecated-avr-comp -IC:\Users\MacGuffin_\.platformio\packages\framework-arduinopico\libraries\Adafruit_TinyUSB_Arduino\src\arduino -IC:\Users\MacGuffin_\.platformio\packages\framework-arduinopico\include -IC:\Users\MacGuffin_\.platformio\packages\framework-arduinopico\variants\adafruit_feather_usb_host ".pio\libdeps\adafruit_feather_usb_host\Adafruit TinyUSB Library\src\class\dfu\dfu_rt_device.c"
arm-none-eabi-gcc -o ".pio\build\adafruit_feather_usb_host\lib43d\Adafruit TinyUSB Library\class\hid\hid_device.c.o" -c -std=gnu17 -Os -Werror=return-type -Wno-psabi -ffunction-sections -fdata-sections -march=armv6-m -mcpu=cortex-m0plus -mthumb -iprefixC:\Users\MacGuffin_\.platformio\packages\framework-arduinopico @C:\Users\MacGuffin_\.platformio\packages\framework-arduinopico\lib\rp2040\platform_inc.txt @C:\Users\MacGuffin_\.platformio\packages\framework-arduinopico\lib\core_inc.txt -DPLATFORMIO=60118 -DARDUINO_ADAFRUIT_FEATHER_RP2040_USB_HOST -DARDUINO_ARCH_RP2040 -DUSBD_MAX_POWER_MA=250 -DUSE_TINYUSB -DUSE_TINYUSB_HOST -DSH110X_NO_SPLASH -DARDUINO=10810 -DARDUINO_ARCH_RP2040 -DF_CPU=133000000L -DBOARD_NAME=\"adafruit_feather_usb_host\" -DARM_MATH_CM0_FAMILY -DARM_MATH_CM0_PLUS -DTARGET_RP2040 -DPICO_RP2040=1 -DPICO_FLASH_SIZE_BYTES=8388608 -DFILE_COPY_CONSTRUCTOR_SELECT=FILE_COPY_CONSTRUCTOR_PUBLIC -DUSE_UTF8_LONG_NAMES=1 -DDISABLE_FS_H_WARNING=1 -DCFG_TUSB_MCU=OPT_MCU_RP2040 -DUSB_VID=0x239A -DUSB_PID=0x8129 -DUSBD_VID=0x239A -DUSBD_PID=0x8129 -DUSB_MANUFACTURER=\"Adafruit\" "-DUSB_PRODUCT=\"Feather RP2040 USB Host\"" -DPICO_CYW43_ARCH_THREADSAFE_BACKGROUND=1 -DCYW43_LWIP=1 -DCYW43_PIO_CLOCK_DIV_DYNAMIC=1 -DLWIP_IPV4=1 -DLWIP_IGMP=1 -DLWIP_CHECKSUM_CTRL_PER_NETIF=1 -DLWIP_IPV6=0 -DARDUINO_VARIANT=\"adafruit_feather_usb_host\" "-I.pio\libdeps\adafruit_feather_usb_host\Pico PIO USB\src" "-I.pio\libdeps\adafruit_feather_usb_host\SdFat - Adafruit Fork\src" -IC:\Users\MacGuffin_\.platformio\packages\framework-arduinopico\libraries\SPI\src "-I.pio\libdeps\adafruit_feather_usb_host\Adafruit TinyUSB Library\src" -IC:\Users\MacGuffin_\.platformio\packages\framework-arduinopico\cores\rp2040 -IC:\Users\MacGuffin_\.platformio\packages\framework-arduinopico\cores\rp2040\api\deprecated -IC:\Users\MacGuffin_\.platformio\packages\framework-arduinopico\cores\rp2040\api\deprecated-avr-comp -IC:\Users\MacGuffin_\.platformio\packages\framework-arduinopico\libraries\Adafruit_TinyUSB_Arduino\src\arduino -IC:\Users\MacGuffin_\.platformio\packages\framework-arduinopico\include -IC:\Users\MacGuffin_\.platformio\packages\framework-arduinopico\variants\adafruit_feather_usb_host ".pio\libdeps\adafruit_feather_usb_host\Adafruit TinyUSB Library\src\class\hid\hid_device.c"
arm-none-eabi-gcc -o ".pio\build\adafruit_feather_usb_host\lib43d\Adafruit TinyUSB Library\class\hid\hid_host.c.o" -c -std=gnu17 -Os -Werror=return-type -Wno-psabi -ffunction-sections -fdata-sections -march=armv6-m -mcpu=cortex-m0plus -mthumb -iprefixC:\Users\MacGuffin_\.platformio\packages\framework-arduinopico @C:\Users\MacGuffin_\.platformio\packages\framework-arduinopico\lib\rp2040\platform_inc.txt @C:\Users\MacGuffin_\.platformio\packages\framework-arduinopico\lib\core_inc.txt -DPLATFORMIO=60118 -DARDUINO_ADAFRUIT_FEATHER_RP2040_USB_HOST -DARDUINO_ARCH_RP2040 -DUSBD_MAX_POWER_MA=250 -DUSE_TINYUSB -DUSE_TINYUSB_HOST -DSH110X_NO_SPLASH -DARDUINO=10810 -DARDUINO_ARCH_RP2040 -DF_CPU=133000000L -DBOARD_NAME=\"adafruit_feather_usb_host\" -DARM_MATH_CM0_FAMILY -DARM_MATH_CM0_PLUS -DTARGET_RP2040 -DPICO_RP2040=1 -DPICO_FLASH_SIZE_BYTES=8388608 -DFILE_COPY_CONSTRUCTOR_SELECT=FILE_COPY_CONSTRUCTOR_PUBLIC -DUSE_UTF8_LONG_NAMES=1 -DDISABLE_FS_H_WARNING=1 -DCFG_TUSB_MCU=OPT_MCU_RP2040 -DUSB_VID=0x239A -DUSB_PID=0x8129 -DUSBD_VID=0x239A -DUSBD_PID=0x8129 -DUSB_MANUFACTURER=\"Adafruit\" "-DUSB_PRODUCT=\"Feather RP2040 USB Host\"" -DPICO_CYW43_ARCH_THREADSAFE_BACKGROUND=1 -DCYW43_LWIP=1 -DCYW43_PIO_CLOCK_DIV_DYNAMIC=1 -DLWIP_IPV4=1 -DLWIP_IGMP=1 -DLWIP_CHECKSUM_CTRL_PER_NETIF=1 -DLWIP_IPV6=0 -DARDUINO_VARIANT=\"adafruit_feather_usb_host\" "-I.pio\libdeps\adafruit_feather_usb_host\Pico PIO USB\src" "-I.pio\libdeps\adafruit_feather_usb_host\SdFat - Adafruit Fork\src" -IC:\Users\MacGuffin_\.platformio\packages\framework-arduinopico\libraries\SPI\src "-I.pio\libdeps\adafruit_feather_usb_host\Adafruit TinyUSB Library\src" -IC:\Users\MacGuffin_\.platformio\packages\framework-arduinopico\cores\rp2040 -IC:\Users\MacGuffin_\.platformio\packages\framework-arduinopico\cores\rp2040\api\deprecated -IC:\Users\MacGuffin_\.platformio\packages\framework-arduinopico\cores\rp2040\api\deprecated-avr-comp -IC:\Users\MacGuffin_\.platformio\packages\framework-arduinopico\libraries\Adafruit_TinyUSB_Arduino\src\arduino -IC:\Users\MacGuffin_\.platformio\packages\framework-arduinopico\include -IC:\Users\MacGuffin_\.platformio\packages\framework-arduinopico\variants\adafruit_feather_usb_host ".pio\libdeps\adafruit_feather_usb_host\Adafruit TinyUSB Library\src\class\hid\hid_host.c"
arm-none-eabi-gcc -o ".pio\build\adafruit_feather_usb_host\lib43d\Adafruit TinyUSB Library\class\midi\midi_device.c.o" -c -std=gnu17 -Os -Werror=return-type -Wno-psabi -ffunction-sections -fdata-sections -march=armv6-m -mcpu=cortex-m0plus -mthumb -iprefixC:\Users\MacGuffin_\.platformio\packages\framework-arduinopico @C:\Users\MacGuffin_\.platformio\packages\framework-arduinopico\lib\rp2040\platform_inc.txt @C:\Users\MacGuffin_\.platformio\packages\framework-arduinopico\lib\core_inc.txt -DPLATFORMIO=60118 -DARDUINO_ADAFRUIT_FEATHER_RP2040_USB_HOST -DARDUINO_ARCH_RP2040 -DUSBD_MAX_POWER_MA=250 -DUSE_TINYUSB -DUSE_TINYUSB_HOST -DSH110X_NO_SPLASH -DARDUINO=10810 -DARDUINO_ARCH_RP2040 -DF_CPU=133000000L -DBOARD_NAME=\"adafruit_feather_usb_host\" -DARM_MATH_CM0_FAMILY -DARM_MATH_CM0_PLUS -DTARGET_RP2040 -DPICO_RP2040=1 -DPICO_FLASH_SIZE_BYTES=8388608 -DFILE_COPY_CONSTRUCTOR_SELECT=FILE_COPY_CONSTRUCTOR_PUBLIC -DUSE_UTF8_LONG_NAMES=1 -DDISABLE_FS_H_WARNING=1 -DCFG_TUSB_MCU=OPT_MCU_RP2040 -DUSB_VID=0x239A -DUSB_PID=0x8129 -DUSBD_VID=0x239A -DUSBD_PID=0x8129 -DUSB_MANUFACTURER=\"Adafruit\" "-DUSB_PRODUCT=\"Feather RP2040 USB Host\"" -DPICO_CYW43_ARCH_THREADSAFE_BACKGROUND=1 -DCYW43_LWIP=1 -DCYW43_PIO_CLOCK_DIV_DYNAMIC=1 -DLWIP_IPV4=1 -DLWIP_IGMP=1 -DLWIP_CHECKSUM_CTRL_PER_NETIF=1 -DLWIP_IPV6=0 -DARDUINO_VARIANT=\"adafruit_feather_usb_host\" "-I.pio\libdeps\adafruit_feather_usb_host\Pico PIO USB\src" "-I.pio\libdeps\adafruit_feather_usb_host\SdFat - Adafruit Fork\src" -IC:\Users\MacGuffin_\.platformio\packages\framework-arduinopico\libraries\SPI\src "-I.pio\libdeps\adafruit_feather_usb_host\Adafruit TinyUSB Library\src" -IC:\Users\MacGuffin_\.platformio\packages\framework-arduinopico\cores\rp2040 -IC:\Users\MacGuffin_\.platformio\packages\framework-arduinopico\cores\rp2040\api\deprecated -IC:\Users\MacGuffin_\.platformio\packages\framework-arduinopico\cores\rp2040\api\deprecated-avr-comp -IC:\Users\MacGuffin_\.platformio\packages\framework-arduinopico\libraries\Adafruit_TinyUSB_Arduino\src\arduino -IC:\Users\MacGuffin_\.platformio\packages\framework-arduinopico\include -IC:\Users\MacGuffin_\.platformio\packages\framework-arduinopico\variants\adafruit_feather_usb_host ".pio\libdeps\adafruit_feather_usb_host\Adafruit TinyUSB Library\src\class\midi\midi_device.c"
arm-none-eabi-gcc -o ".pio\build\adafruit_feather_usb_host\lib43d\Adafruit TinyUSB Library\class\msc\msc_device.c.o" -c -std=gnu17 -Os -Werror=return-type -Wno-psabi -ffunction-sections -fdata-sections -march=armv6-m -mcpu=cortex-m0plus -mthumb -iprefixC:\Users\MacGuffin_\.platformio\packages\framework-arduinopico @C:\Users\MacGuffin_\.platformio\packages\framework-arduinopico\lib\rp2040\platform_inc.txt @C:\Users\MacGuffin_\.platformio\packages\framework-arduinopico\lib\core_inc.txt -DPLATFORMIO=60118 -DARDUINO_ADAFRUIT_FEATHER_RP2040_USB_HOST -DARDUINO_ARCH_RP2040 -DUSBD_MAX_POWER_MA=250 -DUSE_TINYUSB -DUSE_TINYUSB_HOST -DSH110X_NO_SPLASH -DARDUINO=10810 -DARDUINO_ARCH_RP2040 -DF_CPU=133000000L -DBOARD_NAME=\"adafruit_feather_usb_host\" -DARM_MATH_CM0_FAMILY -DARM_MATH_CM0_PLUS -DTARGET_RP2040 -DPICO_RP2040=1 -DPICO_FLASH_SIZE_BYTES=8388608 -DFILE_COPY_CONSTRUCTOR_SELECT=FILE_COPY_CONSTRUCTOR_PUBLIC -DUSE_UTF8_LONG_NAMES=1 -DDISABLE_FS_H_WARNING=1 -DCFG_TUSB_MCU=OPT_MCU_RP2040 -DUSB_VID=0x239A -DUSB_PID=0x8129 -DUSBD_VID=0x239A -DUSBD_PID=0x8129 -DUSB_MANUFACTURER=\"Adafruit\" "-DUSB_PRODUCT=\"Feather RP2040 USB Host\"" -DPICO_CYW43_ARCH_THREADSAFE_BACKGROUND=1 -DCYW43_LWIP=1 -DCYW43_PIO_CLOCK_DIV_DYNAMIC=1 -DLWIP_IPV4=1 -DLWIP_IGMP=1 -DLWIP_CHECKSUM_CTRL_PER_NETIF=1 -DLWIP_IPV6=0 -DARDUINO_VARIANT=\"adafruit_feather_usb_host\" "-I.pio\libdeps\adafruit_feather_usb_host\Pico PIO USB\src" "-I.pio\libdeps\adafruit_feather_usb_host\SdFat - Adafruit Fork\src" -IC:\Users\MacGuffin_\.platformio\packages\framework-arduinopico\libraries\SPI\src "-I.pio\libdeps\adafruit_feather_usb_host\Adafruit TinyUSB Library\src" -IC:\Users\MacGuffin_\.platformio\packages\framework-arduinopico\cores\rp2040 -IC:\Users\MacGuffin_\.platformio\packages\framework-arduinopico\cores\rp2040\api\deprecated -IC:\Users\MacGuffin_\.platformio\packages\framework-arduinopico\cores\rp2040\api\deprecated-avr-comp -IC:\Users\MacGuffin_\.platformio\packages\framework-arduinopico\libraries\Adafruit_TinyUSB_Arduino\src\arduino -IC:\Users\MacGuffin_\.platformio\packages\framework-arduinopico\include -IC:\Users\MacGuffin_\.platformio\packages\framework-arduinopico\variants\adafruit_feather_usb_host ".pio\libdeps\adafruit_feather_usb_host\Adafruit TinyUSB Library\src\class\msc\msc_device.c"
arm-none-eabi-gcc -o ".pio\build\adafruit_feather_usb_host\lib43d\Adafruit TinyUSB Library\class\msc\msc_host.c.o" -c -std=gnu17 -Os -Werror=return-type -Wno-psabi -ffunction-sections -fdata-sections -march=armv6-m -mcpu=cortex-m0plus -mthumb -iprefixC:\Users\MacGuffin_\.platformio\packages\framework-arduinopico @C:\Users\MacGuffin_\.platformio\packages\framework-arduinopico\lib\rp2040\platform_inc.txt @C:\Users\MacGuffin_\.platformio\packages\framework-arduinopico\lib\core_inc.txt -DPLATFORMIO=60118 -DARDUINO_ADAFRUIT_FEATHER_RP2040_USB_HOST -DARDUINO_ARCH_RP2040 -DUSBD_MAX_POWER_MA=250 -DUSE_TINYUSB -DUSE_TINYUSB_HOST -DSH110X_NO_SPLASH -DARDUINO=10810 -DARDUINO_ARCH_RP2040 -DF_CPU=133000000L -DBOARD_NAME=\"adafruit_feather_usb_host\" -DARM_MATH_CM0_FAMILY -DARM_MATH_CM0_PLUS -DTARGET_RP2040 -DPICO_RP2040=1 -DPICO_FLASH_SIZE_BYTES=8388608 -DFILE_COPY_CONSTRUCTOR_SELECT=FILE_COPY_CONSTRUCTOR_PUBLIC -DUSE_UTF8_LONG_NAMES=1 -DDISABLE_FS_H_WARNING=1 -DCFG_TUSB_MCU=OPT_MCU_RP2040 -DUSB_VID=0x239A -DUSB_PID=0x8129 -DUSBD_VID=0x239A -DUSBD_PID=0x8129 -DUSB_MANUFACTURER=\"Adafruit\" "-DUSB_PRODUCT=\"Feather RP2040 USB Host\"" -DPICO_CYW43_ARCH_THREADSAFE_BACKGROUND=1 -DCYW43_LWIP=1 -DCYW43_PIO_CLOCK_DIV_DYNAMIC=1 -DLWIP_IPV4=1 -DLWIP_IGMP=1 -DLWIP_CHECKSUM_CTRL_PER_NETIF=1 -DLWIP_IPV6=0 -DARDUINO_VARIANT=\"adafruit_feather_usb_host\" "-I.pio\libdeps\adafruit_feather_usb_host\Pico PIO USB\src" "-I.pio\libdeps\adafruit_feather_usb_host\SdFat - Adafruit Fork\src" -IC:\Users\MacGuffin_\.platformio\packages\framework-arduinopico\libraries\SPI\src "-I.pio\libdeps\adafruit_feather_usb_host\Adafruit TinyUSB Library\src" -IC:\Users\MacGuffin_\.platformio\packages\framework-arduinopico\cores\rp2040 -IC:\Users\MacGuffin_\.platformio\packages\framework-arduinopico\cores\rp2040\api\deprecated -IC:\Users\MacGuffin_\.platformio\packages\framework-arduinopico\cores\rp2040\api\deprecated-avr-comp -IC:\Users\MacGuffin_\.platformio\packages\framework-arduinopico\libraries\Adafruit_TinyUSB_Arduino\src\arduino -IC:\Users\MacGuffin_\.platformio\packages\framework-arduinopico\include -IC:\Users\MacGuffin_\.platformio\packages\framework-arduinopico\variants\adafruit_feather_usb_host ".pio\libdeps\adafruit_feather_usb_host\Adafruit TinyUSB Library\src\class\msc\msc_host.c"
arm-none-eabi-gcc -o ".pio\build\adafruit_feather_usb_host\lib43d\Adafruit TinyUSB Library\class\net\ecm_rndis_device.c.o" -c -std=gnu17 -Os -Werror=return-type -Wno-psabi -ffunction-sections -fdata-sections -march=armv6-m -mcpu=cortex-m0plus -mthumb -iprefixC:\Users\MacGuffin_\.platformio\packages\framework-arduinopico @C:\Users\MacGuffin_\.platformio\packages\framework-arduinopico\lib\rp2040\platform_inc.txt @C:\Users\MacGuffin_\.platformio\packages\framework-arduinopico\lib\core_inc.txt -DPLATFORMIO=60118 -DARDUINO_ADAFRUIT_FEATHER_RP2040_USB_HOST -DARDUINO_ARCH_RP2040 -DUSBD_MAX_POWER_MA=250 -DUSE_TINYUSB -DUSE_TINYUSB_HOST -DSH110X_NO_SPLASH -DARDUINO=10810 -DARDUINO_ARCH_RP2040 -DF_CPU=133000000L -DBOARD_NAME=\"adafruit_feather_usb_host\" -DARM_MATH_CM0_FAMILY -DARM_MATH_CM0_PLUS -DTARGET_RP2040 -DPICO_RP2040=1 -DPICO_FLASH_SIZE_BYTES=8388608 -DFILE_COPY_CONSTRUCTOR_SELECT=FILE_COPY_CONSTRUCTOR_PUBLIC -DUSE_UTF8_LONG_NAMES=1 -DDISABLE_FS_H_WARNING=1 -DCFG_TUSB_MCU=OPT_MCU_RP2040 -DUSB_VID=0x239A -DUSB_PID=0x8129 -DUSBD_VID=0x239A -DUSBD_PID=0x8129 -DUSB_MANUFACTURER=\"Adafruit\" "-DUSB_PRODUCT=\"Feather RP2040 USB Host\"" -DPICO_CYW43_ARCH_THREADSAFE_BACKGROUND=1 -DCYW43_LWIP=1 -DCYW43_PIO_CLOCK_DIV_DYNAMIC=1 -DLWIP_IPV4=1 -DLWIP_IGMP=1 -DLWIP_CHECKSUM_CTRL_PER_NETIF=1 -DLWIP_IPV6=0 -DARDUINO_VARIANT=\"adafruit_feather_usb_host\" "-I.pio\libdeps\adafruit_feather_usb_host\Pico PIO USB\src" "-I.pio\libdeps\adafruit_feather_usb_host\SdFat - Adafruit Fork\src" -IC:\Users\MacGuffin_\.platformio\packages\framework-arduinopico\libraries\SPI\src "-I.pio\libdeps\adafruit_feather_usb_host\Adafruit TinyUSB Library\src" -IC:\Users\MacGuffin_\.platformio\packages\framework-arduinopico\cores\rp2040 -IC:\Users\MacGuffin_\.platformio\packages\framework-arduinopico\cores\rp2040\api\deprecated -IC:\Users\MacGuffin_\.platformio\packages\framework-arduinopico\cores\rp2040\api\deprecated-avr-comp -IC:\Users\MacGuffin_\.platformio\packages\framework-arduinopico\libraries\Adafruit_TinyUSB_Arduino\src\arduino -IC:\Users\MacGuffin_\.platformio\packages\framework-arduinopico\include -IC:\Users\MacGuffin_\.platformio\packages\framework-arduinopico\variants\adafruit_feather_usb_host ".pio\libdeps\adafruit_feather_usb_host\Adafruit TinyUSB Library\src\class\net\ecm_rndis_device.c"
arm-none-eabi-gcc -o ".pio\build\adafruit_feather_usb_host\lib43d\Adafruit TinyUSB Library\class\net\ncm_device.c.o" -c -std=gnu17 -Os -Werror=return-type -Wno-psabi -ffunction-sections -fdata-sections -march=armv6-m -mcpu=cortex-m0plus -mthumb -iprefixC:\Users\MacGuffin_\.platformio\packages\framework-arduinopico @C:\Users\MacGuffin_\.platformio\packages\framework-arduinopico\lib\rp2040\platform_inc.txt @C:\Users\MacGuffin_\.platformio\packages\framework-arduinopico\lib\core_inc.txt -DPLATFORMIO=60118 -DARDUINO_ADAFRUIT_FEATHER_RP2040_USB_HOST -DARDUINO_ARCH_RP2040 -DUSBD_MAX_POWER_MA=250 -DUSE_TINYUSB -DUSE_TINYUSB_HOST -DSH110X_NO_SPLASH -DARDUINO=10810 -DARDUINO_ARCH_RP2040 -DF_CPU=133000000L -DBOARD_NAME=\"adafruit_feather_usb_host\" -DARM_MATH_CM0_FAMILY -DARM_MATH_CM0_PLUS -DTARGET_RP2040 -DPICO_RP2040=1 -DPICO_FLASH_SIZE_BYTES=8388608 -DFILE_COPY_CONSTRUCTOR_SELECT=FILE_COPY_CONSTRUCTOR_PUBLIC -DUSE_UTF8_LONG_NAMES=1 -DDISABLE_FS_H_WARNING=1 -DCFG_TUSB_MCU=OPT_MCU_RP2040 -DUSB_VID=0x239A -DUSB_PID=0x8129 -DUSBD_VID=0x239A -DUSBD_PID=0x8129 -DUSB_MANUFACTURER=\"Adafruit\" "-DUSB_PRODUCT=\"Feather RP2040 USB Host\"" -DPICO_CYW43_ARCH_THREADSAFE_BACKGROUND=1 -DCYW43_LWIP=1 -DCYW43_PIO_CLOCK_DIV_DYNAMIC=1 -DLWIP_IPV4=1 -DLWIP_IGMP=1 -DLWIP_CHECKSUM_CTRL_PER_NETIF=1 -DLWIP_IPV6=0 -DARDUINO_VARIANT=\"adafruit_feather_usb_host\" "-I.pio\libdeps\adafruit_feather_usb_host\Pico PIO USB\src" "-I.pio\libdeps\adafruit_feather_usb_host\SdFat - Adafruit Fork\src" -IC:\Users\MacGuffin_\.platformio\packages\framework-arduinopico\libraries\SPI\src "-I.pio\libdeps\adafruit_feather_usb_host\Adafruit TinyUSB Library\src" -IC:\Users\MacGuffin_\.platformio\packages\framework-arduinopico\cores\rp2040 -IC:\Users\MacGuffin_\.platformio\packages\framework-arduinopico\cores\rp2040\api\deprecated -IC:\Users\MacGuffin_\.platformio\packages\framework-arduinopico\cores\rp2040\api\deprecated-avr-comp -IC:\Users\MacGuffin_\.platformio\packages\framework-arduinopico\libraries\Adafruit_TinyUSB_Arduino\src\arduino -IC:\Users\MacGuffin_\.platformio\packages\framework-arduinopico\include -IC:\Users\MacGuffin_\.platformio\packages\framework-arduinopico\variants\adafruit_feather_usb_host ".pio\libdeps\adafruit_feather_usb_host\Adafruit TinyUSB Library\src\class\net\ncm_device.c"
arm-none-eabi-gcc -o ".pio\build\adafruit_feather_usb_host\lib43d\Adafruit TinyUSB Library\class\usbtmc\usbtmc_device.c.o" -c -std=gnu17 -Os -Werror=return-type -Wno-psabi -ffunction-sections -fdata-sections -march=armv6-m -mcpu=cortex-m0plus -mthumb -iprefixC:\Users\MacGuffin_\.platformio\packages\framework-arduinopico @C:\Users\MacGuffin_\.platformio\packages\framework-arduinopico\lib\rp2040\platform_inc.txt @C:\Users\MacGuffin_\.platformio\packages\framework-arduinopico\lib\core_inc.txt -DPLATFORMIO=60118 -DARDUINO_ADAFRUIT_FEATHER_RP2040_USB_HOST -DARDUINO_ARCH_RP2040 -DUSBD_MAX_POWER_MA=250 -DUSE_TINYUSB -DUSE_TINYUSB_HOST -DSH110X_NO_SPLASH -DARDUINO=10810 -DARDUINO_ARCH_RP2040 -DF_CPU=133000000L -DBOARD_NAME=\"adafruit_feather_usb_host\" -DARM_MATH_CM0_FAMILY -DARM_MATH_CM0_PLUS -DTARGET_RP2040 -DPICO_RP2040=1 -DPICO_FLASH_SIZE_BYTES=8388608 -DFILE_COPY_CONSTRUCTOR_SELECT=FILE_COPY_CONSTRUCTOR_PUBLIC -DUSE_UTF8_LONG_NAMES=1 -DDISABLE_FS_H_WARNING=1 -DCFG_TUSB_MCU=OPT_MCU_RP2040 -DUSB_VID=0x239A -DUSB_PID=0x8129 -DUSBD_VID=0x239A -DUSBD_PID=0x8129 -DUSB_MANUFACTURER=\"Adafruit\" "-DUSB_PRODUCT=\"Feather RP2040 USB Host\"" -DPICO_CYW43_ARCH_THREADSAFE_BACKGROUND=1 -DCYW43_LWIP=1 -DCYW43_PIO_CLOCK_DIV_DYNAMIC=1 -DLWIP_IPV4=1 -DLWIP_IGMP=1 -DLWIP_CHECKSUM_CTRL_PER_NETIF=1 -DLWIP_IPV6=0 -DARDUINO_VARIANT=\"adafruit_feather_usb_host\" "-I.pio\libdeps\adafruit_feather_usb_host\Pico PIO USB\src" "-I.pio\libdeps\adafruit_feather_usb_host\SdFat - Adafruit Fork\src" -IC:\Users\MacGuffin_\.platformio\packages\framework-arduinopico\libraries\SPI\src "-I.pio\libdeps\adafruit_feather_usb_host\Adafruit TinyUSB Library\src" -IC:\Users\MacGuffin_\.platformio\packages\framework-arduinopico\cores\rp2040 -IC:\Users\MacGuffin_\.platformio\packages\framework-arduinopico\cores\rp2040\api\deprecated -IC:\Users\MacGuffin_\.platformio\packages\framework-arduinopico\cores\rp2040\api\deprecated-avr-comp -IC:\Users\MacGuffin_\.platformio\packages\framework-arduinopico\libraries\Adafruit_TinyUSB_Arduino\src\arduino -IC:\Users\MacGuffin_\.platformio\packages\framework-arduinopico\include -IC:\Users\MacGuffin_\.platformio\packages\framework-arduinopico\variants\adafruit_feather_usb_host ".pio\libdeps\adafruit_feather_usb_host\Adafruit TinyUSB Library\src\class\usbtmc\usbtmc_device.c"
arm-none-eabi-gcc -o ".pio\build\adafruit_feather_usb_host\lib43d\Adafruit TinyUSB Library\class\vendor\vendor_device.c.o" -c -std=gnu17 -Os -Werror=return-type -Wno-psabi -ffunction-sections -fdata-sections -march=armv6-m -mcpu=cortex-m0plus -mthumb -iprefixC:\Users\MacGuffin_\.platformio\packages\framework-arduinopico @C:\Users\MacGuffin_\.platformio\packages\framework-arduinopico\lib\rp2040\platform_inc.txt @C:\Users\MacGuffin_\.platformio\packages\framework-arduinopico\lib\core_inc.txt -DPLATFORMIO=60118 -DARDUINO_ADAFRUIT_FEATHER_RP2040_USB_HOST -DARDUINO_ARCH_RP2040 -DUSBD_MAX_POWER_MA=250 -DUSE_TINYUSB -DUSE_TINYUSB_HOST -DSH110X_NO_SPLASH -DARDUINO=10810 -DARDUINO_ARCH_RP2040 -DF_CPU=133000000L -DBOARD_NAME=\"adafruit_feather_usb_host\" -DARM_MATH_CM0_FAMILY -DARM_MATH_CM0_PLUS -DTARGET_RP2040 -DPICO_RP2040=1 -DPICO_FLASH_SIZE_BYTES=8388608 -DFILE_COPY_CONSTRUCTOR_SELECT=FILE_COPY_CONSTRUCTOR_PUBLIC -DUSE_UTF8_LONG_NAMES=1 -DDISABLE_FS_H_WARNING=1 -DCFG_TUSB_MCU=OPT_MCU_RP2040 -DUSB_VID=0x239A -DUSB_PID=0x8129 -DUSBD_VID=0x239A -DUSBD_PID=0x8129 -DUSB_MANUFACTURER=\"Adafruit\" "-DUSB_PRODUCT=\"Feather RP2040 USB Host\"" -DPICO_CYW43_ARCH_THREADSAFE_BACKGROUND=1 -DCYW43_LWIP=1 -DCYW43_PIO_CLOCK_DIV_DYNAMIC=1 -DLWIP_IPV4=1 -DLWIP_IGMP=1 -DLWIP_CHECKSUM_CTRL_PER_NETIF=1 -DLWIP_IPV6=0 -DARDUINO_VARIANT=\"adafruit_feather_usb_host\" "-I.pio\libdeps\adafruit_feather_usb_host\Pico PIO USB\src" "-I.pio\libdeps\adafruit_feather_usb_host\SdFat - Adafruit Fork\src" -IC:\Users\MacGuffin_\.platformio\packages\framework-arduinopico\libraries\SPI\src "-I.pio\libdeps\adafruit_feather_usb_host\Adafruit TinyUSB Library\src" -IC:\Users\MacGuffin_\.platformio\packages\framework-arduinopico\cores\rp2040 -IC:\Users\MacGuffin_\.platformio\packages\framework-arduinopico\cores\rp2040\api\deprecated -IC:\Users\MacGuffin_\.platformio\packages\framework-arduinopico\cores\rp2040\api\deprecated-avr-comp -IC:\Users\MacGuffin_\.platformio\packages\framework-arduinopico\libraries\Adafruit_TinyUSB_Arduino\src\arduino -IC:\Users\MacGuffin_\.platformio\packages\framework-arduinopico\include -IC:\Users\MacGuffin_\.platformio\packages\framework-arduinopico\variants\adafruit_feather_usb_host ".pio\libdeps\adafruit_feather_usb_host\Adafruit TinyUSB Library\src\class\vendor\vendor_device.c"
arm-none-eabi-gcc -o ".pio\build\adafruit_feather_usb_host\lib43d\Adafruit TinyUSB Library\class\video\video_device.c.o" -c -std=gnu17 -Os -Werror=return-type -Wno-psabi -ffunction-sections -fdata-sections -march=armv6-m -mcpu=cortex-m0plus -mthumb -iprefixC:\Users\MacGuffin_\.platformio\packages\framework-arduinopico @C:\Users\MacGuffin_\.platformio\packages\framework-arduinopico\lib\rp2040\platform_inc.txt @C:\Users\MacGuffin_\.platformio\packages\framework-arduinopico\lib\core_inc.txt -DPLATFORMIO=60118 -DARDUINO_ADAFRUIT_FEATHER_RP2040_USB_HOST -DARDUINO_ARCH_RP2040 -DUSBD_MAX_POWER_MA=250 -DUSE_TINYUSB -DUSE_TINYUSB_HOST -DSH110X_NO_SPLASH -DARDUINO=10810 -DARDUINO_ARCH_RP2040 -DF_CPU=133000000L -DBOARD_NAME=\"adafruit_feather_usb_host\" -DARM_MATH_CM0_FAMILY -DARM_MATH_CM0_PLUS -DTARGET_RP2040 -DPICO_RP2040=1 -DPICO_FLASH_SIZE_BYTES=8388608 -DFILE_COPY_CONSTRUCTOR_SELECT=FILE_COPY_CONSTRUCTOR_PUBLIC -DUSE_UTF8_LONG_NAMES=1 -DDISABLE_FS_H_WARNING=1 -DCFG_TUSB_MCU=OPT_MCU_RP2040 -DUSB_VID=0x239A -DUSB_PID=0x8129 -DUSBD_VID=0x239A -DUSBD_PID=0x8129 -DUSB_MANUFACTURER=\"Adafruit\" "-DUSB_PRODUCT=\"Feather RP2040 USB Host\"" -DPICO_CYW43_ARCH_THREADSAFE_BACKGROUND=1 -DCYW43_LWIP=1 -DCYW43_PIO_CLOCK_DIV_DYNAMIC=1 -DLWIP_IPV4=1 -DLWIP_IGMP=1 -DLWIP_CHECKSUM_CTRL_PER_NETIF=1 -DLWIP_IPV6=0 -DARDUINO_VARIANT=\"adafruit_feather_usb_host\" "-I.pio\libdeps\adafruit_feather_usb_host\Pico PIO USB\src" "-I.pio\libdeps\adafruit_feather_usb_host\SdFat - Adafruit Fork\src" -IC:\Users\MacGuffin_\.platformio\packages\framework-arduinopico\libraries\SPI\src "-I.pio\libdeps\adafruit_feather_usb_host\Adafruit TinyUSB Library\src" -IC:\Users\MacGuffin_\.platformio\packages\framework-arduinopico\cores\rp2040 -IC:\Users\MacGuffin_\.platformio\packages\framework-arduinopico\cores\rp2040\api\deprecated -IC:\Users\MacGuffin_\.platformio\packages\framework-arduinopico\cores\rp2040\api\deprecated-avr-comp -IC:\Users\MacGuffin_\.platformio\packages\framework-arduinopico\libraries\Adafruit_TinyUSB_Arduino\src\arduino -IC:\Users\MacGuffin_\.platformio\packages\framework-arduinopico\include -IC:\Users\MacGuffin_\.platformio\packages\framework-arduinopico\variants\adafruit_feather_usb_host ".pio\libdeps\adafruit_feather_usb_host\Adafruit TinyUSB Library\src\class\video\video_device.c"
arm-none-eabi-gcc -o ".pio\build\adafruit_feather_usb_host\lib43d\Adafruit TinyUSB Library\common\tusb_fifo.c.o" -c -std=gnu17 -Os -Werror=return-type -Wno-psabi -ffunction-sections -fdata-sections -march=armv6-m -mcpu=cortex-m0plus -mthumb -iprefixC:\Users\MacGuffin_\.platformio\packages\framework-arduinopico @C:\Users\MacGuffin_\.platformio\packages\framework-arduinopico\lib\rp2040\platform_inc.txt @C:\Users\MacGuffin_\.platformio\packages\framework-arduinopico\lib\core_inc.txt -DPLATFORMIO=60118 -DARDUINO_ADAFRUIT_FEATHER_RP2040_USB_HOST -DARDUINO_ARCH_RP2040 -DUSBD_MAX_POWER_MA=250 -DUSE_TINYUSB -DUSE_TINYUSB_HOST -DSH110X_NO_SPLASH -DARDUINO=10810 -DARDUINO_ARCH_RP2040 -DF_CPU=133000000L -DBOARD_NAME=\"adafruit_feather_usb_host\" -DARM_MATH_CM0_FAMILY -DARM_MATH_CM0_PLUS -DTARGET_RP2040 -DPICO_RP2040=1 -DPICO_FLASH_SIZE_BYTES=8388608 -DFILE_COPY_CONSTRUCTOR_SELECT=FILE_COPY_CONSTRUCTOR_PUBLIC -DUSE_UTF8_LONG_NAMES=1 -DDISABLE_FS_H_WARNING=1 -DCFG_TUSB_MCU=OPT_MCU_RP2040 -DUSB_VID=0x239A -DUSB_PID=0x8129 -DUSBD_VID=0x239A -DUSBD_PID=0x8129 -DUSB_MANUFACTURER=\"Adafruit\" "-DUSB_PRODUCT=\"Feather RP2040 USB Host\"" -DPICO_CYW43_ARCH_THREADSAFE_BACKGROUND=1 -DCYW43_LWIP=1 -DCYW43_PIO_CLOCK_DIV_DYNAMIC=1 -DLWIP_IPV4=1 -DLWIP_IGMP=1 -DLWIP_CHECKSUM_CTRL_PER_NETIF=1 -DLWIP_IPV6=0 -DARDUINO_VARIANT=\"adafruit_feather_usb_host\" "-I.pio\libdeps\adafruit_feather_usb_host\Pico PIO USB\src" "-I.pio\libdeps\adafruit_feather_usb_host\SdFat - Adafruit Fork\src" -IC:\Users\MacGuffin_\.platformio\packages\framework-arduinopico\libraries\SPI\src "-I.pio\libdeps\adafruit_feather_usb_host\Adafruit TinyUSB Library\src" -IC:\Users\MacGuffin_\.platformio\packages\framework-arduinopico\cores\rp2040 -IC:\Users\MacGuffin_\.platformio\packages\framework-arduinopico\cores\rp2040\api\deprecated -IC:\Users\MacGuffin_\.platformio\packages\framework-arduinopico\cores\rp2040\api\deprecated-avr-comp -IC:\Users\MacGuffin_\.platformio\packages\framework-arduinopico\libraries\Adafruit_TinyUSB_Arduino\src\arduino -IC:\Users\MacGuffin_\.platformio\packages\framework-arduinopico\include -IC:\Users\MacGuffin_\.platformio\packages\framework-arduinopico\variants\adafruit_feather_usb_host ".pio\libdeps\adafruit_feather_usb_host\Adafruit TinyUSB Library\src\common\tusb_fifo.c"
arm-none-eabi-gcc -o ".pio\build\adafruit_feather_usb_host\lib43d\Adafruit TinyUSB Library\device\usbd.c.o" -c -std=gnu17 -Os -Werror=return-type -Wno-psabi -ffunction-sections -fdata-sections -march=armv6-m -mcpu=cortex-m0plus -mthumb -iprefixC:\Users\MacGuffin_\.platformio\packages\framework-arduinopico @C:\Users\MacGuffin_\.platformio\packages\framework-arduinopico\lib\rp2040\platform_inc.txt @C:\Users\MacGuffin_\.platformio\packages\framework-arduinopico\lib\core_inc.txt -DPLATFORMIO=60118 -DARDUINO_ADAFRUIT_FEATHER_RP2040_USB_HOST -DARDUINO_ARCH_RP2040 -DUSBD_MAX_POWER_MA=250 -DUSE_TINYUSB -DUSE_TINYUSB_HOST -DSH110X_NO_SPLASH -DARDUINO=10810 -DARDUINO_ARCH_RP2040 -DF_CPU=133000000L -DBOARD_NAME=\"adafruit_feather_usb_host\" -DARM_MATH_CM0_FAMILY -DARM_MATH_CM0_PLUS -DTARGET_RP2040 -DPICO_RP2040=1 -DPICO_FLASH_SIZE_BYTES=8388608 -DFILE_COPY_CONSTRUCTOR_SELECT=FILE_COPY_CONSTRUCTOR_PUBLIC -DUSE_UTF8_LONG_NAMES=1 -DDISABLE_FS_H_WARNING=1 -DCFG_TUSB_MCU=OPT_MCU_RP2040 -DUSB_VID=0x239A -DUSB_PID=0x8129 -DUSBD_VID=0x239A -DUSBD_PID=0x8129 -DUSB_MANUFACTURER=\"Adafruit\" "-DUSB_PRODUCT=\"Feather RP2040 USB Host\"" -DPICO_CYW43_ARCH_THREADSAFE_BACKGROUND=1 -DCYW43_LWIP=1 -DCYW43_PIO_CLOCK_DIV_DYNAMIC=1 -DLWIP_IPV4=1 -DLWIP_IGMP=1 -DLWIP_CHECKSUM_CTRL_PER_NETIF=1 -DLWIP_IPV6=0 -DARDUINO_VARIANT=\"adafruit_feather_usb_host\" "-I.pio\libdeps\adafruit_feather_usb_host\Pico PIO USB\src" "-I.pio\libdeps\adafruit_feather_usb_host\SdFat - Adafruit Fork\src" -IC:\Users\MacGuffin_\.platformio\packages\framework-arduinopico\libraries\SPI\src "-I.pio\libdeps\adafruit_feather_usb_host\Adafruit TinyUSB Library\src" -IC:\Users\MacGuffin_\.platformio\packages\framework-arduinopico\cores\rp2040 -IC:\Users\MacGuffin_\.platformio\packages\framework-arduinopico\cores\rp2040\api\deprecated -IC:\Users\MacGuffin_\.platformio\packages\framework-arduinopico\cores\rp2040\api\deprecated-avr-comp -IC:\Users\MacGuffin_\.platformio\packages\framework-arduinopico\libraries\Adafruit_TinyUSB_Arduino\src\arduino -IC:\Users\MacGuffin_\.platformio\packages\framework-arduinopico\include -IC:\Users\MacGuffin_\.platformio\packages\framework-arduinopico\variants\adafruit_feather_usb_host ".pio\libdeps\adafruit_feather_usb_host\Adafruit TinyUSB Library\src\device\usbd.c"
arm-none-eabi-gcc -o ".pio\build\adafruit_feather_usb_host\lib43d\Adafruit TinyUSB Library\device\usbd_control.c.o" -c -std=gnu17 -Os -Werror=return-type -Wno-psabi -ffunction-sections -fdata-sections -march=armv6-m -mcpu=cortex-m0plus -mthumb -iprefixC:\Users\MacGuffin_\.platformio\packages\framework-arduinopico @C:\Users\MacGuffin_\.platformio\packages\framework-arduinopico\lib\rp2040\platform_inc.txt @C:\Users\MacGuffin_\.platformio\packages\framework-arduinopico\lib\core_inc.txt -DPLATFORMIO=60118 -DARDUINO_ADAFRUIT_FEATHER_RP2040_USB_HOST -DARDUINO_ARCH_RP2040 -DUSBD_MAX_POWER_MA=250 -DUSE_TINYUSB -DUSE_TINYUSB_HOST -DSH110X_NO_SPLASH -DARDUINO=10810 -DARDUINO_ARCH_RP2040 -DF_CPU=133000000L -DBOARD_NAME=\"adafruit_feather_usb_host\" -DARM_MATH_CM0_FAMILY -DARM_MATH_CM0_PLUS -DTARGET_RP2040 -DPICO_RP2040=1 -DPICO_FLASH_SIZE_BYTES=8388608 -DFILE_COPY_CONSTRUCTOR_SELECT=FILE_COPY_CONSTRUCTOR_PUBLIC -DUSE_UTF8_LONG_NAMES=1 -DDISABLE_FS_H_WARNING=1 -DCFG_TUSB_MCU=OPT_MCU_RP2040 -DUSB_VID=0x239A -DUSB_PID=0x8129 -DUSBD_VID=0x239A -DUSBD_PID=0x8129 -DUSB_MANUFACTURER=\"Adafruit\" "-DUSB_PRODUCT=\"Feather RP2040 USB Host\"" -DPICO_CYW43_ARCH_THREADSAFE_BACKGROUND=1 -DCYW43_LWIP=1 -DCYW43_PIO_CLOCK_DIV_DYNAMIC=1 -DLWIP_IPV4=1 -DLWIP_IGMP=1 -DLWIP_CHECKSUM_CTRL_PER_NETIF=1 -DLWIP_IPV6=0 -DARDUINO_VARIANT=\"adafruit_feather_usb_host\" "-I.pio\libdeps\adafruit_feather_usb_host\Pico PIO USB\src" "-I.pio\libdeps\adafruit_feather_usb_host\SdFat - Adafruit Fork\src" -IC:\Users\MacGuffin_\.platformio\packages\framework-arduinopico\libraries\SPI\src "-I.pio\libdeps\adafruit_feather_usb_host\Adafruit TinyUSB Library\src" -IC:\Users\MacGuffin_\.platformio\packages\framework-arduinopico\cores\rp2040 -IC:\Users\MacGuffin_\.platformio\packages\framework-arduinopico\cores\rp2040\api\deprecated -IC:\Users\MacGuffin_\.platformio\packages\framework-arduinopico\cores\rp2040\api\deprecated-avr-comp -IC:\Users\MacGuffin_\.platformio\packages\framework-arduinopico\libraries\Adafruit_TinyUSB_Arduino\src\arduino -IC:\Users\MacGuffin_\.platformio\packages\framework-arduinopico\include -IC:\Users\MacGuffin_\.platformio\packages\framework-arduinopico\variants\adafruit_feather_usb_host ".pio\libdeps\adafruit_feather_usb_host\Adafruit TinyUSB Library\src\device\usbd_control.c"
arm-none-eabi-gcc -o ".pio\build\adafruit_feather_usb_host\lib43d\Adafruit TinyUSB Library\host\hub.c.o" -c -std=gnu17 -Os -Werror=return-type -Wno-psabi -ffunction-sections -fdata-sections -march=armv6-m -mcpu=cortex-m0plus -mthumb -iprefixC:\Users\MacGuffin_\.platformio\packages\framework-arduinopico @C:\Users\MacGuffin_\.platformio\packages\framework-arduinopico\lib\rp2040\platform_inc.txt @C:\Users\MacGuffin_\.platformio\packages\framework-arduinopico\lib\core_inc.txt -DPLATFORMIO=60118 -DARDUINO_ADAFRUIT_FEATHER_RP2040_USB_HOST -DARDUINO_ARCH_RP2040 -DUSBD_MAX_POWER_MA=250 -DUSE_TINYUSB -DUSE_TINYUSB_HOST -DSH110X_NO_SPLASH -DARDUINO=10810 -DARDUINO_ARCH_RP2040 -DF_CPU=133000000L -DBOARD_NAME=\"adafruit_feather_usb_host\" -DARM_MATH_CM0_FAMILY -DARM_MATH_CM0_PLUS -DTARGET_RP2040 -DPICO_RP2040=1 -DPICO_FLASH_SIZE_BYTES=8388608 -DFILE_COPY_CONSTRUCTOR_SELECT=FILE_COPY_CONSTRUCTOR_PUBLIC -DUSE_UTF8_LONG_NAMES=1 -DDISABLE_FS_H_WARNING=1 -DCFG_TUSB_MCU=OPT_MCU_RP2040 -DUSB_VID=0x239A -DUSB_PID=0x8129 -DUSBD_VID=0x239A -DUSBD_PID=0x8129 -DUSB_MANUFACTURER=\"Adafruit\" "-DUSB_PRODUCT=\"Feather RP2040 USB Host\"" -DPICO_CYW43_ARCH_THREADSAFE_BACKGROUND=1 -DCYW43_LWIP=1 -DCYW43_PIO_CLOCK_DIV_DYNAMIC=1 -DLWIP_IPV4=1 -DLWIP_IGMP=1 -DLWIP_CHECKSUM_CTRL_PER_NETIF=1 -DLWIP_IPV6=0 -DARDUINO_VARIANT=\"adafruit_feather_usb_host\" "-I.pio\libdeps\adafruit_feather_usb_host\Pico PIO USB\src" "-I.pio\libdeps\adafruit_feather_usb_host\SdFat - Adafruit Fork\src" -IC:\Users\MacGuffin_\.platformio\packages\framework-arduinopico\libraries\SPI\src "-I.pio\libdeps\adafruit_feather_usb_host\Adafruit TinyUSB Library\src" -IC:\Users\MacGuffin_\.platformio\packages\framework-arduinopico\cores\rp2040 -IC:\Users\MacGuffin_\.platformio\packages\framework-arduinopico\cores\rp2040\api\deprecated -IC:\Users\MacGuffin_\.platformio\packages\framework-arduinopico\cores\rp2040\api\deprecated-avr-comp -IC:\Users\MacGuffin_\.platformio\packages\framework-arduinopico\libraries\Adafruit_TinyUSB_Arduino\src\arduino -IC:\Users\MacGuffin_\.platformio\packages\framework-arduinopico\include -IC:\Users\MacGuffin_\.platformio\packages\framework-arduinopico\variants\adafruit_feather_usb_host ".pio\libdeps\adafruit_feather_usb_host\Adafruit TinyUSB Library\src\host\hub.c"
arm-none-eabi-gcc -o ".pio\build\adafruit_feather_usb_host\lib43d\Adafruit TinyUSB Library\host\usbh.c.o" -c -std=gnu17 -Os -Werror=return-type -Wno-psabi -ffunction-sections -fdata-sections -march=armv6-m -mcpu=cortex-m0plus -mthumb -iprefixC:\Users\MacGuffin_\.platformio\packages\framework-arduinopico @C:\Users\MacGuffin_\.platformio\packages\framework-arduinopico\lib\rp2040\platform_inc.txt @C:\Users\MacGuffin_\.platformio\packages\framework-arduinopico\lib\core_inc.txt -DPLATFORMIO=60118 -DARDUINO_ADAFRUIT_FEATHER_RP2040_USB_HOST -DARDUINO_ARCH_RP2040 -DUSBD_MAX_POWER_MA=250 -DUSE_TINYUSB -DUSE_TINYUSB_HOST -DSH110X_NO_SPLASH -DARDUINO=10810 -DARDUINO_ARCH_RP2040 -DF_CPU=133000000L -DBOARD_NAME=\"adafruit_feather_usb_host\" -DARM_MATH_CM0_FAMILY -DARM_MATH_CM0_PLUS -DTARGET_RP2040 -DPICO_RP2040=1 -DPICO_FLASH_SIZE_BYTES=8388608 -DFILE_COPY_CONSTRUCTOR_SELECT=FILE_COPY_CONSTRUCTOR_PUBLIC -DUSE_UTF8_LONG_NAMES=1 -DDISABLE_FS_H_WARNING=1 -DCFG_TUSB_MCU=OPT_MCU_RP2040 -DUSB_VID=0x239A -DUSB_PID=0x8129 -DUSBD_VID=0x239A -DUSBD_PID=0x8129 -DUSB_MANUFACTURER=\"Adafruit\" "-DUSB_PRODUCT=\"Feather RP2040 USB Host\"" -DPICO_CYW43_ARCH_THREADSAFE_BACKGROUND=1 -DCYW43_LWIP=1 -DCYW43_PIO_CLOCK_DIV_DYNAMIC=1 -DLWIP_IPV4=1 -DLWIP_IGMP=1 -DLWIP_CHECKSUM_CTRL_PER_NETIF=1 -DLWIP_IPV6=0 -DARDUINO_VARIANT=\"adafruit_feather_usb_host\" "-I.pio\libdeps\adafruit_feather_usb_host\Pico PIO USB\src" "-I.pio\libdeps\adafruit_feather_usb_host\SdFat - Adafruit Fork\src" -IC:\Users\MacGuffin_\.platformio\packages\framework-arduinopico\libraries\SPI\src "-I.pio\libdeps\adafruit_feather_usb_host\Adafruit TinyUSB Library\src" -IC:\Users\MacGuffin_\.platformio\packages\framework-arduinopico\cores\rp2040 -IC:\Users\MacGuffin_\.platformio\packages\framework-arduinopico\cores\rp2040\api\deprecated -IC:\Users\MacGuffin_\.platformio\packages\framework-arduinopico\cores\rp2040\api\deprecated-avr-comp -IC:\Users\MacGuffin_\.platformio\packages\framework-arduinopico\libraries\Adafruit_TinyUSB_Arduino\src\arduino -IC:\Users\MacGuffin_\.platformio\packages\framework-arduinopico\include -IC:\Users\MacGuffin_\.platformio\packages\framework-arduinopico\variants\adafruit_feather_usb_host ".pio\libdeps\adafruit_feather_usb_host\Adafruit TinyUSB Library\src\host\usbh.c"
arm-none-eabi-gcc -o ".pio\build\adafruit_feather_usb_host\lib43d\Adafruit TinyUSB Library\portable\analog\max3421\hcd_max3421.c.o" -c -std=gnu17 -Os -Werror=return-type -Wno-psabi -ffunction-sections -fdata-sections -march=armv6-m -mcpu=cortex-m0plus -mthumb -iprefixC:\Users\MacGuffin_\.platformio\packages\framework-arduinopico @C:\Users\MacGuffin_\.platformio\packages\framework-arduinopico\lib\rp2040\platform_inc.txt @C:\Users\MacGuffin_\.platformio\packages\framework-arduinopico\lib\core_inc.txt -DPLATFORMIO=60118 -DARDUINO_ADAFRUIT_FEATHER_RP2040_USB_HOST -DARDUINO_ARCH_RP2040 -DUSBD_MAX_POWER_MA=250 -DUSE_TINYUSB -DUSE_TINYUSB_HOST -DSH110X_NO_SPLASH -DARDUINO=10810 -DARDUINO_ARCH_RP2040 -DF_CPU=133000000L -DBOARD_NAME=\"adafruit_feather_usb_host\" -DARM_MATH_CM0_FAMILY -DARM_MATH_CM0_PLUS -DTARGET_RP2040 -DPICO_RP2040=1 -DPICO_FLASH_SIZE_BYTES=8388608 -DFILE_COPY_CONSTRUCTOR_SELECT=FILE_COPY_CONSTRUCTOR_PUBLIC -DUSE_UTF8_LONG_NAMES=1 -DDISABLE_FS_H_WARNING=1 -DCFG_TUSB_MCU=OPT_MCU_RP2040 -DUSB_VID=0x239A -DUSB_PID=0x8129 -DUSBD_VID=0x239A -DUSBD_PID=0x8129 -DUSB_MANUFACTURER=\"Adafruit\" "-DUSB_PRODUCT=\"Feather RP2040 USB Host\"" -DPICO_CYW43_ARCH_THREADSAFE_BACKGROUND=1 -DCYW43_LWIP=1 -DCYW43_PIO_CLOCK_DIV_DYNAMIC=1 -DLWIP_IPV4=1 -DLWIP_IGMP=1 -DLWIP_CHECKSUM_CTRL_PER_NETIF=1 -DLWIP_IPV6=0 -DARDUINO_VARIANT=\"adafruit_feather_usb_host\" "-I.pio\libdeps\adafruit_feather_usb_host\Pico PIO USB\src" "-I.pio\libdeps\adafruit_feather_usb_host\SdFat - Adafruit Fork\src" -IC:\Users\MacGuffin_\.platformio\packages\framework-arduinopico\libraries\SPI\src "-I.pio\libdeps\adafruit_feather_usb_host\Adafruit TinyUSB Library\src" -IC:\Users\MacGuffin_\.platformio\packages\framework-arduinopico\cores\rp2040 -IC:\Users\MacGuffin_\.platformio\packages\framework-arduinopico\cores\rp2040\api\deprecated -IC:\Users\MacGuffin_\.platformio\packages\framework-arduinopico\cores\rp2040\api\deprecated-avr-comp -IC:\Users\MacGuffin_\.platformio\packages\framework-arduinopico\libraries\Adafruit_TinyUSB_Arduino\src\arduino -IC:\Users\MacGuffin_\.platformio\packages\framework-arduinopico\include -IC:\Users\MacGuffin_\.platformio\packages\framework-arduinopico\variants\adafruit_feather_usb_host ".pio\libdeps\adafruit_feather_usb_host\Adafruit TinyUSB Library\src\portable\analog\max3421\hcd_max3421.c"
arm-none-eabi-gcc -o ".pio\build\adafruit_feather_usb_host\lib43d\Adafruit TinyUSB Library\portable\microchip\samd\dcd_samd.c.o" -c -std=gnu17 -Os -Werror=return-type -Wno-psabi -ffunction-sections -fdata-sections -march=armv6-m -mcpu=cortex-m0plus -mthumb -iprefixC:\Users\MacGuffin_\.platformio\packages\framework-arduinopico @C:\Users\MacGuffin_\.platformio\packages\framework-arduinopico\lib\rp2040\platform_inc.txt @C:\Users\MacGuffin_\.platformio\packages\framework-arduinopico\lib\core_inc.txt -DPLATFORMIO=60118 -DARDUINO_ADAFRUIT_FEATHER_RP2040_USB_HOST -DARDUINO_ARCH_RP2040 -DUSBD_MAX_POWER_MA=250 -DUSE_TINYUSB -DUSE_TINYUSB_HOST -DSH110X_NO_SPLASH -DARDUINO=10810 -DARDUINO_ARCH_RP2040 -DF_CPU=133000000L -DBOARD_NAME=\"adafruit_feather_usb_host\" -DARM_MATH_CM0_FAMILY -DARM_MATH_CM0_PLUS -DTARGET_RP2040 -DPICO_RP2040=1 -DPICO_FLASH_SIZE_BYTES=8388608 -DFILE_COPY_CONSTRUCTOR_SELECT=FILE_COPY_CONSTRUCTOR_PUBLIC -DUSE_UTF8_LONG_NAMES=1 -DDISABLE_FS_H_WARNING=1 -DCFG_TUSB_MCU=OPT_MCU_RP2040 -DUSB_VID=0x239A -DUSB_PID=0x8129 -DUSBD_VID=0x239A -DUSBD_PID=0x8129 -DUSB_MANUFACTURER=\"Adafruit\" "-DUSB_PRODUCT=\"Feather RP2040 USB Host\"" -DPICO_CYW43_ARCH_THREADSAFE_BACKGROUND=1 -DCYW43_LWIP=1 -DCYW43_PIO_CLOCK_DIV_DYNAMIC=1 -DLWIP_IPV4=1 -DLWIP_IGMP=1 -DLWIP_CHECKSUM_CTRL_PER_NETIF=1 -DLWIP_IPV6=0 -DARDUINO_VARIANT=\"adafruit_feather_usb_host\" "-I.pio\libdeps\adafruit_feather_usb_host\Pico PIO USB\src" "-I.pio\libdeps\adafruit_feather_usb_host\SdFat - Adafruit Fork\src" -IC:\Users\MacGuffin_\.platformio\packages\framework-arduinopico\libraries\SPI\src "-I.pio\libdeps\adafruit_feather_usb_host\Adafruit TinyUSB Library\src" -IC:\Users\MacGuffin_\.platformio\packages\framework-arduinopico\cores\rp2040 -IC:\Users\MacGuffin_\.platformio\packages\framework-arduinopico\cores\rp2040\api\deprecated -IC:\Users\MacGuffin_\.platformio\packages\framework-arduinopico\cores\rp2040\api\deprecated-avr-comp -IC:\Users\MacGuffin_\.platformio\packages\framework-arduinopico\libraries\Adafruit_TinyUSB_Arduino\src\arduino -IC:\Users\MacGuffin_\.platformio\packages\framework-arduinopico\include -IC:\Users\MacGuffin_\.platformio\packages\framework-arduinopico\variants\adafruit_feather_usb_host ".pio\libdeps\adafruit_feather_usb_host\Adafruit TinyUSB Library\src\portable\microchip\samd\dcd_samd.c"
arm-none-eabi-gcc -o ".pio\build\adafruit_feather_usb_host\lib43d\Adafruit TinyUSB Library\portable\nordic\nrf5x\dcd_nrf5x.c.o" -c -std=gnu17 -Os -Werror=return-type -Wno-psabi -ffunction-sections -fdata-sections -march=armv6-m -mcpu=cortex-m0plus -mthumb -iprefixC:\Users\MacGuffin_\.platformio\packages\framework-arduinopico @C:\Users\MacGuffin_\.platformio\packages\framework-arduinopico\lib\rp2040\platform_inc.txt @C:\Users\MacGuffin_\.platformio\packages\framework-arduinopico\lib\core_inc.txt -DPLATFORMIO=60118 -DARDUINO_ADAFRUIT_FEATHER_RP2040_USB_HOST -DARDUINO_ARCH_RP2040 -DUSBD_MAX_POWER_MA=250 -DUSE_TINYUSB -DUSE_TINYUSB_HOST -DSH110X_NO_SPLASH -DARDUINO=10810 -DARDUINO_ARCH_RP2040 -DF_CPU=133000000L -DBOARD_NAME=\"adafruit_feather_usb_host\" -DARM_MATH_CM0_FAMILY -DARM_MATH_CM0_PLUS -DTARGET_RP2040 -DPICO_RP2040=1 -DPICO_FLASH_SIZE_BYTES=8388608 -DFILE_COPY_CONSTRUCTOR_SELECT=FILE_COPY_CONSTRUCTOR_PUBLIC -DUSE_UTF8_LONG_NAMES=1 -DDISABLE_FS_H_WARNING=1 -DCFG_TUSB_MCU=OPT_MCU_RP2040 -DUSB_VID=0x239A -DUSB_PID=0x8129 -DUSBD_VID=0x239A -DUSBD_PID=0x8129 -DUSB_MANUFACTURER=\"Adafruit\" "-DUSB_PRODUCT=\"Feather RP2040 USB Host\"" -DPICO_CYW43_ARCH_THREADSAFE_BACKGROUND=1 -DCYW43_LWIP=1 -DCYW43_PIO_CLOCK_DIV_DYNAMIC=1 -DLWIP_IPV4=1 -DLWIP_IGMP=1 -DLWIP_CHECKSUM_CTRL_PER_NETIF=1 -DLWIP_IPV6=0 -DARDUINO_VARIANT=\"adafruit_feather_usb_host\" "-I.pio\libdeps\adafruit_feather_usb_host\Pico PIO USB\src" "-I.pio\libdeps\adafruit_feather_usb_host\SdFat - Adafruit Fork\src" -IC:\Users\MacGuffin_\.platformio\packages\framework-arduinopico\libraries\SPI\src "-I.pio\libdeps\adafruit_feather_usb_host\Adafruit TinyUSB Library\src" -IC:\Users\MacGuffin_\.platformio\packages\framework-arduinopico\cores\rp2040 -IC:\Users\MacGuffin_\.platformio\packages\framework-arduinopico\cores\rp2040\api\deprecated -IC:\Users\MacGuffin_\.platformio\packages\framework-arduinopico\cores\rp2040\api\deprecated-avr-comp -IC:\Users\MacGuffin_\.platformio\packages\framework-arduinopico\libraries\Adafruit_TinyUSB_Arduino\src\arduino -IC:\Users\MacGuffin_\.platformio\packages\framework-arduinopico\include -IC:\Users\MacGuffin_\.platformio\packages\framework-arduinopico\variants\adafruit_feather_usb_host ".pio\libdeps\adafruit_feather_usb_host\Adafruit TinyUSB Library\src\portable\nordic\nrf5x\dcd_nrf5x.c"
arm-none-eabi-gcc -o ".pio\build\adafruit_feather_usb_host\lib43d\Adafruit TinyUSB Library\portable\raspberrypi\pio_usb\dcd_pio_usb.c.o" -c -std=gnu17 -Os -Werror=return-type -Wno-psabi -ffunction-sections -fdata-sections -march=armv6-m -mcpu=cortex-m0plus -mthumb -iprefixC:\Users\MacGuffin_\.platformio\packages\framework-arduinopico @C:\Users\MacGuffin_\.platformio\packages\framework-arduinopico\lib\rp2040\platform_inc.txt @C:\Users\MacGuffin_\.platformio\packages\framework-arduinopico\lib\core_inc.txt -DPLATFORMIO=60118 -DARDUINO_ADAFRUIT_FEATHER_RP2040_USB_HOST -DARDUINO_ARCH_RP2040 -DUSBD_MAX_POWER_MA=250 -DUSE_TINYUSB -DUSE_TINYUSB_HOST -DSH110X_NO_SPLASH -DARDUINO=10810 -DARDUINO_ARCH_RP2040 -DF_CPU=133000000L -DBOARD_NAME=\"adafruit_feather_usb_host\" -DARM_MATH_CM0_FAMILY -DARM_MATH_CM0_PLUS -DTARGET_RP2040 -DPICO_RP2040=1 -DPICO_FLASH_SIZE_BYTES=8388608 -DFILE_COPY_CONSTRUCTOR_SELECT=FILE_COPY_CONSTRUCTOR_PUBLIC -DUSE_UTF8_LONG_NAMES=1 -DDISABLE_FS_H_WARNING=1 -DCFG_TUSB_MCU=OPT_MCU_RP2040 -DUSB_VID=0x239A -DUSB_PID=0x8129 -DUSBD_VID=0x239A -DUSBD_PID=0x8129 -DUSB_MANUFACTURER=\"Adafruit\" "-DUSB_PRODUCT=\"Feather RP2040 USB Host\"" -DPICO_CYW43_ARCH_THREADSAFE_BACKGROUND=1 -DCYW43_LWIP=1 -DCYW43_PIO_CLOCK_DIV_DYNAMIC=1 -DLWIP_IPV4=1 -DLWIP_IGMP=1 -DLWIP_CHECKSUM_CTRL_PER_NETIF=1 -DLWIP_IPV6=0 -DARDUINO_VARIANT=\"adafruit_feather_usb_host\" "-I.pio\libdeps\adafruit_feather_usb_host\Pico PIO USB\src" "-I.pio\libdeps\adafruit_feather_usb_host\SdFat - Adafruit Fork\src" -IC:\Users\MacGuffin_\.platformio\packages\framework-arduinopico\libraries\SPI\src "-I.pio\libdeps\adafruit_feather_usb_host\Adafruit TinyUSB Library\src" -IC:\Users\MacGuffin_\.platformio\packages\framework-arduinopico\cores\rp2040 -IC:\Users\MacGuffin_\.platformio\packages\framework-arduinopico\cores\rp2040\api\deprecated -IC:\Users\MacGuffin_\.platformio\packages\framework-arduinopico\cores\rp2040\api\deprecated-avr-comp -IC:\Users\MacGuffin_\.platformio\packages\framework-arduinopico\libraries\Adafruit_TinyUSB_Arduino\src\arduino -IC:\Users\MacGuffin_\.platformio\packages\framework-arduinopico\include -IC:\Users\MacGuffin_\.platformio\packages\framework-arduinopico\variants\adafruit_feather_usb_host ".pio\libdeps\adafruit_feather_usb_host\Adafruit TinyUSB Library\src\portable\raspberrypi\pio_usb\dcd_pio_usb.c"
arm-none-eabi-gcc -o ".pio\build\adafruit_feather_usb_host\lib43d\Adafruit TinyUSB Library\portable\raspberrypi\pio_usb\hcd_pio_usb.c.o" -c -std=gnu17 -Os -Werror=return-type -Wno-psabi -ffunction-sections -fdata-sections -march=armv6-m -mcpu=cortex-m0plus -mthumb -iprefixC:\Users\MacGuffin_\.platformio\packages\framework-arduinopico @C:\Users\MacGuffin_\.platformio\packages\framework-arduinopico\lib\rp2040\platform_inc.txt @C:\Users\MacGuffin_\.platformio\packages\framework-arduinopico\lib\core_inc.txt -DPLATFORMIO=60118 -DARDUINO_ADAFRUIT_FEATHER_RP2040_USB_HOST -DARDUINO_ARCH_RP2040 -DUSBD_MAX_POWER_MA=250 -DUSE_TINYUSB -DUSE_TINYUSB_HOST -DSH110X_NO_SPLASH -DARDUINO=10810 -DARDUINO_ARCH_RP2040 -DF_CPU=133000000L -DBOARD_NAME=\"adafruit_feather_usb_host\" -DARM_MATH_CM0_FAMILY -DARM_MATH_CM0_PLUS -DTARGET_RP2040 -DPICO_RP2040=1 -DPICO_FLASH_SIZE_BYTES=8388608 -DFILE_COPY_CONSTRUCTOR_SELECT=FILE_COPY_CONSTRUCTOR_PUBLIC -DUSE_UTF8_LONG_NAMES=1 -DDISABLE_FS_H_WARNING=1 -DCFG_TUSB_MCU=OPT_MCU_RP2040 -DUSB_VID=0x239A -DUSB_PID=0x8129 -DUSBD_VID=0x239A -DUSBD_PID=0x8129 -DUSB_MANUFACTURER=\"Adafruit\" "-DUSB_PRODUCT=\"Feather RP2040 USB Host\"" -DPICO_CYW43_ARCH_THREADSAFE_BACKGROUND=1 -DCYW43_LWIP=1 -DCYW43_PIO_CLOCK_DIV_DYNAMIC=1 -DLWIP_IPV4=1 -DLWIP_IGMP=1 -DLWIP_CHECKSUM_CTRL_PER_NETIF=1 -DLWIP_IPV6=0 -DARDUINO_VARIANT=\"adafruit_feather_usb_host\" "-I.pio\libdeps\adafruit_feather_usb_host\Pico PIO USB\src" "-I.pio\libdeps\adafruit_feather_usb_host\SdFat - Adafruit Fork\src" -IC:\Users\MacGuffin_\.platformio\packages\framework-arduinopico\libraries\SPI\src "-I.pio\libdeps\adafruit_feather_usb_host\Adafruit TinyUSB Library\src" -IC:\Users\MacGuffin_\.platformio\packages\framework-arduinopico\cores\rp2040 -IC:\Users\MacGuffin_\.platformio\packages\framework-arduinopico\cores\rp2040\api\deprecated -IC:\Users\MacGuffin_\.platformio\packages\framework-arduinopico\cores\rp2040\api\deprecated-avr-comp -IC:\Users\MacGuffin_\.platformio\packages\framework-arduinopico\libraries\Adafruit_TinyUSB_Arduino\src\arduino -IC:\Users\MacGuffin_\.platformio\packages\framework-arduinopico\include -IC:\Users\MacGuffin_\.platformio\packages\framework-arduinopico\variants\adafruit_feather_usb_host ".pio\libdeps\adafruit_feather_usb_host\Adafruit TinyUSB Library\src\portable\raspberrypi\pio_usb\hcd_pio_usb.c"
arm-none-eabi-gcc -o ".pio\build\adafruit_feather_usb_host\lib43d\Adafruit TinyUSB Library\portable\raspberrypi\rp2040\dcd_rp2040.c.o" -c -std=gnu17 -Os -Werror=return-type -Wno-psabi -ffunction-sections -fdata-sections -march=armv6-m -mcpu=cortex-m0plus -mthumb -iprefixC:\Users\MacGuffin_\.platformio\packages\framework-arduinopico @C:\Users\MacGuffin_\.platformio\packages\framework-arduinopico\lib\rp2040\platform_inc.txt @C:\Users\MacGuffin_\.platformio\packages\framework-arduinopico\lib\core_inc.txt -DPLATFORMIO=60118 -DARDUINO_ADAFRUIT_FEATHER_RP2040_USB_HOST -DARDUINO_ARCH_RP2040 -DUSBD_MAX_POWER_MA=250 -DUSE_TINYUSB -DUSE_TINYUSB_HOST -DSH110X_NO_SPLASH -DARDUINO=10810 -DARDUINO_ARCH_RP2040 -DF_CPU=133000000L -DBOARD_NAME=\"adafruit_feather_usb_host\" -DARM_MATH_CM0_FAMILY -DARM_MATH_CM0_PLUS -DTARGET_RP2040 -DPICO_RP2040=1 -DPICO_FLASH_SIZE_BYTES=8388608 -DFILE_COPY_CONSTRUCTOR_SELECT=FILE_COPY_CONSTRUCTOR_PUBLIC -DUSE_UTF8_LONG_NAMES=1 -DDISABLE_FS_H_WARNING=1 -DCFG_TUSB_MCU=OPT_MCU_RP2040 -DUSB_VID=0x239A -DUSB_PID=0x8129 -DUSBD_VID=0x239A -DUSBD_PID=0x8129 -DUSB_MANUFACTURER=\"Adafruit\" "-DUSB_PRODUCT=\"Feather RP2040 USB Host\"" -DPICO_CYW43_ARCH_THREADSAFE_BACKGROUND=1 -DCYW43_LWIP=1 -DCYW43_PIO_CLOCK_DIV_DYNAMIC=1 -DLWIP_IPV4=1 -DLWIP_IGMP=1 -DLWIP_CHECKSUM_CTRL_PER_NETIF=1 -DLWIP_IPV6=0 -DARDUINO_VARIANT=\"adafruit_feather_usb_host\" "-I.pio\libdeps\adafruit_feather_usb_host\Pico PIO USB\src" "-I.pio\libdeps\adafruit_feather_usb_host\SdFat - Adafruit Fork\src" -IC:\Users\MacGuffin_\.platformio\packages\framework-arduinopico\libraries\SPI\src "-I.pio\libdeps\adafruit_feather_usb_host\Adafruit TinyUSB Library\src" -IC:\Users\MacGuffin_\.platformio\packages\framework-arduinopico\cores\rp2040 -IC:\Users\MacGuffin_\.platformio\packages\framework-arduinopico\cores\rp2040\api\deprecated -IC:\Users\MacGuffin_\.platformio\packages\framework-arduinopico\cores\rp2040\api\deprecated-avr-comp -IC:\Users\MacGuffin_\.platformio\packages\framework-arduinopico\libraries\Adafruit_TinyUSB_Arduino\src\arduino -IC:\Users\MacGuffin_\.platformio\packages\framework-arduinopico\include -IC:\Users\MacGuffin_\.platformio\packages\framework-arduinopico\variants\adafruit_feather_usb_host ".pio\libdeps\adafruit_feather_usb_host\Adafruit TinyUSB Library\src\portable\raspberrypi\rp2040\dcd_rp2040.c"
arm-none-eabi-gcc -o ".pio\build\adafruit_feather_usb_host\lib43d\Adafruit TinyUSB Library\portable\raspberrypi\rp2040\hcd_rp2040.c.o" -c -std=gnu17 -Os -Werror=return-type -Wno-psabi -ffunction-sections -fdata-sections -march=armv6-m -mcpu=cortex-m0plus -mthumb -iprefixC:\Users\MacGuffin_\.platformio\packages\framework-arduinopico @C:\Users\MacGuffin_\.platformio\packages\framework-arduinopico\lib\rp2040\platform_inc.txt @C:\Users\MacGuffin_\.platformio\packages\framework-arduinopico\lib\core_inc.txt -DPLATFORMIO=60118 -DARDUINO_ADAFRUIT_FEATHER_RP2040_USB_HOST -DARDUINO_ARCH_RP2040 -DUSBD_MAX_POWER_MA=250 -DUSE_TINYUSB -DUSE_TINYUSB_HOST -DSH110X_NO_SPLASH -DARDUINO=10810 -DARDUINO_ARCH_RP2040 -DF_CPU=133000000L -DBOARD_NAME=\"adafruit_feather_usb_host\" -DARM_MATH_CM0_FAMILY -DARM_MATH_CM0_PLUS -DTARGET_RP2040 -DPICO_RP2040=1 -DPICO_FLASH_SIZE_BYTES=8388608 -DFILE_COPY_CONSTRUCTOR_SELECT=FILE_COPY_CONSTRUCTOR_PUBLIC -DUSE_UTF8_LONG_NAMES=1 -DDISABLE_FS_H_WARNING=1 -DCFG_TUSB_MCU=OPT_MCU_RP2040 -DUSB_VID=0x239A -DUSB_PID=0x8129 -DUSBD_VID=0x239A -DUSBD_PID=0x8129 -DUSB_MANUFACTURER=\"Adafruit\" "-DUSB_PRODUCT=\"Feather RP2040 USB Host\"" -DPICO_CYW43_ARCH_THREADSAFE_BACKGROUND=1 -DCYW43_LWIP=1 -DCYW43_PIO_CLOCK_DIV_DYNAMIC=1 -DLWIP_IPV4=1 -DLWIP_IGMP=1 -DLWIP_CHECKSUM_CTRL_PER_NETIF=1 -DLWIP_IPV6=0 -DARDUINO_VARIANT=\"adafruit_feather_usb_host\" "-I.pio\libdeps\adafruit_feather_usb_host\Pico PIO USB\src" "-I.pio\libdeps\adafruit_feather_usb_host\SdFat - Adafruit Fork\src" -IC:\Users\MacGuffin_\.platformio\packages\framework-arduinopico\libraries\SPI\src "-I.pio\libdeps\adafruit_feather_usb_host\Adafruit TinyUSB Library\src" -IC:\Users\MacGuffin_\.platformio\packages\framework-arduinopico\cores\rp2040 -IC:\Users\MacGuffin_\.platformio\packages\framework-arduinopico\cores\rp2040\api\deprecated -IC:\Users\MacGuffin_\.platformio\packages\framework-arduinopico\cores\rp2040\api\deprecated-avr-comp -IC:\Users\MacGuffin_\.platformio\packages\framework-arduinopico\libraries\Adafruit_TinyUSB_Arduino\src\arduino -IC:\Users\MacGuffin_\.platformio\packages\framework-arduinopico\include -IC:\Users\MacGuffin_\.platformio\packages\framework-arduinopico\variants\adafruit_feather_usb_host ".pio\libdeps\adafruit_feather_usb_host\Adafruit TinyUSB Library\src\portable\raspberrypi\rp2040\hcd_rp2040.c"
arm-none-eabi-gcc -o ".pio\build\adafruit_feather_usb_host\lib43d\Adafruit TinyUSB Library\portable\raspberrypi\rp2040\rp2040_usb.c.o" -c -std=gnu17 -Os -Werror=return-type -Wno-psabi -ffunction-sections -fdata-sections -march=armv6-m -mcpu=cortex-m0plus -mthumb -iprefixC:\Users\MacGuffin_\.platformio\packages\framework-arduinopico @C:\Users\MacGuffin_\.platformio\packages\framework-arduinopico\lib\rp2040\platform_inc.txt @C:\Users\MacGuffin_\.platformio\packages\framework-arduinopico\lib\core_inc.txt -DPLATFORMIO=60118 -DARDUINO_ADAFRUIT_FEATHER_RP2040_USB_HOST -DARDUINO_ARCH_RP2040 -DUSBD_MAX_POWER_MA=250 -DUSE_TINYUSB -DUSE_TINYUSB_HOST -DSH110X_NO_SPLASH -DARDUINO=10810 -DARDUINO_ARCH_RP2040 -DF_CPU=133000000L -DBOARD_NAME=\"adafruit_feather_usb_host\" -DARM_MATH_CM0_FAMILY -DARM_MATH_CM0_PLUS -DTARGET_RP2040 -DPICO_RP2040=1 -DPICO_FLASH_SIZE_BYTES=8388608 -DFILE_COPY_CONSTRUCTOR_SELECT=FILE_COPY_CONSTRUCTOR_PUBLIC -DUSE_UTF8_LONG_NAMES=1 -DDISABLE_FS_H_WARNING=1 -DCFG_TUSB_MCU=OPT_MCU_RP2040 -DUSB_VID=0x239A -DUSB_PID=0x8129 -DUSBD_VID=0x239A -DUSBD_PID=0x8129 -DUSB_MANUFACTURER=\"Adafruit\" "-DUSB_PRODUCT=\"Feather RP2040 USB Host\"" -DPICO_CYW43_ARCH_THREADSAFE_BACKGROUND=1 -DCYW43_LWIP=1 -DCYW43_PIO_CLOCK_DIV_DYNAMIC=1 -DLWIP_IPV4=1 -DLWIP_IGMP=1 -DLWIP_CHECKSUM_CTRL_PER_NETIF=1 -DLWIP_IPV6=0 -DARDUINO_VARIANT=\"adafruit_feather_usb_host\" "-I.pio\libdeps\adafruit_feather_usb_host\Pico PIO USB\src" "-I.pio\libdeps\adafruit_feather_usb_host\SdFat - Adafruit Fork\src" -IC:\Users\MacGuffin_\.platformio\packages\framework-arduinopico\libraries\SPI\src "-I.pio\libdeps\adafruit_feather_usb_host\Adafruit TinyUSB Library\src" -IC:\Users\MacGuffin_\.platformio\packages\framework-arduinopico\cores\rp2040 -IC:\Users\MacGuffin_\.platformio\packages\framework-arduinopico\cores\rp2040\api\deprecated -IC:\Users\MacGuffin_\.platformio\packages\framework-arduinopico\cores\rp2040\api\deprecated-avr-comp -IC:\Users\MacGuffin_\.platformio\packages\framework-arduinopico\libraries\Adafruit_TinyUSB_Arduino\src\arduino -IC:\Users\MacGuffin_\.platformio\packages\framework-arduinopico\include -IC:\Users\MacGuffin_\.platformio\packages\framework-arduinopico\variants\adafruit_feather_usb_host ".pio\libdeps\adafruit_feather_usb_host\Adafruit TinyUSB Library\src\portable\raspberrypi\rp2040\rp2040_usb.c"
arm-none-eabi-gcc -o ".pio\build\adafruit_feather_usb_host\lib43d\Adafruit TinyUSB Library\portable\st\stm32_fsdev\dcd_stm32_fsdev.c.o" -c -std=gnu17 -Os -Werror=return-type -Wno-psabi -ffunction-sections -fdata-sections -march=armv6-m -mcpu=cortex-m0plus -mthumb -iprefixC:\Users\MacGuffin_\.platformio\packages\framework-arduinopico @C:\Users\MacGuffin_\.platformio\packages\framework-arduinopico\lib\rp2040\platform_inc.txt @C:\Users\MacGuffin_\.platformio\packages\framework-arduinopico\lib\core_inc.txt -DPLATFORMIO=60118 -DARDUINO_ADAFRUIT_FEATHER_RP2040_USB_HOST -DARDUINO_ARCH_RP2040 -DUSBD_MAX_POWER_MA=250 -DUSE_TINYUSB -DUSE_TINYUSB_HOST -DSH110X_NO_SPLASH -DARDUINO=10810 -DARDUINO_ARCH_RP2040 -DF_CPU=133000000L -DBOARD_NAME=\"adafruit_feather_usb_host\" -DARM_MATH_CM0_FAMILY -DARM_MATH_CM0_PLUS -DTARGET_RP2040 -DPICO_RP2040=1 -DPICO_FLASH_SIZE_BYTES=8388608 -DFILE_COPY_CONSTRUCTOR_SELECT=FILE_COPY_CONSTRUCTOR_PUBLIC -DUSE_UTF8_LONG_NAMES=1 -DDISABLE_FS_H_WARNING=1 -DCFG_TUSB_MCU=OPT_MCU_RP2040 -DUSB_VID=0x239A -DUSB_PID=0x8129 -DUSBD_VID=0x239A -DUSBD_PID=0x8129 -DUSB_MANUFACTURER=\"Adafruit\" "-DUSB_PRODUCT=\"Feather RP2040 USB Host\"" -DPICO_CYW43_ARCH_THREADSAFE_BACKGROUND=1 -DCYW43_LWIP=1 -DCYW43_PIO_CLOCK_DIV_DYNAMIC=1 -DLWIP_IPV4=1 -DLWIP_IGMP=1 -DLWIP_CHECKSUM_CTRL_PER_NETIF=1 -DLWIP_IPV6=0 -DARDUINO_VARIANT=\"adafruit_feather_usb_host\" "-I.pio\libdeps\adafruit_feather_usb_host\Pico PIO USB\src" "-I.pio\libdeps\adafruit_feather_usb_host\SdFat - Adafruit Fork\src" -IC:\Users\MacGuffin_\.platformio\packages\framework-arduinopico\libraries\SPI\src "-I.pio\libdeps\adafruit_feather_usb_host\Adafruit TinyUSB Library\src" -IC:\Users\MacGuffin_\.platformio\packages\framework-arduinopico\cores\rp2040 -IC:\Users\MacGuffin_\.platformio\packages\framework-arduinopico\cores\rp2040\api\deprecated -IC:\Users\MacGuffin_\.platformio\packages\framework-arduinopico\cores\rp2040\api\deprecated-avr-comp -IC:\Users\MacGuffin_\.platformio\packages\framework-arduinopico\libraries\Adafruit_TinyUSB_Arduino\src\arduino -IC:\Users\MacGuffin_\.platformio\packages\framework-arduinopico\include -IC:\Users\MacGuffin_\.platformio\packages\framework-arduinopico\variants\adafruit_feather_usb_host ".pio\libdeps\adafruit_feather_usb_host\Adafruit TinyUSB Library\src\portable\st\stm32_fsdev\dcd_stm32_fsdev.c"
arm-none-eabi-gcc -o ".pio\build\adafruit_feather_usb_host\lib43d\Adafruit TinyUSB Library\portable\synopsys\dwc2\dcd_dwc2.c.o" -c -std=gnu17 -Os -Werror=return-type -Wno-psabi -ffunction-sections -fdata-sections -march=armv6-m -mcpu=cortex-m0plus -mthumb -iprefixC:\Users\MacGuffin_\.platformio\packages\framework-arduinopico @C:\Users\MacGuffin_\.platformio\packages\framework-arduinopico\lib\rp2040\platform_inc.txt @C:\Users\MacGuffin_\.platformio\packages\framework-arduinopico\lib\core_inc.txt -DPLATFORMIO=60118 -DARDUINO_ADAFRUIT_FEATHER_RP2040_USB_HOST -DARDUINO_ARCH_RP2040 -DUSBD_MAX_POWER_MA=250 -DUSE_TINYUSB -DUSE_TINYUSB_HOST -DSH110X_NO_SPLASH -DARDUINO=10810 -DARDUINO_ARCH_RP2040 -DF_CPU=133000000L -DBOARD_NAME=\"adafruit_feather_usb_host\" -DARM_MATH_CM0_FAMILY -DARM_MATH_CM0_PLUS -DTARGET_RP2040 -DPICO_RP2040=1 -DPICO_FLASH_SIZE_BYTES=8388608 -DFILE_COPY_CONSTRUCTOR_SELECT=FILE_COPY_CONSTRUCTOR_PUBLIC -DUSE_UTF8_LONG_NAMES=1 -DDISABLE_FS_H_WARNING=1 -DCFG_TUSB_MCU=OPT_MCU_RP2040 -DUSB_VID=0x239A -DUSB_PID=0x8129 -DUSBD_VID=0x239A -DUSBD_PID=0x8129 -DUSB_MANUFACTURER=\"Adafruit\" "-DUSB_PRODUCT=\"Feather RP2040 USB Host\"" -DPICO_CYW43_ARCH_THREADSAFE_BACKGROUND=1 -DCYW43_LWIP=1 -DCYW43_PIO_CLOCK_DIV_DYNAMIC=1 -DLWIP_IPV4=1 -DLWIP_IGMP=1 -DLWIP_CHECKSUM_CTRL_PER_NETIF=1 -DLWIP_IPV6=0 -DARDUINO_VARIANT=\"adafruit_feather_usb_host\" "-I.pio\libdeps\adafruit_feather_usb_host\Pico PIO USB\src" "-I.pio\libdeps\adafruit_feather_usb_host\SdFat - Adafruit Fork\src" -IC:\Users\MacGuffin_\.platformio\packages\framework-arduinopico\libraries\SPI\src "-I.pio\libdeps\adafruit_feather_usb_host\Adafruit TinyUSB Library\src" -IC:\Users\MacGuffin_\.platformio\packages\framework-arduinopico\cores\rp2040 -IC:\Users\MacGuffin_\.platformio\packages\framework-arduinopico\cores\rp2040\api\deprecated -IC:\Users\MacGuffin_\.platformio\packages\framework-arduinopico\cores\rp2040\api\deprecated-avr-comp -IC:\Users\MacGuffin_\.platformio\packages\framework-arduinopico\libraries\Adafruit_TinyUSB_Arduino\src\arduino -IC:\Users\MacGuffin_\.platformio\packages\framework-arduinopico\include -IC:\Users\MacGuffin_\.platformio\packages\framework-arduinopico\variants\adafruit_feather_usb_host ".pio\libdeps\adafruit_feather_usb_host\Adafruit TinyUSB Library\src\portable\synopsys\dwc2\dcd_dwc2.c"
arm-none-eabi-gcc -o ".pio\build\adafruit_feather_usb_host\lib43d\Adafruit TinyUSB Library\portable\synopsys\dwc2\dwc2_common.c.o" -c -std=gnu17 -Os -Werror=return-type -Wno-psabi -ffunction-sections -fdata-sections -march=armv6-m -mcpu=cortex-m0plus -mthumb -iprefixC:\Users\MacGuffin_\.platformio\packages\framework-arduinopico @C:\Users\MacGuffin_\.platformio\packages\framework-arduinopico\lib\rp2040\platform_inc.txt @C:\Users\MacGuffin_\.platformio\packages\framework-arduinopico\lib\core_inc.txt -DPLATFORMIO=60118 -DARDUINO_ADAFRUIT_FEATHER_RP2040_USB_HOST -DARDUINO_ARCH_RP2040 -DUSBD_MAX_POWER_MA=250 -DUSE_TINYUSB -DUSE_TINYUSB_HOST -DSH110X_NO_SPLASH -DARDUINO=10810 -DARDUINO_ARCH_RP2040 -DF_CPU=133000000L -DBOARD_NAME=\"adafruit_feather_usb_host\" -DARM_MATH_CM0_FAMILY -DARM_MATH_CM0_PLUS -DTARGET_RP2040 -DPICO_RP2040=1 -DPICO_FLASH_SIZE_BYTES=8388608 -DFILE_COPY_CONSTRUCTOR_SELECT=FILE_COPY_CONSTRUCTOR_PUBLIC -DUSE_UTF8_LONG_NAMES=1 -DDISABLE_FS_H_WARNING=1 -DCFG_TUSB_MCU=OPT_MCU_RP2040 -DUSB_VID=0x239A -DUSB_PID=0x8129 -DUSBD_VID=0x239A -DUSBD_PID=0x8129 -DUSB_MANUFACTURER=\"Adafruit\" "-DUSB_PRODUCT=\"Feather RP2040 USB Host\"" -DPICO_CYW43_ARCH_THREADSAFE_BACKGROUND=1 -DCYW43_LWIP=1 -DCYW43_PIO_CLOCK_DIV_DYNAMIC=1 -DLWIP_IPV4=1 -DLWIP_IGMP=1 -DLWIP_CHECKSUM_CTRL_PER_NETIF=1 -DLWIP_IPV6=0 -DARDUINO_VARIANT=\"adafruit_feather_usb_host\" "-I.pio\libdeps\adafruit_feather_usb_host\Pico PIO USB\src" "-I.pio\libdeps\adafruit_feather_usb_host\SdFat - Adafruit Fork\src" -IC:\Users\MacGuffin_\.platformio\packages\framework-arduinopico\libraries\SPI\src "-I.pio\libdeps\adafruit_feather_usb_host\Adafruit TinyUSB Library\src" -IC:\Users\MacGuffin_\.platformio\packages\framework-arduinopico\cores\rp2040 -IC:\Users\MacGuffin_\.platformio\packages\framework-arduinopico\cores\rp2040\api\deprecated -IC:\Users\MacGuffin_\.platformio\packages\framework-arduinopico\cores\rp2040\api\deprecated-avr-comp -IC:\Users\MacGuffin_\.platformio\packages\framework-arduinopico\libraries\Adafruit_TinyUSB_Arduino\src\arduino -IC:\Users\MacGuffin_\.platformio\packages\framework-arduinopico\include -IC:\Users\MacGuffin_\.platformio\packages\framework-arduinopico\variants\adafruit_feather_usb_host ".pio\libdeps\adafruit_feather_usb_host\Adafruit TinyUSB Library\src\portable\synopsys\dwc2\dwc2_common.c"
arm-none-eabi-gcc -o ".pio\build\adafruit_feather_usb_host\lib43d\Adafruit TinyUSB Library\portable\synopsys\dwc2\hcd_dwc2.c.o" -c -std=gnu17 -Os -Werror=return-type -Wno-psabi -ffunction-sections -fdata-sections -march=armv6-m -mcpu=cortex-m0plus -mthumb -iprefixC:\Users\MacGuffin_\.platformio\packages\framework-arduinopico @C:\Users\MacGuffin_\.platformio\packages\framework-arduinopico\lib\rp2040\platform_inc.txt @C:\Users\MacGuffin_\.platformio\packages\framework-arduinopico\lib\core_inc.txt -DPLATFORMIO=60118 -DARDUINO_ADAFRUIT_FEATHER_RP2040_USB_HOST -DARDUINO_ARCH_RP2040 -DUSBD_MAX_POWER_MA=250 -DUSE_TINYUSB -DUSE_TINYUSB_HOST -DSH110X_NO_SPLASH -DARDUINO=10810 -DARDUINO_ARCH_RP2040 -DF_CPU=133000000L -DBOARD_NAME=\"adafruit_feather_usb_host\" -DARM_MATH_CM0_FAMILY -DARM_MATH_CM0_PLUS -DTARGET_RP2040 -DPICO_RP2040=1 -DPICO_FLASH_SIZE_BYTES=8388608 -DFILE_COPY_CONSTRUCTOR_SELECT=FILE_COPY_CONSTRUCTOR_PUBLIC -DUSE_UTF8_LONG_NAMES=1 -DDISABLE_FS_H_WARNING=1 -DCFG_TUSB_MCU=OPT_MCU_RP2040 -DUSB_VID=0x239A -DUSB_PID=0x8129 -DUSBD_VID=0x239A -DUSBD_PID=0x8129 -DUSB_MANUFACTURER=\"Adafruit\" "-DUSB_PRODUCT=\"Feather RP2040 USB Host\"" -DPICO_CYW43_ARCH_THREADSAFE_BACKGROUND=1 -DCYW43_LWIP=1 -DCYW43_PIO_CLOCK_DIV_DYNAMIC=1 -DLWIP_IPV4=1 -DLWIP_IGMP=1 -DLWIP_CHECKSUM_CTRL_PER_NETIF=1 -DLWIP_IPV6=0 -DARDUINO_VARIANT=\"adafruit_feather_usb_host\" "-I.pio\libdeps\adafruit_feather_usb_host\Pico PIO USB\src" "-I.pio\libdeps\adafruit_feather_usb_host\SdFat - Adafruit Fork\src" -IC:\Users\MacGuffin_\.platformio\packages\framework-arduinopico\libraries\SPI\src "-I.pio\libdeps\adafruit_feather_usb_host\Adafruit TinyUSB Library\src" -IC:\Users\MacGuffin_\.platformio\packages\framework-arduinopico\cores\rp2040 -IC:\Users\MacGuffin_\.platformio\packages\framework-arduinopico\cores\rp2040\api\deprecated -IC:\Users\MacGuffin_\.platformio\packages\framework-arduinopico\cores\rp2040\api\deprecated-avr-comp -IC:\Users\MacGuffin_\.platformio\packages\framework-arduinopico\libraries\Adafruit_TinyUSB_Arduino\src\arduino -IC:\Users\MacGuffin_\.platformio\packages\framework-arduinopico\include -IC:\Users\MacGuffin_\.platformio\packages\framework-arduinopico\variants\adafruit_feather_usb_host ".pio\libdeps\adafruit_feather_usb_host\Adafruit TinyUSB Library\src\portable\synopsys\dwc2\hcd_dwc2.c"
arm-none-eabi-gcc -o ".pio\build\adafruit_feather_usb_host\lib43d\Adafruit TinyUSB Library\portable\wch\dcd_ch32_usbfs.c.o" -c -std=gnu17 -Os -Werror=return-type -Wno-psabi -ffunction-sections -fdata-sections -march=armv6-m -mcpu=cortex-m0plus -mthumb -iprefixC:\Users\MacGuffin_\.platformio\packages\framework-arduinopico @C:\Users\MacGuffin_\.platformio\packages\framework-arduinopico\lib\rp2040\platform_inc.txt @C:\Users\MacGuffin_\.platformio\packages\framework-arduinopico\lib\core_inc.txt -DPLATFORMIO=60118 -DARDUINO_ADAFRUIT_FEATHER_RP2040_USB_HOST -DARDUINO_ARCH_RP2040 -DUSBD_MAX_POWER_MA=250 -DUSE_TINYUSB -DUSE_TINYUSB_HOST -DSH110X_NO_SPLASH -DARDUINO=10810 -DARDUINO_ARCH_RP2040 -DF_CPU=133000000L -DBOARD_NAME=\"adafruit_feather_usb_host\" -DARM_MATH_CM0_FAMILY -DARM_MATH_CM0_PLUS -DTARGET_RP2040 -DPICO_RP2040=1 -DPICO_FLASH_SIZE_BYTES=8388608 -DFILE_COPY_CONSTRUCTOR_SELECT=FILE_COPY_CONSTRUCTOR_PUBLIC -DUSE_UTF8_LONG_NAMES=1 -DDISABLE_FS_H_WARNING=1 -DCFG_TUSB_MCU=OPT_MCU_RP2040 -DUSB_VID=0x239A -DUSB_PID=0x8129 -DUSBD_VID=0x239A -DUSBD_PID=0x8129 -DUSB_MANUFACTURER=\"Adafruit\" "-DUSB_PRODUCT=\"Feather RP2040 USB Host\"" -DPICO_CYW43_ARCH_THREADSAFE_BACKGROUND=1 -DCYW43_LWIP=1 -DCYW43_PIO_CLOCK_DIV_DYNAMIC=1 -DLWIP_IPV4=1 -DLWIP_IGMP=1 -DLWIP_CHECKSUM_CTRL_PER_NETIF=1 -DLWIP_IPV6=0 -DARDUINO_VARIANT=\"adafruit_feather_usb_host\" "-I.pio\libdeps\adafruit_feather_usb_host\Pico PIO USB\src" "-I.pio\libdeps\adafruit_feather_usb_host\SdFat - Adafruit Fork\src" -IC:\Users\MacGuffin_\.platformio\packages\framework-arduinopico\libraries\SPI\src "-I.pio\libdeps\adafruit_feather_usb_host\Adafruit TinyUSB Library\src" -IC:\Users\MacGuffin_\.platformio\packages\framework-arduinopico\cores\rp2040 -IC:\Users\MacGuffin_\.platformio\packages\framework-arduinopico\cores\rp2040\api\deprecated -IC:\Users\MacGuffin_\.platformio\packages\framework-arduinopico\cores\rp2040\api\deprecated-avr-comp -IC:\Users\MacGuffin_\.platformio\packages\framework-arduinopico\libraries\Adafruit_TinyUSB_Arduino\src\arduino -IC:\Users\MacGuffin_\.platformio\packages\framework-arduinopico\include -IC:\Users\MacGuffin_\.platformio\packages\framework-arduinopico\variants\adafruit_feather_usb_host ".pio\libdeps\adafruit_feather_usb_host\Adafruit TinyUSB Library\src\portable\wch\dcd_ch32_usbfs.c"
arm-none-eabi-gcc -o ".pio\build\adafruit_feather_usb_host\lib43d\Adafruit TinyUSB Library\portable\wch\dcd_ch32_usbhs.c.o" -c -std=gnu17 -Os -Werror=return-type -Wno-psabi -ffunction-sections -fdata-sections -march=armv6-m -mcpu=cortex-m0plus -mthumb -iprefixC:\Users\MacGuffin_\.platformio\packages\framework-arduinopico @C:\Users\MacGuffin_\.platformio\packages\framework-arduinopico\lib\rp2040\platform_inc.txt @C:\Users\MacGuffin_\.platformio\packages\framework-arduinopico\lib\core_inc.txt -DPLATFORMIO=60118 -DARDUINO_ADAFRUIT_FEATHER_RP2040_USB_HOST -DARDUINO_ARCH_RP2040 -DUSBD_MAX_POWER_MA=250 -DUSE_TINYUSB -DUSE_TINYUSB_HOST -DSH110X_NO_SPLASH -DARDUINO=10810 -DARDUINO_ARCH_RP2040 -DF_CPU=133000000L -DBOARD_NAME=\"adafruit_feather_usb_host\" -DARM_MATH_CM0_FAMILY -DARM_MATH_CM0_PLUS -DTARGET_RP2040 -DPICO_RP2040=1 -DPICO_FLASH_SIZE_BYTES=8388608 -DFILE_COPY_CONSTRUCTOR_SELECT=FILE_COPY_CONSTRUCTOR_PUBLIC -DUSE_UTF8_LONG_NAMES=1 -DDISABLE_FS_H_WARNING=1 -DCFG_TUSB_MCU=OPT_MCU_RP2040 -DUSB_VID=0x239A -DUSB_PID=0x8129 -DUSBD_VID=0x239A -DUSBD_PID=0x8129 -DUSB_MANUFACTURER=\"Adafruit\" "-DUSB_PRODUCT=\"Feather RP2040 USB Host\"" -DPICO_CYW43_ARCH_THREADSAFE_BACKGROUND=1 -DCYW43_LWIP=1 -DCYW43_PIO_CLOCK_DIV_DYNAMIC=1 -DLWIP_IPV4=1 -DLWIP_IGMP=1 -DLWIP_CHECKSUM_CTRL_PER_NETIF=1 -DLWIP_IPV6=0 -DARDUINO_VARIANT=\"adafruit_feather_usb_host\" "-I.pio\libdeps\adafruit_feather_usb_host\Pico PIO USB\src" "-I.pio\libdeps\adafruit_feather_usb_host\SdFat - Adafruit Fork\src" -IC:\Users\MacGuffin_\.platformio\packages\framework-arduinopico\libraries\SPI\src "-I.pio\libdeps\adafruit_feather_usb_host\Adafruit TinyUSB Library\src" -IC:\Users\MacGuffin_\.platformio\packages\framework-arduinopico\cores\rp2040 -IC:\Users\MacGuffin_\.platformio\packages\framework-arduinopico\cores\rp2040\api\deprecated -IC:\Users\MacGuffin_\.platformio\packages\framework-arduinopico\cores\rp2040\api\deprecated-avr-comp -IC:\Users\MacGuffin_\.platformio\packages\framework-arduinopico\libraries\Adafruit_TinyUSB_Arduino\src\arduino -IC:\Users\MacGuffin_\.platformio\packages\framework-arduinopico\include -IC:\Users\MacGuffin_\.platformio\packages\framework-arduinopico\variants\adafruit_feather_usb_host ".pio\libdeps\adafruit_feather_usb_host\Adafruit TinyUSB Library\src\portable\wch\dcd_ch32_usbhs.c"
arm-none-eabi-gcc -o ".pio\build\adafruit_feather_usb_host\lib43d\Adafruit TinyUSB Library\tusb.c.o" -c -std=gnu17 -Os -Werror=return-type -Wno-psabi -ffunction-sections -fdata-sections -march=armv6-m -mcpu=cortex-m0plus -mthumb -iprefixC:\Users\MacGuffin_\.platformio\packages\framework-arduinopico @C:\Users\MacGuffin_\.platformio\packages\framework-arduinopico\lib\rp2040\platform_inc.txt @C:\Users\MacGuffin_\.platformio\packages\framework-arduinopico\lib\core_inc.txt -DPLATFORMIO=60118 -DARDUINO_ADAFRUIT_FEATHER_RP2040_USB_HOST -DARDUINO_ARCH_RP2040 -DUSBD_MAX_POWER_MA=250 -DUSE_TINYUSB -DUSE_TINYUSB_HOST -DSH110X_NO_SPLASH -DARDUINO=10810 -DARDUINO_ARCH_RP2040 -DF_CPU=133000000L -DBOARD_NAME=\"adafruit_feather_usb_host\" -DARM_MATH_CM0_FAMILY -DARM_MATH_CM0_PLUS -DTARGET_RP2040 -DPICO_RP2040=1 -DPICO_FLASH_SIZE_BYTES=8388608 -DFILE_COPY_CONSTRUCTOR_SELECT=FILE_COPY_CONSTRUCTOR_PUBLIC -DUSE_UTF8_LONG_NAMES=1 -DDISABLE_FS_H_WARNING=1 -DCFG_TUSB_MCU=OPT_MCU_RP2040 -DUSB_VID=0x239A -DUSB_PID=0x8129 -DUSBD_VID=0x239A -DUSBD_PID=0x8129 -DUSB_MANUFACTURER=\"Adafruit\" "-DUSB_PRODUCT=\"Feather RP2040 USB Host\"" -DPICO_CYW43_ARCH_THREADSAFE_BACKGROUND=1 -DCYW43_LWIP=1 -DCYW43_PIO_CLOCK_DIV_DYNAMIC=1 -DLWIP_IPV4=1 -DLWIP_IGMP=1 -DLWIP_CHECKSUM_CTRL_PER_NETIF=1 -DLWIP_IPV6=0 -DARDUINO_VARIANT=\"adafruit_feather_usb_host\" "-I.pio\libdeps\adafruit_feather_usb_host\Pico PIO USB\src" "-I.pio\libdeps\adafruit_feather_usb_host\SdFat - Adafruit Fork\src" -IC:\Users\MacGuffin_\.platformio\packages\framework-arduinopico\libraries\SPI\src "-I.pio\libdeps\adafruit_feather_usb_host\Adafruit TinyUSB Library\src" -IC:\Users\MacGuffin_\.platformio\packages\framework-arduinopico\cores\rp2040 -IC:\Users\MacGuffin_\.platformio\packages\framework-arduinopico\cores\rp2040\api\deprecated -IC:\Users\MacGuffin_\.platformio\packages\framework-arduinopico\cores\rp2040\api\deprecated-avr-comp -IC:\Users\MacGuffin_\.platformio\packages\framework-arduinopico\libraries\Adafruit_TinyUSB_Arduino\src\arduino -IC:\Users\MacGuffin_\.platformio\packages\framework-arduinopico\include -IC:\Users\MacGuffin_\.platformio\packages\framework-arduinopico\variants\adafruit_feather_usb_host ".pio\libdeps\adafruit_feather_usb_host\Adafruit TinyUSB Library\src\tusb.c"
arm-none-eabi-g++ -o .pio\build\adafruit_feather_usb_host\lib959\Wire\Wire.cpp.o -c -fno-exceptions -fno-rtti -std=gnu++17 -Os -Werror=return-type -Wno-psabi -ffunction-sections -fdata-sections -march=armv6-m -mcpu=cortex-m0plus -mthumb -iprefixC:\Users\MacGuffin_\.platformio\packages\framework-arduinopico @C:\Users\MacGuffin_\.platformio\packages\framework-arduinopico\lib\rp2040\platform_inc.txt @C:\Users\MacGuffin_\.platformio\packages\framework-arduinopico\lib\core_inc.txt -DPLATFORMIO=60118 -DARDUINO_ADAFRUIT_FEATHER_RP2040_USB_HOST -DARDUINO_ARCH_RP2040 -DUSBD_MAX_POWER_MA=250 -DUSE_TINYUSB -DUSE_TINYUSB_HOST -DSH110X_NO_SPLASH -DARDUINO=10810 -DARDUINO_ARCH_RP2040 -DF_CPU=133000000L -DBOARD_NAME=\"adafruit_feather_usb_host\" -DARM_MATH_CM0_FAMILY -DARM_MATH_CM0_PLUS -DTARGET_RP2040 -DPICO_RP2040=1 -DPICO_FLASH_SIZE_BYTES=8388608 -DFILE_COPY_CONSTRUCTOR_SELECT=FILE_COPY_CONSTRUCTOR_PUBLIC -DUSE_UTF8_LONG_NAMES=1 -DDISABLE_FS_H_WARNING=1 -DCFG_TUSB_MCU=OPT_MCU_RP2040 -DUSB_VID=0x239A -DUSB_PID=0x8129 -DUSBD_VID=0x239A -DUSBD_PID=0x8129 -DUSB_MANUFACTURER=\"Adafruit\" "-DUSB_PRODUCT=\"Feather RP2040 USB Host\"" -DPICO_CYW43_ARCH_THREADSAFE_BACKGROUND=1 -DCYW43_LWIP=1 -DCYW43_PIO_CLOCK_DIV_DYNAMIC=1 -DLWIP_IPV4=1 -DLWIP_IGMP=1 -DLWIP_CHECKSUM_CTRL_PER_NETIF=1 -DLWIP_IPV6=0 -DARDUINO_VARIANT=\"adafruit_feather_usb_host\" -IC:\Users\MacGuffin_\.platformio\packages\framework-arduinopico\libraries\Wire\src "-I.pio\libdeps\adafruit_feather_usb_host\Pico PIO USB\src" "-I.pio\libdeps\adafruit_feather_usb_host\SdFat - Adafruit Fork\src" -IC:\Users\MacGuffin_\.platformio\packages\framework-arduinopico\libraries\SPI\src "-I.pio\libdeps\adafruit_feather_usb_host\Adafruit TinyUSB Library\src" -IC:\Users\MacGuffin_\.platformio\packages\framework-arduinopico\cores\rp2040 -IC:\Users\MacGuffin_\.platformio\packages\framework-arduinopico\cores\rp2040\api\deprecated -IC:\Users\MacGuffin_\.platformio\packages\framework-arduinopico\cores\rp2040\api\deprecated-avr-comp -IC:\Users\MacGuffin_\.platformio\packages\framework-arduinopico\libraries\Adafruit_TinyUSB_Arduino\src\arduino -IC:\Users\MacGuffin_\.platformio\packages\framework-arduinopico\include -IC:\Users\MacGuffin_\.platformio\packages\framework-arduinopico\variants\adafruit_feather_usb_host C:\Users\MacGuffin_\.platformio\packages\framework-arduinopico\libraries\Wire\src\Wire.cpp
arm-none-eabi-g++ -o ".pio\build\adafruit_feather_usb_host\lib754\Adafruit BusIO\Adafruit_BusIO_Register.cpp.o" -c -fno-exceptions -fno-rtti -std=gnu++17 -Os -Werror=return-type -Wno-psabi -ffunction-sections -fdata-sections -march=armv6-m -mcpu=cortex-m0plus -mthumb -iprefixC:\Users\MacGuffin_\.platformio\packages\framework-arduinopico @C:\Users\MacGuffin_\.platformio\packages\framework-arduinopico\lib\rp2040\platform_inc.txt @C:\Users\MacGuffin_\.platformio\packages\framework-arduinopico\lib\core_inc.txt -DPLATFORMIO=60118 -DARDUINO_ADAFRUIT_FEATHER_RP2040_USB_HOST -DARDUINO_ARCH_RP2040 -DUSBD_MAX_POWER_MA=250 -DUSE_TINYUSB -DUSE_TINYUSB_HOST -DSH110X_NO_SPLASH -DARDUINO=10810 -DARDUINO_ARCH_RP2040 -DF_CPU=133000000L -DBOARD_NAME=\"adafruit_feather_usb_host\" -DARM_MATH_CM0_FAMILY -DARM_MATH_CM0_PLUS -DTARGET_RP2040 -DPICO_RP2040=1 -DPICO_FLASH_SIZE_BYTES=8388608 -DFILE_COPY_CONSTRUCTOR_SELECT=FILE_COPY_CONSTRUCTOR_PUBLIC -DUSE_UTF8_LONG_NAMES=1 -DDISABLE_FS_H_WARNING=1 -DCFG_TUSB_MCU=OPT_MCU_RP2040 -DUSB_VID=0x239A -DUSB_PID=0x8129 -DUSBD_VID=0x239A -DUSBD_PID=0x8129 -DUSB_MANUFACTURER=\"Adafruit\" "-DUSB_PRODUCT=\"Feather RP2040 USB Host\"" -DPICO_CYW43_ARCH_THREADSAFE_BACKGROUND=1 -DCYW43_LWIP=1 -DCYW43_PIO_CLOCK_DIV_DYNAMIC=1 -DLWIP_IPV4=1 -DLWIP_IGMP=1 -DLWIP_CHECKSUM_CTRL_PER_NETIF=1 -DLWIP_IPV6=0 -DARDUINO_VARIANT=\"adafruit_feather_usb_host\" "-I.pio\libdeps\adafruit_feather_usb_host\Adafruit BusIO" -IC:\Users\MacGuffin_\.platformio\packages\framework-arduinopico\libraries\Wire\src "-I.pio\libdeps\adafruit_feather_usb_host\Pico PIO USB\src" "-I.pio\libdeps\adafruit_feather_usb_host\SdFat - Adafruit Fork\src" -IC:\Users\MacGuffin_\.platformio\packages\framework-arduinopico\libraries\SPI\src "-I.pio\libdeps\adafruit_feather_usb_host\Adafruit TinyUSB Library\src" -IC:\Users\MacGuffin_\.platformio\packages\framework-arduinopico\cores\rp2040 -IC:\Users\MacGuffin_\.platformio\packages\framework-arduinopico\cores\rp2040\api\deprecated -IC:\Users\MacGuffin_\.platformio\packages\framework-arduinopico\cores\rp2040\api\deprecated-avr-comp -IC:\Users\MacGuffin_\.platformio\packages\framework-arduinopico\libraries\Adafruit_TinyUSB_Arduino\src\arduino -IC:\Users\MacGuffin_\.platformio\packages\framework-arduinopico\include -IC:\Users\MacGuffin_\.platformio\packages\framework-arduinopico\variants\adafruit_feather_usb_host ".pio\libdeps\adafruit_feather_usb_host\Adafruit BusIO\Adafruit_BusIO_Register.cpp"
arm-none-eabi-g++ -o ".pio\build\adafruit_feather_usb_host\lib754\Adafruit BusIO\Adafruit_GenericDevice.cpp.o" -c -fno-exceptions -fno-rtti -std=gnu++17 -Os -Werror=return-type -Wno-psabi -ffunction-sections -fdata-sections -march=armv6-m -mcpu=cortex-m0plus -mthumb -iprefixC:\Users\MacGuffin_\.platformio\packages\framework-arduinopico @C:\Users\MacGuffin_\.platformio\packages\framework-arduinopico\lib\rp2040\platform_inc.txt @C:\Users\MacGuffin_\.platformio\packages\framework-arduinopico\lib\core_inc.txt -DPLATFORMIO=60118 -DARDUINO_ADAFRUIT_FEATHER_RP2040_USB_HOST -DARDUINO_ARCH_RP2040 -DUSBD_MAX_POWER_MA=250 -DUSE_TINYUSB -DUSE_TINYUSB_HOST -DSH110X_NO_SPLASH -DARDUINO=10810 -DARDUINO_ARCH_RP2040 -DF_CPU=133000000L -DBOARD_NAME=\"adafruit_feather_usb_host\" -DARM_MATH_CM0_FAMILY -DARM_MATH_CM0_PLUS -DTARGET_RP2040 -DPICO_RP2040=1 -DPICO_FLASH_SIZE_BYTES=8388608 -DFILE_COPY_CONSTRUCTOR_SELECT=FILE_COPY_CONSTRUCTOR_PUBLIC -DUSE_UTF8_LONG_NAMES=1 -DDISABLE_FS_H_WARNING=1 -DCFG_TUSB_MCU=OPT_MCU_RP2040 -DUSB_VID=0x239A -DUSB_PID=0x8129 -DUSBD_VID=0x239A -DUSBD_PID=0x8129 -DUSB_MANUFACTURER=\"Adafruit\" "-DUSB_PRODUCT=\"Feather RP2040 USB Host\"" -DPICO_CYW43_ARCH_THREADSAFE_BACKGROUND=1 -DCYW43_LWIP=1 -DCYW43_PIO_CLOCK_DIV_DYNAMIC=1 -DLWIP_IPV4=1 -DLWIP_IGMP=1 -DLWIP_CHECKSUM_CTRL_PER_NETIF=1 -DLWIP_IPV6=0 -DARDUINO_VARIANT=\"adafruit_feather_usb_host\" "-I.pio\libdeps\adafruit_feather_usb_host\Adafruit BusIO" -IC:\Users\MacGuffin_\.platformio\packages\framework-arduinopico\libraries\Wire\src "-I.pio\libdeps\adafruit_feather_usb_host\Pico PIO USB\src" "-I.pio\libdeps\adafruit_feather_usb_host\SdFat - Adafruit Fork\src" -IC:\Users\MacGuffin_\.platformio\packages\framework-arduinopico\libraries\SPI\src "-I.pio\libdeps\adafruit_feather_usb_host\Adafruit TinyUSB Library\src" -IC:\Users\MacGuffin_\.platformio\packages\framework-arduinopico\cores\rp2040 -IC:\Users\MacGuffin_\.platformio\packages\framework-arduinopico\cores\rp2040\api\deprecated -IC:\Users\MacGuffin_\.platformio\packages\framework-arduinopico\cores\rp2040\api\deprecated-avr-comp -IC:\Users\MacGuffin_\.platformio\packages\framework-arduinopico\libraries\Adafruit_TinyUSB_Arduino\src\arduino -IC:\Users\MacGuffin_\.platformio\packages\framework-arduinopico\include -IC:\Users\MacGuffin_\.platformio\packages\framework-arduinopico\variants\adafruit_feather_usb_host ".pio\libdeps\adafruit_feather_usb_host\Adafruit BusIO\Adafruit_GenericDevice.cpp"
arm-none-eabi-g++ -o ".pio\build\adafruit_feather_usb_host\lib754\Adafruit BusIO\Adafruit_I2CDevice.cpp.o" -c -fno-exceptions -fno-rtti -std=gnu++17 -Os -Werror=return-type -Wno-psabi -ffunction-sections -fdata-sections -march=armv6-m -mcpu=cortex-m0plus -mthumb -iprefixC:\Users\MacGuffin_\.platformio\packages\framework-arduinopico @C:\Users\MacGuffin_\.platformio\packages\framework-arduinopico\lib\rp2040\platform_inc.txt @C:\Users\MacGuffin_\.platformio\packages\framework-arduinopico\lib\core_inc.txt -DPLATFORMIO=60118 -DARDUINO_ADAFRUIT_FEATHER_RP2040_USB_HOST -DARDUINO_ARCH_RP2040 -DUSBD_MAX_POWER_MA=250 -DUSE_TINYUSB -DUSE_TINYUSB_HOST -DSH110X_NO_SPLASH -DARDUINO=10810 -DARDUINO_ARCH_RP2040 -DF_CPU=133000000L -DBOARD_NAME=\"adafruit_feather_usb_host\" -DARM_MATH_CM0_FAMILY -DARM_MATH_CM0_PLUS -DTARGET_RP2040 -DPICO_RP2040=1 -DPICO_FLASH_SIZE_BYTES=8388608 -DFILE_COPY_CONSTRUCTOR_SELECT=FILE_COPY_CONSTRUCTOR_PUBLIC -DUSE_UTF8_LONG_NAMES=1 -DDISABLE_FS_H_WARNING=1 -DCFG_TUSB_MCU=OPT_MCU_RP2040 -DUSB_VID=0x239A -DUSB_PID=0x8129 -DUSBD_VID=0x239A -DUSBD_PID=0x8129 -DUSB_MANUFACTURER=\"Adafruit\" "-DUSB_PRODUCT=\"Feather RP2040 USB Host\"" -DPICO_CYW43_ARCH_THREADSAFE_BACKGROUND=1 -DCYW43_LWIP=1 -DCYW43_PIO_CLOCK_DIV_DYNAMIC=1 -DLWIP_IPV4=1 -DLWIP_IGMP=1 -DLWIP_CHECKSUM_CTRL_PER_NETIF=1 -DLWIP_IPV6=0 -DARDUINO_VARIANT=\"adafruit_feather_usb_host\" "-I.pio\libdeps\adafruit_feather_usb_host\Adafruit BusIO" -IC:\Users\MacGuffin_\.platformio\packages\framework-arduinopico\libraries\Wire\src "-I.pio\libdeps\adafruit_feather_usb_host\Pico PIO USB\src" "-I.pio\libdeps\adafruit_feather_usb_host\SdFat - Adafruit Fork\src" -IC:\Users\MacGuffin_\.platformio\packages\framework-arduinopico\libraries\SPI\src "-I.pio\libdeps\adafruit_feather_usb_host\Adafruit TinyUSB Library\src" -IC:\Users\MacGuffin_\.platformio\packages\framework-arduinopico\cores\rp2040 -IC:\Users\MacGuffin_\.platformio\packages\framework-arduinopico\cores\rp2040\api\deprecated -IC:\Users\MacGuffin_\.platformio\packages\framework-arduinopico\cores\rp2040\api\deprecated-avr-comp -IC:\Users\MacGuffin_\.platformio\packages\framework-arduinopico\libraries\Adafruit_TinyUSB_Arduino\src\arduino -IC:\Users\MacGuffin_\.platformio\packages\framework-arduinopico\include -IC:\Users\MacGuffin_\.platformio\packages\framework-arduinopico\variants\adafruit_feather_usb_host ".pio\libdeps\adafruit_feather_usb_host\Adafruit BusIO\Adafruit_I2CDevice.cpp"
arm-none-eabi-g++ -o ".pio\build\adafruit_feather_usb_host\lib754\Adafruit BusIO\Adafruit_SPIDevice.cpp.o" -c -fno-exceptions -fno-rtti -std=gnu++17 -Os -Werror=return-type -Wno-psabi -ffunction-sections -fdata-sections -march=armv6-m -mcpu=cortex-m0plus -mthumb -iprefixC:\Users\MacGuffin_\.platformio\packages\framework-arduinopico @C:\Users\MacGuffin_\.platformio\packages\framework-arduinopico\lib\rp2040\platform_inc.txt @C:\Users\MacGuffin_\.platformio\packages\framework-arduinopico\lib\core_inc.txt -DPLATFORMIO=60118 -DARDUINO_ADAFRUIT_FEATHER_RP2040_USB_HOST -DARDUINO_ARCH_RP2040 -DUSBD_MAX_POWER_MA=250 -DUSE_TINYUSB -DUSE_TINYUSB_HOST -DSH110X_NO_SPLASH -DARDUINO=10810 -DARDUINO_ARCH_RP2040 -DF_CPU=133000000L -DBOARD_NAME=\"adafruit_feather_usb_host\" -DARM_MATH_CM0_FAMILY -DARM_MATH_CM0_PLUS -DTARGET_RP2040 -DPICO_RP2040=1 -DPICO_FLASH_SIZE_BYTES=8388608 -DFILE_COPY_CONSTRUCTOR_SELECT=FILE_COPY_CONSTRUCTOR_PUBLIC -DUSE_UTF8_LONG_NAMES=1 -DDISABLE_FS_H_WARNING=1 -DCFG_TUSB_MCU=OPT_MCU_RP2040 -DUSB_VID=0x239A -DUSB_PID=0x8129 -DUSBD_VID=0x239A -DUSBD_PID=0x8129 -DUSB_MANUFACTURER=\"Adafruit\" "-DUSB_PRODUCT=\"Feather RP2040 USB Host\"" -DPICO_CYW43_ARCH_THREADSAFE_BACKGROUND=1 -DCYW43_LWIP=1 -DCYW43_PIO_CLOCK_DIV_DYNAMIC=1 -DLWIP_IPV4=1 -DLWIP_IGMP=1 -DLWIP_CHECKSUM_CTRL_PER_NETIF=1 -DLWIP_IPV6=0 -DARDUINO_VARIANT=\"adafruit_feather_usb_host\" "-I.pio\libdeps\adafruit_feather_usb_host\Adafruit BusIO" -IC:\Users\MacGuffin_\.platformio\packages\framework-arduinopico\libraries\Wire\src "-I.pio\libdeps\adafruit_feather_usb_host\Pico PIO USB\src" "-I.pio\libdeps\adafruit_feather_usb_host\SdFat - Adafruit Fork\src" -IC:\Users\MacGuffin_\.platformio\packages\framework-arduinopico\libraries\SPI\src "-I.pio\libdeps\adafruit_feather_usb_host\Adafruit TinyUSB Library\src" -IC:\Users\MacGuffin_\.platformio\packages\framework-arduinopico\cores\rp2040 -IC:\Users\MacGuffin_\.platformio\packages\framework-arduinopico\cores\rp2040\api\deprecated -IC:\Users\MacGuffin_\.platformio\packages\framework-arduinopico\cores\rp2040\api\deprecated-avr-comp -IC:\Users\MacGuffin_\.platformio\packages\framework-arduinopico\libraries\Adafruit_TinyUSB_Arduino\src\arduino -IC:\Users\MacGuffin_\.platformio\packages\framework-arduinopico\include -IC:\Users\MacGuffin_\.platformio\packages\framework-arduinopico\variants\adafruit_feather_usb_host ".pio\libdeps\adafruit_feather_usb_host\Adafruit BusIO\Adafruit_SPIDevice.cpp"
arm-none-eabi-g++ -o ".pio\build\adafruit_feather_usb_host\libf2a\Adafruit GFX Library\Adafruit_GFX.cpp.o" -c -fno-exceptions -fno-rtti -std=gnu++17 -Os -Werror=return-type -Wno-psabi -ffunction-sections -fdata-sections -march=armv6-m -mcpu=cortex-m0plus -mthumb -iprefixC:\Users\MacGuffin_\.platformio\packages\framework-arduinopico @C:\Users\MacGuffin_\.platformio\packages\framework-arduinopico\lib\rp2040\platform_inc.txt @C:\Users\MacGuffin_\.platformio\packages\framework-arduinopico\lib\core_inc.txt -DPLATFORMIO=60118 -DARDUINO_ADAFRUIT_FEATHER_RP2040_USB_HOST -DARDUINO_ARCH_RP2040 -DUSBD_MAX_POWER_MA=250 -DUSE_TINYUSB -DUSE_TINYUSB_HOST -DSH110X_NO_SPLASH -DARDUINO=10810 -DARDUINO_ARCH_RP2040 -DF_CPU=133000000L -DBOARD_NAME=\"adafruit_feather_usb_host\" -DARM_MATH_CM0_FAMILY -DARM_MATH_CM0_PLUS -DTARGET_RP2040 -DPICO_RP2040=1 -DPICO_FLASH_SIZE_BYTES=8388608 -DFILE_COPY_CONSTRUCTOR_SELECT=FILE_COPY_CONSTRUCTOR_PUBLIC -DUSE_UTF8_LONG_NAMES=1 -DDISABLE_FS_H_WARNING=1 -DCFG_TUSB_MCU=OPT_MCU_RP2040 -DUSB_VID=0x239A -DUSB_PID=0x8129 -DUSBD_VID=0x239A -DUSBD_PID=0x8129 -DUSB_MANUFACTURER=\"Adafruit\" "-DUSB_PRODUCT=\"Feather RP2040 USB Host\"" -DPICO_CYW43_ARCH_THREADSAFE_BACKGROUND=1 -DCYW43_LWIP=1 -DCYW43_PIO_CLOCK_DIV_DYNAMIC=1 -DLWIP_IPV4=1 -DLWIP_IGMP=1 -DLWIP_CHECKSUM_CTRL_PER_NETIF=1 -DLWIP_IPV6=0 -DARDUINO_VARIANT=\"adafruit_feather_usb_host\" "-I.pio\libdeps\adafruit_feather_usb_host\Adafruit GFX Library" "-I.pio\libdeps\adafruit_feather_usb_host\Adafruit BusIO" -IC:\Users\MacGuffin_\.platformio\packages\framework-arduinopico\libraries\Wire\src "-I.pio\libdeps\adafruit_feather_usb_host\Pico PIO USB\src" "-I.pio\libdeps\adafruit_feather_usb_host\SdFat - Adafruit Fork\src" -IC:\Users\MacGuffin_\.platformio\packages\framework-arduinopico\libraries\SPI\src "-I.pio\libdeps\adafruit_feather_usb_host\Adafruit TinyUSB Library\src" -IC:\Users\MacGuffin_\.platformio\packages\framework-arduinopico\cores\rp2040 -IC:\Users\MacGuffin_\.platformio\packages\framework-arduinopico\cores\rp2040\api\deprecated -IC:\Users\MacGuffin_\.platformio\packages\framework-arduinopico\cores\rp2040\api\deprecated-avr-comp -IC:\Users\MacGuffin_\.platformio\packages\framework-arduinopico\libraries\Adafruit_TinyUSB_Arduino\src\arduino -IC:\Users\MacGuffin_\.platformio\packages\framework-arduinopico\include -IC:\Users\MacGuffin_\.platformio\packages\framework-arduinopico\variants\adafruit_feather_usb_host ".pio\libdeps\adafruit_feather_usb_host\Adafruit GFX Library\Adafruit_GFX.cpp"
arm-none-eabi-g++ -o ".pio\build\adafruit_feather_usb_host\libf2a\Adafruit GFX Library\Adafruit_GrayOLED.cpp.o" -c -fno-exceptions -fno-rtti -std=gnu++17 -Os -Werror=return-type -Wno-psabi -ffunction-sections -fdata-sections -march=armv6-m -mcpu=cortex-m0plus -mthumb -iprefixC:\Users\MacGuffin_\.platformio\packages\framework-arduinopico @C:\Users\MacGuffin_\.platformio\packages\framework-arduinopico\lib\rp2040\platform_inc.txt @C:\Users\MacGuffin_\.platformio\packages\framework-arduinopico\lib\core_inc.txt -DPLATFORMIO=60118 -DARDUINO_ADAFRUIT_FEATHER_RP2040_USB_HOST -DARDUINO_ARCH_RP2040 -DUSBD_MAX_POWER_MA=250 -DUSE_TINYUSB -DUSE_TINYUSB_HOST -DSH110X_NO_SPLASH -DARDUINO=10810 -DARDUINO_ARCH_RP2040 -DF_CPU=133000000L -DBOARD_NAME=\"adafruit_feather_usb_host\" -DARM_MATH_CM0_FAMILY -DARM_MATH_CM0_PLUS -DTARGET_RP2040 -DPICO_RP2040=1 -DPICO_FLASH_SIZE_BYTES=8388608 -DFILE_COPY_CONSTRUCTOR_SELECT=FILE_COPY_CONSTRUCTOR_PUBLIC -DUSE_UTF8_LONG_NAMES=1 -DDISABLE_FS_H_WARNING=1 -DCFG_TUSB_MCU=OPT_MCU_RP2040 -DUSB_VID=0x239A -DUSB_PID=0x8129 -DUSBD_VID=0x239A -DUSBD_PID=0x8129 -DUSB_MANUFACTURER=\"Adafruit\" "-DUSB_PRODUCT=\"Feather RP2040 USB Host\"" -DPICO_CYW43_ARCH_THREADSAFE_BACKGROUND=1 -DCYW43_LWIP=1 -DCYW43_PIO_CLOCK_DIV_DYNAMIC=1 -DLWIP_IPV4=1 -DLWIP_IGMP=1 -DLWIP_CHECKSUM_CTRL_PER_NETIF=1 -DLWIP_IPV6=0 -DARDUINO_VARIANT=\"adafruit_feather_usb_host\" "-I.pio\libdeps\adafruit_feather_usb_host\Adafruit GFX Library" "-I.pio\libdeps\adafruit_feather_usb_host\Adafruit BusIO" -IC:\Users\MacGuffin_\.platformio\packages\framework-arduinopico\libraries\Wire\src "-I.pio\libdeps\adafruit_feather_usb_host\Pico PIO USB\src" "-I.pio\libdeps\adafruit_feather_usb_host\SdFat - Adafruit Fork\src" -IC:\Users\MacGuffin_\.platformio\packages\framework-arduinopico\libraries\SPI\src "-I.pio\libdeps\adafruit_feather_usb_host\Adafruit TinyUSB Library\src" -IC:\Users\MacGuffin_\.platformio\packages\framework-arduinopico\cores\rp2040 -IC:\Users\MacGuffin_\.platformio\packages\framework-arduinopico\cores\rp2040\api\deprecated -IC:\Users\MacGuffin_\.platformio\packages\framework-arduinopico\cores\rp2040\api\deprecated-avr-comp -IC:\Users\MacGuffin_\.platformio\packages\framework-arduinopico\libraries\Adafruit_TinyUSB_Arduino\src\arduino -IC:\Users\MacGuffin_\.platformio\packages\framework-arduinopico\include -IC:\Users\MacGuffin_\.platformio\packages\framework-arduinopico\variants\adafruit_feather_usb_host ".pio\libdeps\adafruit_feather_usb_host\Adafruit GFX Library\Adafruit_GrayOLED.cpp"
arm-none-eabi-g++ -o ".pio\build\adafruit_feather_usb_host\libf2a\Adafruit GFX Library\Adafruit_SPITFT.cpp.o" -c -fno-exceptions -fno-rtti -std=gnu++17 -Os -Werror=return-type -Wno-psabi -ffunction-sections -fdata-sections -march=armv6-m -mcpu=cortex-m0plus -mthumb -iprefixC:\Users\MacGuffin_\.platformio\packages\framework-arduinopico @C:\Users\MacGuffin_\.platformio\packages\framework-arduinopico\lib\rp2040\platform_inc.txt @C:\Users\MacGuffin_\.platformio\packages\framework-arduinopico\lib\core_inc.txt -DPLATFORMIO=60118 -DARDUINO_ADAFRUIT_FEATHER_RP2040_USB_HOST -DARDUINO_ARCH_RP2040 -DUSBD_MAX_POWER_MA=250 -DUSE_TINYUSB -DUSE_TINYUSB_HOST -DSH110X_NO_SPLASH -DARDUINO=10810 -DARDUINO_ARCH_RP2040 -DF_CPU=133000000L -DBOARD_NAME=\"adafruit_feather_usb_host\" -DARM_MATH_CM0_FAMILY -DARM_MATH_CM0_PLUS -DTARGET_RP2040 -DPICO_RP2040=1 -DPICO_FLASH_SIZE_BYTES=8388608 -DFILE_COPY_CONSTRUCTOR_SELECT=FILE_COPY_CONSTRUCTOR_PUBLIC -DUSE_UTF8_LONG_NAMES=1 -DDISABLE_FS_H_WARNING=1 -DCFG_TUSB_MCU=OPT_MCU_RP2040 -DUSB_VID=0x239A -DUSB_PID=0x8129 -DUSBD_VID=0x239A -DUSBD_PID=0x8129 -DUSB_MANUFACTURER=\"Adafruit\" "-DUSB_PRODUCT=\"Feather RP2040 USB Host\"" -DPICO_CYW43_ARCH_THREADSAFE_BACKGROUND=1 -DCYW43_LWIP=1 -DCYW43_PIO_CLOCK_DIV_DYNAMIC=1 -DLWIP_IPV4=1 -DLWIP_IGMP=1 -DLWIP_CHECKSUM_CTRL_PER_NETIF=1 -DLWIP_IPV6=0 -DARDUINO_VARIANT=\"adafruit_feather_usb_host\" "-I.pio\libdeps\adafruit_feather_usb_host\Adafruit GFX Library" "-I.pio\libdeps\adafruit_feather_usb_host\Adafruit BusIO" -IC:\Users\MacGuffin_\.platformio\packages\framework-arduinopico\libraries\Wire\src "-I.pio\libdeps\adafruit_feather_usb_host\Pico PIO USB\src" "-I.pio\libdeps\adafruit_feather_usb_host\SdFat - Adafruit Fork\src" -IC:\Users\MacGuffin_\.platformio\packages\framework-arduinopico\libraries\SPI\src "-I.pio\libdeps\adafruit_feather_usb_host\Adafruit TinyUSB Library\src" -IC:\Users\MacGuffin_\.platformio\packages\framework-arduinopico\cores\rp2040 -IC:\Users\MacGuffin_\.platformio\packages\framework-arduinopico\cores\rp2040\api\deprecated -IC:\Users\MacGuffin_\.platformio\packages\framework-arduinopico\cores\rp2040\api\deprecated-avr-comp -IC:\Users\MacGuffin_\.platformio\packages\framework-arduinopico\libraries\Adafruit_TinyUSB_Arduino\src\arduino -IC:\Users\MacGuffin_\.platformio\packages\framework-arduinopico\include -IC:\Users\MacGuffin_\.platformio\packages\framework-arduinopico\variants\adafruit_feather_usb_host ".pio\libdeps\adafruit_feather_usb_host\Adafruit GFX Library\Adafruit_SPITFT.cpp"
arm-none-eabi-gcc -o ".pio\build\adafruit_feather_usb_host\libf2a\Adafruit GFX Library\glcdfont.c.o" -c -std=gnu17 -Os -Werror=return-type -Wno-psabi -ffunction-sections -fdata-sections -march=armv6-m -mcpu=cortex-m0plus -mthumb -iprefixC:\Users\MacGuffin_\.platformio\packages\framework-arduinopico @C:\Users\MacGuffin_\.platformio\packages\framework-arduinopico\lib\rp2040\platform_inc.txt @C:\Users\MacGuffin_\.platformio\packages\framework-arduinopico\lib\core_inc.txt -DPLATFORMIO=60118 -DARDUINO_ADAFRUIT_FEATHER_RP2040_USB_HOST -DARDUINO_ARCH_RP2040 -DUSBD_MAX_POWER_MA=250 -DUSE_TINYUSB -DUSE_TINYUSB_HOST -DSH110X_NO_SPLASH -DARDUINO=10810 -DARDUINO_ARCH_RP2040 -DF_CPU=133000000L -DBOARD_NAME=\"adafruit_feather_usb_host\" -DARM_MATH_CM0_FAMILY -DARM_MATH_CM0_PLUS -DTARGET_RP2040 -DPICO_RP2040=1 -DPICO_FLASH_SIZE_BYTES=8388608 -DFILE_COPY_CONSTRUCTOR_SELECT=FILE_COPY_CONSTRUCTOR_PUBLIC -DUSE_UTF8_LONG_NAMES=1 -DDISABLE_FS_H_WARNING=1 -DCFG_TUSB_MCU=OPT_MCU_RP2040 -DUSB_VID=0x239A -DUSB_PID=0x8129 -DUSBD_VID=0x239A -DUSBD_PID=0x8129 -DUSB_MANUFACTURER=\"Adafruit\" "-DUSB_PRODUCT=\"Feather RP2040 USB Host\"" -DPICO_CYW43_ARCH_THREADSAFE_BACKGROUND=1 -DCYW43_LWIP=1 -DCYW43_PIO_CLOCK_DIV_DYNAMIC=1 -DLWIP_IPV4=1 -DLWIP_IGMP=1 -DLWIP_CHECKSUM_CTRL_PER_NETIF=1 -DLWIP_IPV6=0 -DARDUINO_VARIANT=\"adafruit_feather_usb_host\" "-I.pio\libdeps\adafruit_feather_usb_host\Adafruit GFX Library" "-I.pio\libdeps\adafruit_feather_usb_host\Adafruit BusIO" -IC:\Users\MacGuffin_\.platformio\packages\framework-arduinopico\libraries\Wire\src "-I.pio\libdeps\adafruit_feather_usb_host\Pico PIO USB\src" "-I.pio\libdeps\adafruit_feather_usb_host\SdFat - Adafruit Fork\src" -IC:\Users\MacGuffin_\.platformio\packages\framework-arduinopico\libraries\SPI\src "-I.pio\libdeps\adafruit_feather_usb_host\Adafruit TinyUSB Library\src" -IC:\Users\MacGuffin_\.platformio\packages\framework-arduinopico\cores\rp2040 -IC:\Users\MacGuffin_\.platformio\packages\framework-arduinopico\cores\rp2040\api\deprecated -IC:\Users\MacGuffin_\.platformio\packages\framework-arduinopico\cores\rp2040\api\deprecated-avr-comp -IC:\Users\MacGuffin_\.platformio\packages\framework-arduinopico\libraries\Adafruit_TinyUSB_Arduino\src\arduino -IC:\Users\MacGuffin_\.platformio\packages\framework-arduinopico\include -IC:\Users\MacGuffin_\.platformio\packages\framework-arduinopico\variants\adafruit_feather_usb_host ".pio\libdeps\adafruit_feather_usb_host\Adafruit GFX Library\glcdfont.c"
arm-none-eabi-g++ -o ".pio\build\adafruit_feather_usb_host\libe58\Adafruit LED Backpack Library\Adafruit_LEDBackpack.cpp.o" -c -fno-exceptions -fno-rtti -std=gnu++17 -Os -Werror=return-type -Wno-psabi -ffunction-sections -fdata-sections -march=armv6-m -mcpu=cortex-m0plus -mthumb -iprefixC:\Users\MacGuffin_\.platformio\packages\framework-arduinopico @C:\Users\MacGuffin_\.platformio\packages\framework-arduinopico\lib\rp2040\platform_inc.txt @C:\Users\MacGuffin_\.platformio\packages\framework-arduinopico\lib\core_inc.txt -DPLATFORMIO=60118 -DARDUINO_ADAFRUIT_FEATHER_RP2040_USB_HOST -DARDUINO_ARCH_RP2040 -DUSBD_MAX_POWER_MA=250 -DUSE_TINYUSB -DUSE_TINYUSB_HOST -DSH110X_NO_SPLASH -DARDUINO=10810 -DARDUINO_ARCH_RP2040 -DF_CPU=133000000L -DBOARD_NAME=\"adafruit_feather_usb_host\" -DARM_MATH_CM0_FAMILY -DARM_MATH_CM0_PLUS -DTARGET_RP2040 -DPICO_RP2040=1 -DPICO_FLASH_SIZE_BYTES=8388608 -DFILE_COPY_CONSTRUCTOR_SELECT=FILE_COPY_CONSTRUCTOR_PUBLIC -DUSE_UTF8_LONG_NAMES=1 -DDISABLE_FS_H_WARNING=1 -DCFG_TUSB_MCU=OPT_MCU_RP2040 -DUSB_VID=0x239A -DUSB_PID=0x8129 -DUSBD_VID=0x239A -DUSBD_PID=0x8129 -DUSB_MANUFACTURER=\"Adafruit\" "-DUSB_PRODUCT=\"Feather RP2040 USB Host\"" -DPICO_CYW43_ARCH_THREADSAFE_BACKGROUND=1 -DCYW43_LWIP=1 -DCYW43_PIO_CLOCK_DIV_DYNAMIC=1 -DLWIP_IPV4=1 -DLWIP_IGMP=1 -DLWIP_CHECKSUM_CTRL_PER_NETIF=1 -DLWIP_IPV6=0 -DARDUINO_VARIANT=\"adafruit_feather_usb_host\" "-I.pio\libdeps\adafruit_feather_usb_host\Adafruit LED Backpack Library" "-I.pio\libdeps\adafruit_feather_usb_host\Adafruit GFX Library" "-I.pio\libdeps\adafruit_feather_usb_host\Adafruit BusIO" -IC:\Users\MacGuffin_\.platformio\packages\framework-arduinopico\libraries\Wire\src "-I.pio\libdeps\adafruit_feather_usb_host\Pico PIO USB\src" "-I.pio\libdeps\adafruit_feather_usb_host\SdFat - Adafruit Fork\src" -IC:\Users\MacGuffin_\.platformio\packages\framework-arduinopico\libraries\SPI\src "-I.pio\libdeps\adafruit_feather_usb_host\Adafruit TinyUSB Library\src" -IC:\Users\MacGuffin_\.platformio\packages\framework-arduinopico\cores\rp2040 -IC:\Users\MacGuffin_\.platformio\packages\framework-arduinopico\cores\rp2040\api\deprecated -IC:\Users\MacGuffin_\.platformio\packages\framework-arduinopico\cores\rp2040\api\deprecated-avr-comp -IC:\Users\MacGuffin_\.platformio\packages\framework-arduinopico\libraries\Adafruit_TinyUSB_Arduino\src\arduino -IC:\Users\MacGuffin_\.platformio\packages\framework-arduinopico\include -IC:\Users\MacGuffin_\.platformio\packages\framework-arduinopico\variants\adafruit_feather_usb_host ".pio\libdeps\adafruit_feather_usb_host\Adafruit LED Backpack Library\Adafruit_LEDBackpack.cpp"
arm-none-eabi-g++ -o ".pio\build\adafruit_feather_usb_host\lib38a\Adafruit SH110X\Adafruit_SH1106G.cpp.o" -c -fno-exceptions -fno-rtti -std=gnu++17 -Os -Werror=return-type -Wno-psabi -ffunction-sections -fdata-sections -march=armv6-m -mcpu=cortex-m0plus -mthumb -iprefixC:\Users\MacGuffin_\.platformio\packages\framework-arduinopico @C:\Users\MacGuffin_\.platformio\packages\framework-arduinopico\lib\rp2040\platform_inc.txt @C:\Users\MacGuffin_\.platformio\packages\framework-arduinopico\lib\core_inc.txt -DPLATFORMIO=60118 -DARDUINO_ADAFRUIT_FEATHER_RP2040_USB_HOST -DARDUINO_ARCH_RP2040 -DUSBD_MAX_POWER_MA=250 -DUSE_TINYUSB -DUSE_TINYUSB_HOST -DSH110X_NO_SPLASH -DARDUINO=10810 -DARDUINO_ARCH_RP2040 -DF_CPU=133000000L -DBOARD_NAME=\"adafruit_feather_usb_host\" -DARM_MATH_CM0_FAMILY -DARM_MATH_CM0_PLUS -DTARGET_RP2040 -DPICO_RP2040=1 -DPICO_FLASH_SIZE_BYTES=8388608 -DFILE_COPY_CONSTRUCTOR_SELECT=FILE_COPY_CONSTRUCTOR_PUBLIC -DUSE_UTF8_LONG_NAMES=1 -DDISABLE_FS_H_WARNING=1 -DCFG_TUSB_MCU=OPT_MCU_RP2040 -DUSB_VID=0x239A -DUSB_PID=0x8129 -DUSBD_VID=0x239A -DUSBD_PID=0x8129 -DUSB_MANUFACTURER=\"Adafruit\" "-DUSB_PRODUCT=\"Feather RP2040 USB Host\"" -DPICO_CYW43_ARCH_THREADSAFE_BACKGROUND=1 -DCYW43_LWIP=1 -DCYW43_PIO_CLOCK_DIV_DYNAMIC=1 -DLWIP_IPV4=1 -DLWIP_IGMP=1 -DLWIP_CHECKSUM_CTRL_PER_NETIF=1 -DLWIP_IPV6=0 -DARDUINO_VARIANT=\"adafruit_feather_usb_host\" "-I.pio\libdeps\adafruit_feather_usb_host\Adafruit SH110X" "-I.pio\libdeps\adafruit_feather_usb_host\Adafruit GFX Library" "-I.pio\libdeps\adafruit_feather_usb_host\Adafruit BusIO" -IC:\Users\MacGuffin_\.platformio\packages\framework-arduinopico\libraries\Wire\src "-I.pio\libdeps\adafruit_feather_usb_host\Pico PIO USB\src" "-I.pio\libdeps\adafruit_feather_usb_host\SdFat - Adafruit Fork\src" -IC:\Users\MacGuffin_\.platformio\packages\framework-arduinopico\libraries\SPI\src "-I.pio\libdeps\adafruit_feather_usb_host\Adafruit TinyUSB Library\src" -IC:\Users\MacGuffin_\.platformio\packages\framework-arduinopico\cores\rp2040 -IC:\Users\MacGuffin_\.platformio\packages\framework-arduinopico\cores\rp2040\api\deprecated -IC:\Users\MacGuffin_\.platformio\packages\framework-arduinopico\cores\rp2040\api\deprecated-avr-comp -IC:\Users\MacGuffin_\.platformio\packages\framework-arduinopico\libraries\Adafruit_TinyUSB_Arduino\src\arduino -IC:\Users\MacGuffin_\.platformio\packages\framework-arduinopico\include -IC:\Users\MacGuffin_\.platformio\packages\framework-arduinopico\variants\adafruit_feather_usb_host ".pio\libdeps\adafruit_feather_usb_host\Adafruit SH110X\Adafruit_SH1106G.cpp"
arm-none-eabi-g++ -o ".pio\build\adafruit_feather_usb_host\lib38a\Adafruit SH110X\Adafruit_SH1107.cpp.o" -c -fno-exceptions -fno-rtti -std=gnu++17 -Os -Werror=return-type -Wno-psabi -ffunction-sections -fdata-sections -march=armv6-m -mcpu=cortex-m0plus -mthumb -iprefixC:\Users\MacGuffin_\.platformio\packages\framework-arduinopico @C:\Users\MacGuffin_\.platformio\packages\framework-arduinopico\lib\rp2040\platform_inc.txt @C:\Users\MacGuffin_\.platformio\packages\framework-arduinopico\lib\core_inc.txt -DPLATFORMIO=60118 -DARDUINO_ADAFRUIT_FEATHER_RP2040_USB_HOST -DARDUINO_ARCH_RP2040 -DUSBD_MAX_POWER_MA=250 -DUSE_TINYUSB -DUSE_TINYUSB_HOST -DSH110X_NO_SPLASH -DARDUINO=10810 -DARDUINO_ARCH_RP2040 -DF_CPU=133000000L -DBOARD_NAME=\"adafruit_feather_usb_host\" -DARM_MATH_CM0_FAMILY -DARM_MATH_CM0_PLUS -DTARGET_RP2040 -DPICO_RP2040=1 -DPICO_FLASH_SIZE_BYTES=8388608 -DFILE_COPY_CONSTRUCTOR_SELECT=FILE_COPY_CONSTRUCTOR_PUBLIC -DUSE_UTF8_LONG_NAMES=1 -DDISABLE_FS_H_WARNING=1 -DCFG_TUSB_MCU=OPT_MCU_RP2040 -DUSB_VID=0x239A -DUSB_PID=0x8129 -DUSBD_VID=0x239A -DUSBD_PID=0x8129 -DUSB_MANUFACTURER=\"Adafruit\" "-DUSB_PRODUCT=\"Feather RP2040 USB Host\"" -DPICO_CYW43_ARCH_THREADSAFE_BACKGROUND=1 -DCYW43_LWIP=1 -DCYW43_PIO_CLOCK_DIV_DYNAMIC=1 -DLWIP_IPV4=1 -DLWIP_IGMP=1 -DLWIP_CHECKSUM_CTRL_PER_NETIF=1 -DLWIP_IPV6=0 -DARDUINO_VARIANT=\"adafruit_feather_usb_host\" "-I.pio\libdeps\adafruit_feather_usb_host\Adafruit SH110X" "-I.pio\libdeps\adafruit_feather_usb_host\Adafruit GFX Library" "-I.pio\libdeps\adafruit_feather_usb_host\Adafruit BusIO" -IC:\Users\MacGuffin_\.platformio\packages\framework-arduinopico\libraries\Wire\src "-I.pio\libdeps\adafruit_feather_usb_host\Pico PIO USB\src" "-I.pio\libdeps\adafruit_feather_usb_host\SdFat - Adafruit Fork\src" -IC:\Users\MacGuffin_\.platformio\packages\framework-arduinopico\libraries\SPI\src "-I.pio\libdeps\adafruit_feather_usb_host\Adafruit TinyUSB Library\src" -IC:\Users\MacGuffin_\.platformio\packages\framework-arduinopico\cores\rp2040 -IC:\Users\MacGuffin_\.platformio\packages\framework-arduinopico\cores\rp2040\api\deprecated -IC:\Users\MacGuffin_\.platformio\packages\framework-arduinopico\cores\rp2040\api\deprecated-avr-comp -IC:\Users\MacGuffin_\.platformio\packages\framework-arduinopico\libraries\Adafruit_TinyUSB_Arduino\src\arduino -IC:\Users\MacGuffin_\.platformio\packages\framework-arduinopico\include -IC:\Users\MacGuffin_\.platformio\packages\framework-arduinopico\variants\adafruit_feather_usb_host ".pio\libdeps\adafruit_feather_usb_host\Adafruit SH110X\Adafruit_SH1107.cpp"
arm-none-eabi-g++ -o ".pio\build\adafruit_feather_usb_host\lib38a\Adafruit SH110X\Adafruit_SH110X.cpp.o" -c -fno-exceptions -fno-rtti -std=gnu++17 -Os -Werror=return-type -Wno-psabi -ffunction-sections -fdata-sections -march=armv6-m -mcpu=cortex-m0plus -mthumb -iprefixC:\Users\MacGuffin_\.platformio\packages\framework-arduinopico @C:\Users\MacGuffin_\.platformio\packages\framework-arduinopico\lib\rp2040\platform_inc.txt @C:\Users\MacGuffin_\.platformio\packages\framework-arduinopico\lib\core_inc.txt -DPLATFORMIO=60118 -DARDUINO_ADAFRUIT_FEATHER_RP2040_USB_HOST -DARDUINO_ARCH_RP2040 -DUSBD_MAX_POWER_MA=250 -DUSE_TINYUSB -DUSE_TINYUSB_HOST -DSH110X_NO_SPLASH -DARDUINO=10810 -DARDUINO_ARCH_RP2040 -DF_CPU=133000000L -DBOARD_NAME=\"adafruit_feather_usb_host\" -DARM_MATH_CM0_FAMILY -DARM_MATH_CM0_PLUS -DTARGET_RP2040 -DPICO_RP2040=1 -DPICO_FLASH_SIZE_BYTES=8388608 -DFILE_COPY_CONSTRUCTOR_SELECT=FILE_COPY_CONSTRUCTOR_PUBLIC -DUSE_UTF8_LONG_NAMES=1 -DDISABLE_FS_H_WARNING=1 -DCFG_TUSB_MCU=OPT_MCU_RP2040 -DUSB_VID=0x239A -DUSB_PID=0x8129 -DUSBD_VID=0x239A -DUSBD_PID=0x8129 -DUSB_MANUFACTURER=\"Adafruit\" "-DUSB_PRODUCT=\"Feather RP2040 USB Host\"" -DPICO_CYW43_ARCH_THREADSAFE_BACKGROUND=1 -DCYW43_LWIP=1 -DCYW43_PIO_CLOCK_DIV_DYNAMIC=1 -DLWIP_IPV4=1 -DLWIP_IGMP=1 -DLWIP_CHECKSUM_CTRL_PER_NETIF=1 -DLWIP_IPV6=0 -DARDUINO_VARIANT=\"adafruit_feather_usb_host\" "-I.pio\libdeps\adafruit_feather_usb_host\Adafruit SH110X" "-I.pio\libdeps\adafruit_feather_usb_host\Adafruit GFX Library" "-I.pio\libdeps\adafruit_feather_usb_host\Adafruit BusIO" -IC:\Users\MacGuffin_\.platformio\packages\framework-arduinopico\libraries\Wire\src "-I.pio\libdeps\adafruit_feather_usb_host\Pico PIO USB\src" "-I.pio\libdeps\adafruit_feather_usb_host\SdFat - Adafruit Fork\src" -IC:\Users\MacGuffin_\.platformio\packages\framework-arduinopico\libraries\SPI\src "-I.pio\libdeps\adafruit_feather_usb_host\Adafruit TinyUSB Library\src" -IC:\Users\MacGuffin_\.platformio\packages\framework-arduinopico\cores\rp2040 -IC:\Users\MacGuffin_\.platformio\packages\framework-arduinopico\cores\rp2040\api\deprecated -IC:\Users\MacGuffin_\.platformio\packages\framework-arduinopico\cores\rp2040\api\deprecated-avr-comp -IC:\Users\MacGuffin_\.platformio\packages\framework-arduinopico\libraries\Adafruit_TinyUSB_Arduino\src\arduino -IC:\Users\MacGuffin_\.platformio\packages\framework-arduinopico\include -IC:\Users\MacGuffin_\.platformio\packages\framework-arduinopico\variants\adafruit_feather_usb_host ".pio\libdeps\adafruit_feather_usb_host\Adafruit SH110X\Adafruit_SH110X.cpp"
arm-none-eabi-g++ -o .pio\build\adafruit_feather_usb_host\lib841\Bounce2\Bounce2.cpp.o -c -fno-exceptions -fno-rtti -std=gnu++17 -Os -Werror=return-type -Wno-psabi -ffunction-sections -fdata-sections -march=armv6-m -mcpu=cortex-m0plus -mthumb -iprefixC:\Users\MacGuffin_\.platformio\packages\framework-arduinopico @C:\Users\MacGuffin_\.platformio\packages\framework-arduinopico\lib\rp2040\platform_inc.txt @C:\Users\MacGuffin_\.platformio\packages\framework-arduinopico\lib\core_inc.txt -DPLATFORMIO=60118 -DARDUINO_ADAFRUIT_FEATHER_RP2040_USB_HOST -DARDUINO_ARCH_RP2040 -DUSBD_MAX_POWER_MA=250 -DUSE_TINYUSB -DUSE_TINYUSB_HOST -DSH110X_NO_SPLASH -DARDUINO=10810 -DARDUINO_ARCH_RP2040 -DF_CPU=133000000L -DBOARD_NAME=\"adafruit_feather_usb_host\" -DARM_MATH_CM0_FAMILY -DARM_MATH_CM0_PLUS -DTARGET_RP2040 -DPICO_RP2040=1 -DPICO_FLASH_SIZE_BYTES=8388608 -DFILE_COPY_CONSTRUCTOR_SELECT=FILE_COPY_CONSTRUCTOR_PUBLIC -DUSE_UTF8_LONG_NAMES=1 -DDISABLE_FS_H_WARNING=1 -DCFG_TUSB_MCU=OPT_MCU_RP2040 -DUSB_VID=0x239A -DUSB_PID=0x8129 -DUSBD_VID=0x239A -DUSBD_PID=0x8129 -DUSB_MANUFACTURER=\"Adafruit\" "-DUSB_PRODUCT=\"Feather RP2040 USB Host\"" -DPICO_CYW43_ARCH_THREADSAFE_BACKGROUND=1 -DCYW43_LWIP=1 -DCYW43_PIO_CLOCK_DIV_DYNAMIC=1 -DLWIP_IPV4=1 -DLWIP_IGMP=1 -DLWIP_CHECKSUM_CTRL_PER_NETIF=1 -DLWIP_IPV6=0 -DARDUINO_VARIANT=\"adafruit_feather_usb_host\" -I.pio\libdeps\adafruit_feather_usb_host\Bounce2\src -IC:\Users\MacGuffin_\.platformio\packages\framework-arduinopico\cores\rp2040 -IC:\Users\MacGuffin_\.platformio\packages\framework-arduinopico\cores\rp2040\api\deprecated -IC:\Users\MacGuffin_\.platformio\packages\framework-arduinopico\cores\rp2040\api\deprecated-avr-comp -IC:\Users\MacGuffin_\.platformio\packages\framework-arduinopico\libraries\Adafruit_TinyUSB_Arduino\src\arduino -IC:\Users\MacGuffin_\.platformio\packages\framework-arduinopico\include -IC:\Users\MacGuffin_\.platformio\packages\framework-arduinopico\variants\adafruit_feather_usb_host .pio\libdeps\adafruit_feather_usb_host\Bounce2\src\Bounce2.cpp
arm-none-eabi-g++ -o ".pio\build\adafruit_feather_usb_host\lib3be\MIDI Library\MIDI.cpp.o" -c -fno-exceptions -fno-rtti -std=gnu++17 -Os -Werror=return-type -Wno-psabi -ffunction-sections -fdata-sections -march=armv6-m -mcpu=cortex-m0plus -mthumb -iprefixC:\Users\MacGuffin_\.platformio\packages\framework-arduinopico @C:\Users\MacGuffin_\.platformio\packages\framework-arduinopico\lib\rp2040\platform_inc.txt @C:\Users\MacGuffin_\.platformio\packages\framework-arduinopico\lib\core_inc.txt -DPLATFORMIO=60118 -DARDUINO_ADAFRUIT_FEATHER_RP2040_USB_HOST -DARDUINO_ARCH_RP2040 -DUSBD_MAX_POWER_MA=250 -DUSE_TINYUSB -DUSE_TINYUSB_HOST -DSH110X_NO_SPLASH -DARDUINO=10810 -DARDUINO_ARCH_RP2040 -DF_CPU=133000000L -DBOARD_NAME=\"adafruit_feather_usb_host\" -DARM_MATH_CM0_FAMILY -DARM_MATH_CM0_PLUS -DTARGET_RP2040 -DPICO_RP2040=1 -DPICO_FLASH_SIZE_BYTES=8388608 -DFILE_COPY_CONSTRUCTOR_SELECT=FILE_COPY_CONSTRUCTOR_PUBLIC -DUSE_UTF8_LONG_NAMES=1 -DDISABLE_FS_H_WARNING=1 -DCFG_TUSB_MCU=OPT_MCU_RP2040 -DUSB_VID=0x239A -DUSB_PID=0x8129 -DUSBD_VID=0x239A -DUSBD_PID=0x8129 -DUSB_MANUFACTURER=\"Adafruit\" "-DUSB_PRODUCT=\"Feather RP2040 USB Host\"" -DPICO_CYW43_ARCH_THREADSAFE_BACKGROUND=1 -DCYW43_LWIP=1 -DCYW43_PIO_CLOCK_DIV_DYNAMIC=1 -DLWIP_IPV4=1 -DLWIP_IGMP=1 -DLWIP_CHECKSUM_CTRL_PER_NETIF=1 -DLWIP_IPV6=0 -DARDUINO_VARIANT=\"adafruit_feather_usb_host\" "-I.pio\libdeps\adafruit_feather_usb_host\MIDI Library\src" -IC:\Users\MacGuffin_\.platformio\packages\framework-arduinopico\cores\rp2040 -IC:\Users\MacGuffin_\.platformio\packages\framework-arduinopico\cores\rp2040\api\deprecated -IC:\Users\MacGuffin_\.platformio\packages\framework-arduinopico\cores\rp2040\api\deprecated-avr-comp -IC:\Users\MacGuffin_\.platformio\packages\framework-arduinopico\libraries\Adafruit_TinyUSB_Arduino\src\arduino -IC:\Users\MacGuffin_\.platformio\packages\framework-arduinopico\include -IC:\Users\MacGuffin_\.platformio\packages\framework-arduinopico\variants\adafruit_feather_usb_host ".pio\libdeps\adafruit_feather_usb_host\MIDI Library\src\MIDI.cpp"
arm-none-eabi-gcc -o .pio\build\adafruit_feather_usb_host\lib4d4\usb_midi_host\usb_midi_host.c.o -c -std=gnu17 -Os -Werror=return-type -Wno-psabi -ffunction-sections -fdata-sections -march=armv6-m -mcpu=cortex-m0plus -mthumb -iprefixC:\Users\MacGuffin_\.platformio\packages\framework-arduinopico @C:\Users\MacGuffin_\.platformio\packages\framework-arduinopico\lib\rp2040\platform_inc.txt @C:\Users\MacGuffin_\.platformio\packages\framework-arduinopico\lib\core_inc.txt -DPLATFORMIO=60118 -DARDUINO_ADAFRUIT_FEATHER_RP2040_USB_HOST -DARDUINO_ARCH_RP2040 -DUSBD_MAX_POWER_MA=250 -DUSE_TINYUSB -DUSE_TINYUSB_HOST -DSH110X_NO_SPLASH -DARDUINO=10810 -DARDUINO_ARCH_RP2040 -DF_CPU=133000000L -DBOARD_NAME=\"adafruit_feather_usb_host\" -DARM_MATH_CM0_FAMILY -DARM_MATH_CM0_PLUS -DTARGET_RP2040 -DPICO_RP2040=1 -DPICO_FLASH_SIZE_BYTES=8388608 -DFILE_COPY_CONSTRUCTOR_SELECT=FILE_COPY_CONSTRUCTOR_PUBLIC -DUSE_UTF8_LONG_NAMES=1 -DDISABLE_FS_H_WARNING=1 -DCFG_TUSB_MCU=OPT_MCU_RP2040 -DUSB_VID=0x239A -DUSB_PID=0x8129 -DUSBD_VID=0x239A -DUSBD_PID=0x8129 -DUSB_MANUFACTURER=\"Adafruit\" "-DUSB_PRODUCT=\"Feather RP2040 USB Host\"" -DPICO_CYW43_ARCH_THREADSAFE_BACKGROUND=1 -DCYW43_LWIP=1 -DCYW43_PIO_CLOCK_DIV_DYNAMIC=1 -DLWIP_IPV4=1 -DLWIP_IGMP=1 -DLWIP_CHECKSUM_CTRL_PER_NETIF=1 -DLWIP_IPV6=0 -DARDUINO_VARIANT=\"adafruit_feather_usb_host\" -I.pio\libdeps\adafruit_feather_usb_host\usb_midi_host "-I.pio\libdeps\adafruit_feather_usb_host\Pico PIO USB\src" "-I.pio\libdeps\adafruit_feather_usb_host\SdFat - Adafruit Fork\src" -IC:\Users\MacGuffin_\.platformio\packages\framework-arduinopico\libraries\SPI\src "-I.pio\libdeps\adafruit_feather_usb_host\Adafruit TinyUSB Library\src" -IC:\Users\MacGuffin_\.platformio\packages\framework-arduinopico\cores\rp2040 -IC:\Users\MacGuffin_\.platformio\packages\framework-arduinopico\cores\rp2040\api\deprecated -IC:\Users\MacGuffin_\.platformio\packages\framework-arduinopico\cores\rp2040\api\deprecated-avr-comp -IC:\Users\MacGuffin_\.platformio\packages\framework-arduinopico\libraries\Adafruit_TinyUSB_Arduino\src\arduino -IC:\Users\MacGuffin_\.platformio\packages\framework-arduinopico\include -IC:\Users\MacGuffin_\.platformio\packages\framework-arduinopico\variants\adafruit_feather_usb_host .pio\libdeps\adafruit_feather_usb_host\usb_midi_host\usb_midi_host.c
arm-none-eabi-gcc -o .pio\build\adafruit_feather_usb_host\lib4d4\usb_midi_host\usb_midi_host_app_driver.c.o -c -std=gnu17 -Os -Werror=return-type -Wno-psabi -ffunction-sections -fdata-sections -march=armv6-m -mcpu=cortex-m0plus -mthumb -iprefixC:\Users\MacGuffin_\.platformio\packages\framework-arduinopico @C:\Users\MacGuffin_\.platformio\packages\framework-arduinopico\lib\rp2040\platform_inc.txt @C:\Users\MacGuffin_\.platformio\packages\framework-arduinopico\lib\core_inc.txt -DPLATFORMIO=60118 -DARDUINO_ADAFRUIT_FEATHER_RP2040_USB_HOST -DARDUINO_ARCH_RP2040 -DUSBD_MAX_POWER_MA=250 -DUSE_TINYUSB -DUSE_TINYUSB_HOST -DSH110X_NO_SPLASH -DARDUINO=10810 -DARDUINO_ARCH_RP2040 -DF_CPU=133000000L -DBOARD_NAME=\"adafruit_feather_usb_host\" -DARM_MATH_CM0_FAMILY -DARM_MATH_CM0_PLUS -DTARGET_RP2040 -DPICO_RP2040=1 -DPICO_FLASH_SIZE_BYTES=8388608 -DFILE_COPY_CONSTRUCTOR_SELECT=FILE_COPY_CONSTRUCTOR_PUBLIC -DUSE_UTF8_LONG_NAMES=1 -DDISABLE_FS_H_WARNING=1 -DCFG_TUSB_MCU=OPT_MCU_RP2040 -DUSB_VID=0x239A -DUSB_PID=0x8129 -DUSBD_VID=0x239A -DUSBD_PID=0x8129 -DUSB_MANUFACTURER=\"Adafruit\" "-DUSB_PRODUCT=\"Feather RP2040 USB Host\"" -DPICO_CYW43_ARCH_THREADSAFE_BACKGROUND=1 -DCYW43_LWIP=1 -DCYW43_PIO_CLOCK_DIV_DYNAMIC=1 -DLWIP_IPV4=1 -DLWIP_IGMP=1 -DLWIP_CHECKSUM_CTRL_PER_NETIF=1 -DLWIP_IPV6=0 -DARDUINO_VARIANT=\"adafruit_feather_usb_host\" -I.pio\libdeps\adafruit_feather_usb_host\usb_midi_host "-I.pio\libdeps\adafruit_feather_usb_host\Pico PIO USB\src" "-I.pio\libdeps\adafruit_feather_usb_host\SdFat - Adafruit Fork\src" -IC:\Users\MacGuffin_\.platformio\packages\framework-arduinopico\libraries\SPI\src "-I.pio\libdeps\adafruit_feather_usb_host\Adafruit TinyUSB Library\src" -IC:\Users\MacGuffin_\.platformio\packages\framework-arduinopico\cores\rp2040 -IC:\Users\MacGuffin_\.platformio\packages\framework-arduinopico\cores\rp2040\api\deprecated -IC:\Users\MacGuffin_\.platformio\packages\framework-arduinopico\cores\rp2040\api\deprecated-avr-comp -IC:\Users\MacGuffin_\.platformio\packages\framework-arduinopico\libraries\Adafruit_TinyUSB_Arduino\src\arduino -IC:\Users\MacGuffin_\.platformio\packages\framework-arduinopico\include -IC:\Users\MacGuffin_\.platformio\packages\framework-arduinopico\variants\adafruit_feather_usb_host .pio\libdeps\adafruit_feather_usb_host\usb_midi_host\usb_midi_host_app_driver.c
arm-none-eabi-g++ -o .pio\build\adafruit_feather_usb_host\liba13\EZ_USB_MIDI_HOST\EZ_USB_MIDI_HOST.cpp.o -c -fno-exceptions -fno-rtti -std=gnu++17 -Os -Werror=return-type -Wno-psabi -ffunction-sections -fdata-sections -march=armv6-m -mcpu=cortex-m0plus -mthumb -iprefixC:\Users\MacGuffin_\.platformio\packages\framework-arduinopico @C:\Users\MacGuffin_\.platformio\packages\framework-arduinopico\lib\rp2040\platform_inc.txt @C:\Users\MacGuffin_\.platformio\packages\framework-arduinopico\lib\core_inc.txt -DPLATFORMIO=60118 -DARDUINO_ADAFRUIT_FEATHER_RP2040_USB_HOST -DARDUINO_ARCH_RP2040 -DUSBD_MAX_POWER_MA=250 -DUSE_TINYUSB -DUSE_TINYUSB_HOST -DSH110X_NO_SPLASH -DARDUINO=10810 -DARDUINO_ARCH_RP2040 -DF_CPU=133000000L -DBOARD_NAME=\"adafruit_feather_usb_host\" -DARM_MATH_CM0_FAMILY -DARM_MATH_CM0_PLUS -DTARGET_RP2040 -DPICO_RP2040=1 -DPICO_FLASH_SIZE_BYTES=8388608 -DFILE_COPY_CONSTRUCTOR_SELECT=FILE_COPY_CONSTRUCTOR_PUBLIC -DUSE_UTF8_LONG_NAMES=1 -DDISABLE_FS_H_WARNING=1 -DCFG_TUSB_MCU=OPT_MCU_RP2040 -DUSB_VID=0x239A -DUSB_PID=0x8129 -DUSBD_VID=0x239A -DUSBD_PID=0x8129 -DUSB_MANUFACTURER=\"Adafruit\" "-DUSB_PRODUCT=\"Feather RP2040 USB Host\"" -DPICO_CYW43_ARCH_THREADSAFE_BACKGROUND=1 -DCYW43_LWIP=1 -DCYW43_PIO_CLOCK_DIV_DYNAMIC=1 -DLWIP_IPV4=1 -DLWIP_IGMP=1 -DLWIP_CHECKSUM_CTRL_PER_NETIF=1 -DLWIP_IPV6=0 -DARDUINO_VARIANT=\"adafruit_feather_usb_host\" -I.pio\libdeps\adafruit_feather_usb_host\EZ_USB_MIDI_HOST -I.pio\libdeps\adafruit_feather_usb_host\usb_midi_host "-I.pio\libdeps\adafruit_feather_usb_host\Pico PIO USB\src" "-I.pio\libdeps\adafruit_feather_usb_host\SdFat - Adafruit Fork\src" -IC:\Users\MacGuffin_\.platformio\packages\framework-arduinopico\libraries\SPI\src "-I.pio\libdeps\adafruit_feather_usb_host\Adafruit TinyUSB Library\src" "-I.pio\libdeps\adafruit_feather_usb_host\MIDI Library\src" -IC:\Users\MacGuffin_\.platformio\packages\framework-arduinopico\cores\rp2040 -IC:\Users\MacGuffin_\.platformio\packages\framework-arduinopico\cores\rp2040\api\deprecated -IC:\Users\MacGuffin_\.platformio\packages\framework-arduinopico\cores\rp2040\api\deprecated-avr-comp -IC:\Users\MacGuffin_\.platformio\packages\framework-arduinopico\libraries\Adafruit_TinyUSB_Arduino\src\arduino -IC:\Users\MacGuffin_\.platformio\packages\framework-arduinopico\include -IC:\Users\MacGuffin_\.platformio\packages\framework-arduinopico\variants\adafruit_feather_usb_host .pio\libdeps\adafruit_feather_usb_host\EZ_USB_MIDI_HOST\EZ_USB_MIDI_HOST.cpp
arm-none-eabi-g++ -o .pio\build\adafruit_feather_usb_host\src\display.cpp.o -c -fno-exceptions -fno-rtti -std=gnu++17 -Os -Werror=return-type -Wno-psabi -ffunction-sections -fdata-sections -march=armv6-m -mcpu=cortex-m0plus -mthumb -iprefixC:\Users\MacGuffin_\.platformio\packages\framework-arduinopico @C:\Users\MacGuffin_\.platformio\packages\framework-arduinopico\lib\rp2040\platform_inc.txt @C:\Users\MacGuffin_\.platformio\packages\framework-arduinopico\lib\core_inc.txt -DPLATFORMIO=60118 -DARDUINO_ADAFRUIT_FEATHER_RP2040_USB_HOST -DARDUINO_ARCH_RP2040 -DUSBD_MAX_POWER_MA=250 -DUSE_TINYUSB -DUSE_TINYUSB_HOST -DSH110X_NO_SPLASH -DARDUINO=10810 -DARDUINO_ARCH_RP2040 -DF_CPU=133000000L -DBOARD_NAME=\"adafruit_feather_usb_host\" -DARM_MATH_CM0_FAMILY -DARM_MATH_CM0_PLUS -DTARGET_RP2040 -DPICO_RP2040=1 -DPICO_FLASH_SIZE_BYTES=8388608 -DFILE_COPY_CONSTRUCTOR_SELECT=FILE_COPY_CONSTRUCTOR_PUBLIC -DUSE_UTF8_LONG_NAMES=1 -DDISABLE_FS_H_WARNING=1 -DCFG_TUSB_MCU=OPT_MCU_RP2040 -DUSB_VID=0x239A -DUSB_PID=0x8129 -DUSBD_VID=0x239A -DUSBD_PID=0x8129 -DUSB_MANUFACTURER=\"Adafruit\" "-DUSB_PRODUCT=\"Feather RP2040 USB Host\"" -DPICO_CYW43_ARCH_THREADSAFE_BACKGROUND=1 -DCYW43_LWIP=1 -DCYW43_PIO_CLOCK_DIV_DYNAMIC=1 -DLWIP_IPV4=1 -DLWIP_IGMP=1 -DLWIP_CHECKSUM_CTRL_PER_NETIF=1 -DLWIP_IPV6=0 -DARDUINO_VARIANT=\"adafruit_feather_usb_host\" -Iinclude -Isrc -I.pio\libdeps\adafruit_feather_usb_host\EZ_USB_MIDI_HOST -I.pio\libdeps\adafruit_feather_usb_host\usb_midi_host "-I.pio\libdeps\adafruit_feather_usb_host\MIDI Library\src" -I.pio\libdeps\adafruit_feather_usb_host\Bounce2\src "-I.pio\libdeps\adafruit_feather_usb_host\Adafruit SH110X" "-I.pio\libdeps\adafruit_feather_usb_host\Adafruit LED Backpack Library" "-I.pio\libdeps\adafruit_feather_usb_host\Adafruit GFX Library" "-I.pio\libdeps\adafruit_feather_usb_host\Adafruit BusIO" -IC:\Users\MacGuffin_\.platformio\packages\framework-arduinopico\libraries\Wire\src "-I.pio\libdeps\adafruit_feather_usb_host\Pico PIO USB\src" "-I.pio\libdeps\adafruit_feather_usb_host\SdFat - Adafruit Fork\src" -IC:\Users\MacGuffin_\.platformio\packages\framework-arduinopico\libraries\SPI\src "-I.pio\libdeps\adafruit_feather_usb_host\Adafruit TinyUSB Library\src" -IC:\Users\MacGuffin_\.platformio\packages\framework-arduinopico\cores\rp2040 -IC:\Users\MacGuffin_\.platformio\packages\framework-arduinopico\cores\rp2040\api\deprecated -IC:\Users\MacGuffin_\.platformio\packages\framework-arduinopico\cores\rp2040\api\deprecated-avr-comp -IC:\Users\MacGuffin_\.platformio\packages\framework-arduinopico\libraries\Adafruit_TinyUSB_Arduino\src\arduino -IC:\Users\MacGuffin_\.platformio\packages\framework-arduinopico\include -IC:\Users\MacGuffin_\.platformio\packages\framework-arduinopico\variants\adafruit_feather_usb_host src\display.cpp
arm-none-eabi-g++ -o .pio\build\adafruit_feather_usb_host\src\main.cpp.o -c -fno-exceptions -fno-rtti -std=gnu++17 -Os -Werror=return-type -Wno-psabi -ffunction-sections -fdata-sections -march=armv6-m -mcpu=cortex-m0plus -mthumb -iprefixC:\Users\MacGuffin_\.platformio\packages\framework-arduinopico @C:\Users\MacGuffin_\.platformio\packages\framework-arduinopico\lib\rp2040\platform_inc.txt @C:\Users\MacGuffin_\.platformio\packages\framework-arduinopico\lib\core_inc.txt -DPLATFORMIO=60118 -DARDUINO_ADAFRUIT_FEATHER_RP2040_USB_HOST -DARDUINO_ARCH_RP2040 -DUSBD_MAX_POWER_MA=250 -DUSE_TINYUSB -DUSE_TINYUSB_HOST -DSH110X_NO_SPLASH -DARDUINO=10810 -DARDUINO_ARCH_RP2040 -DF_CPU=133000000L -DBOARD_NAME=\"adafruit_feather_usb_host\" -DARM_MATH_CM0_FAMILY -DARM_MATH_CM0_PLUS -DTARGET_RP2040 -DPICO_RP2040=1 -DPICO_FLASH_SIZE_BYTES=8388608 -DFILE_COPY_CONSTRUCTOR_SELECT=FILE_COPY_CONSTRUCTOR_PUBLIC -DUSE_UTF8_LONG_NAMES=1 -DDISABLE_FS_H_WARNING=1 -DCFG_TUSB_MCU=OPT_MCU_RP2040 -DUSB_VID=0x239A -DUSB_PID=0x8129 -DUSBD_VID=0x239A -DUSBD_PID=0x8129 -DUSB_MANUFACTURER=\"Adafruit\" "-DUSB_PRODUCT=\"Feather RP2040 USB Host\"" -DPICO_CYW43_ARCH_THREADSAFE_BACKGROUND=1 -DCYW43_LWIP=1 -DCYW43_PIO_CLOCK_DIV_DYNAMIC=1 -DLWIP_IPV4=1 -DLWIP_IGMP=1 -DLWIP_CHECKSUM_CTRL_PER_NETIF=1 -DLWIP_IPV6=0 -DARDUINO_VARIANT=\"adafruit_feather_usb_host\" -Iinclude -Isrc -I.pio\libdeps\adafruit_feather_usb_host\EZ_USB_MIDI_HOST -I.pio\libdeps\adafruit_feather_usb_host\usb_midi_host "-I.pio\libdeps\adafruit_feather_usb_host\MIDI Library\src" -I.pio\libdeps\adafruit_feather_usb_host\Bounce2\src "-I.pio\libdeps\adafruit_feather_usb_host\Adafruit SH110X" "-I.pio\libdeps\adafruit_feather_usb_host\Adafruit LED Backpack Library" "-I.pio\libdeps\adafruit_feather_usb_host\Adafruit GFX Library" "-I.pio\libdeps\adafruit_feather_usb_host\Adafruit BusIO" -IC:\Users\MacGuffin_\.platformio\packages\framework-arduinopico\libraries\Wire\src "-I.pio\libdeps\adafruit_feather_usb_host\Pico PIO USB\src" "-I.pio\libdeps\adafruit_feather_usb_host\SdFat - Adafruit Fork\src" -IC:\Users\MacGuffin_\.platformio\packages\framework-arduinopico\libraries\SPI\src "-I.pio\libdeps\adafruit_feather_usb_host\Adafruit TinyUSB Library\src" -IC:\Users\MacGuffin_\.platformio\packages\framework-arduinopico\cores\rp2040 -IC:\Users\MacGuffin_\.platformio\packages\framework-arduinopico\cores\rp2040\api\deprecated -IC:\Users\MacGuffin_\.platformio\packages\framework-arduinopico\cores\rp2040\api\deprecated-avr-comp -IC:\Users\MacGuffin_\.platformio\packages\framework-arduinopico\libraries\Adafruit_TinyUSB_Arduino\src\arduino -IC:\Users\MacGuffin_\.platformio\packages\framework-arduinopico\include -IC:\Users\MacGuffin_\.platformio\packages\framework-arduinopico\variants\adafruit_feather_usb_host src\main.cpp
arm-none-eabi-g++ -o .pio\build\adafruit_feather_usb_host\src\rle.cpp.o -c -fno-exceptions -fno-rtti -std=gnu++17 -Os -Werror=return-type -Wno-psabi -ffunction-sections -fdata-sections -march=armv6-m -mcpu=cortex-m0plus -mthumb -iprefixC:\Users\MacGuffin_\.platformio\packages\framework-arduinopico @C:\Users\MacGuffin_\.platformio\packages\framework-arduinopico\lib\rp2040\platform_inc.txt @C:\Users\MacGuffin_\.platformio\packages\framework-arduinopico\lib\core_inc.txt -DPLATFORMIO=60118 -DARDUINO_ADAFRUIT_FEATHER_RP2040_USB_HOST -DARDUINO_ARCH_RP2040 -DUSBD_MAX_POWER_MA=250 -DUSE_TINYUSB -DUSE_TINYUSB_HOST -DSH110X_NO_SPLASH -DARDUINO=10810 -DARDUINO_ARCH_RP2040 -DF_CPU=133000000L -DBOARD_NAME=\"adafruit_feather_usb_host\" -DARM_MATH_CM0_FAMILY -DARM_MATH_CM0_PLUS -DTARGET_RP2040 -DPICO_RP2040=1 -DPICO_FLASH_SIZE_BYTES=8388608 -DFILE_COPY_CONSTRUCTOR_SELECT=FILE_COPY_CONSTRUCTOR_PUBLIC -DUSE_UTF8_LONG_NAMES=1 -DDISABLE_FS_H_WARNING=1 -DCFG_TUSB_MCU=OPT_MCU_RP2040 -DUSB_VID=0x239A -DUSB_PID=0x8129 -DUSBD_VID=0x239A -DUSBD_PID=0x8129 -DUSB_MANUFACTURER=\"Adafruit\" "-DUSB_PRODUCT=\"Feather RP2040 USB Host\"" -DPICO_CYW43_ARCH_THREADSAFE_BACKGROUND=1 -DCYW43_LWIP=1 -DCYW43_PIO_CLOCK_DIV_DYNAMIC=1 -DLWIP_IPV4=1 -DLWIP_IGMP=1 -DLWIP_CHECKSUM_CTRL_PER_NETIF=1 -DLWIP_IPV6=0 -DARDUINO_VARIANT=\"adafruit_feather_usb_host\" -Iinclude -Isrc -I.pio\libdeps\adafruit_feather_usb_host\EZ_USB_MIDI_HOST -I.pio\libdeps\adafruit_feather_usb_host\usb_midi_host "-I.pio\libdeps\adafruit_feather_usb_host\MIDI Library\src" -I.pio\libdeps\adafruit_feather_usb_host\Bounce2\src "-I.pio\libdeps\adafruit_feather_usb_host\Adafruit SH110X" "-I.pio\libdeps\adafruit_feather_usb_host\Adafruit LED Backpack Library" "-I.pio\libdeps\adafruit_feather_usb_host\Adafruit GFX Library" "-I.pio\libdeps\adafruit_feather_usb_host\Adafruit BusIO" -IC:\Users\MacGuffin_\.platformio\packages\framework-arduinopico\libraries\Wire\src "-I.pio\libdeps\adafruit_feather_usb_host\Pico PIO USB\src" "-I.pio\libdeps\adafruit_feather_usb_host\SdFat - Adafruit Fork\src" -IC:\Users\MacGuffin_\.platformio\packages\framework-arduinopico\libraries\SPI\src "-I.pio\libdeps\adafruit_feather_usb_host\Adafruit TinyUSB Library\src" -IC:\Users\MacGuffin_\.platformio\packages\framework-arduinopico\cores\rp2040 -IC:\Users\MacGuffin_\.platformio\packages\framework-arduinopico\cores\rp2040\api\deprecated -IC:\Users\MacGuffin_\.platformio\packages\framework-arduinopico\cores\rp2040\api\deprecated-avr-comp -IC:\Users\MacGuffin_\.platformio\packages\framework-arduinopico\libraries\Adafruit_TinyUSB_Arduino\src\arduino -IC:\Users\MacGuffin_\.platformio\packages\framework-arduinopico\include -IC:\Users\MacGuffin_\.platformio\packages\framework-arduinopico\variants\adafruit_feather_usb_host src\rle.cpp
"C:\Users\MacGuffin_\.platformio\penv\Scripts\python.exe" "C:\Users\MacGuffin_\.platformio\packages\framework-arduinopico\tools\simplesub.py" --input C:\Users\MacGuffin_\.platformio\packages\framework-arduinopico\lib\rp2040\memmap_default.ld --out .pio\build\adafruit_feather_usb_host\memmap_default.ld --sub __FLASH_LENGTH__ 8384512 --sub __EEPROM_START__ 276819968 --sub __FS_START__ 276819968 --sub __FS_END__ 276819968 --sub __RAM_LENGTH__ 256k --sub __PSRAM_LENGTH__ 0
arm-none-eabi-g++ -o .pio\build\adafruit_feather_usb_host\FrameworkArduino\BluetoothDebug.cpp.o -c -fno-exceptions -fno-rtti -std=gnu++17 -Os -Werror=return-type -Wno-psabi -ffunction-sections -fdata-sections -march=armv6-m -mcpu=cortex-m0plus -mthumb -iprefixC:\Users\MacGuffin_\.platformio\packages\framework-arduinopico @C:\Users\MacGuffin_\.platformio\packages\framework-arduinopico\lib\rp2040\platform_inc.txt @C:\Users\MacGuffin_\.platformio\packages\framework-arduinopico\lib\core_inc.txt -DPLATFORMIO=60118 -DARDUINO_ADAFRUIT_FEATHER_RP2040_USB_HOST -DARDUINO_ARCH_RP2040 -DUSBD_MAX_POWER_MA=250 -DUSE_TINYUSB -DUSE_TINYUSB_HOST -DSH110X_NO_SPLASH -DARDUINO=10810 -DARDUINO_ARCH_RP2040 -DF_CPU=133000000L -DBOARD_NAME=\"adafruit_feather_usb_host\" -DARM_MATH_CM0_FAMILY -DARM_MATH_CM0_PLUS -DTARGET_RP2040 -DPICO_RP2040=1 -DPICO_FLASH_SIZE_BYTES=8388608 -DFILE_COPY_CONSTRUCTOR_SELECT=FILE_COPY_CONSTRUCTOR_PUBLIC -DUSE_UTF8_LONG_NAMES=1 -DDISABLE_FS_H_WARNING=1 -DCFG_TUSB_MCU=OPT_MCU_RP2040 -DUSB_VID=0x239A -DUSB_PID=0x8129 -DUSBD_VID=0x239A -DUSBD_PID=0x8129 -DUSB_MANUFACTURER=\"Adafruit\" "-DUSB_PRODUCT=\"Feather RP2040 USB Host\"" -DPICO_CYW43_ARCH_THREADSAFE_BACKGROUND=1 -DCYW43_LWIP=1 -DCYW43_PIO_CLOCK_DIV_DYNAMIC=1 -DLWIP_IPV4=1 -DLWIP_IGMP=1 -DLWIP_CHECKSUM_CTRL_PER_NETIF=1 -DLWIP_IPV6=0 -DARDUINO_VARIANT=\"adafruit_feather_usb_host\" -IC:\Users\MacGuffin_\.platformio\packages\framework-arduinopico\cores\rp2040 -IC:\Users\MacGuffin_\.platformio\packages\framework-arduinopico\cores\rp2040\api\deprecated -IC:\Users\MacGuffin_\.platformio\packages\framework-arduinopico\cores\rp2040\api\deprecated-avr-comp -IC:\Users\MacGuffin_\.platformio\packages\framework-arduinopico\libraries\Adafruit_TinyUSB_Arduino\src\arduino -IC:\Users\MacGuffin_\.platformio\packages\framework-arduinopico\include -IC:\Users\MacGuffin_\.platformio\packages\framework-arduinopico\variants\adafruit_feather_usb_host C:\Users\MacGuffin_\.platformio\packages\framework-arduinopico\cores\rp2040\BluetoothDebug.cpp
arm-none-eabi-g++ -o .pio\build\adafruit_feather_usb_host\FrameworkArduino\Bootsel.cpp.o -c -fno-exceptions -fno-rtti -std=gnu++17 -Os -Werror=return-type -Wno-psabi -ffunction-sections -fdata-sections -march=armv6-m -mcpu=cortex-m0plus -mthumb -iprefixC:\Users\MacGuffin_\.platformio\packages\framework-arduinopico @C:\Users\MacGuffin_\.platformio\packages\framework-arduinopico\lib\rp2040\platform_inc.txt @C:\Users\MacGuffin_\.platformio\packages\framework-arduinopico\lib\core_inc.txt -DPLATFORMIO=60118 -DARDUINO_ADAFRUIT_FEATHER_RP2040_USB_HOST -DARDUINO_ARCH_RP2040 -DUSBD_MAX_POWER_MA=250 -DUSE_TINYUSB -DUSE_TINYUSB_HOST -DSH110X_NO_SPLASH -DARDUINO=10810 -DARDUINO_ARCH_RP2040 -DF_CPU=133000000L -DBOARD_NAME=\"adafruit_feather_usb_host\" -DARM_MATH_CM0_FAMILY -DARM_MATH_CM0_PLUS -DTARGET_RP2040 -DPICO_RP2040=1 -DPICO_FLASH_SIZE_BYTES=8388608 -DFILE_COPY_CONSTRUCTOR_SELECT=FILE_COPY_CONSTRUCTOR_PUBLIC -DUSE_UTF8_LONG_NAMES=1 -DDISABLE_FS_H_WARNING=1 -DCFG_TUSB_MCU=OPT_MCU_RP2040 -DUSB_VID=0x239A -DUSB_PID=0x8129 -DUSBD_VID=0x239A -DUSBD_PID=0x8129 -DUSB_MANUFACTURER=\"Adafruit\" "-DUSB_PRODUCT=\"Feather RP2040 USB Host\"" -DPICO_CYW43_ARCH_THREADSAFE_BACKGROUND=1 -DCYW43_LWIP=1 -DCYW43_PIO_CLOCK_DIV_DYNAMIC=1 -DLWIP_IPV4=1 -DLWIP_IGMP=1 -DLWIP_CHECKSUM_CTRL_PER_NETIF=1 -DLWIP_IPV6=0 -DARDUINO_VARIANT=\"adafruit_feather_usb_host\" -IC:\Users\MacGuffin_\.platformio\packages\framework-arduinopico\cores\rp2040 -IC:\Users\MacGuffin_\.platformio\packages\framework-arduinopico\cores\rp2040\api\deprecated -IC:\Users\MacGuffin_\.platformio\packages\framework-arduinopico\cores\rp2040\api\deprecated-avr-comp -IC:\Users\MacGuffin_\.platformio\packages\framework-arduinopico\libraries\Adafruit_TinyUSB_Arduino\src\arduino -IC:\Users\MacGuffin_\.platformio\packages\framework-arduinopico\include -IC:\Users\MacGuffin_\.platformio\packages\framework-arduinopico\variants\adafruit_feather_usb_host C:\Users\MacGuffin_\.platformio\packages\framework-arduinopico\cores\rp2040\Bootsel.cpp
arm-none-eabi-g++ -o .pio\build\adafruit_feather_usb_host\FrameworkArduino\CoreMutex.cpp.o -c -fno-exceptions -fno-rtti -std=gnu++17 -Os -Werror=return-type -Wno-psabi -ffunction-sections -fdata-sections -march=armv6-m -mcpu=cortex-m0plus -mthumb -iprefixC:\Users\MacGuffin_\.platformio\packages\framework-arduinopico @C:\Users\MacGuffin_\.platformio\packages\framework-arduinopico\lib\rp2040\platform_inc.txt @C:\Users\MacGuffin_\.platformio\packages\framework-arduinopico\lib\core_inc.txt -DPLATFORMIO=60118 -DARDUINO_ADAFRUIT_FEATHER_RP2040_USB_HOST -DARDUINO_ARCH_RP2040 -DUSBD_MAX_POWER_MA=250 -DUSE_TINYUSB -DUSE_TINYUSB_HOST -DSH110X_NO_SPLASH -DARDUINO=10810 -DARDUINO_ARCH_RP2040 -DF_CPU=133000000L -DBOARD_NAME=\"adafruit_feather_usb_host\" -DARM_MATH_CM0_FAMILY -DARM_MATH_CM0_PLUS -DTARGET_RP2040 -DPICO_RP2040=1 -DPICO_FLASH_SIZE_BYTES=8388608 -DFILE_COPY_CONSTRUCTOR_SELECT=FILE_COPY_CONSTRUCTOR_PUBLIC -DUSE_UTF8_LONG_NAMES=1 -DDISABLE_FS_H_WARNING=1 -DCFG_TUSB_MCU=OPT_MCU_RP2040 -DUSB_VID=0x239A -DUSB_PID=0x8129 -DUSBD_VID=0x239A -DUSBD_PID=0x8129 -DUSB_MANUFACTURER=\"Adafruit\" "-DUSB_PRODUCT=\"Feather RP2040 USB Host\"" -DPICO_CYW43_ARCH_THREADSAFE_BACKGROUND=1 -DCYW43_LWIP=1 -DCYW43_PIO_CLOCK_DIV_DYNAMIC=1 -DLWIP_IPV4=1 -DLWIP_IGMP=1 -DLWIP_CHECKSUM_CTRL_PER_NETIF=1 -DLWIP_IPV6=0 -DARDUINO_VARIANT=\"adafruit_feather_usb_host\" -IC:\Users\MacGuffin_\.platformio\packages\framework-arduinopico\cores\rp2040 -IC:\Users\MacGuffin_\.platformio\packages\framework-arduinopico\cores\rp2040\api\deprecated -IC:\Users\MacGuffin_\.platformio\packages\framework-arduinopico\cores\rp2040\api\deprecated-avr-comp -IC:\Users\MacGuffin_\.platformio\packages\framework-arduinopico\libraries\Adafruit_TinyUSB_Arduino\src\arduino -IC:\Users\MacGuffin_\.platformio\packages\framework-arduinopico\include -IC:\Users\MacGuffin_\.platformio\packages\framework-arduinopico\variants\adafruit_feather_usb_host C:\Users\MacGuffin_\.platformio\packages\framework-arduinopico\cores\rp2040\CoreMutex.cpp
arm-none-eabi-g++ -o .pio\build\adafruit_feather_usb_host\FrameworkArduino\FS.cpp.o -c -fno-exceptions -fno-rtti -std=gnu++17 -Os -Werror=return-type -Wno-psabi -ffunction-sections -fdata-sections -march=armv6-m -mcpu=cortex-m0plus -mthumb -iprefixC:\Users\MacGuffin_\.platformio\packages\framework-arduinopico @C:\Users\MacGuffin_\.platformio\packages\framework-arduinopico\lib\rp2040\platform_inc.txt @C:\Users\MacGuffin_\.platformio\packages\framework-arduinopico\lib\core_inc.txt -DPLATFORMIO=60118 -DARDUINO_ADAFRUIT_FEATHER_RP2040_USB_HOST -DARDUINO_ARCH_RP2040 -DUSBD_MAX_POWER_MA=250 -DUSE_TINYUSB -DUSE_TINYUSB_HOST -DSH110X_NO_SPLASH -DARDUINO=10810 -DARDUINO_ARCH_RP2040 -DF_CPU=133000000L -DBOARD_NAME=\"adafruit_feather_usb_host\" -DARM_MATH_CM0_FAMILY -DARM_MATH_CM0_PLUS -DTARGET_RP2040 -DPICO_RP2040=1 -DPICO_FLASH_SIZE_BYTES=8388608 -DFILE_COPY_CONSTRUCTOR_SELECT=FILE_COPY_CONSTRUCTOR_PUBLIC -DUSE_UTF8_LONG_NAMES=1 -DDISABLE_FS_H_WARNING=1 -DCFG_TUSB_MCU=OPT_MCU_RP2040 -DUSB_VID=0x239A -DUSB_PID=0x8129 -DUSBD_VID=0x239A -DUSBD_PID=0x8129 -DUSB_MANUFACTURER=\"Adafruit\" "-DUSB_PRODUCT=\"Feather RP2040 USB Host\"" -DPICO_CYW43_ARCH_THREADSAFE_BACKGROUND=1 -DCYW43_LWIP=1 -DCYW43_PIO_CLOCK_DIV_DYNAMIC=1 -DLWIP_IPV4=1 -DLWIP_IGMP=1 -DLWIP_CHECKSUM_CTRL_PER_NETIF=1 -DLWIP_IPV6=0 -DARDUINO_VARIANT=\"adafruit_feather_usb_host\" -IC:\Users\MacGuffin_\.platformio\packages\framework-arduinopico\cores\rp2040 -IC:\Users\MacGuffin_\.platformio\packages\framework-arduinopico\cores\rp2040\api\deprecated -IC:\Users\MacGuffin_\.platformio\packages\framework-arduinopico\cores\rp2040\api\deprecated-avr-comp -IC:\Users\MacGuffin_\.platformio\packages\framework-arduinopico\libraries\Adafruit_TinyUSB_Arduino\src\arduino -IC:\Users\MacGuffin_\.platformio\packages\framework-arduinopico\include -IC:\Users\MacGuffin_\.platformio\packages\framework-arduinopico\variants\adafruit_feather_usb_host C:\Users\MacGuffin_\.platformio\packages\framework-arduinopico\cores\rp2040\FS.cpp
arm-none-eabi-g++ -o .pio\build\adafruit_feather_usb_host\FrameworkArduino\PIOProgram.cpp.o -c -fno-exceptions -fno-rtti -std=gnu++17 -Os -Werror=return-type -Wno-psabi -ffunction-sections -fdata-sections -march=armv6-m -mcpu=cortex-m0plus -mthumb -iprefixC:\Users\MacGuffin_\.platformio\packages\framework-arduinopico @C:\Users\MacGuffin_\.platformio\packages\framework-arduinopico\lib\rp2040\platform_inc.txt @C:\Users\MacGuffin_\.platformio\packages\framework-arduinopico\lib\core_inc.txt -DPLATFORMIO=60118 -DARDUINO_ADAFRUIT_FEATHER_RP2040_USB_HOST -DARDUINO_ARCH_RP2040 -DUSBD_MAX_POWER_MA=250 -DUSE_TINYUSB -DUSE_TINYUSB_HOST -DSH110X_NO_SPLASH -DARDUINO=10810 -DARDUINO_ARCH_RP2040 -DF_CPU=133000000L -DBOARD_NAME=\"adafruit_feather_usb_host\" -DARM_MATH_CM0_FAMILY -DARM_MATH_CM0_PLUS -DTARGET_RP2040 -DPICO_RP2040=1 -DPICO_FLASH_SIZE_BYTES=8388608 -DFILE_COPY_CONSTRUCTOR_SELECT=FILE_COPY_CONSTRUCTOR_PUBLIC -DUSE_UTF8_LONG_NAMES=1 -DDISABLE_FS_H_WARNING=1 -DCFG_TUSB_MCU=OPT_MCU_RP2040 -DUSB_VID=0x239A -DUSB_PID=0x8129 -DUSBD_VID=0x239A -DUSBD_PID=0x8129 -DUSB_MANUFACTURER=\"Adafruit\" "-DUSB_PRODUCT=\"Feather RP2040 USB Host\"" -DPICO_CYW43_ARCH_THREADSAFE_BACKGROUND=1 -DCYW43_LWIP=1 -DCYW43_PIO_CLOCK_DIV_DYNAMIC=1 -DLWIP_IPV4=1 -DLWIP_IGMP=1 -DLWIP_CHECKSUM_CTRL_PER_NETIF=1 -DLWIP_IPV6=0 -DARDUINO_VARIANT=\"adafruit_feather_usb_host\" -IC:\Users\MacGuffin_\.platformio\packages\framework-arduinopico\cores\rp2040 -IC:\Users\MacGuffin_\.platformio\packages\framework-arduinopico\cores\rp2040\api\deprecated -IC:\Users\MacGuffin_\.platformio\packages\framework-arduinopico\cores\rp2040\api\deprecated-avr-comp -IC:\Users\MacGuffin_\.platformio\packages\framework-arduinopico\libraries\Adafruit_TinyUSB_Arduino\src\arduino -IC:\Users\MacGuffin_\.platformio\packages\framework-arduinopico\include -IC:\Users\MacGuffin_\.platformio\packages\framework-arduinopico\variants\adafruit_feather_usb_host C:\Users\MacGuffin_\.platformio\packages\framework-arduinopico\cores\rp2040\PIOProgram.cpp
arm-none-eabi-g++ -o .pio\build\adafruit_feather_usb_host\FrameworkArduino\RP2040Support.cpp.o -c -fno-exceptions -fno-rtti -std=gnu++17 -Os -Werror=return-type -Wno-psabi -ffunction-sections -fdata-sections -march=armv6-m -mcpu=cortex-m0plus -mthumb -iprefixC:\Users\MacGuffin_\.platformio\packages\framework-arduinopico @C:\Users\MacGuffin_\.platformio\packages\framework-arduinopico\lib\rp2040\platform_inc.txt @C:\Users\MacGuffin_\.platformio\packages\framework-arduinopico\lib\core_inc.txt -DPLATFORMIO=60118 -DARDUINO_ADAFRUIT_FEATHER_RP2040_USB_HOST -DARDUINO_ARCH_RP2040 -DUSBD_MAX_POWER_MA=250 -DUSE_TINYUSB -DUSE_TINYUSB_HOST -DSH110X_NO_SPLASH -DARDUINO=10810 -DARDUINO_ARCH_RP2040 -DF_CPU=133000000L -DBOARD_NAME=\"adafruit_feather_usb_host\" -DARM_MATH_CM0_FAMILY -DARM_MATH_CM0_PLUS -DTARGET_RP2040 -DPICO_RP2040=1 -DPICO_FLASH_SIZE_BYTES=8388608 -DFILE_COPY_CONSTRUCTOR_SELECT=FILE_COPY_CONSTRUCTOR_PUBLIC -DUSE_UTF8_LONG_NAMES=1 -DDISABLE_FS_H_WARNING=1 -DCFG_TUSB_MCU=OPT_MCU_RP2040 -DUSB_VID=0x239A -DUSB_PID=0x8129 -DUSBD_VID=0x239A -DUSBD_PID=0x8129 -DUSB_MANUFACTURER=\"Adafruit\" "-DUSB_PRODUCT=\"Feather RP2040 USB Host\"" -DPICO_CYW43_ARCH_THREADSAFE_BACKGROUND=1 -DCYW43_LWIP=1 -DCYW43_PIO_CLOCK_DIV_DYNAMIC=1 -DLWIP_IPV4=1 -DLWIP_IGMP=1 -DLWIP_CHECKSUM_CTRL_PER_NETIF=1 -DLWIP_IPV6=0 -DARDUINO_VARIANT=\"adafruit_feather_usb_host\" -IC:\Users\MacGuffin_\.platformio\packages\framework-arduinopico\cores\rp2040 -IC:\Users\MacGuffin_\.platformio\packages\framework-arduinopico\cores\rp2040\api\deprecated -IC:\Users\MacGuffin_\.platformio\packages\framework-arduinopico\cores\rp2040\api\deprecated-avr-comp -IC:\Users\MacGuffin_\.platformio\packages\framework-arduinopico\libraries\Adafruit_TinyUSB_Arduino\src\arduino -IC:\Users\MacGuffin_\.platformio\packages\framework-arduinopico\include -IC:\Users\MacGuffin_\.platformio\packages\framework-arduinopico\variants\adafruit_feather_usb_host C:\Users\MacGuffin_\.platformio\packages\framework-arduinopico\cores\rp2040\RP2040Support.cpp
arm-none-eabi-g++ -o .pio\build\adafruit_feather_usb_host\FrameworkArduino\RP2040USB.cpp.o -c -fno-exceptions -fno-rtti -std=gnu++17 -Os -Werror=return-type -Wno-psabi -ffunction-sections -fdata-sections -march=armv6-m -mcpu=cortex-m0plus -mthumb -iprefixC:\Users\MacGuffin_\.platformio\packages\framework-arduinopico @C:\Users\MacGuffin_\.platformio\packages\framework-arduinopico\lib\rp2040\platform_inc.txt @C:\Users\MacGuffin_\.platformio\packages\framework-arduinopico\lib\core_inc.txt -DPLATFORMIO=60118 -DARDUINO_ADAFRUIT_FEATHER_RP2040_USB_HOST -DARDUINO_ARCH_RP2040 -DUSBD_MAX_POWER_MA=250 -DUSE_TINYUSB -DUSE_TINYUSB_HOST -DSH110X_NO_SPLASH -DARDUINO=10810 -DARDUINO_ARCH_RP2040 -DF_CPU=133000000L -DBOARD_NAME=\"adafruit_feather_usb_host\" -DARM_MATH_CM0_FAMILY -DARM_MATH_CM0_PLUS -DTARGET_RP2040 -DPICO_RP2040=1 -DPICO_FLASH_SIZE_BYTES=8388608 -DFILE_COPY_CONSTRUCTOR_SELECT=FILE_COPY_CONSTRUCTOR_PUBLIC -DUSE_UTF8_LONG_NAMES=1 -DDISABLE_FS_H_WARNING=1 -DCFG_TUSB_MCU=OPT_MCU_RP2040 -DUSB_VID=0x239A -DUSB_PID=0x8129 -DUSBD_VID=0x239A -DUSBD_PID=0x8129 -DUSB_MANUFACTURER=\"Adafruit\" "-DUSB_PRODUCT=\"Feather RP2040 USB Host\"" -DPICO_CYW43_ARCH_THREADSAFE_BACKGROUND=1 -DCYW43_LWIP=1 -DCYW43_PIO_CLOCK_DIV_DYNAMIC=1 -DLWIP_IPV4=1 -DLWIP_IGMP=1 -DLWIP_CHECKSUM_CTRL_PER_NETIF=1 -DLWIP_IPV6=0 -DARDUINO_VARIANT=\"adafruit_feather_usb_host\" -IC:\Users\MacGuffin_\.platformio\packages\framework-arduinopico\cores\rp2040 -IC:\Users\MacGuffin_\.platformio\packages\framework-arduinopico\cores\rp2040\api\deprecated -IC:\Users\MacGuffin_\.platformio\packages\framework-arduinopico\cores\rp2040\api\deprecated-avr-comp -IC:\Users\MacGuffin_\.platformio\packages\framework-arduinopico\libraries\Adafruit_TinyUSB_Arduino\src\arduino -IC:\Users\MacGuffin_\.platformio\packages\framework-arduinopico\include -IC:\Users\MacGuffin_\.platformio\packages\framework-arduinopico\variants\adafruit_feather_usb_host C:\Users\MacGuffin_\.platformio\packages\framework-arduinopico\cores\rp2040\RP2040USB.cpp
arm-none-eabi-g++ -o .pio\build\adafruit_feather_usb_host\FrameworkArduino\Semihosting.cpp.o -c -fno-exceptions -fno-rtti -std=gnu++17 -Os -Werror=return-type -Wno-psabi -ffunction-sections -fdata-sections -march=armv6-m -mcpu=cortex-m0plus -mthumb -iprefixC:\Users\MacGuffin_\.platformio\packages\framework-arduinopico @C:\Users\MacGuffin_\.platformio\packages\framework-arduinopico\lib\rp2040\platform_inc.txt @C:\Users\MacGuffin_\.platformio\packages\framework-arduinopico\lib\core_inc.txt -DPLATFORMIO=60118 -DARDUINO_ADAFRUIT_FEATHER_RP2040_USB_HOST -DARDUINO_ARCH_RP2040 -DUSBD_MAX_POWER_MA=250 -DUSE_TINYUSB -DUSE_TINYUSB_HOST -DSH110X_NO_SPLASH -DARDUINO=10810 -DARDUINO_ARCH_RP2040 -DF_CPU=133000000L -DBOARD_NAME=\"adafruit_feather_usb_host\" -DARM_MATH_CM0_FAMILY -DARM_MATH_CM0_PLUS -DTARGET_RP2040 -DPICO_RP2040=1 -DPICO_FLASH_SIZE_BYTES=8388608 -DFILE_COPY_CONSTRUCTOR_SELECT=FILE_COPY_CONSTRUCTOR_PUBLIC -DUSE_UTF8_LONG_NAMES=1 -DDISABLE_FS_H_WARNING=1 -DCFG_TUSB_MCU=OPT_MCU_RP2040 -DUSB_VID=0x239A -DUSB_PID=0x8129 -DUSBD_VID=0x239A -DUSBD_PID=0x8129 -DUSB_MANUFACTURER=\"Adafruit\" "-DUSB_PRODUCT=\"Feather RP2040 USB Host\"" -DPICO_CYW43_ARCH_THREADSAFE_BACKGROUND=1 -DCYW43_LWIP=1 -DCYW43_PIO_CLOCK_DIV_DYNAMIC=1 -DLWIP_IPV4=1 -DLWIP_IGMP=1 -DLWIP_CHECKSUM_CTRL_PER_NETIF=1 -DLWIP_IPV6=0 -DARDUINO_VARIANT=\"adafruit_feather_usb_host\" -IC:\Users\MacGuffin_\.platformio\packages\framework-arduinopico\cores\rp2040 -IC:\Users\MacGuffin_\.platformio\packages\framework-arduinopico\cores\rp2040\api\deprecated -IC:\Users\MacGuffin_\.platformio\packages\framework-arduinopico\cores\rp2040\api\deprecated-avr-comp -IC:\Users\MacGuffin_\.platformio\packages\framework-arduinopico\libraries\Adafruit_TinyUSB_Arduino\src\arduino -IC:\Users\MacGuffin_\.platformio\packages\framework-arduinopico\include -IC:\Users\MacGuffin_\.platformio\packages\framework-arduinopico\variants\adafruit_feather_usb_host C:\Users\MacGuffin_\.platformio\packages\framework-arduinopico\cores\rp2040\Semihosting.cpp
arm-none-eabi-g++ -o .pio\build\adafruit_feather_usb_host\FrameworkArduino\SerialPIO.cpp.o -c -fno-exceptions -fno-rtti -std=gnu++17 -Os -Werror=return-type -Wno-psabi -ffunction-sections -fdata-sections -march=armv6-m -mcpu=cortex-m0plus -mthumb -iprefixC:\Users\MacGuffin_\.platformio\packages\framework-arduinopico @C:\Users\MacGuffin_\.platformio\packages\framework-arduinopico\lib\rp2040\platform_inc.txt @C:\Users\MacGuffin_\.platformio\packages\framework-arduinopico\lib\core_inc.txt -DPLATFORMIO=60118 -DARDUINO_ADAFRUIT_FEATHER_RP2040_USB_HOST -DARDUINO_ARCH_RP2040 -DUSBD_MAX_POWER_MA=250 -DUSE_TINYUSB -DUSE_TINYUSB_HOST -DSH110X_NO_SPLASH -DARDUINO=10810 -DARDUINO_ARCH_RP2040 -DF_CPU=133000000L -DBOARD_NAME=\"adafruit_feather_usb_host\" -DARM_MATH_CM0_FAMILY -DARM_MATH_CM0_PLUS -DTARGET_RP2040 -DPICO_RP2040=1 -DPICO_FLASH_SIZE_BYTES=8388608 -DFILE_COPY_CONSTRUCTOR_SELECT=FILE_COPY_CONSTRUCTOR_PUBLIC -DUSE_UTF8_LONG_NAMES=1 -DDISABLE_FS_H_WARNING=1 -DCFG_TUSB_MCU=OPT_MCU_RP2040 -DUSB_VID=0x239A -DUSB_PID=0x8129 -DUSBD_VID=0x239A -DUSBD_PID=0x8129 -DUSB_MANUFACTURER=\"Adafruit\" "-DUSB_PRODUCT=\"Feather RP2040 USB Host\"" -DPICO_CYW43_ARCH_THREADSAFE_BACKGROUND=1 -DCYW43_LWIP=1 -DCYW43_PIO_CLOCK_DIV_DYNAMIC=1 -DLWIP_IPV4=1 -DLWIP_IGMP=1 -DLWIP_CHECKSUM_CTRL_PER_NETIF=1 -DLWIP_IPV6=0 -DARDUINO_VARIANT=\"adafruit_feather_usb_host\" -IC:\Users\MacGuffin_\.platformio\packages\framework-arduinopico\cores\rp2040 -IC:\Users\MacGuffin_\.platformio\packages\framework-arduinopico\cores\rp2040\api\deprecated -IC:\Users\MacGuffin_\.platformio\packages\framework-arduinopico\cores\rp2040\api\deprecated-avr-comp -IC:\Users\MacGuffin_\.platformio\packages\framework-arduinopico\libraries\Adafruit_TinyUSB_Arduino\src\arduino -IC:\Users\MacGuffin_\.platformio\packages\framework-arduinopico\include -IC:\Users\MacGuffin_\.platformio\packages\framework-arduinopico\variants\adafruit_feather_usb_host C:\Users\MacGuffin_\.platformio\packages\framework-arduinopico\cores\rp2040\SerialPIO.cpp
arm-none-eabi-g++ -o .pio\build\adafruit_feather_usb_host\FrameworkArduino\SerialUART.cpp.o -c -fno-exceptions -fno-rtti -std=gnu++17 -Os -Werror=return-type -Wno-psabi -ffunction-sections -fdata-sections -march=armv6-m -mcpu=cortex-m0plus -mthumb -iprefixC:\Users\MacGuffin_\.platformio\packages\framework-arduinopico @C:\Users\MacGuffin_\.platformio\packages\framework-arduinopico\lib\rp2040\platform_inc.txt @C:\Users\MacGuffin_\.platformio\packages\framework-arduinopico\lib\core_inc.txt -DPLATFORMIO=60118 -DARDUINO_ADAFRUIT_FEATHER_RP2040_USB_HOST -DARDUINO_ARCH_RP2040 -DUSBD_MAX_POWER_MA=250 -DUSE_TINYUSB -DUSE_TINYUSB_HOST -DSH110X_NO_SPLASH -DARDUINO=10810 -DARDUINO_ARCH_RP2040 -DF_CPU=133000000L -DBOARD_NAME=\"adafruit_feather_usb_host\" -DARM_MATH_CM0_FAMILY -DARM_MATH_CM0_PLUS -DTARGET_RP2040 -DPICO_RP2040=1 -DPICO_FLASH_SIZE_BYTES=8388608 -DFILE_COPY_CONSTRUCTOR_SELECT=FILE_COPY_CONSTRUCTOR_PUBLIC -DUSE_UTF8_LONG_NAMES=1 -DDISABLE_FS_H_WARNING=1 -DCFG_TUSB_MCU=OPT_MCU_RP2040 -DUSB_VID=0x239A -DUSB_PID=0x8129 -DUSBD_VID=0x239A -DUSBD_PID=0x8129 -DUSB_MANUFACTURER=\"Adafruit\" "-DUSB_PRODUCT=\"Feather RP2040 USB Host\"" -DPICO_CYW43_ARCH_THREADSAFE_BACKGROUND=1 -DCYW43_LWIP=1 -DCYW43_PIO_CLOCK_DIV_DYNAMIC=1 -DLWIP_IPV4=1 -DLWIP_IGMP=1 -DLWIP_CHECKSUM_CTRL_PER_NETIF=1 -DLWIP_IPV6=0 -DARDUINO_VARIANT=\"adafruit_feather_usb_host\" -IC:\Users\MacGuffin_\.platformio\packages\framework-arduinopico\cores\rp2040 -IC:\Users\MacGuffin_\.platformio\packages\framework-arduinopico\cores\rp2040\api\deprecated -IC:\Users\MacGuffin_\.platformio\packages\framework-arduinopico\cores\rp2040\api\deprecated-avr-comp -IC:\Users\MacGuffin_\.platformio\packages\framework-arduinopico\libraries\Adafruit_TinyUSB_Arduino\src\arduino -IC:\Users\MacGuffin_\.platformio\packages\framework-arduinopico\include -IC:\Users\MacGuffin_\.platformio\packages\framework-arduinopico\variants\adafruit_feather_usb_host C:\Users\MacGuffin_\.platformio\packages\framework-arduinopico\cores\rp2040\SerialUART.cpp
arm-none-eabi-g++ -o .pio\build\adafruit_feather_usb_host\FrameworkArduino\SerialUSB.cpp.o -c -fno-exceptions -fno-rtti -std=gnu++17 -Os -Werror=return-type -Wno-psabi -ffunction-sections -fdata-sections -march=armv6-m -mcpu=cortex-m0plus -mthumb -iprefixC:\Users\MacGuffin_\.platformio\packages\framework-arduinopico @C:\Users\MacGuffin_\.platformio\packages\framework-arduinopico\lib\rp2040\platform_inc.txt @C:\Users\MacGuffin_\.platformio\packages\framework-arduinopico\lib\core_inc.txt -DPLATFORMIO=60118 -DARDUINO_ADAFRUIT_FEATHER_RP2040_USB_HOST -DARDUINO_ARCH_RP2040 -DUSBD_MAX_POWER_MA=250 -DUSE_TINYUSB -DUSE_TINYUSB_HOST -DSH110X_NO_SPLASH -DARDUINO=10810 -DARDUINO_ARCH_RP2040 -DF_CPU=133000000L -DBOARD_NAME=\"adafruit_feather_usb_host\" -DARM_MATH_CM0_FAMILY -DARM_MATH_CM0_PLUS -DTARGET_RP2040 -DPICO_RP2040=1 -DPICO_FLASH_SIZE_BYTES=8388608 -DFILE_COPY_CONSTRUCTOR_SELECT=FILE_COPY_CONSTRUCTOR_PUBLIC -DUSE_UTF8_LONG_NAMES=1 -DDISABLE_FS_H_WARNING=1 -DCFG_TUSB_MCU=OPT_MCU_RP2040 -DUSB_VID=0x239A -DUSB_PID=0x8129 -DUSBD_VID=0x239A -DUSBD_PID=0x8129 -DUSB_MANUFACTURER=\"Adafruit\" "-DUSB_PRODUCT=\"Feather RP2040 USB Host\"" -DPICO_CYW43_ARCH_THREADSAFE_BACKGROUND=1 -DCYW43_LWIP=1 -DCYW43_PIO_CLOCK_DIV_DYNAMIC=1 -DLWIP_IPV4=1 -DLWIP_IGMP=1 -DLWIP_CHECKSUM_CTRL_PER_NETIF=1 -DLWIP_IPV6=0 -DARDUINO_VARIANT=\"adafruit_feather_usb_host\" -IC:\Users\MacGuffin_\.platformio\packages\framework-arduinopico\cores\rp2040 -IC:\Users\MacGuffin_\.platformio\packages\framework-arduinopico\cores\rp2040\api\deprecated -IC:\Users\MacGuffin_\.platformio\packages\framework-arduinopico\cores\rp2040\api\deprecated-avr-comp -IC:\Users\MacGuffin_\.platformio\packages\framework-arduinopico\libraries\Adafruit_TinyUSB_Arduino\src\arduino -IC:\Users\MacGuffin_\.platformio\packages\framework-arduinopico\include -IC:\Users\MacGuffin_\.platformio\packages\framework-arduinopico\variants\adafruit_feather_usb_host C:\Users\MacGuffin_\.platformio\packages\framework-arduinopico\cores\rp2040\SerialUSB.cpp
arm-none-eabi-g++ -o .pio\build\adafruit_feather_usb_host\FrameworkArduino\StackThunk.cpp.o -c -fno-exceptions -fno-rtti -std=gnu++17 -Os -Werror=return-type -Wno-psabi -ffunction-sections -fdata-sections -march=armv6-m -mcpu=cortex-m0plus -mthumb -iprefixC:\Users\MacGuffin_\.platformio\packages\framework-arduinopico @C:\Users\MacGuffin_\.platformio\packages\framework-arduinopico\lib\rp2040\platform_inc.txt @C:\Users\MacGuffin_\.platformio\packages\framework-arduinopico\lib\core_inc.txt -DPLATFORMIO=60118 -DARDUINO_ADAFRUIT_FEATHER_RP2040_USB_HOST -DARDUINO_ARCH_RP2040 -DUSBD_MAX_POWER_MA=250 -DUSE_TINYUSB -DUSE_TINYUSB_HOST -DSH110X_NO_SPLASH -DARDUINO=10810 -DARDUINO_ARCH_RP2040 -DF_CPU=133000000L -DBOARD_NAME=\"adafruit_feather_usb_host\" -DARM_MATH_CM0_FAMILY -DARM_MATH_CM0_PLUS -DTARGET_RP2040 -DPICO_RP2040=1 -DPICO_FLASH_SIZE_BYTES=8388608 -DFILE_COPY_CONSTRUCTOR_SELECT=FILE_COPY_CONSTRUCTOR_PUBLIC -DUSE_UTF8_LONG_NAMES=1 -DDISABLE_FS_H_WARNING=1 -DCFG_TUSB_MCU=OPT_MCU_RP2040 -DUSB_VID=0x239A -DUSB_PID=0x8129 -DUSBD_VID=0x239A -DUSBD_PID=0x8129 -DUSB_MANUFACTURER=\"Adafruit\" "-DUSB_PRODUCT=\"Feather RP2040 USB Host\"" -DPICO_CYW43_ARCH_THREADSAFE_BACKGROUND=1 -DCYW43_LWIP=1 -DCYW43_PIO_CLOCK_DIV_DYNAMIC=1 -DLWIP_IPV4=1 -DLWIP_IGMP=1 -DLWIP_CHECKSUM_CTRL_PER_NETIF=1 -DLWIP_IPV6=0 -DARDUINO_VARIANT=\"adafruit_feather_usb_host\" -IC:\Users\MacGuffin_\.platformio\packages\framework-arduinopico\cores\rp2040 -IC:\Users\MacGuffin_\.platformio\packages\framework-arduinopico\cores\rp2040\api\deprecated -IC:\Users\MacGuffin_\.platformio\packages\framework-arduinopico\cores\rp2040\api\deprecated-avr-comp -IC:\Users\MacGuffin_\.platformio\packages\framework-arduinopico\libraries\Adafruit_TinyUSB_Arduino\src\arduino -IC:\Users\MacGuffin_\.platformio\packages\framework-arduinopico\include -IC:\Users\MacGuffin_\.platformio\packages\framework-arduinopico\variants\adafruit_feather_usb_host C:\Users\MacGuffin_\.platformio\packages\framework-arduinopico\cores\rp2040\StackThunk.cpp
arm-none-eabi-g++ -o .pio\build\adafruit_feather_usb_host\FrameworkArduino\Tone.cpp.o -c -fno-exceptions -fno-rtti -std=gnu++17 -Os -Werror=return-type -Wno-psabi -ffunction-sections -fdata-sections -march=armv6-m -mcpu=cortex-m0plus -mthumb -iprefixC:\Users\MacGuffin_\.platformio\packages\framework-arduinopico @C:\Users\MacGuffin_\.platformio\packages\framework-arduinopico\lib\rp2040\platform_inc.txt @C:\Users\MacGuffin_\.platformio\packages\framework-arduinopico\lib\core_inc.txt -DPLATFORMIO=60118 -DARDUINO_ADAFRUIT_FEATHER_RP2040_USB_HOST -DARDUINO_ARCH_RP2040 -DUSBD_MAX_POWER_MA=250 -DUSE_TINYUSB -DUSE_TINYUSB_HOST -DSH110X_NO_SPLASH -DARDUINO=10810 -DARDUINO_ARCH_RP2040 -DF_CPU=133000000L -DBOARD_NAME=\"adafruit_feather_usb_host\" -DARM_MATH_CM0_FAMILY -DARM_MATH_CM0_PLUS -DTARGET_RP2040 -DPICO_RP2040=1 -DPICO_FLASH_SIZE_BYTES=8388608 -DFILE_COPY_CONSTRUCTOR_SELECT=FILE_COPY_CONSTRUCTOR_PUBLIC -DUSE_UTF8_LONG_NAMES=1 -DDISABLE_FS_H_WARNING=1 -DCFG_TUSB_MCU=OPT_MCU_RP2040 -DUSB_VID=0x239A -DUSB_PID=0x8129 -DUSBD_VID=0x239A -DUSBD_PID=0x8129 -DUSB_MANUFACTURER=\"Adafruit\" "-DUSB_PRODUCT=\"Feather RP2040 USB Host\"" -DPICO_CYW43_ARCH_THREADSAFE_BACKGROUND=1 -DCYW43_LWIP=1 -DCYW43_PIO_CLOCK_DIV_DYNAMIC=1 -DLWIP_IPV4=1 -DLWIP_IGMP=1 -DLWIP_CHECKSUM_CTRL_PER_NETIF=1 -DLWIP_IPV6=0 -DARDUINO_VARIANT=\"adafruit_feather_usb_host\" -IC:\Users\MacGuffin_\.platformio\packages\framework-arduinopico\cores\rp2040 -IC:\Users\MacGuffin_\.platformio\packages\framework-arduinopico\cores\rp2040\api\deprecated -IC:\Users\MacGuffin_\.platformio\packages\framework-arduinopico\cores\rp2040\api\deprecated-avr-comp -IC:\Users\MacGuffin_\.platformio\packages\framework-arduinopico\libraries\Adafruit_TinyUSB_Arduino\src\arduino -IC:\Users\MacGuffin_\.platformio\packages\framework-arduinopico\include -IC:\Users\MacGuffin_\.platformio\packages\framework-arduinopico\variants\adafruit_feather_usb_host C:\Users\MacGuffin_\.platformio\packages\framework-arduinopico\cores\rp2040\Tone.cpp
arm-none-eabi-g++ -o .pio\build\adafruit_feather_usb_host\FrameworkArduino\WMath.cpp.o -c -fno-exceptions -fno-rtti -std=gnu++17 -Os -Werror=return-type -Wno-psabi -ffunction-sections -fdata-sections -march=armv6-m -mcpu=cortex-m0plus -mthumb -iprefixC:\Users\MacGuffin_\.platformio\packages\framework-arduinopico @C:\Users\MacGuffin_\.platformio\packages\framework-arduinopico\lib\rp2040\platform_inc.txt @C:\Users\MacGuffin_\.platformio\packages\framework-arduinopico\lib\core_inc.txt -DPLATFORMIO=60118 -DARDUINO_ADAFRUIT_FEATHER_RP2040_USB_HOST -DARDUINO_ARCH_RP2040 -DUSBD_MAX_POWER_MA=250 -DUSE_TINYUSB -DUSE_TINYUSB_HOST -DSH110X_NO_SPLASH -DARDUINO=10810 -DARDUINO_ARCH_RP2040 -DF_CPU=133000000L -DBOARD_NAME=\"adafruit_feather_usb_host\" -DARM_MATH_CM0_FAMILY -DARM_MATH_CM0_PLUS -DTARGET_RP2040 -DPICO_RP2040=1 -DPICO_FLASH_SIZE_BYTES=8388608 -DFILE_COPY_CONSTRUCTOR_SELECT=FILE_COPY_CONSTRUCTOR_PUBLIC -DUSE_UTF8_LONG_NAMES=1 -DDISABLE_FS_H_WARNING=1 -DCFG_TUSB_MCU=OPT_MCU_RP2040 -DUSB_VID=0x239A -DUSB_PID=0x8129 -DUSBD_VID=0x239A -DUSBD_PID=0x8129 -DUSB_MANUFACTURER=\"Adafruit\" "-DUSB_PRODUCT=\"Feather RP2040 USB Host\"" -DPICO_CYW43_ARCH_THREADSAFE_BACKGROUND=1 -DCYW43_LWIP=1 -DCYW43_PIO_CLOCK_DIV_DYNAMIC=1 -DLWIP_IPV4=1 -DLWIP_IGMP=1 -DLWIP_CHECKSUM_CTRL_PER_NETIF=1 -DLWIP_IPV6=0 -DARDUINO_VARIANT=\"adafruit_feather_usb_host\" -IC:\Users\MacGuffin_\.platformio\packages\framework-arduinopico\cores\rp2040 -IC:\Users\MacGuffin_\.platformio\packages\framework-arduinopico\cores\rp2040\api\deprecated -IC:\Users\MacGuffin_\.platformio\packages\framework-arduinopico\cores\rp2040\api\deprecated-avr-comp -IC:\Users\MacGuffin_\.platformio\packages\framework-arduinopico\libraries\Adafruit_TinyUSB_Arduino\src\arduino -IC:\Users\MacGuffin_\.platformio\packages\framework-arduinopico\include -IC:\Users\MacGuffin_\.platformio\packages\framework-arduinopico\variants\adafruit_feather_usb_host C:\Users\MacGuffin_\.platformio\packages\framework-arduinopico\cores\rp2040\WMath.cpp
arm-none-eabi-g++ -o .pio\build\adafruit_feather_usb_host\FrameworkArduino\_freertos.cpp.o -c -fno-exceptions -fno-rtti -std=gnu++17 -Os -Werror=return-type -Wno-psabi -ffunction-sections -fdata-sections -march=armv6-m -mcpu=cortex-m0plus -mthumb -iprefixC:\Users\MacGuffin_\.platformio\packages\framework-arduinopico @C:\Users\MacGuffin_\.platformio\packages\framework-arduinopico\lib\rp2040\platform_inc.txt @C:\Users\MacGuffin_\.platformio\packages\framework-arduinopico\lib\core_inc.txt -DPLATFORMIO=60118 -DARDUINO_ADAFRUIT_FEATHER_RP2040_USB_HOST -DARDUINO_ARCH_RP2040 -DUSBD_MAX_POWER_MA=250 -DUSE_TINYUSB -DUSE_TINYUSB_HOST -DSH110X_NO_SPLASH -DARDUINO=10810 -DARDUINO_ARCH_RP2040 -DF_CPU=133000000L -DBOARD_NAME=\"adafruit_feather_usb_host\" -DARM_MATH_CM0_FAMILY -DARM_MATH_CM0_PLUS -DTARGET_RP2040 -DPICO_RP2040=1 -DPICO_FLASH_SIZE_BYTES=8388608 -DFILE_COPY_CONSTRUCTOR_SELECT=FILE_COPY_CONSTRUCTOR_PUBLIC -DUSE_UTF8_LONG_NAMES=1 -DDISABLE_FS_H_WARNING=1 -DCFG_TUSB_MCU=OPT_MCU_RP2040 -DUSB_VID=0x239A -DUSB_PID=0x8129 -DUSBD_VID=0x239A -DUSBD_PID=0x8129 -DUSB_MANUFACTURER=\"Adafruit\" "-DUSB_PRODUCT=\"Feather RP2040 USB Host\"" -DPICO_CYW43_ARCH_THREADSAFE_BACKGROUND=1 -DCYW43_LWIP=1 -DCYW43_PIO_CLOCK_DIV_DYNAMIC=1 -DLWIP_IPV4=1 -DLWIP_IGMP=1 -DLWIP_CHECKSUM_CTRL_PER_NETIF=1 -DLWIP_IPV6=0 -DARDUINO_VARIANT=\"adafruit_feather_usb_host\" -IC:\Users\MacGuffin_\.platformio\packages\framework-arduinopico\cores\rp2040 -IC:\Users\MacGuffin_\.platformio\packages\framework-arduinopico\cores\rp2040\api\deprecated -IC:\Users\MacGuffin_\.platformio\packages\framework-arduinopico\cores\rp2040\api\deprecated-avr-comp -IC:\Users\MacGuffin_\.platformio\packages\framework-arduinopico\libraries\Adafruit_TinyUSB_Arduino\src\arduino -IC:\Users\MacGuffin_\.platformio\packages\framework-arduinopico\include -IC:\Users\MacGuffin_\.platformio\packages\framework-arduinopico\variants\adafruit_feather_usb_host C:\Users\MacGuffin_\.platformio\packages\framework-arduinopico\cores\rp2040\_freertos.cpp
arm-none-eabi-g++ -o .pio\build\adafruit_feather_usb_host\FrameworkArduino\api\Common.cpp.o -c -fno-exceptions -fno-rtti -std=gnu++17 -Os -Werror=return-type -Wno-psabi -ffunction-sections -fdata-sections -march=armv6-m -mcpu=cortex-m0plus -mthumb -iprefixC:\Users\MacGuffin_\.platformio\packages\framework-arduinopico @C:\Users\MacGuffin_\.platformio\packages\framework-arduinopico\lib\rp2040\platform_inc.txt @C:\Users\MacGuffin_\.platformio\packages\framework-arduinopico\lib\core_inc.txt -DPLATFORMIO=60118 -DARDUINO_ADAFRUIT_FEATHER_RP2040_USB_HOST -DARDUINO_ARCH_RP2040 -DUSBD_MAX_POWER_MA=250 -DUSE_TINYUSB -DUSE_TINYUSB_HOST -DSH110X_NO_SPLASH -DARDUINO=10810 -DARDUINO_ARCH_RP2040 -DF_CPU=133000000L -DBOARD_NAME=\"adafruit_feather_usb_host\" -DARM_MATH_CM0_FAMILY -DARM_MATH_CM0_PLUS -DTARGET_RP2040 -DPICO_RP2040=1 -DPICO_FLASH_SIZE_BYTES=8388608 -DFILE_COPY_CONSTRUCTOR_SELECT=FILE_COPY_CONSTRUCTOR_PUBLIC -DUSE_UTF8_LONG_NAMES=1 -DDISABLE_FS_H_WARNING=1 -DCFG_TUSB_MCU=OPT_MCU_RP2040 -DUSB_VID=0x239A -DUSB_PID=0x8129 -DUSBD_VID=0x239A -DUSBD_PID=0x8129 -DUSB_MANUFACTURER=\"Adafruit\" "-DUSB_PRODUCT=\"Feather RP2040 USB Host\"" -DPICO_CYW43_ARCH_THREADSAFE_BACKGROUND=1 -DCYW43_LWIP=1 -DCYW43_PIO_CLOCK_DIV_DYNAMIC=1 -DLWIP_IPV4=1 -DLWIP_IGMP=1 -DLWIP_CHECKSUM_CTRL_PER_NETIF=1 -DLWIP_IPV6=0 -DARDUINO_VARIANT=\"adafruit_feather_usb_host\" -IC:\Users\MacGuffin_\.platformio\packages\framework-arduinopico\cores\rp2040 -IC:\Users\MacGuffin_\.platformio\packages\framework-arduinopico\cores\rp2040\api\deprecated -IC:\Users\MacGuffin_\.platformio\packages\framework-arduinopico\cores\rp2040\api\deprecated-avr-comp -IC:\Users\MacGuffin_\.platformio\packages\framework-arduinopico\libraries\Adafruit_TinyUSB_Arduino\src\arduino -IC:\Users\MacGuffin_\.platformio\packages\framework-arduinopico\include -IC:\Users\MacGuffin_\.platformio\packages\framework-arduinopico\variants\adafruit_feather_usb_host C:\Users\MacGuffin_\.platformio\packages\framework-arduinopico\cores\rp2040\api\Common.cpp
arm-none-eabi-g++ -o .pio\build\adafruit_feather_usb_host\FrameworkArduino\api\IPAddress.cpp.o -c -fno-exceptions -fno-rtti -std=gnu++17 -Os -Werror=return-type -Wno-psabi -ffunction-sections -fdata-sections -march=armv6-m -mcpu=cortex-m0plus -mthumb -iprefixC:\Users\MacGuffin_\.platformio\packages\framework-arduinopico @C:\Users\MacGuffin_\.platformio\packages\framework-arduinopico\lib\rp2040\platform_inc.txt @C:\Users\MacGuffin_\.platformio\packages\framework-arduinopico\lib\core_inc.txt -DPLATFORMIO=60118 -DARDUINO_ADAFRUIT_FEATHER_RP2040_USB_HOST -DARDUINO_ARCH_RP2040 -DUSBD_MAX_POWER_MA=250 -DUSE_TINYUSB -DUSE_TINYUSB_HOST -DSH110X_NO_SPLASH -DARDUINO=10810 -DARDUINO_ARCH_RP2040 -DF_CPU=133000000L -DBOARD_NAME=\"adafruit_feather_usb_host\" -DARM_MATH_CM0_FAMILY -DARM_MATH_CM0_PLUS -DTARGET_RP2040 -DPICO_RP2040=1 -DPICO_FLASH_SIZE_BYTES=8388608 -DFILE_COPY_CONSTRUCTOR_SELECT=FILE_COPY_CONSTRUCTOR_PUBLIC -DUSE_UTF8_LONG_NAMES=1 -DDISABLE_FS_H_WARNING=1 -DCFG_TUSB_MCU=OPT_MCU_RP2040 -DUSB_VID=0x239A -DUSB_PID=0x8129 -DUSBD_VID=0x239A -DUSBD_PID=0x8129 -DUSB_MANUFACTURER=\"Adafruit\" "-DUSB_PRODUCT=\"Feather RP2040 USB Host\"" -DPICO_CYW43_ARCH_THREADSAFE_BACKGROUND=1 -DCYW43_LWIP=1 -DCYW43_PIO_CLOCK_DIV_DYNAMIC=1 -DLWIP_IPV4=1 -DLWIP_IGMP=1 -DLWIP_CHECKSUM_CTRL_PER_NETIF=1 -DLWIP_IPV6=0 -DARDUINO_VARIANT=\"adafruit_feather_usb_host\" -IC:\Users\MacGuffin_\.platformio\packages\framework-arduinopico\cores\rp2040 -IC:\Users\MacGuffin_\.platformio\packages\framework-arduinopico\cores\rp2040\api\deprecated -IC:\Users\MacGuffin_\.platformio\packages\framework-arduinopico\cores\rp2040\api\deprecated-avr-comp -IC:\Users\MacGuffin_\.platformio\packages\framework-arduinopico\libraries\Adafruit_TinyUSB_Arduino\src\arduino -IC:\Users\MacGuffin_\.platformio\packages\framework-arduinopico\include -IC:\Users\MacGuffin_\.platformio\packages\framework-arduinopico\variants\adafruit_feather_usb_host C:\Users\MacGuffin_\.platformio\packages\framework-arduinopico\cores\rp2040\api\IPAddress.cpp
arm-none-eabi-g++ -o .pio\build\adafruit_feather_usb_host\FrameworkArduino\api\PluggableUSB.cpp.o -c -fno-exceptions -fno-rtti -std=gnu++17 -Os -Werror=return-type -Wno-psabi -ffunction-sections -fdata-sections -march=armv6-m -mcpu=cortex-m0plus -mthumb -iprefixC:\Users\MacGuffin_\.platformio\packages\framework-arduinopico @C:\Users\MacGuffin_\.platformio\packages\framework-arduinopico\lib\rp2040\platform_inc.txt @C:\Users\MacGuffin_\.platformio\packages\framework-arduinopico\lib\core_inc.txt -DPLATFORMIO=60118 -DARDUINO_ADAFRUIT_FEATHER_RP2040_USB_HOST -DARDUINO_ARCH_RP2040 -DUSBD_MAX_POWER_MA=250 -DUSE_TINYUSB -DUSE_TINYUSB_HOST -DSH110X_NO_SPLASH -DARDUINO=10810 -DARDUINO_ARCH_RP2040 -DF_CPU=133000000L -DBOARD_NAME=\"adafruit_feather_usb_host\" -DARM_MATH_CM0_FAMILY -DARM_MATH_CM0_PLUS -DTARGET_RP2040 -DPICO_RP2040=1 -DPICO_FLASH_SIZE_BYTES=8388608 -DFILE_COPY_CONSTRUCTOR_SELECT=FILE_COPY_CONSTRUCTOR_PUBLIC -DUSE_UTF8_LONG_NAMES=1 -DDISABLE_FS_H_WARNING=1 -DCFG_TUSB_MCU=OPT_MCU_RP2040 -DUSB_VID=0x239A -DUSB_PID=0x8129 -DUSBD_VID=0x239A -DUSBD_PID=0x8129 -DUSB_MANUFACTURER=\"Adafruit\" "-DUSB_PRODUCT=\"Feather RP2040 USB Host\"" -DPICO_CYW43_ARCH_THREADSAFE_BACKGROUND=1 -DCYW43_LWIP=1 -DCYW43_PIO_CLOCK_DIV_DYNAMIC=1 -DLWIP_IPV4=1 -DLWIP_IGMP=1 -DLWIP_CHECKSUM_CTRL_PER_NETIF=1 -DLWIP_IPV6=0 -DARDUINO_VARIANT=\"adafruit_feather_usb_host\" -IC:\Users\MacGuffin_\.platformio\packages\framework-arduinopico\cores\rp2040 -IC:\Users\MacGuffin_\.platformio\packages\framework-arduinopico\cores\rp2040\api\deprecated -IC:\Users\MacGuffin_\.platformio\packages\framework-arduinopico\cores\rp2040\api\deprecated-avr-comp -IC:\Users\MacGuffin_\.platformio\packages\framework-arduinopico\libraries\Adafruit_TinyUSB_Arduino\src\arduino -IC:\Users\MacGuffin_\.platformio\packages\framework-arduinopico\include -IC:\Users\MacGuffin_\.platformio\packages\framework-arduinopico\variants\adafruit_feather_usb_host C:\Users\MacGuffin_\.platformio\packages\framework-arduinopico\cores\rp2040\api\PluggableUSB.cpp
arm-none-eabi-g++ -o .pio\build\adafruit_feather_usb_host\FrameworkArduino\api\Print.cpp.o -c -fno-exceptions -fno-rtti -std=gnu++17 -Os -Werror=return-type -Wno-psabi -ffunction-sections -fdata-sections -march=armv6-m -mcpu=cortex-m0plus -mthumb -iprefixC:\Users\MacGuffin_\.platformio\packages\framework-arduinopico @C:\Users\MacGuffin_\.platformio\packages\framework-arduinopico\lib\rp2040\platform_inc.txt @C:\Users\MacGuffin_\.platformio\packages\framework-arduinopico\lib\core_inc.txt -DPLATFORMIO=60118 -DARDUINO_ADAFRUIT_FEATHER_RP2040_USB_HOST -DARDUINO_ARCH_RP2040 -DUSBD_MAX_POWER_MA=250 -DUSE_TINYUSB -DUSE_TINYUSB_HOST -DSH110X_NO_SPLASH -DARDUINO=10810 -DARDUINO_ARCH_RP2040 -DF_CPU=133000000L -DBOARD_NAME=\"adafruit_feather_usb_host\" -DARM_MATH_CM0_FAMILY -DARM_MATH_CM0_PLUS -DTARGET_RP2040 -DPICO_RP2040=1 -DPICO_FLASH_SIZE_BYTES=8388608 -DFILE_COPY_CONSTRUCTOR_SELECT=FILE_COPY_CONSTRUCTOR_PUBLIC -DUSE_UTF8_LONG_NAMES=1 -DDISABLE_FS_H_WARNING=1 -DCFG_TUSB_MCU=OPT_MCU_RP2040 -DUSB_VID=0x239A -DUSB_PID=0x8129 -DUSBD_VID=0x239A -DUSBD_PID=0x8129 -DUSB_MANUFACTURER=\"Adafruit\" "-DUSB_PRODUCT=\"Feather RP2040 USB Host\"" -DPICO_CYW43_ARCH_THREADSAFE_BACKGROUND=1 -DCYW43_LWIP=1 -DCYW43_PIO_CLOCK_DIV_DYNAMIC=1 -DLWIP_IPV4=1 -DLWIP_IGMP=1 -DLWIP_CHECKSUM_CTRL_PER_NETIF=1 -DLWIP_IPV6=0 -DARDUINO_VARIANT=\"adafruit_feather_usb_host\" -IC:\Users\MacGuffin_\.platformio\packages\framework-arduinopico\cores\rp2040 -IC:\Users\MacGuffin_\.platformio\packages\framework-arduinopico\cores\rp2040\api\deprecated -IC:\Users\MacGuffin_\.platformio\packages\framework-arduinopico\cores\rp2040\api\deprecated-avr-comp -IC:\Users\MacGuffin_\.platformio\packages\framework-arduinopico\libraries\Adafruit_TinyUSB_Arduino\src\arduino -IC:\Users\MacGuffin_\.platformio\packages\framework-arduinopico\include -IC:\Users\MacGuffin_\.platformio\packages\framework-arduinopico\variants\adafruit_feather_usb_host C:\Users\MacGuffin_\.platformio\packages\framework-arduinopico\cores\rp2040\api\Print.cpp
arm-none-eabi-g++ -o .pio\build\adafruit_feather_usb_host\FrameworkArduino\api\Stream.cpp.o -c -fno-exceptions -fno-rtti -std=gnu++17 -Os -Werror=return-type -Wno-psabi -ffunction-sections -fdata-sections -march=armv6-m -mcpu=cortex-m0plus -mthumb -iprefixC:\Users\MacGuffin_\.platformio\packages\framework-arduinopico @C:\Users\MacGuffin_\.platformio\packages\framework-arduinopico\lib\rp2040\platform_inc.txt @C:\Users\MacGuffin_\.platformio\packages\framework-arduinopico\lib\core_inc.txt -DPLATFORMIO=60118 -DARDUINO_ADAFRUIT_FEATHER_RP2040_USB_HOST -DARDUINO_ARCH_RP2040 -DUSBD_MAX_POWER_MA=250 -DUSE_TINYUSB -DUSE_TINYUSB_HOST -DSH110X_NO_SPLASH -DARDUINO=10810 -DARDUINO_ARCH_RP2040 -DF_CPU=133000000L -DBOARD_NAME=\"adafruit_feather_usb_host\" -DARM_MATH_CM0_FAMILY -DARM_MATH_CM0_PLUS -DTARGET_RP2040 -DPICO_RP2040=1 -DPICO_FLASH_SIZE_BYTES=8388608 -DFILE_COPY_CONSTRUCTOR_SELECT=FILE_COPY_CONSTRUCTOR_PUBLIC -DUSE_UTF8_LONG_NAMES=1 -DDISABLE_FS_H_WARNING=1 -DCFG_TUSB_MCU=OPT_MCU_RP2040 -DUSB_VID=0x239A -DUSB_PID=0x8129 -DUSBD_VID=0x239A -DUSBD_PID=0x8129 -DUSB_MANUFACTURER=\"Adafruit\" "-DUSB_PRODUCT=\"Feather RP2040 USB Host\"" -DPICO_CYW43_ARCH_THREADSAFE_BACKGROUND=1 -DCYW43_LWIP=1 -DCYW43_PIO_CLOCK_DIV_DYNAMIC=1 -DLWIP_IPV4=1 -DLWIP_IGMP=1 -DLWIP_CHECKSUM_CTRL_PER_NETIF=1 -DLWIP_IPV6=0 -DARDUINO_VARIANT=\"adafruit_feather_usb_host\" -IC:\Users\MacGuffin_\.platformio\packages\framework-arduinopico\cores\rp2040 -IC:\Users\MacGuffin_\.platformio\packages\framework-arduinopico\cores\rp2040\api\deprecated -IC:\Users\MacGuffin_\.platformio\packages\framework-arduinopico\cores\rp2040\api\deprecated-avr-comp -IC:\Users\MacGuffin_\.platformio\packages\framework-arduinopico\libraries\Adafruit_TinyUSB_Arduino\src\arduino -IC:\Users\MacGuffin_\.platformio\packages\framework-arduinopico\include -IC:\Users\MacGuffin_\.platformio\packages\framework-arduinopico\variants\adafruit_feather_usb_host C:\Users\MacGuffin_\.platformio\packages\framework-arduinopico\cores\rp2040\api\Stream.cpp
arm-none-eabi-g++ -o .pio\build\adafruit_feather_usb_host\FrameworkArduino\api\String.cpp.o -c -fno-exceptions -fno-rtti -std=gnu++17 -Os -Werror=return-type -Wno-psabi -ffunction-sections -fdata-sections -march=armv6-m -mcpu=cortex-m0plus -mthumb -iprefixC:\Users\MacGuffin_\.platformio\packages\framework-arduinopico @C:\Users\MacGuffin_\.platformio\packages\framework-arduinopico\lib\rp2040\platform_inc.txt @C:\Users\MacGuffin_\.platformio\packages\framework-arduinopico\lib\core_inc.txt -DPLATFORMIO=60118 -DARDUINO_ADAFRUIT_FEATHER_RP2040_USB_HOST -DARDUINO_ARCH_RP2040 -DUSBD_MAX_POWER_MA=250 -DUSE_TINYUSB -DUSE_TINYUSB_HOST -DSH110X_NO_SPLASH -DARDUINO=10810 -DARDUINO_ARCH_RP2040 -DF_CPU=133000000L -DBOARD_NAME=\"adafruit_feather_usb_host\" -DARM_MATH_CM0_FAMILY -DARM_MATH_CM0_PLUS -DTARGET_RP2040 -DPICO_RP2040=1 -DPICO_FLASH_SIZE_BYTES=8388608 -DFILE_COPY_CONSTRUCTOR_SELECT=FILE_COPY_CONSTRUCTOR_PUBLIC -DUSE_UTF8_LONG_NAMES=1 -DDISABLE_FS_H_WARNING=1 -DCFG_TUSB_MCU=OPT_MCU_RP2040 -DUSB_VID=0x239A -DUSB_PID=0x8129 -DUSBD_VID=0x239A -DUSBD_PID=0x8129 -DUSB_MANUFACTURER=\"Adafruit\" "-DUSB_PRODUCT=\"Feather RP2040 USB Host\"" -DPICO_CYW43_ARCH_THREADSAFE_BACKGROUND=1 -DCYW43_LWIP=1 -DCYW43_PIO_CLOCK_DIV_DYNAMIC=1 -DLWIP_IPV4=1 -DLWIP_IGMP=1 -DLWIP_CHECKSUM_CTRL_PER_NETIF=1 -DLWIP_IPV6=0 -DARDUINO_VARIANT=\"adafruit_feather_usb_host\" -IC:\Users\MacGuffin_\.platformio\packages\framework-arduinopico\cores\rp2040 -IC:\Users\MacGuffin_\.platformio\packages\framework-arduinopico\cores\rp2040\api\deprecated -IC:\Users\MacGuffin_\.platformio\packages\framework-arduinopico\cores\rp2040\api\deprecated-avr-comp -IC:\Users\MacGuffin_\.platformio\packages\framework-arduinopico\libraries\Adafruit_TinyUSB_Arduino\src\arduino -IC:\Users\MacGuffin_\.platformio\packages\framework-arduinopico\include -IC:\Users\MacGuffin_\.platformio\packages\framework-arduinopico\variants\adafruit_feather_usb_host C:\Users\MacGuffin_\.platformio\packages\framework-arduinopico\cores\rp2040\api\String.cpp
arm-none-eabi-g++ -o .pio\build\adafruit_feather_usb_host\FrameworkArduino\cyw43_wrappers.cpp.o -c -fno-exceptions -fno-rtti -std=gnu++17 -Os -Werror=return-type -Wno-psabi -ffunction-sections -fdata-sections -march=armv6-m -mcpu=cortex-m0plus -mthumb -iprefixC:\Users\MacGuffin_\.platformio\packages\framework-arduinopico @C:\Users\MacGuffin_\.platformio\packages\framework-arduinopico\lib\rp2040\platform_inc.txt @C:\Users\MacGuffin_\.platformio\packages\framework-arduinopico\lib\core_inc.txt -DPLATFORMIO=60118 -DARDUINO_ADAFRUIT_FEATHER_RP2040_USB_HOST -DARDUINO_ARCH_RP2040 -DUSBD_MAX_POWER_MA=250 -DUSE_TINYUSB -DUSE_TINYUSB_HOST -DSH110X_NO_SPLASH -DARDUINO=10810 -DARDUINO_ARCH_RP2040 -DF_CPU=133000000L -DBOARD_NAME=\"adafruit_feather_usb_host\" -DARM_MATH_CM0_FAMILY -DARM_MATH_CM0_PLUS -DTARGET_RP2040 -DPICO_RP2040=1 -DPICO_FLASH_SIZE_BYTES=8388608 -DFILE_COPY_CONSTRUCTOR_SELECT=FILE_COPY_CONSTRUCTOR_PUBLIC -DUSE_UTF8_LONG_NAMES=1 -DDISABLE_FS_H_WARNING=1 -DCFG_TUSB_MCU=OPT_MCU_RP2040 -DUSB_VID=0x239A -DUSB_PID=0x8129 -DUSBD_VID=0x239A -DUSBD_PID=0x8129 -DUSB_MANUFACTURER=\"Adafruit\" "-DUSB_PRODUCT=\"Feather RP2040 USB Host\"" -DPICO_CYW43_ARCH_THREADSAFE_BACKGROUND=1 -DCYW43_LWIP=1 -DCYW43_PIO_CLOCK_DIV_DYNAMIC=1 -DLWIP_IPV4=1 -DLWIP_IGMP=1 -DLWIP_CHECKSUM_CTRL_PER_NETIF=1 -DLWIP_IPV6=0 -DARDUINO_VARIANT=\"adafruit_feather_usb_host\" -IC:\Users\MacGuffin_\.platformio\packages\framework-arduinopico\cores\rp2040 -IC:\Users\MacGuffin_\.platformio\packages\framework-arduinopico\cores\rp2040\api\deprecated -IC:\Users\MacGuffin_\.platformio\packages\framework-arduinopico\cores\rp2040\api\deprecated-avr-comp -IC:\Users\MacGuffin_\.platformio\packages\framework-arduinopico\libraries\Adafruit_TinyUSB_Arduino\src\arduino -IC:\Users\MacGuffin_\.platformio\packages\framework-arduinopico\include -IC:\Users\MacGuffin_\.platformio\packages\framework-arduinopico\variants\adafruit_feather_usb_host C:\Users\MacGuffin_\.platformio\packages\framework-arduinopico\cores\rp2040\cyw43_wrappers.cpp
arm-none-eabi-g++ -o .pio\build\adafruit_feather_usb_host\FrameworkArduino\delay.cpp.o -c -fno-exceptions -fno-rtti -std=gnu++17 -Os -Werror=return-type -Wno-psabi -ffunction-sections -fdata-sections -march=armv6-m -mcpu=cortex-m0plus -mthumb -iprefixC:\Users\MacGuffin_\.platformio\packages\framework-arduinopico @C:\Users\MacGuffin_\.platformio\packages\framework-arduinopico\lib\rp2040\platform_inc.txt @C:\Users\MacGuffin_\.platformio\packages\framework-arduinopico\lib\core_inc.txt -DPLATFORMIO=60118 -DARDUINO_ADAFRUIT_FEATHER_RP2040_USB_HOST -DARDUINO_ARCH_RP2040 -DUSBD_MAX_POWER_MA=250 -DUSE_TINYUSB -DUSE_TINYUSB_HOST -DSH110X_NO_SPLASH -DARDUINO=10810 -DARDUINO_ARCH_RP2040 -DF_CPU=133000000L -DBOARD_NAME=\"adafruit_feather_usb_host\" -DARM_MATH_CM0_FAMILY -DARM_MATH_CM0_PLUS -DTARGET_RP2040 -DPICO_RP2040=1 -DPICO_FLASH_SIZE_BYTES=8388608 -DFILE_COPY_CONSTRUCTOR_SELECT=FILE_COPY_CONSTRUCTOR_PUBLIC -DUSE_UTF8_LONG_NAMES=1 -DDISABLE_FS_H_WARNING=1 -DCFG_TUSB_MCU=OPT_MCU_RP2040 -DUSB_VID=0x239A -DUSB_PID=0x8129 -DUSBD_VID=0x239A -DUSBD_PID=0x8129 -DUSB_MANUFACTURER=\"Adafruit\" "-DUSB_PRODUCT=\"Feather RP2040 USB Host\"" -DPICO_CYW43_ARCH_THREADSAFE_BACKGROUND=1 -DCYW43_LWIP=1 -DCYW43_PIO_CLOCK_DIV_DYNAMIC=1 -DLWIP_IPV4=1 -DLWIP_IGMP=1 -DLWIP_CHECKSUM_CTRL_PER_NETIF=1 -DLWIP_IPV6=0 -DARDUINO_VARIANT=\"adafruit_feather_usb_host\" -IC:\Users\MacGuffin_\.platformio\packages\framework-arduinopico\cores\rp2040 -IC:\Users\MacGuffin_\.platformio\packages\framework-arduinopico\cores\rp2040\api\deprecated -IC:\Users\MacGuffin_\.platformio\packages\framework-arduinopico\cores\rp2040\api\deprecated-avr-comp -IC:\Users\MacGuffin_\.platformio\packages\framework-arduinopico\libraries\Adafruit_TinyUSB_Arduino\src\arduino -IC:\Users\MacGuffin_\.platformio\packages\framework-arduinopico\include -IC:\Users\MacGuffin_\.platformio\packages\framework-arduinopico\variants\adafruit_feather_usb_host C:\Users\MacGuffin_\.platformio\packages\framework-arduinopico\cores\rp2040\delay.cpp
arm-none-eabi-gcc -o .pio\build\adafruit_feather_usb_host\FrameworkArduino\gprof_gmon.c.o -c -std=gnu17 -Os -Werror=return-type -Wno-psabi -ffunction-sections -fdata-sections -march=armv6-m -mcpu=cortex-m0plus -mthumb -iprefixC:\Users\MacGuffin_\.platformio\packages\framework-arduinopico @C:\Users\MacGuffin_\.platformio\packages\framework-arduinopico\lib\rp2040\platform_inc.txt @C:\Users\MacGuffin_\.platformio\packages\framework-arduinopico\lib\core_inc.txt -DPLATFORMIO=60118 -DARDUINO_ADAFRUIT_FEATHER_RP2040_USB_HOST -DARDUINO_ARCH_RP2040 -DUSBD_MAX_POWER_MA=250 -DUSE_TINYUSB -DUSE_TINYUSB_HOST -DSH110X_NO_SPLASH -DARDUINO=10810 -DARDUINO_ARCH_RP2040 -DF_CPU=133000000L -DBOARD_NAME=\"adafruit_feather_usb_host\" -DARM_MATH_CM0_FAMILY -DARM_MATH_CM0_PLUS -DTARGET_RP2040 -DPICO_RP2040=1 -DPICO_FLASH_SIZE_BYTES=8388608 -DFILE_COPY_CONSTRUCTOR_SELECT=FILE_COPY_CONSTRUCTOR_PUBLIC -DUSE_UTF8_LONG_NAMES=1 -DDISABLE_FS_H_WARNING=1 -DCFG_TUSB_MCU=OPT_MCU_RP2040 -DUSB_VID=0x239A -DUSB_PID=0x8129 -DUSBD_VID=0x239A -DUSBD_PID=0x8129 -DUSB_MANUFACTURER=\"Adafruit\" "-DUSB_PRODUCT=\"Feather RP2040 USB Host\"" -DPICO_CYW43_ARCH_THREADSAFE_BACKGROUND=1 -DCYW43_LWIP=1 -DCYW43_PIO_CLOCK_DIV_DYNAMIC=1 -DLWIP_IPV4=1 -DLWIP_IGMP=1 -DLWIP_CHECKSUM_CTRL_PER_NETIF=1 -DLWIP_IPV6=0 -DARDUINO_VARIANT=\"adafruit_feather_usb_host\" -IC:\Users\MacGuffin_\.platformio\packages\framework-arduinopico\cores\rp2040 -IC:\Users\MacGuffin_\.platformio\packages\framework-arduinopico\cores\rp2040\api\deprecated -IC:\Users\MacGuffin_\.platformio\packages\framework-arduinopico\cores\rp2040\api\deprecated-avr-comp -IC:\Users\MacGuffin_\.platformio\packages\framework-arduinopico\libraries\Adafruit_TinyUSB_Arduino\src\arduino -IC:\Users\MacGuffin_\.platformio\packages\framework-arduinopico\include -IC:\Users\MacGuffin_\.platformio\packages\framework-arduinopico\variants\adafruit_feather_usb_host C:\Users\MacGuffin_\.platformio\packages\framework-arduinopico\cores\rp2040\gprof_gmon.c
arm-none-eabi-gcc -iprefixC:\Users\MacGuffin_\.platformio\packages\framework-arduinopico @C:\Users\MacGuffin_\.platformio\packages\framework-arduinopico\lib\rp2040\platform_inc.txt @C:\Users\MacGuffin_\.platformio\packages\framework-arduinopico\lib\core_inc.txt -march=armv6-m -mcpu=cortex-m0plus -mthumb -I C:\Users\MacGuffin_\.platformio\packages\framework-arduinopico\pico-sdk\src\rp2040\hardware_regs\include -I C:\Users\MacGuffin_\.platformio\packages\framework-arduinopico\pico-sdk\src\common\pico_binary_info\include -DPLATFORMIO=60118 -DARDUINO_ADAFRUIT_FEATHER_RP2040_USB_HOST -DARDUINO_ARCH_RP2040 -DUSBD_MAX_POWER_MA=250 -DUSE_TINYUSB -DUSE_TINYUSB_HOST -DSH110X_NO_SPLASH -DARDUINO=10810 -DARDUINO_ARCH_RP2040 -DF_CPU=133000000L -DBOARD_NAME=\"adafruit_feather_usb_host\" -DARM_MATH_CM0_FAMILY -DARM_MATH_CM0_PLUS -DTARGET_RP2040 -DPICO_RP2040=1 -DPICO_FLASH_SIZE_BYTES=8388608 -DFILE_COPY_CONSTRUCTOR_SELECT=FILE_COPY_CONSTRUCTOR_PUBLIC -DUSE_UTF8_LONG_NAMES=1 -DDISABLE_FS_H_WARNING=1 -DCFG_TUSB_MCU=OPT_MCU_RP2040 -DUSB_VID=0x239A -DUSB_PID=0x8129 -DUSBD_VID=0x239A -DUSBD_PID=0x8129 -DUSB_MANUFACTURER=\"Adafruit\" "-DUSB_PRODUCT=\"Feather RP2040 USB Host\"" -DPICO_CYW43_ARCH_THREADSAFE_BACKGROUND=1 -DCYW43_LWIP=1 -DCYW43_PIO_CLOCK_DIV_DYNAMIC=1 -DLWIP_IPV4=1 -DLWIP_IGMP=1 -DLWIP_CHECKSUM_CTRL_PER_NETIF=1 -DLWIP_IPV6=0 -DARDUINO_VARIANT=\"adafruit_feather_usb_host\" -IC:\Users\MacGuffin_\.platformio\packages\framework-arduinopico\cores\rp2040 -IC:\Users\MacGuffin_\.platformio\packages\framework-arduinopico\cores\rp2040\api\deprecated -IC:\Users\MacGuffin_\.platformio\packages\framework-arduinopico\cores\rp2040\api\deprecated-avr-comp -IC:\Users\MacGuffin_\.platformio\packages\framework-arduinopico\libraries\Adafruit_TinyUSB_Arduino\src\arduino -IC:\Users\MacGuffin_\.platformio\packages\framework-arduinopico\include -IC:\Users\MacGuffin_\.platformio\packages\framework-arduinopico\variants\adafruit_feather_usb_host -c -o .pio\build\adafruit_feather_usb_host\FrameworkArduino\gprof_shim.S.o C:\Users\MacGuffin_\.platformio\packages\framework-arduinopico\cores\rp2040\gprof_shim.S
arm-none-eabi-g++ -o .pio\build\adafruit_feather_usb_host\FrameworkArduino\libb64\cdecode.cpp.o -c -fno-exceptions -fno-rtti -std=gnu++17 -Os -Werror=return-type -Wno-psabi -ffunction-sections -fdata-sections -march=armv6-m -mcpu=cortex-m0plus -mthumb -iprefixC:\Users\MacGuffin_\.platformio\packages\framework-arduinopico @C:\Users\MacGuffin_\.platformio\packages\framework-arduinopico\lib\rp2040\platform_inc.txt @C:\Users\MacGuffin_\.platformio\packages\framework-arduinopico\lib\core_inc.txt -DPLATFORMIO=60118 -DARDUINO_ADAFRUIT_FEATHER_RP2040_USB_HOST -DARDUINO_ARCH_RP2040 -DUSBD_MAX_POWER_MA=250 -DUSE_TINYUSB -DUSE_TINYUSB_HOST -DSH110X_NO_SPLASH -DARDUINO=10810 -DARDUINO_ARCH_RP2040 -DF_CPU=133000000L -DBOARD_NAME=\"adafruit_feather_usb_host\" -DARM_MATH_CM0_FAMILY -DARM_MATH_CM0_PLUS -DTARGET_RP2040 -DPICO_RP2040=1 -DPICO_FLASH_SIZE_BYTES=8388608 -DFILE_COPY_CONSTRUCTOR_SELECT=FILE_COPY_CONSTRUCTOR_PUBLIC -DUSE_UTF8_LONG_NAMES=1 -DDISABLE_FS_H_WARNING=1 -DCFG_TUSB_MCU=OPT_MCU_RP2040 -DUSB_VID=0x239A -DUSB_PID=0x8129 -DUSBD_VID=0x239A -DUSBD_PID=0x8129 -DUSB_MANUFACTURER=\"Adafruit\" "-DUSB_PRODUCT=\"Feather RP2040 USB Host\"" -DPICO_CYW43_ARCH_THREADSAFE_BACKGROUND=1 -DCYW43_LWIP=1 -DCYW43_PIO_CLOCK_DIV_DYNAMIC=1 -DLWIP_IPV4=1 -DLWIP_IGMP=1 -DLWIP_CHECKSUM_CTRL_PER_NETIF=1 -DLWIP_IPV6=0 -DARDUINO_VARIANT=\"adafruit_feather_usb_host\" -IC:\Users\MacGuffin_\.platformio\packages\framework-arduinopico\cores\rp2040 -IC:\Users\MacGuffin_\.platformio\packages\framework-arduinopico\cores\rp2040\api\deprecated -IC:\Users\MacGuffin_\.platformio\packages\framework-arduinopico\cores\rp2040\api\deprecated-avr-comp -IC:\Users\MacGuffin_\.platformio\packages\framework-arduinopico\libraries\Adafruit_TinyUSB_Arduino\src\arduino -IC:\Users\MacGuffin_\.platformio\packages\framework-arduinopico\include -IC:\Users\MacGuffin_\.platformio\packages\framework-arduinopico\variants\adafruit_feather_usb_host C:\Users\MacGuffin_\.platformio\packages\framework-arduinopico\cores\rp2040\libb64\cdecode.cpp
arm-none-eabi-g++ -o .pio\build\adafruit_feather_usb_host\FrameworkArduino\libb64\cencode.cpp.o -c -fno-exceptions -fno-rtti -std=gnu++17 -Os -Werror=return-type -Wno-psabi -ffunction-sections -fdata-sections -march=armv6-m -mcpu=cortex-m0plus -mthumb -iprefixC:\Users\MacGuffin_\.platformio\packages\framework-arduinopico @C:\Users\MacGuffin_\.platformio\packages\framework-arduinopico\lib\rp2040\platform_inc.txt @C:\Users\MacGuffin_\.platformio\packages\framework-arduinopico\lib\core_inc.txt -DPLATFORMIO=60118 -DARDUINO_ADAFRUIT_FEATHER_RP2040_USB_HOST -DARDUINO_ARCH_RP2040 -DUSBD_MAX_POWER_MA=250 -DUSE_TINYUSB -DUSE_TINYUSB_HOST -DSH110X_NO_SPLASH -DARDUINO=10810 -DARDUINO_ARCH_RP2040 -DF_CPU=133000000L -DBOARD_NAME=\"adafruit_feather_usb_host\" -DARM_MATH_CM0_FAMILY -DARM_MATH_CM0_PLUS -DTARGET_RP2040 -DPICO_RP2040=1 -DPICO_FLASH_SIZE_BYTES=8388608 -DFILE_COPY_CONSTRUCTOR_SELECT=FILE_COPY_CONSTRUCTOR_PUBLIC -DUSE_UTF8_LONG_NAMES=1 -DDISABLE_FS_H_WARNING=1 -DCFG_TUSB_MCU=OPT_MCU_RP2040 -DUSB_VID=0x239A -DUSB_PID=0x8129 -DUSBD_VID=0x239A -DUSBD_PID=0x8129 -DUSB_MANUFACTURER=\"Adafruit\" "-DUSB_PRODUCT=\"Feather RP2040 USB Host\"" -DPICO_CYW43_ARCH_THREADSAFE_BACKGROUND=1 -DCYW43_LWIP=1 -DCYW43_PIO_CLOCK_DIV_DYNAMIC=1 -DLWIP_IPV4=1 -DLWIP_IGMP=1 -DLWIP_CHECKSUM_CTRL_PER_NETIF=1 -DLWIP_IPV6=0 -DARDUINO_VARIANT=\"adafruit_feather_usb_host\" -IC:\Users\MacGuffin_\.platformio\packages\framework-arduinopico\cores\rp2040 -IC:\Users\MacGuffin_\.platformio\packages\framework-arduinopico\cores\rp2040\api\deprecated -IC:\Users\MacGuffin_\.platformio\packages\framework-arduinopico\cores\rp2040\api\deprecated-avr-comp -IC:\Users\MacGuffin_\.platformio\packages\framework-arduinopico\libraries\Adafruit_TinyUSB_Arduino\src\arduino -IC:\Users\MacGuffin_\.platformio\packages\framework-arduinopico\include -IC:\Users\MacGuffin_\.platformio\packages\framework-arduinopico\variants\adafruit_feather_usb_host C:\Users\MacGuffin_\.platformio\packages\framework-arduinopico\cores\rp2040\libb64\cencode.cpp
arm-none-eabi-g++ -o .pio\build\adafruit_feather_usb_host\FrameworkArduino\lock.cpp.o -c -fno-exceptions -fno-rtti -std=gnu++17 -Os -Werror=return-type -Wno-psabi -ffunction-sections -fdata-sections -march=armv6-m -mcpu=cortex-m0plus -mthumb -iprefixC:\Users\MacGuffin_\.platformio\packages\framework-arduinopico @C:\Users\MacGuffin_\.platformio\packages\framework-arduinopico\lib\rp2040\platform_inc.txt @C:\Users\MacGuffin_\.platformio\packages\framework-arduinopico\lib\core_inc.txt -DPLATFORMIO=60118 -DARDUINO_ADAFRUIT_FEATHER_RP2040_USB_HOST -DARDUINO_ARCH_RP2040 -DUSBD_MAX_POWER_MA=250 -DUSE_TINYUSB -DUSE_TINYUSB_HOST -DSH110X_NO_SPLASH -DARDUINO=10810 -DARDUINO_ARCH_RP2040 -DF_CPU=133000000L -DBOARD_NAME=\"adafruit_feather_usb_host\" -DARM_MATH_CM0_FAMILY -DARM_MATH_CM0_PLUS -DTARGET_RP2040 -DPICO_RP2040=1 -DPICO_FLASH_SIZE_BYTES=8388608 -DFILE_COPY_CONSTRUCTOR_SELECT=FILE_COPY_CONSTRUCTOR_PUBLIC -DUSE_UTF8_LONG_NAMES=1 -DDISABLE_FS_H_WARNING=1 -DCFG_TUSB_MCU=OPT_MCU_RP2040 -DUSB_VID=0x239A -DUSB_PID=0x8129 -DUSBD_VID=0x239A -DUSBD_PID=0x8129 -DUSB_MANUFACTURER=\"Adafruit\" "-DUSB_PRODUCT=\"Feather RP2040 USB Host\"" -DPICO_CYW43_ARCH_THREADSAFE_BACKGROUND=1 -DCYW43_LWIP=1 -DCYW43_PIO_CLOCK_DIV_DYNAMIC=1 -DLWIP_IPV4=1 -DLWIP_IGMP=1 -DLWIP_CHECKSUM_CTRL_PER_NETIF=1 -DLWIP_IPV6=0 -DARDUINO_VARIANT=\"adafruit_feather_usb_host\" -IC:\Users\MacGuffin_\.platformio\packages\framework-arduinopico\cores\rp2040 -IC:\Users\MacGuffin_\.platformio\packages\framework-arduinopico\cores\rp2040\api\deprecated -IC:\Users\MacGuffin_\.platformio\packages\framework-arduinopico\cores\rp2040\api\deprecated-avr-comp -IC:\Users\MacGuffin_\.platformio\packages\framework-arduinopico\libraries\Adafruit_TinyUSB_Arduino\src\arduino -IC:\Users\MacGuffin_\.platformio\packages\framework-arduinopico\include -IC:\Users\MacGuffin_\.platformio\packages\framework-arduinopico\variants\adafruit_feather_usb_host C:\Users\MacGuffin_\.platformio\packages\framework-arduinopico\cores\rp2040\lock.cpp
arm-none-eabi-g++ -o .pio\build\adafruit_feather_usb_host\FrameworkArduino\lwip_wrap.cpp.o -c -fno-exceptions -fno-rtti -std=gnu++17 -Os -Werror=return-type -Wno-psabi -ffunction-sections -fdata-sections -march=armv6-m -mcpu=cortex-m0plus -mthumb -iprefixC:\Users\MacGuffin_\.platformio\packages\framework-arduinopico @C:\Users\MacGuffin_\.platformio\packages\framework-arduinopico\lib\rp2040\platform_inc.txt @C:\Users\MacGuffin_\.platformio\packages\framework-arduinopico\lib\core_inc.txt -DPLATFORMIO=60118 -DARDUINO_ADAFRUIT_FEATHER_RP2040_USB_HOST -DARDUINO_ARCH_RP2040 -DUSBD_MAX_POWER_MA=250 -DUSE_TINYUSB -DUSE_TINYUSB_HOST -DSH110X_NO_SPLASH -DARDUINO=10810 -DARDUINO_ARCH_RP2040 -DF_CPU=133000000L -DBOARD_NAME=\"adafruit_feather_usb_host\" -DARM_MATH_CM0_FAMILY -DARM_MATH_CM0_PLUS -DTARGET_RP2040 -DPICO_RP2040=1 -DPICO_FLASH_SIZE_BYTES=8388608 -DFILE_COPY_CONSTRUCTOR_SELECT=FILE_COPY_CONSTRUCTOR_PUBLIC -DUSE_UTF8_LONG_NAMES=1 -DDISABLE_FS_H_WARNING=1 -DCFG_TUSB_MCU=OPT_MCU_RP2040 -DUSB_VID=0x239A -DUSB_PID=0x8129 -DUSBD_VID=0x239A -DUSBD_PID=0x8129 -DUSB_MANUFACTURER=\"Adafruit\" "-DUSB_PRODUCT=\"Feather RP2040 USB Host\"" -DPICO_CYW43_ARCH_THREADSAFE_BACKGROUND=1 -DCYW43_LWIP=1 -DCYW43_PIO_CLOCK_DIV_DYNAMIC=1 -DLWIP_IPV4=1 -DLWIP_IGMP=1 -DLWIP_CHECKSUM_CTRL_PER_NETIF=1 -DLWIP_IPV6=0 -DARDUINO_VARIANT=\"adafruit_feather_usb_host\" -IC:\Users\MacGuffin_\.platformio\packages\framework-arduinopico\cores\rp2040 -IC:\Users\MacGuffin_\.platformio\packages\framework-arduinopico\cores\rp2040\api\deprecated -IC:\Users\MacGuffin_\.platformio\packages\framework-arduinopico\cores\rp2040\api\deprecated-avr-comp -IC:\Users\MacGuffin_\.platformio\packages\framework-arduinopico\libraries\Adafruit_TinyUSB_Arduino\src\arduino -IC:\Users\MacGuffin_\.platformio\packages\framework-arduinopico\include -IC:\Users\MacGuffin_\.platformio\packages\framework-arduinopico\variants\adafruit_feather_usb_host C:\Users\MacGuffin_\.platformio\packages\framework-arduinopico\cores\rp2040\lwip_wrap.cpp
arm-none-eabi-g++ -o .pio\build\adafruit_feather_usb_host\FrameworkArduino\main.cpp.o -c -fno-exceptions -fno-rtti -std=gnu++17 -Os -Werror=return-type -Wno-psabi -ffunction-sections -fdata-sections -march=armv6-m -mcpu=cortex-m0plus -mthumb -iprefixC:\Users\MacGuffin_\.platformio\packages\framework-arduinopico @C:\Users\MacGuffin_\.platformio\packages\framework-arduinopico\lib\rp2040\platform_inc.txt @C:\Users\MacGuffin_\.platformio\packages\framework-arduinopico\lib\core_inc.txt -DPLATFORMIO=60118 -DARDUINO_ADAFRUIT_FEATHER_RP2040_USB_HOST -DARDUINO_ARCH_RP2040 -DUSBD_MAX_POWER_MA=250 -DUSE_TINYUSB -DUSE_TINYUSB_HOST -DSH110X_NO_SPLASH -DARDUINO=10810 -DARDUINO_ARCH_RP2040 -DF_CPU=133000000L -DBOARD_NAME=\"adafruit_feather_usb_host\" -DARM_MATH_CM0_FAMILY -DARM_MATH_CM0_PLUS -DTARGET_RP2040 -DPICO_RP2040=1 -DPICO_FLASH_SIZE_BYTES=8388608 -DFILE_COPY_CONSTRUCTOR_SELECT=FILE_COPY_CONSTRUCTOR_PUBLIC -DUSE_UTF8_LONG_NAMES=1 -DDISABLE_FS_H_WARNING=1 -DCFG_TUSB_MCU=OPT_MCU_RP2040 -DUSB_VID=0x239A -DUSB_PID=0x8129 -DUSBD_VID=0x239A -DUSBD_PID=0x8129 -DUSB_MANUFACTURER=\"Adafruit\" "-DUSB_PRODUCT=\"Feather RP2040 USB Host\"" -DPICO_CYW43_ARCH_THREADSAFE_BACKGROUND=1 -DCYW43_LWIP=1 -DCYW43_PIO_CLOCK_DIV_DYNAMIC=1 -DLWIP_IPV4=1 -DLWIP_IGMP=1 -DLWIP_CHECKSUM_CTRL_PER_NETIF=1 -DLWIP_IPV6=0 -DARDUINO_VARIANT=\"adafruit_feather_usb_host\" -IC:\Users\MacGuffin_\.platformio\packages\framework-arduinopico\cores\rp2040 -IC:\Users\MacGuffin_\.platformio\packages\framework-arduinopico\cores\rp2040\api\deprecated -IC:\Users\MacGuffin_\.platformio\packages\framework-arduinopico\cores\rp2040\api\deprecated-avr-comp -IC:\Users\MacGuffin_\.platformio\packages\framework-arduinopico\libraries\Adafruit_TinyUSB_Arduino\src\arduino -IC:\Users\MacGuffin_\.platformio\packages\framework-arduinopico\include -IC:\Users\MacGuffin_\.platformio\packages\framework-arduinopico\variants\adafruit_feather_usb_host C:\Users\MacGuffin_\.platformio\packages\framework-arduinopico\cores\rp2040\main.cpp
arm-none-eabi-g++ -o .pio\build\adafruit_feather_usb_host\FrameworkArduino\malloc-lock.cpp.o -c -fno-exceptions -fno-rtti -std=gnu++17 -Os -Werror=return-type -Wno-psabi -ffunction-sections -fdata-sections -march=armv6-m -mcpu=cortex-m0plus -mthumb -iprefixC:\Users\MacGuffin_\.platformio\packages\framework-arduinopico @C:\Users\MacGuffin_\.platformio\packages\framework-arduinopico\lib\rp2040\platform_inc.txt @C:\Users\MacGuffin_\.platformio\packages\framework-arduinopico\lib\core_inc.txt -DPLATFORMIO=60118 -DARDUINO_ADAFRUIT_FEATHER_RP2040_USB_HOST -DARDUINO_ARCH_RP2040 -DUSBD_MAX_POWER_MA=250 -DUSE_TINYUSB -DUSE_TINYUSB_HOST -DSH110X_NO_SPLASH -DARDUINO=10810 -DARDUINO_ARCH_RP2040 -DF_CPU=133000000L -DBOARD_NAME=\"adafruit_feather_usb_host\" -DARM_MATH_CM0_FAMILY -DARM_MATH_CM0_PLUS -DTARGET_RP2040 -DPICO_RP2040=1 -DPICO_FLASH_SIZE_BYTES=8388608 -DFILE_COPY_CONSTRUCTOR_SELECT=FILE_COPY_CONSTRUCTOR_PUBLIC -DUSE_UTF8_LONG_NAMES=1 -DDISABLE_FS_H_WARNING=1 -DCFG_TUSB_MCU=OPT_MCU_RP2040 -DUSB_VID=0x239A -DUSB_PID=0x8129 -DUSBD_VID=0x239A -DUSBD_PID=0x8129 -DUSB_MANUFACTURER=\"Adafruit\" "-DUSB_PRODUCT=\"Feather RP2040 USB Host\"" -DPICO_CYW43_ARCH_THREADSAFE_BACKGROUND=1 -DCYW43_LWIP=1 -DCYW43_PIO_CLOCK_DIV_DYNAMIC=1 -DLWIP_IPV4=1 -DLWIP_IGMP=1 -DLWIP_CHECKSUM_CTRL_PER_NETIF=1 -DLWIP_IPV6=0 -DARDUINO_VARIANT=\"adafruit_feather_usb_host\" -IC:\Users\MacGuffin_\.platformio\packages\framework-arduinopico\cores\rp2040 -IC:\Users\MacGuffin_\.platformio\packages\framework-arduinopico\cores\rp2040\api\deprecated -IC:\Users\MacGuffin_\.platformio\packages\framework-arduinopico\cores\rp2040\api\deprecated-avr-comp -IC:\Users\MacGuffin_\.platformio\packages\framework-arduinopico\libraries\Adafruit_TinyUSB_Arduino\src\arduino -IC:\Users\MacGuffin_\.platformio\packages\framework-arduinopico\include -IC:\Users\MacGuffin_\.platformio\packages\framework-arduinopico\variants\adafruit_feather_usb_host C:\Users\MacGuffin_\.platformio\packages\framework-arduinopico\cores\rp2040\malloc-lock.cpp
arm-none-eabi-g++ -o .pio\build\adafruit_feather_usb_host\FrameworkArduino\posix.cpp.o -c -fno-exceptions -fno-rtti -std=gnu++17 -Os -Werror=return-type -Wno-psabi -ffunction-sections -fdata-sections -march=armv6-m -mcpu=cortex-m0plus -mthumb -iprefixC:\Users\MacGuffin_\.platformio\packages\framework-arduinopico @C:\Users\MacGuffin_\.platformio\packages\framework-arduinopico\lib\rp2040\platform_inc.txt @C:\Users\MacGuffin_\.platformio\packages\framework-arduinopico\lib\core_inc.txt -DPLATFORMIO=60118 -DARDUINO_ADAFRUIT_FEATHER_RP2040_USB_HOST -DARDUINO_ARCH_RP2040 -DUSBD_MAX_POWER_MA=250 -DUSE_TINYUSB -DUSE_TINYUSB_HOST -DSH110X_NO_SPLASH -DARDUINO=10810 -DARDUINO_ARCH_RP2040 -DF_CPU=133000000L -DBOARD_NAME=\"adafruit_feather_usb_host\" -DARM_MATH_CM0_FAMILY -DARM_MATH_CM0_PLUS -DTARGET_RP2040 -DPICO_RP2040=1 -DPICO_FLASH_SIZE_BYTES=8388608 -DFILE_COPY_CONSTRUCTOR_SELECT=FILE_COPY_CONSTRUCTOR_PUBLIC -DUSE_UTF8_LONG_NAMES=1 -DDISABLE_FS_H_WARNING=1 -DCFG_TUSB_MCU=OPT_MCU_RP2040 -DUSB_VID=0x239A -DUSB_PID=0x8129 -DUSBD_VID=0x239A -DUSBD_PID=0x8129 -DUSB_MANUFACTURER=\"Adafruit\" "-DUSB_PRODUCT=\"Feather RP2040 USB Host\"" -DPICO_CYW43_ARCH_THREADSAFE_BACKGROUND=1 -DCYW43_LWIP=1 -DCYW43_PIO_CLOCK_DIV_DYNAMIC=1 -DLWIP_IPV4=1 -DLWIP_IGMP=1 -DLWIP_CHECKSUM_CTRL_PER_NETIF=1 -DLWIP_IPV6=0 -DARDUINO_VARIANT=\"adafruit_feather_usb_host\" -IC:\Users\MacGuffin_\.platformio\packages\framework-arduinopico\cores\rp2040 -IC:\Users\MacGuffin_\.platformio\packages\framework-arduinopico\cores\rp2040\api\deprecated -IC:\Users\MacGuffin_\.platformio\packages\framework-arduinopico\cores\rp2040\api\deprecated-avr-comp -IC:\Users\MacGuffin_\.platformio\packages\framework-arduinopico\libraries\Adafruit_TinyUSB_Arduino\src\arduino -IC:\Users\MacGuffin_\.platformio\packages\framework-arduinopico\include -IC:\Users\MacGuffin_\.platformio\packages\framework-arduinopico\variants\adafruit_feather_usb_host C:\Users\MacGuffin_\.platformio\packages\framework-arduinopico\cores\rp2040\posix.cpp
arm-none-eabi-g++ -o .pio\build\adafruit_feather_usb_host\FrameworkArduino\psram.cpp.o -c -fno-exceptions -fno-rtti -std=gnu++17 -Os -Werror=return-type -Wno-psabi -ffunction-sections -fdata-sections -march=armv6-m -mcpu=cortex-m0plus -mthumb -iprefixC:\Users\MacGuffin_\.platformio\packages\framework-arduinopico @C:\Users\MacGuffin_\.platformio\packages\framework-arduinopico\lib\rp2040\platform_inc.txt @C:\Users\MacGuffin_\.platformio\packages\framework-arduinopico\lib\core_inc.txt -DPLATFORMIO=60118 -DARDUINO_ADAFRUIT_FEATHER_RP2040_USB_HOST -DARDUINO_ARCH_RP2040 -DUSBD_MAX_POWER_MA=250 -DUSE_TINYUSB -DUSE_TINYUSB_HOST -DSH110X_NO_SPLASH -DARDUINO=10810 -DARDUINO_ARCH_RP2040 -DF_CPU=133000000L -DBOARD_NAME=\"adafruit_feather_usb_host\" -DARM_MATH_CM0_FAMILY -DARM_MATH_CM0_PLUS -DTARGET_RP2040 -DPICO_RP2040=1 -DPICO_FLASH_SIZE_BYTES=8388608 -DFILE_COPY_CONSTRUCTOR_SELECT=FILE_COPY_CONSTRUCTOR_PUBLIC -DUSE_UTF8_LONG_NAMES=1 -DDISABLE_FS_H_WARNING=1 -DCFG_TUSB_MCU=OPT_MCU_RP2040 -DUSB_VID=0x239A -DUSB_PID=0x8129 -DUSBD_VID=0x239A -DUSBD_PID=0x8129 -DUSB_MANUFACTURER=\"Adafruit\" "-DUSB_PRODUCT=\"Feather RP2040 USB Host\"" -DPICO_CYW43_ARCH_THREADSAFE_BACKGROUND=1 -DCYW43_LWIP=1 -DCYW43_PIO_CLOCK_DIV_DYNAMIC=1 -DLWIP_IPV4=1 -DLWIP_IGMP=1 -DLWIP_CHECKSUM_CTRL_PER_NETIF=1 -DLWIP_IPV6=0 -DARDUINO_VARIANT=\"adafruit_feather_usb_host\" -IC:\Users\MacGuffin_\.platformio\packages\framework-arduinopico\cores\rp2040 -IC:\Users\MacGuffin_\.platformio\packages\framework-arduinopico\cores\rp2040\api\deprecated -IC:\Users\MacGuffin_\.platformio\packages\framework-arduinopico\cores\rp2040\api\deprecated-avr-comp -IC:\Users\MacGuffin_\.platformio\packages\framework-arduinopico\libraries\Adafruit_TinyUSB_Arduino\src\arduino -IC:\Users\MacGuffin_\.platformio\packages\framework-arduinopico\include -IC:\Users\MacGuffin_\.platformio\packages\framework-arduinopico\variants\adafruit_feather_usb_host C:\Users\MacGuffin_\.platformio\packages\framework-arduinopico\cores\rp2040\psram.cpp
arm-none-eabi-gcc -iprefixC:\Users\MacGuffin_\.platformio\packages\framework-arduinopico @C:\Users\MacGuffin_\.platformio\packages\framework-arduinopico\lib\rp2040\platform_inc.txt @C:\Users\MacGuffin_\.platformio\packages\framework-arduinopico\lib\core_inc.txt -march=armv6-m -mcpu=cortex-m0plus -mthumb -I C:\Users\MacGuffin_\.platformio\packages\framework-arduinopico\pico-sdk\src\rp2040\hardware_regs\include -I C:\Users\MacGuffin_\.platformio\packages\framework-arduinopico\pico-sdk\src\common\pico_binary_info\include -DPLATFORMIO=60118 -DARDUINO_ADAFRUIT_FEATHER_RP2040_USB_HOST -DARDUINO_ARCH_RP2040 -DUSBD_MAX_POWER_MA=250 -DUSE_TINYUSB -DUSE_TINYUSB_HOST -DSH110X_NO_SPLASH -DARDUINO=10810 -DARDUINO_ARCH_RP2040 -DF_CPU=133000000L -DBOARD_NAME=\"adafruit_feather_usb_host\" -DARM_MATH_CM0_FAMILY -DARM_MATH_CM0_PLUS -DTARGET_RP2040 -DPICO_RP2040=1 -DPICO_FLASH_SIZE_BYTES=8388608 -DFILE_COPY_CONSTRUCTOR_SELECT=FILE_COPY_CONSTRUCTOR_PUBLIC -DUSE_UTF8_LONG_NAMES=1 -DDISABLE_FS_H_WARNING=1 -DCFG_TUSB_MCU=OPT_MCU_RP2040 -DUSB_VID=0x239A -DUSB_PID=0x8129 -DUSBD_VID=0x239A -DUSBD_PID=0x8129 -DUSB_MANUFACTURER=\"Adafruit\" "-DUSB_PRODUCT=\"Feather RP2040 USB Host\"" -DPICO_CYW43_ARCH_THREADSAFE_BACKGROUND=1 -DCYW43_LWIP=1 -DCYW43_PIO_CLOCK_DIV_DYNAMIC=1 -DLWIP_IPV4=1 -DLWIP_IGMP=1 -DLWIP_CHECKSUM_CTRL_PER_NETIF=1 -DLWIP_IPV6=0 -DARDUINO_VARIANT=\"adafruit_feather_usb_host\" -IC:\Users\MacGuffin_\.platformio\packages\framework-arduinopico\cores\rp2040 -IC:\Users\MacGuffin_\.platformio\packages\framework-arduinopico\cores\rp2040\api\deprecated -IC:\Users\MacGuffin_\.platformio\packages\framework-arduinopico\cores\rp2040\api\deprecated-avr-comp -IC:\Users\MacGuffin_\.platformio\packages\framework-arduinopico\libraries\Adafruit_TinyUSB_Arduino\src\arduino -IC:\Users\MacGuffin_\.platformio\packages\framework-arduinopico\include -IC:\Users\MacGuffin_\.platformio\packages\framework-arduinopico\variants\adafruit_feather_usb_host -c -o .pio\build\adafruit_feather_usb_host\FrameworkArduino\rp2350-memcpy.S.o C:\Users\MacGuffin_\.platformio\packages\framework-arduinopico\cores\rp2040\rp2350-memcpy.S
arm-none-eabi-g++ -o .pio\build\adafruit_feather_usb_host\FrameworkArduino\sdkoverride\btstack_flash_bank.cpp.o -c -fno-exceptions -fno-rtti -std=gnu++17 -Os -Werror=return-type -Wno-psabi -ffunction-sections -fdata-sections -march=armv6-m -mcpu=cortex-m0plus -mthumb -iprefixC:\Users\MacGuffin_\.platformio\packages\framework-arduinopico @C:\Users\MacGuffin_\.platformio\packages\framework-arduinopico\lib\rp2040\platform_inc.txt @C:\Users\MacGuffin_\.platformio\packages\framework-arduinopico\lib\core_inc.txt -DPLATFORMIO=60118 -DARDUINO_ADAFRUIT_FEATHER_RP2040_USB_HOST -DARDUINO_ARCH_RP2040 -DUSBD_MAX_POWER_MA=250 -DUSE_TINYUSB -DUSE_TINYUSB_HOST -DSH110X_NO_SPLASH -DARDUINO=10810 -DARDUINO_ARCH_RP2040 -DF_CPU=133000000L -DBOARD_NAME=\"adafruit_feather_usb_host\" -DARM_MATH_CM0_FAMILY -DARM_MATH_CM0_PLUS -DTARGET_RP2040 -DPICO_RP2040=1 -DPICO_FLASH_SIZE_BYTES=8388608 -DFILE_COPY_CONSTRUCTOR_SELECT=FILE_COPY_CONSTRUCTOR_PUBLIC -DUSE_UTF8_LONG_NAMES=1 -DDISABLE_FS_H_WARNING=1 -DCFG_TUSB_MCU=OPT_MCU_RP2040 -DUSB_VID=0x239A -DUSB_PID=0x8129 -DUSBD_VID=0x239A -DUSBD_PID=0x8129 -DUSB_MANUFACTURER=\"Adafruit\" "-DUSB_PRODUCT=\"Feather RP2040 USB Host\"" -DPICO_CYW43_ARCH_THREADSAFE_BACKGROUND=1 -DCYW43_LWIP=1 -DCYW43_PIO_CLOCK_DIV_DYNAMIC=1 -DLWIP_IPV4=1 -DLWIP_IGMP=1 -DLWIP_CHECKSUM_CTRL_PER_NETIF=1 -DLWIP_IPV6=0 -DARDUINO_VARIANT=\"adafruit_feather_usb_host\" -IC:\Users\MacGuffin_\.platformio\packages\framework-arduinopico\cores\rp2040 -IC:\Users\MacGuffin_\.platformio\packages\framework-arduinopico\cores\rp2040\api\deprecated -IC:\Users\MacGuffin_\.platformio\packages\framework-arduinopico\cores\rp2040\api\deprecated-avr-comp -IC:\Users\MacGuffin_\.platformio\packages\framework-arduinopico\libraries\Adafruit_TinyUSB_Arduino\src\arduino -IC:\Users\MacGuffin_\.platformio\packages\framework-arduinopico\include -IC:\Users\MacGuffin_\.platformio\packages\framework-arduinopico\variants\adafruit_feather_usb_host C:\Users\MacGuffin_\.platformio\packages\framework-arduinopico\cores\rp2040\sdkoverride\btstack_flash_bank.cpp
arm-none-eabi-g++ -o .pio\build\adafruit_feather_usb_host\FrameworkArduino\sdkoverride\inet_chksum.cpp.o -c -fno-exceptions -fno-rtti -std=gnu++17 -Os -Werror=return-type -Wno-psabi -ffunction-sections -fdata-sections -march=armv6-m -mcpu=cortex-m0plus -mthumb -iprefixC:\Users\MacGuffin_\.platformio\packages\framework-arduinopico @C:\Users\MacGuffin_\.platformio\packages\framework-arduinopico\lib\rp2040\platform_inc.txt @C:\Users\MacGuffin_\.platformio\packages\framework-arduinopico\lib\core_inc.txt -DPLATFORMIO=60118 -DARDUINO_ADAFRUIT_FEATHER_RP2040_USB_HOST -DARDUINO_ARCH_RP2040 -DUSBD_MAX_POWER_MA=250 -DUSE_TINYUSB -DUSE_TINYUSB_HOST -DSH110X_NO_SPLASH -DARDUINO=10810 -DARDUINO_ARCH_RP2040 -DF_CPU=133000000L -DBOARD_NAME=\"adafruit_feather_usb_host\" -DARM_MATH_CM0_FAMILY -DARM_MATH_CM0_PLUS -DTARGET_RP2040 -DPICO_RP2040=1 -DPICO_FLASH_SIZE_BYTES=8388608 -DFILE_COPY_CONSTRUCTOR_SELECT=FILE_COPY_CONSTRUCTOR_PUBLIC -DUSE_UTF8_LONG_NAMES=1 -DDISABLE_FS_H_WARNING=1 -DCFG_TUSB_MCU=OPT_MCU_RP2040 -DUSB_VID=0x239A -DUSB_PID=0x8129 -DUSBD_VID=0x239A -DUSBD_PID=0x8129 -DUSB_MANUFACTURER=\"Adafruit\" "-DUSB_PRODUCT=\"Feather RP2040 USB Host\"" -DPICO_CYW43_ARCH_THREADSAFE_BACKGROUND=1 -DCYW43_LWIP=1 -DCYW43_PIO_CLOCK_DIV_DYNAMIC=1 -DLWIP_IPV4=1 -DLWIP_IGMP=1 -DLWIP_CHECKSUM_CTRL_PER_NETIF=1 -DLWIP_IPV6=0 -DARDUINO_VARIANT=\"adafruit_feather_usb_host\" -IC:\Users\MacGuffin_\.platformio\packages\framework-arduinopico\cores\rp2040 -IC:\Users\MacGuffin_\.platformio\packages\framework-arduinopico\cores\rp2040\api\deprecated -IC:\Users\MacGuffin_\.platformio\packages\framework-arduinopico\cores\rp2040\api\deprecated-avr-comp -IC:\Users\MacGuffin_\.platformio\packages\framework-arduinopico\libraries\Adafruit_TinyUSB_Arduino\src\arduino -IC:\Users\MacGuffin_\.platformio\packages\framework-arduinopico\include -IC:\Users\MacGuffin_\.platformio\packages\framework-arduinopico\variants\adafruit_feather_usb_host C:\Users\MacGuffin_\.platformio\packages\framework-arduinopico\cores\rp2040\sdkoverride\inet_chksum.cpp
arm-none-eabi-gcc -o .pio\build\adafruit_feather_usb_host\FrameworkArduino\sdkoverride\newlib_interface.c.o -c -std=gnu17 -Os -Werror=return-type -Wno-psabi -ffunction-sections -fdata-sections -march=armv6-m -mcpu=cortex-m0plus -mthumb -iprefixC:\Users\MacGuffin_\.platformio\packages\framework-arduinopico @C:\Users\MacGuffin_\.platformio\packages\framework-arduinopico\lib\rp2040\platform_inc.txt @C:\Users\MacGuffin_\.platformio\packages\framework-arduinopico\lib\core_inc.txt -DPLATFORMIO=60118 -DARDUINO_ADAFRUIT_FEATHER_RP2040_USB_HOST -DARDUINO_ARCH_RP2040 -DUSBD_MAX_POWER_MA=250 -DUSE_TINYUSB -DUSE_TINYUSB_HOST -DSH110X_NO_SPLASH -DARDUINO=10810 -DARDUINO_ARCH_RP2040 -DF_CPU=133000000L -DBOARD_NAME=\"adafruit_feather_usb_host\" -DARM_MATH_CM0_FAMILY -DARM_MATH_CM0_PLUS -DTARGET_RP2040 -DPICO_RP2040=1 -DPICO_FLASH_SIZE_BYTES=8388608 -DFILE_COPY_CONSTRUCTOR_SELECT=FILE_COPY_CONSTRUCTOR_PUBLIC -DUSE_UTF8_LONG_NAMES=1 -DDISABLE_FS_H_WARNING=1 -DCFG_TUSB_MCU=OPT_MCU_RP2040 -DUSB_VID=0x239A -DUSB_PID=0x8129 -DUSBD_VID=0x239A -DUSBD_PID=0x8129 -DUSB_MANUFACTURER=\"Adafruit\" "-DUSB_PRODUCT=\"Feather RP2040 USB Host\"" -DPICO_CYW43_ARCH_THREADSAFE_BACKGROUND=1 -DCYW43_LWIP=1 -DCYW43_PIO_CLOCK_DIV_DYNAMIC=1 -DLWIP_IPV4=1 -DLWIP_IGMP=1 -DLWIP_CHECKSUM_CTRL_PER_NETIF=1 -DLWIP_IPV6=0 -DARDUINO_VARIANT=\"adafruit_feather_usb_host\" -IC:\Users\MacGuffin_\.platformio\packages\framework-arduinopico\cores\rp2040 -IC:\Users\MacGuffin_\.platformio\packages\framework-arduinopico\cores\rp2040\api\deprecated -IC:\Users\MacGuffin_\.platformio\packages\framework-arduinopico\cores\rp2040\api\deprecated-avr-comp -IC:\Users\MacGuffin_\.platformio\packages\framework-arduinopico\libraries\Adafruit_TinyUSB_Arduino\src\arduino -IC:\Users\MacGuffin_\.platformio\packages\framework-arduinopico\include -IC:\Users\MacGuffin_\.platformio\packages\framework-arduinopico\variants\adafruit_feather_usb_host C:\Users\MacGuffin_\.platformio\packages\framework-arduinopico\cores\rp2040\sdkoverride\newlib_interface.c
arm-none-eabi-gcc -o .pio\build\adafruit_feather_usb_host\FrameworkArduino\sdkoverride\pico_bootsel_via_double_reset.c.o -c -std=gnu17 -Os -Werror=return-type -Wno-psabi -ffunction-sections -fdata-sections -march=armv6-m -mcpu=cortex-m0plus -mthumb -iprefixC:\Users\MacGuffin_\.platformio\packages\framework-arduinopico @C:\Users\MacGuffin_\.platformio\packages\framework-arduinopico\lib\rp2040\platform_inc.txt @C:\Users\MacGuffin_\.platformio\packages\framework-arduinopico\lib\core_inc.txt -DPLATFORMIO=60118 -DARDUINO_ADAFRUIT_FEATHER_RP2040_USB_HOST -DARDUINO_ARCH_RP2040 -DUSBD_MAX_POWER_MA=250 -DUSE_TINYUSB -DUSE_TINYUSB_HOST -DSH110X_NO_SPLASH -DARDUINO=10810 -DARDUINO_ARCH_RP2040 -DF_CPU=133000000L -DBOARD_NAME=\"adafruit_feather_usb_host\" -DARM_MATH_CM0_FAMILY -DARM_MATH_CM0_PLUS -DTARGET_RP2040 -DPICO_RP2040=1 -DPICO_FLASH_SIZE_BYTES=8388608 -DFILE_COPY_CONSTRUCTOR_SELECT=FILE_COPY_CONSTRUCTOR_PUBLIC -DUSE_UTF8_LONG_NAMES=1 -DDISABLE_FS_H_WARNING=1 -DCFG_TUSB_MCU=OPT_MCU_RP2040 -DUSB_VID=0x239A -DUSB_PID=0x8129 -DUSBD_VID=0x239A -DUSBD_PID=0x8129 -DUSB_MANUFACTURER=\"Adafruit\" "-DUSB_PRODUCT=\"Feather RP2040 USB Host\"" -DPICO_CYW43_ARCH_THREADSAFE_BACKGROUND=1 -DCYW43_LWIP=1 -DCYW43_PIO_CLOCK_DIV_DYNAMIC=1 -DLWIP_IPV4=1 -DLWIP_IGMP=1 -DLWIP_CHECKSUM_CTRL_PER_NETIF=1 -DLWIP_IPV6=0 -DARDUINO_VARIANT=\"adafruit_feather_usb_host\" -IC:\Users\MacGuffin_\.platformio\packages\framework-arduinopico\cores\rp2040 -IC:\Users\MacGuffin_\.platformio\packages\framework-arduinopico\cores\rp2040\api\deprecated -IC:\Users\MacGuffin_\.platformio\packages\framework-arduinopico\cores\rp2040\api\deprecated-avr-comp -IC:\Users\MacGuffin_\.platformio\packages\framework-arduinopico\libraries\Adafruit_TinyUSB_Arduino\src\arduino -IC:\Users\MacGuffin_\.platformio\packages\framework-arduinopico\include -IC:\Users\MacGuffin_\.platformio\packages\framework-arduinopico\variants\adafruit_feather_usb_host C:\Users\MacGuffin_\.platformio\packages\framework-arduinopico\cores\rp2040\sdkoverride\pico_bootsel_via_double_reset.c
arm-none-eabi-g++ -o .pio\build\adafruit_feather_usb_host\FrameworkArduino\stdlib_noniso.cpp.o -c -fno-exceptions -fno-rtti -std=gnu++17 -Os -Werror=return-type -Wno-psabi -ffunction-sections -fdata-sections -march=armv6-m -mcpu=cortex-m0plus -mthumb -iprefixC:\Users\MacGuffin_\.platformio\packages\framework-arduinopico @C:\Users\MacGuffin_\.platformio\packages\framework-arduinopico\lib\rp2040\platform_inc.txt @C:\Users\MacGuffin_\.platformio\packages\framework-arduinopico\lib\core_inc.txt -DPLATFORMIO=60118 -DARDUINO_ADAFRUIT_FEATHER_RP2040_USB_HOST -DARDUINO_ARCH_RP2040 -DUSBD_MAX_POWER_MA=250 -DUSE_TINYUSB -DUSE_TINYUSB_HOST -DSH110X_NO_SPLASH -DARDUINO=10810 -DARDUINO_ARCH_RP2040 -DF_CPU=133000000L -DBOARD_NAME=\"adafruit_feather_usb_host\" -DARM_MATH_CM0_FAMILY -DARM_MATH_CM0_PLUS -DTARGET_RP2040 -DPICO_RP2040=1 -DPICO_FLASH_SIZE_BYTES=8388608 -DFILE_COPY_CONSTRUCTOR_SELECT=FILE_COPY_CONSTRUCTOR_PUBLIC -DUSE_UTF8_LONG_NAMES=1 -DDISABLE_FS_H_WARNING=1 -DCFG_TUSB_MCU=OPT_MCU_RP2040 -DUSB_VID=0x239A -DUSB_PID=0x8129 -DUSBD_VID=0x239A -DUSBD_PID=0x8129 -DUSB_MANUFACTURER=\"Adafruit\" "-DUSB_PRODUCT=\"Feather RP2040 USB Host\"" -DPICO_CYW43_ARCH_THREADSAFE_BACKGROUND=1 -DCYW43_LWIP=1 -DCYW43_PIO_CLOCK_DIV_DYNAMIC=1 -DLWIP_IPV4=1 -DLWIP_IGMP=1 -DLWIP_CHECKSUM_CTRL_PER_NETIF=1 -DLWIP_IPV6=0 -DARDUINO_VARIANT=\"adafruit_feather_usb_host\" -IC:\Users\MacGuffin_\.platformio\packages\framework-arduinopico\cores\rp2040 -IC:\Users\MacGuffin_\.platformio\packages\framework-arduinopico\cores\rp2040\api\deprecated -IC:\Users\MacGuffin_\.platformio\packages\framework-arduinopico\cores\rp2040\api\deprecated-avr-comp -IC:\Users\MacGuffin_\.platformio\packages\framework-arduinopico\libraries\Adafruit_TinyUSB_Arduino\src\arduino -IC:\Users\MacGuffin_\.platformio\packages\framework-arduinopico\include -IC:\Users\MacGuffin_\.platformio\packages\framework-arduinopico\variants\adafruit_feather_usb_host C:\Users\MacGuffin_\.platformio\packages\framework-arduinopico\cores\rp2040\stdlib_noniso.cpp
arm-none-eabi-g++ -o .pio\build\adafruit_feather_usb_host\FrameworkArduino\wiring_analog.cpp.o -c -fno-exceptions -fno-rtti -std=gnu++17 -Os -Werror=return-type -Wno-psabi -ffunction-sections -fdata-sections -march=armv6-m -mcpu=cortex-m0plus -mthumb -iprefixC:\Users\MacGuffin_\.platformio\packages\framework-arduinopico @C:\Users\MacGuffin_\.platformio\packages\framework-arduinopico\lib\rp2040\platform_inc.txt @C:\Users\MacGuffin_\.platformio\packages\framework-arduinopico\lib\core_inc.txt -DPLATFORMIO=60118 -DARDUINO_ADAFRUIT_FEATHER_RP2040_USB_HOST -DARDUINO_ARCH_RP2040 -DUSBD_MAX_POWER_MA=250 -DUSE_TINYUSB -DUSE_TINYUSB_HOST -DSH110X_NO_SPLASH -DARDUINO=10810 -DARDUINO_ARCH_RP2040 -DF_CPU=133000000L -DBOARD_NAME=\"adafruit_feather_usb_host\" -DARM_MATH_CM0_FAMILY -DARM_MATH_CM0_PLUS -DTARGET_RP2040 -DPICO_RP2040=1 -DPICO_FLASH_SIZE_BYTES=8388608 -DFILE_COPY_CONSTRUCTOR_SELECT=FILE_COPY_CONSTRUCTOR_PUBLIC -DUSE_UTF8_LONG_NAMES=1 -DDISABLE_FS_H_WARNING=1 -DCFG_TUSB_MCU=OPT_MCU_RP2040 -DUSB_VID=0x239A -DUSB_PID=0x8129 -DUSBD_VID=0x239A -DUSBD_PID=0x8129 -DUSB_MANUFACTURER=\"Adafruit\" "-DUSB_PRODUCT=\"Feather RP2040 USB Host\"" -DPICO_CYW43_ARCH_THREADSAFE_BACKGROUND=1 -DCYW43_LWIP=1 -DCYW43_PIO_CLOCK_DIV_DYNAMIC=1 -DLWIP_IPV4=1 -DLWIP_IGMP=1 -DLWIP_CHECKSUM_CTRL_PER_NETIF=1 -DLWIP_IPV6=0 -DARDUINO_VARIANT=\"adafruit_feather_usb_host\" -IC:\Users\MacGuffin_\.platformio\packages\framework-arduinopico\cores\rp2040 -IC:\Users\MacGuffin_\.platformio\packages\framework-arduinopico\cores\rp2040\api\deprecated -IC:\Users\MacGuffin_\.platformio\packages\framework-arduinopico\cores\rp2040\api\deprecated-avr-comp -IC:\Users\MacGuffin_\.platformio\packages\framework-arduinopico\libraries\Adafruit_TinyUSB_Arduino\src\arduino -IC:\Users\MacGuffin_\.platformio\packages\framework-arduinopico\include -IC:\Users\MacGuffin_\.platformio\packages\framework-arduinopico\variants\adafruit_feather_usb_host C:\Users\MacGuffin_\.platformio\packages\framework-arduinopico\cores\rp2040\wiring_analog.cpp
arm-none-eabi-g++ -o .pio\build\adafruit_feather_usb_host\FrameworkArduino\wiring_digital.cpp.o -c -fno-exceptions -fno-rtti -std=gnu++17 -Os -Werror=return-type -Wno-psabi -ffunction-sections -fdata-sections -march=armv6-m -mcpu=cortex-m0plus -mthumb -iprefixC:\Users\MacGuffin_\.platformio\packages\framework-arduinopico @C:\Users\MacGuffin_\.platformio\packages\framework-arduinopico\lib\rp2040\platform_inc.txt @C:\Users\MacGuffin_\.platformio\packages\framework-arduinopico\lib\core_inc.txt -DPLATFORMIO=60118 -DARDUINO_ADAFRUIT_FEATHER_RP2040_USB_HOST -DARDUINO_ARCH_RP2040 -DUSBD_MAX_POWER_MA=250 -DUSE_TINYUSB -DUSE_TINYUSB_HOST -DSH110X_NO_SPLASH -DARDUINO=10810 -DARDUINO_ARCH_RP2040 -DF_CPU=133000000L -DBOARD_NAME=\"adafruit_feather_usb_host\" -DARM_MATH_CM0_FAMILY -DARM_MATH_CM0_PLUS -DTARGET_RP2040 -DPICO_RP2040=1 -DPICO_FLASH_SIZE_BYTES=8388608 -DFILE_COPY_CONSTRUCTOR_SELECT=FILE_COPY_CONSTRUCTOR_PUBLIC -DUSE_UTF8_LONG_NAMES=1 -DDISABLE_FS_H_WARNING=1 -DCFG_TUSB_MCU=OPT_MCU_RP2040 -DUSB_VID=0x239A -DUSB_PID=0x8129 -DUSBD_VID=0x239A -DUSBD_PID=0x8129 -DUSB_MANUFACTURER=\"Adafruit\" "-DUSB_PRODUCT=\"Feather RP2040 USB Host\"" -DPICO_CYW43_ARCH_THREADSAFE_BACKGROUND=1 -DCYW43_LWIP=1 -DCYW43_PIO_CLOCK_DIV_DYNAMIC=1 -DLWIP_IPV4=1 -DLWIP_IGMP=1 -DLWIP_CHECKSUM_CTRL_PER_NETIF=1 -DLWIP_IPV6=0 -DARDUINO_VARIANT=\"adafruit_feather_usb_host\" -IC:\Users\MacGuffin_\.platformio\packages\framework-arduinopico\cores\rp2040 -IC:\Users\MacGuffin_\.platformio\packages\framework-arduinopico\cores\rp2040\api\deprecated -IC:\Users\MacGuffin_\.platformio\packages\framework-arduinopico\cores\rp2040\api\deprecated-avr-comp -IC:\Users\MacGuffin_\.platformio\packages\framework-arduinopico\libraries\Adafruit_TinyUSB_Arduino\src\arduino -IC:\Users\MacGuffin_\.platformio\packages\framework-arduinopico\include -IC:\Users\MacGuffin_\.platformio\packages\framework-arduinopico\variants\adafruit_feather_usb_host C:\Users\MacGuffin_\.platformio\packages\framework-arduinopico\cores\rp2040\wiring_digital.cpp
arm-none-eabi-g++ -o .pio\build\adafruit_feather_usb_host\FrameworkArduino\wiring_private.cpp.o -c -fno-exceptions -fno-rtti -std=gnu++17 -Os -Werror=return-type -Wno-psabi -ffunction-sections -fdata-sections -march=armv6-m -mcpu=cortex-m0plus -mthumb -iprefixC:\Users\MacGuffin_\.platformio\packages\framework-arduinopico @C:\Users\MacGuffin_\.platformio\packages\framework-arduinopico\lib\rp2040\platform_inc.txt @C:\Users\MacGuffin_\.platformio\packages\framework-arduinopico\lib\core_inc.txt -DPLATFORMIO=60118 -DARDUINO_ADAFRUIT_FEATHER_RP2040_USB_HOST -DARDUINO_ARCH_RP2040 -DUSBD_MAX_POWER_MA=250 -DUSE_TINYUSB -DUSE_TINYUSB_HOST -DSH110X_NO_SPLASH -DARDUINO=10810 -DARDUINO_ARCH_RP2040 -DF_CPU=133000000L -DBOARD_NAME=\"adafruit_feather_usb_host\" -DARM_MATH_CM0_FAMILY -DARM_MATH_CM0_PLUS -DTARGET_RP2040 -DPICO_RP2040=1 -DPICO_FLASH_SIZE_BYTES=8388608 -DFILE_COPY_CONSTRUCTOR_SELECT=FILE_COPY_CONSTRUCTOR_PUBLIC -DUSE_UTF8_LONG_NAMES=1 -DDISABLE_FS_H_WARNING=1 -DCFG_TUSB_MCU=OPT_MCU_RP2040 -DUSB_VID=0x239A -DUSB_PID=0x8129 -DUSBD_VID=0x239A -DUSBD_PID=0x8129 -DUSB_MANUFACTURER=\"Adafruit\" "-DUSB_PRODUCT=\"Feather RP2040 USB Host\"" -DPICO_CYW43_ARCH_THREADSAFE_BACKGROUND=1 -DCYW43_LWIP=1 -DCYW43_PIO_CLOCK_DIV_DYNAMIC=1 -DLWIP_IPV4=1 -DLWIP_IGMP=1 -DLWIP_CHECKSUM_CTRL_PER_NETIF=1 -DLWIP_IPV6=0 -DARDUINO_VARIANT=\"adafruit_feather_usb_host\" -IC:\Users\MacGuffin_\.platformio\packages\framework-arduinopico\cores\rp2040 -IC:\Users\MacGuffin_\.platformio\packages\framework-arduinopico\cores\rp2040\api\deprecated -IC:\Users\MacGuffin_\.platformio\packages\framework-arduinopico\cores\rp2040\api\deprecated-avr-comp -IC:\Users\MacGuffin_\.platformio\packages\framework-arduinopico\libraries\Adafruit_TinyUSB_Arduino\src\arduino -IC:\Users\MacGuffin_\.platformio\packages\framework-arduinopico\include -IC:\Users\MacGuffin_\.platformio\packages\framework-arduinopico\variants\adafruit_feather_usb_host C:\Users\MacGuffin_\.platformio\packages\framework-arduinopico\cores\rp2040\wiring_private.cpp
arm-none-eabi-g++ -o .pio\build\adafruit_feather_usb_host\FrameworkArduino\wiring_pulse.cpp.o -c -fno-exceptions -fno-rtti -std=gnu++17 -Os -Werror=return-type -Wno-psabi -ffunction-sections -fdata-sections -march=armv6-m -mcpu=cortex-m0plus -mthumb -iprefixC:\Users\MacGuffin_\.platformio\packages\framework-arduinopico @C:\Users\MacGuffin_\.platformio\packages\framework-arduinopico\lib\rp2040\platform_inc.txt @C:\Users\MacGuffin_\.platformio\packages\framework-arduinopico\lib\core_inc.txt -DPLATFORMIO=60118 -DARDUINO_ADAFRUIT_FEATHER_RP2040_USB_HOST -DARDUINO_ARCH_RP2040 -DUSBD_MAX_POWER_MA=250 -DUSE_TINYUSB -DUSE_TINYUSB_HOST -DSH110X_NO_SPLASH -DARDUINO=10810 -DARDUINO_ARCH_RP2040 -DF_CPU=133000000L -DBOARD_NAME=\"adafruit_feather_usb_host\" -DARM_MATH_CM0_FAMILY -DARM_MATH_CM0_PLUS -DTARGET_RP2040 -DPICO_RP2040=1 -DPICO_FLASH_SIZE_BYTES=8388608 -DFILE_COPY_CONSTRUCTOR_SELECT=FILE_COPY_CONSTRUCTOR_PUBLIC -DUSE_UTF8_LONG_NAMES=1 -DDISABLE_FS_H_WARNING=1 -DCFG_TUSB_MCU=OPT_MCU_RP2040 -DUSB_VID=0x239A -DUSB_PID=0x8129 -DUSBD_VID=0x239A -DUSBD_PID=0x8129 -DUSB_MANUFACTURER=\"Adafruit\" "-DUSB_PRODUCT=\"Feather RP2040 USB Host\"" -DPICO_CYW43_ARCH_THREADSAFE_BACKGROUND=1 -DCYW43_LWIP=1 -DCYW43_PIO_CLOCK_DIV_DYNAMIC=1 -DLWIP_IPV4=1 -DLWIP_IGMP=1 -DLWIP_CHECKSUM_CTRL_PER_NETIF=1 -DLWIP_IPV6=0 -DARDUINO_VARIANT=\"adafruit_feather_usb_host\" -IC:\Users\MacGuffin_\.platformio\packages\framework-arduinopico\cores\rp2040 -IC:\Users\MacGuffin_\.platformio\packages\framework-arduinopico\cores\rp2040\api\deprecated -IC:\Users\MacGuffin_\.platformio\packages\framework-arduinopico\cores\rp2040\api\deprecated-avr-comp -IC:\Users\MacGuffin_\.platformio\packages\framework-arduinopico\libraries\Adafruit_TinyUSB_Arduino\src\arduino -IC:\Users\MacGuffin_\.platformio\packages\framework-arduinopico\include -IC:\Users\MacGuffin_\.platformio\packages\framework-arduinopico\variants\adafruit_feather_usb_host C:\Users\MacGuffin_\.platformio\packages\framework-arduinopico\cores\rp2040\wiring_pulse.cpp
arm-none-eabi-g++ -o .pio\build\adafruit_feather_usb_host\FrameworkArduino\wiring_shift.cpp.o -c -fno-exceptions -fno-rtti -std=gnu++17 -Os -Werror=return-type -Wno-psabi -ffunction-sections -fdata-sections -march=armv6-m -mcpu=cortex-m0plus -mthumb -iprefixC:\Users\MacGuffin_\.platformio\packages\framework-arduinopico @C:\Users\MacGuffin_\.platformio\packages\framework-arduinopico\lib\rp2040\platform_inc.txt @C:\Users\MacGuffin_\.platformio\packages\framework-arduinopico\lib\core_inc.txt -DPLATFORMIO=60118 -DARDUINO_ADAFRUIT_FEATHER_RP2040_USB_HOST -DARDUINO_ARCH_RP2040 -DUSBD_MAX_POWER_MA=250 -DUSE_TINYUSB -DUSE_TINYUSB_HOST -DSH110X_NO_SPLASH -DARDUINO=10810 -DARDUINO_ARCH_RP2040 -DF_CPU=133000000L -DBOARD_NAME=\"adafruit_feather_usb_host\" -DARM_MATH_CM0_FAMILY -DARM_MATH_CM0_PLUS -DTARGET_RP2040 -DPICO_RP2040=1 -DPICO_FLASH_SIZE_BYTES=8388608 -DFILE_COPY_CONSTRUCTOR_SELECT=FILE_COPY_CONSTRUCTOR_PUBLIC -DUSE_UTF8_LONG_NAMES=1 -DDISABLE_FS_H_WARNING=1 -DCFG_TUSB_MCU=OPT_MCU_RP2040 -DUSB_VID=0x239A -DUSB_PID=0x8129 -DUSBD_VID=0x239A -DUSBD_PID=0x8129 -DUSB_MANUFACTURER=\"Adafruit\" "-DUSB_PRODUCT=\"Feather RP2040 USB Host\"" -DPICO_CYW43_ARCH_THREADSAFE_BACKGROUND=1 -DCYW43_LWIP=1 -DCYW43_PIO_CLOCK_DIV_DYNAMIC=1 -DLWIP_IPV4=1 -DLWIP_IGMP=1 -DLWIP_CHECKSUM_CTRL_PER_NETIF=1 -DLWIP_IPV6=0 -DARDUINO_VARIANT=\"adafruit_feather_usb_host\" -IC:\Users\MacGuffin_\.platformio\packages\framework-arduinopico\cores\rp2040 -IC:\Users\MacGuffin_\.platformio\packages\framework-arduinopico\cores\rp2040\api\deprecated -IC:\Users\MacGuffin_\.platformio\packages\framework-arduinopico\cores\rp2040\api\deprecated-avr-comp -IC:\Users\MacGuffin_\.platformio\packages\framework-arduinopico\libraries\Adafruit_TinyUSB_Arduino\src\arduino -IC:\Users\MacGuffin_\.platformio\packages\framework-arduinopico\include -IC:\Users\MacGuffin_\.platformio\packages\framework-arduinopico\variants\adafruit_feather_usb_host C:\Users\MacGuffin_\.platformio\packages\framework-arduinopico\cores\rp2040\wiring_shift.cpp
arm-none-eabi-ar rc .pio\build\adafruit_feather_usb_host\libFrameworkArduino.a .pio\build\adafruit_feather_usb_host\FrameworkArduino\BluetoothDebug.cpp.o .pio\build\adafruit_feather_usb_host\FrameworkArduino\Bootsel.cpp.o .pio\build\adafruit_feather_usb_host\FrameworkArduino\CoreMutex.cpp.o .pio\build\adafruit_feather_usb_host\FrameworkArduino\FS.cpp.o .pio\build\adafruit_feather_usb_host\FrameworkArduino\PIOProgram.cpp.o .pio\build\adafruit_feather_usb_host\FrameworkArduino\RP2040Support.cpp.o .pio\build\adafruit_feather_usb_host\FrameworkArduino\RP2040USB.cpp.o .pio\build\adafruit_feather_usb_host\FrameworkArduino\Semihosting.cpp.o .pio\build\adafruit_feather_usb_host\FrameworkArduino\SerialPIO.cpp.o .pio\build\adafruit_feather_usb_host\FrameworkArduino\SerialUART.cpp.o .pio\build\adafruit_feather_usb_host\FrameworkArduino\SerialUSB.cpp.o .pio\build\adafruit_feather_usb_host\FrameworkArduino\StackThunk.cpp.o .pio\build\adafruit_feather_usb_host\FrameworkArduino\Tone.cpp.o .pio\build\adafruit_feather_usb_host\FrameworkArduino\WMath.cpp.o .pio\build\adafruit_feather_usb_host\FrameworkArduino\_freertos.cpp.o .pio\build\adafruit_feather_usb_host\FrameworkArduino\api\Common.cpp.o .pio\build\adafruit_feather_usb_host\FrameworkArduino\api\IPAddress.cpp.o .pio\build\adafruit_feather_usb_host\FrameworkArduino\api\PluggableUSB.cpp.o .pio\build\adafruit_feather_usb_host\FrameworkArduino\api\Print.cpp.o .pio\build\adafruit_feather_usb_host\FrameworkArduino\api\Stream.cpp.o .pio\build\adafruit_feather_usb_host\FrameworkArduino\api\String.cpp.o .pio\build\adafruit_feather_usb_host\FrameworkArduino\cyw43_wrappers.cpp.o .pio\build\adafruit_feather_usb_host\FrameworkArduino\delay.cpp.o .pio\build\adafruit_feather_usb_host\FrameworkArduino\gprof_gmon.c.o .pio\build\adafruit_feather_usb_host\FrameworkArduino\gprof_shim.S.o .pio\build\adafruit_feather_usb_host\FrameworkArduino\libb64\cdecode.cpp.o .pio\build\adafruit_feather_usb_host\FrameworkArduino\libb64\cencode.cpp.o .pio\build\adafruit_feather_usb_host\FrameworkArduino\lock.cpp.o .pio\build\adafruit_feather_usb_host\FrameworkArduino\lwip_wrap.cpp.o .pio\build\adafruit_feather_usb_host\FrameworkArduino\main.cpp.o .pio\build\adafruit_feather_usb_host\FrameworkArduino\malloc-lock.cpp.o .pio\build\adafruit_feather_usb_host\FrameworkArduino\posix.cpp.o .pio\build\adafruit_feather_usb_host\FrameworkArduino\psram.cpp.o .pio\build\adafruit_feather_usb_host\FrameworkArduino\rp2350-memcpy.S.o .pio\build\adafruit_feather_usb_host\FrameworkArduino\sdkoverride\btstack_flash_bank.cpp.o .pio\build\adafruit_feather_usb_host\FrameworkArduino\sdkoverride\inet_chksum.cpp.o .pio\build\adafruit_feather_usb_host\FrameworkArduino\sdkoverride\newlib_interface.c.o .pio\build\adafruit_feather_usb_host\FrameworkArduino\sdkoverride\pico_bootsel_via_double_reset.c.o .pio\build\adafruit_feather_usb_host\FrameworkArduino\stdlib_noniso.cpp.o .pio\build\adafruit_feather_usb_host\FrameworkArduino\wiring_analog.cpp.o .pio\build\adafruit_feather_usb_host\FrameworkArduino\wiring_digital.cpp.o .pio\build\adafruit_feather_usb_host\FrameworkArduino\wiring_private.cpp.o .pio\build\adafruit_feather_usb_host\FrameworkArduino\wiring_pulse.cpp.o .pio\build\adafruit_feather_usb_host\FrameworkArduino\wiring_shift.cpp.o
Using tempfile E:\!MyDocs\PlatformIO\Projects\DelugeScreenPio\.pio\build\adafruit_feather_usb_host\tmptbb_cs76.tmp for command line:
arm-none-eabi-g++ -o .pio/build/adafruit_feather_usb_host/firmware.elf -T E:/!MyDocs/PlatformIO/Projects/DelugeScreenPio/.pio/build/adafruit_feather_usb_host/memmap_default.ld @C:/Users/MacGuffin_/.platformio/packages/framework-arduinopico/lib/rp2040/platform_wrap.txt @C:/Users/MacGuffin_/.platformio/packages/framework-arduinopico/lib/core_wrap.txt -u_printf_float -u_scanf_float -Wl,--no-warn-rwx-segments -Wl,--check-sections -Wl,--gc-sections -Wl,--unresolved-symbols=report-all -Wl,--warn-common -Wl,--undefined=runtime_init_install_ram_vector_table -Wl,--undefined=__pre_init_runtime_init_clocks -Wl,--undefined=__pre_init_runtime_init_bootrom_reset -Wl,--undefined=__pre_init_runtime_init_early_resets -Wl,--undefined=__pre_init_runtime_init_usb_power_down -Wl,--undefined=__pre_init_runtime_init_clocks -Wl,--undefined=__pre_init_runtime_init_post_clock_resets -Wl,--undefined=__pre_init_runtime_init_spin_locks_reset -Wl,--undefined=__pre_init_runtime_init_boot_locks_reset -Wl,--undefined=__pre_init_runtime_init_bootrom_locking_enable -Wl,--undefined=__pre_init_runtime_init_mutex -Wl,--undefined=__pre_init_runtime_init_default_alarm_pool -Wl,--undefined=__pre_init_first_per_core_initializer -Wl,--undefined=__pre_init_runtime_init_per_core_bootrom_reset-Wl,--undefined=__pre_init_runtime_init_per_core_h3_irq_registers -Wl,--undefined=__pre_init_runtime_init_per_core_irq_priorities -march=armv6-m -mcpu=cortex-m0plus -mthumb .pio/build/adafruit_feather_usb_host/FrameworkArduinoBootloader/boot2_w25q080_2_padded_checksum.S.o .pio/build/adafruit_feather_usb_host/lib20b/SPI/SPI.cpp.o ".pio/build/adafruit_feather_usb_host/lib6ac/SdFat - Adafruit Fork/ExFatLib/ExFatDbg.cpp.o" ".pio/build/adafruit_feather_usb_host/lib6ac/SdFat - Adafruit Fork/ExFatLib/ExFatFile.cpp.o" ".pio/build/adafruit_feather_usb_host/lib6ac/SdFat - Adafruit Fork/ExFatLib/ExFatFilePrint.cpp.o" ".pio/build/adafruit_feather_usb_host/lib6ac/SdFat - Adafruit Fork/ExFatLib/ExFatFileWrite.cpp.o" ".pio/build/adafruit_feather_usb_host/lib6ac/SdFat - Adafruit Fork/ExFatLib/ExFatFormatter.cpp.o" ".pio/build/adafruit_feather_usb_host/lib6ac/SdFat - Adafruit Fork/ExFatLib/ExFatName.cpp.o" ".pio/build/adafruit_feather_usb_host/lib6ac/SdFat - Adafruit Fork/ExFatLib/ExFatPartition.cpp.o" ".pio/build/adafruit_feather_usb_host/lib6ac/SdFat - Adafruit Fork/ExFatLib/ExFatVolume.cpp.o" ".pio/build/adafruit_feather_usb_host/lib6ac/SdFat - Adafruit Fork/FatLib/FatDbg.cpp.o" ".pio/build/adafruit_feather_usb_host/lib6ac/SdFat - Adafruit Fork/FatLib/FatFile.cpp.o" ".pio/build/adafruit_feather_usb_host/lib6ac/SdFat - Adafruit Fork/FatLib/FatFileLFN.cpp.o" ".pio/build/adafruit_feather_usb_host/lib6ac/SdFat - Adafruit Fork/FatLib/FatFilePrint.cpp.o" ".pio/build/adafruit_feather_usb_host/lib6ac/SdFat - Adafruit Fork/FatLib/FatFileSFN.cpp.o" ".pio/build/adafruit_feather_usb_host/lib6ac/SdFat - Adafruit Fork/FatLib/FatFormatter.cpp.o" ".pio/build/adafruit_feather_usb_host/lib6ac/SdFat - Adafruit Fork/FatLib/FatName.cpp.o" ".pio/build/adafruit_feather_usb_host/lib6ac/SdFat - Adafruit Fork/FatLib/FatPartition.cpp.o" ".pio/build/adafruit_feather_usb_host/lib6ac/SdFat - Adafruit Fork/FatLib/FatVolume.cpp.o" ".pio/build/adafruit_feather_usb_host/lib6ac/SdFat - Adafruit Fork/FreeStack.cpp.o" ".pio/build/adafruit_feather_usb_host/lib6ac/SdFat - Adafruit Fork/FsLib/FsFile.cpp.o" ".pio/build/adafruit_feather_usb_host/lib6ac/SdFat - Adafruit Fork/FsLib/FsNew.cpp.o" ".pio/build/adafruit_feather_usb_host/lib6ac/SdFat - Adafruit Fork/FsLib/FsVolume.cpp.o" ".pio/build/adafruit_feather_usb_host/lib6ac/SdFat - Adafruit Fork/MinimumSerial.cpp.o" ".pio/build/adafruit_feather_usb_host/lib6ac/SdFat - Adafruit Fork/SdCard/SdCardInfo.cpp.o" ".pio/build/adafruit_feather_usb_host/lib6ac/SdFat - Adafruit Fork/SdCard/SdSpiCard.cpp.o" ".pio/build/adafruit_feather_usb_host/lib6ac/SdFat - Adafruit Fork/SdCard/SdioTeensy.cpp.o" ".pio/build/adafruit_feather_usb_host/lib6ac/SdFat - Adafruit Fork/SpiDriver/SdSpiArtemis.cpp.o" ".pio/build/adafruit_feather_usb_host/lib6ac/SdFat - Adafruit Fork/SpiDriver/SdSpiChipSelect.cpp.o" ".pio/build/adafruit_feather_usb_host/lib6ac/SdFat - Adafruit Fork/SpiDriver/SdSpiDue.cpp.o" ".pio/build/adafruit_feather_usb_host/lib6ac/SdFat - Adafruit Fork/SpiDriver/SdSpiESP.cpp.o" ".pio/build/adafruit_feather_usb_host/lib6ac/SdFat - Adafruit Fork/SpiDriver/SdSpiParticle.cpp.o" ".pio/build/adafruit_feather_usb_host/lib6ac/SdFat - Adafruit Fork/SpiDriver/SdSpiSTM32.cpp.o" ".pio/build/adafruit_feather_usb_host/lib6ac/SdFat - Adafruit Fork/SpiDriver/SdSpiSTM32Core.cpp.o" ".pio/build/adafruit_feather_usb_host/lib6ac/SdFat - Adafruit Fork/SpiDriver/SdSpiTeensy3.cpp.o" ".pio/build/adafruit_feather_usb_host/lib6ac/SdFat - Adafruit Fork/common/FmtNumber.cpp.o" ".pio/build/adafruit_feather_usb_host/lib6ac/SdFat - Adafruit Fork/common/FsCache.cpp.o" ".pio/build/adafruit_feather_usb_host/lib6ac/SdFat - Adafruit Fork/common/FsDateTime.cpp.o" ".pio/build/adafruit_feather_usb_host/lib6ac/SdFat - Adafruit Fork/common/FsName.cpp.o" ".pio/build/adafruit_feather_usb_host/lib6ac/SdFat - Adafruit Fork/common/FsStructs.cpp.o" ".pio/build/adafruit_feather_usb_host/lib6ac/SdFat - Adafruit Fork/common/FsUtf.cpp.o" ".pio/build/adafruit_feather_usb_host/lib6ac/SdFat - Adafruit Fork/common/PrintBasic.cpp.o" ".pio/build/adafruit_feather_usb_host/lib6ac/SdFat - Adafruit Fork/common/upcase.cpp.o" ".pio/build/adafruit_feather_usb_host/lib6ac/SdFat - Adafruit Fork/iostream/StdioStream.cpp.o" ".pio/build/adafruit_feather_usb_host/lib6ac/SdFat - Adafruit Fork/iostream/StreamBaseClass.cpp.o" ".pio/build/adafruit_feather_usb_host/lib6ac/SdFat - Adafruit Fork/iostream/istream.cpp.o" ".pio/build/adafruit_feather_usb_host/lib6ac/SdFat - Adafruit Fork/iostream/ostream.cpp.o" ".pio/build/adafruit_feather_usb_host/lib9da/Pico PIO USB/pio_usb.c.o" ".pio/build/adafruit_feather_usb_host/lib9da/Pico PIO USB/pio_usb_device.c.o" ".pio/build/adafruit_feather_usb_host/lib9da/Pico PIO USB/pio_usb_host.c.o" ".pio/build/adafruit_feather_usb_host/lib9da/Pico PIO USB/usb_crc.c.o" ".pio/build/adafruit_feather_usb_host/lib43d/Adafruit TinyUSB Library/arduino/Adafruit_TinyUSB_API.cpp.o" ".pio/build/adafruit_feather_usb_host/lib43d/Adafruit TinyUSB Library/arduino/Adafruit_USBD_CDC.cpp.o" ".pio/build/adafruit_feather_usb_host/lib43d/Adafruit TinyUSB Library/arduino/Adafruit_USBD_Device.cpp.o" ".pio/build/adafruit_feather_usb_host/lib43d/Adafruit TinyUSB Library/arduino/Adafruit_USBD_Interface.cpp.o" ".pio/build/adafruit_feather_usb_host/lib43d/Adafruit TinyUSB Library/arduino/Adafruit_USBH_Host.cpp.o" ".pio/build/adafruit_feather_usb_host/lib43d/Adafruit TinyUSB Library/arduino/cdc/Adafruit_USBH_CDC.cpp.o" ".pio/build/adafruit_feather_usb_host/lib43d/Adafruit TinyUSB Library/arduino/hid/Adafruit_USBD_HID.cpp.o" ".pio/build/adafruit_feather_usb_host/lib43d/Adafruit TinyUSB Library/arduino/midi/Adafruit_USBD_MIDI.cpp.o" ".pio/build/adafruit_feather_usb_host/lib43d/Adafruit TinyUSB Library/arduino/msc/Adafruit_USBD_MSC.cpp.o" ".pio/build/adafruit_feather_usb_host/lib43d/Adafruit TinyUSB Library/arduino/msc/Adafruit_USBH_MSC.cpp.o" ".pio/build/adafruit_feather_usb_host/lib43d/Adafruit TinyUSB Library/arduino/ports/ch32/Adafruit_TinyUSB_ch32.cpp.o" ".pio/build/adafruit_feather_usb_host/lib43d/Adafruit TinyUSB Library/arduino/ports/esp32/Adafruit_TinyUSB_esp32.cpp.o" ".pio/build/adafruit_feather_usb_host/lib43d/Adafruit TinyUSB Library/arduino/ports/nrf/Adafruit_TinyUSB_nrf.cpp.o" ".pio/build/adafruit_feather_usb_host/lib43d/Adafruit TinyUSB Library/arduino/ports/rp2040/Adafruit_TinyUSB_rp2040.cpp.o" ".pio/build/adafruit_feather_usb_host/lib43d/Adafruit TinyUSB Library/arduino/ports/samd/Adafruit_TinyUSB_samd.cpp.o" ".pio/build/adafruit_feather_usb_host/lib43d/Adafruit TinyUSB Library/arduino/video/Adafruit_USBD_Video.cpp.o" ".pio/build/adafruit_feather_usb_host/lib43d/Adafruit TinyUSB Library/arduino/webusb/Adafruit_USBD_WebUSB.cpp.o" ".pio/build/adafruit_feather_usb_host/lib43d/Adafruit TinyUSB Library/class/audio/audio_device.c.o" ".pio/build/adafruit_feather_usb_host/lib43d/Adafruit TinyUSB Library/class/bth/bth_device.c.o" ".pio/build/adafruit_feather_usb_host/lib43d/Adafruit TinyUSB Library/class/cdc/cdc_device.c.o" ".pio/build/adafruit_feather_usb_host/lib43d/Adafruit TinyUSB Library/class/cdc/cdc_host.c.o" ".pio/build/adafruit_feather_usb_host/lib43d/Adafruit TinyUSB Library/class/dfu/dfu_device.c.o" ".pio/build/adafruit_feather_usb_host/lib43d/Adafruit TinyUSB Library/class/dfu/dfu_rt_device.c.o" ".pio/build/adafruit_feather_usb_host/lib43d/Adafruit TinyUSB Library/class/hid/hid_device.c.o" ".pio/build/adafruit_feather_usb_host/lib43d/Adafruit TinyUSB Library/class/hid/hid_host.c.o" ".pio/build/adafruit_feather_usb_host/lib43d/Adafruit TinyUSB Library/class/midi/midi_device.c.o" ".pio/build/adafruit_feather_usb_host/lib43d/Adafruit TinyUSB Library/class/msc/msc_device.c.o" ".pio/build/adafruit_feather_usb_host/lib43d/Adafruit TinyUSB Library/class/msc/msc_host.c.o" ".pio/build/adafruit_feather_usb_host/lib43d/Adafruit TinyUSB Library/class/net/ecm_rndis_device.c.o" ".pio/build/adafruit_feather_usb_host/lib43d/Adafruit TinyUSB Library/class/net/ncm_device.c.o" ".pio/build/adafruit_feather_usb_host/lib43d/Adafruit TinyUSB Library/class/usbtmc/usbtmc_device.c.o" ".pio/build/adafruit_feather_usb_host/lib43d/Adafruit TinyUSB Library/class/vendor/vendor_device.c.o" ".pio/build/adafruit_feather_usb_host/lib43d/Adafruit TinyUSB Library/class/video/video_device.c.o" ".pio/build/adafruit_feather_usb_host/lib43d/Adafruit TinyUSB Library/common/tusb_fifo.c.o" ".pio/build/adafruit_feather_usb_host/lib43d/Adafruit TinyUSB Library/device/usbd.c.o" ".pio/build/adafruit_feather_usb_host/lib43d/Adafruit TinyUSB Library/device/usbd_control.c.o" ".pio/build/adafruit_feather_usb_host/lib43d/Adafruit TinyUSB Library/host/hub.c.o" ".pio/build/adafruit_feather_usb_host/lib43d/Adafruit TinyUSB Library/host/usbh.c.o" ".pio/build/adafruit_feather_usb_host/lib43d/Adafruit TinyUSB Library/portable/analog/max3421/hcd_max3421.c.o" ".pio/build/adafruit_feather_usb_host/lib43d/Adafruit TinyUSB Library/portable/microchip/samd/dcd_samd.c.o" ".pio/build/adafruit_feather_usb_host/lib43d/Adafruit TinyUSB Library/portable/nordic/nrf5x/dcd_nrf5x.c.o" ".pio/build/adafruit_feather_usb_host/lib43d/Adafruit TinyUSB Library/portable/raspberrypi/pio_usb/dcd_pio_usb.c.o" ".pio/build/adafruit_feather_usb_host/lib43d/Adafruit TinyUSB Library/portable/raspberrypi/pio_usb/hcd_pio_usb.c.o" ".pio/build/adafruit_feather_usb_host/lib43d/Adafruit TinyUSB Library/portable/raspberrypi/rp2040/dcd_rp2040.c.o" ".pio/build/adafruit_feather_usb_host/lib43d/Adafruit TinyUSB Library/portable/raspberrypi/rp2040/hcd_rp2040.c.o" ".pio/build/adafruit_feather_usb_host/lib43d/Adafruit TinyUSB Library/portable/raspberrypi/rp2040/rp2040_usb.c.o" ".pio/build/adafruit_feather_usb_host/lib43d/Adafruit TinyUSB Library/portable/st/stm32_fsdev/dcd_stm32_fsdev.c.o" ".pio/build/adafruit_feather_usb_host/lib43d/Adafruit TinyUSB Library/portable/synopsys/dwc2/dcd_dwc2.c.o" ".pio/build/adafruit_feather_usb_host/lib43d/Adafruit TinyUSB Library/portable/synopsys/dwc2/dwc2_common.c.o" ".pio/build/adafruit_feather_usb_host/lib43d/Adafruit TinyUSB Library/portable/synopsys/dwc2/hcd_dwc2.c.o" ".pio/build/adafruit_feather_usb_host/lib43d/Adafruit TinyUSB Library/portable/wch/dcd_ch32_usbfs.c.o" ".pio/build/adafruit_feather_usb_host/lib43d/Adafruit TinyUSB Library/portable/wch/dcd_ch32_usbhs.c.o" ".pio/build/adafruit_feather_usb_host/lib43d/Adafruit TinyUSB Library/tusb.c.o" .pio/build/adafruit_feather_usb_host/lib959/Wire/Wire.cpp.o ".pio/build/adafruit_feather_usb_host/lib754/Adafruit BusIO/Adafruit_BusIO_Register.cpp.o" ".pio/build/adafruit_feather_usb_host/lib754/Adafruit BusIO/Adafruit_GenericDevice.cpp.o" ".pio/build/adafruit_feather_usb_host/lib754/Adafruit BusIO/Adafruit_I2CDevice.cpp.o" ".pio/build/adafruit_feather_usb_host/lib754/Adafruit BusIO/Adafruit_SPIDevice.cpp.o" ".pio/build/adafruit_feather_usb_host/libf2a/Adafruit GFX Library/Adafruit_GFX.cpp.o" ".pio/build/adafruit_feather_usb_host/libf2a/Adafruit GFX Library/Adafruit_GrayOLED.cpp.o" ".pio/build/adafruit_feather_usb_host/libf2a/Adafruit GFX Library/Adafruit_SPITFT.cpp.o" ".pio/build/adafruit_feather_usb_host/libf2a/Adafruit GFX Library/glcdfont.c.o" ".pio/build/adafruit_feather_usb_host/libe58/Adafruit LED Backpack Library/Adafruit_LEDBackpack.cpp.o" ".pio/build/adafruit_feather_usb_host/lib38a/Adafruit SH110X/Adafruit_SH1106G.cpp.o" ".pio/build/adafruit_feather_usb_host/lib38a/Adafruit SH110X/Adafruit_SH1107.cpp.o" ".pio/build/adafruit_feather_usb_host/lib38a/Adafruit SH110X/Adafruit_SH110X.cpp.o" .pio/build/adafruit_feather_usb_host/lib841/Bounce2/Bounce2.cpp.o ".pio/build/adafruit_feather_usb_host/lib3be/MIDI Library/MIDI.cpp.o" .pio/build/adafruit_feather_usb_host/lib4d4/usb_midi_host/usb_midi_host.c.o .pio/build/adafruit_feather_usb_host/lib4d4/usb_midi_host/usb_midi_host_app_driver.c.o .pio/build/adafruit_feather_usb_host/liba13/EZ_USB_MIDI_HOST/EZ_USB_MIDI_HOST.cpp.o .pio/build/adafruit_feather_usb_host/src/display.cpp.o .pio/build/adafruit_feather_usb_host/src/main.cpp.o .pio/build/adafruit_feather_usb_host/src/rle.cpp.o -L.pio/build/adafruit_feather_usb_host -Wl,--start-group .pio/build/adafruit_feather_usb_host/libFrameworkArduino.a C:/Users/MacGuffin_/.platformio/packages/framework-arduinopico/lib/rp2040/ota.o C:/Users/MacGuffin_/.platformio/packages/framework-arduinopico/lib/rp2040/libpico.a C:/Users/MacGuffin_/.platformio/packages/framework-arduinopico/lib/rp2040/libipv4.a C:/Users/MacGuffin_/.platformio/packages/framework-arduinopico/lib/rp2040/libbearssl.a -lm -lc -lstdc++ -lc -Wl,--end-group
arm-none-eabi-g++ @E:\!MyDocs\PlatformIO\Projects\DelugeScreenPio\.pio\build\adafruit_feather_usb_host\tmptbb_cs76.tmp
C:/Users/MacGuffin_/.platformio/packages/toolchain-rp2040-earlephilhower/bin/../lib/gcc/arm-none-eabi/14.2.0/../../../../arm-none-eabi/bin/ld.exe: .pio/build/adafruit_feather_usb_host/src/main.cpp.o: in function `loop':
main.cpp:(.text.loop+0x116): undefined reference to `_ZN7Buttons4tickEv'
C:/Users/MacGuffin_/.platformio/packages/toolchain-rp2040-earlephilhower/bin/../lib/gcc/arm-none-eabi/14.2.0/../../../../arm-none-eabi/bin/ld.exe: .pio/build/adafruit_feather_usb_host/src/main.cpp.o: in function `setup':
main.cpp:(.text.setup+0x74): undefined reference to `_ZN7Buttons5beginEv'
collect2.exe: error: ld returned 1 exit status
*** [.pio\build\adafruit_feather_usb_host\firmware.elf] Error 1
========================= [FAILED] Took 14.76 seconds =========================
